Results will be saved to: /home/bwingen/thesis/Thesis/model/model_results/run_20260318_122127
Found 3 segment file(s).
Extracting features from HDF5 files. This may take a moment...
Extracted features dataframe shape: (4429, 11)
Sequence Data Summary:
  - Total Lifts (Sequences): 4429
  - Average Windows per Lift: 10.6
  - Features per Window: 276
Label vector (y) shape: (4429,) (Target: weight)

Training on 3543 samples, testing on 886 samples.
Initializing LSTM Regressor with config: {'hidden_size': 64, 'num_layers': 3, 'dropout_rate': 0.4, 'learning_rate': 0.005, 'weight_decay': 0.0001, 'batch_size': 128, 'epochs': 150, 'validation_split': 0.1, 'early_stopping_patience': 50, 'scheduler_patience': 5, 'scheduler_factor': 0.5, 'random_state': 18}
[LSTMRegressor] Using device: cpu
Traceback (most recent call last):
  File "/home/bwingen/thesis/Thesis/model/run_model.py", line 492, in <module>
    main()
  File "/home/bwingen/thesis/Thesis/model/run_model.py", line 253, in main
    model.fit(X_train, y_train)
  File "/home/bwingen/thesis/Thesis/model/model_archs/lstm.py", line 131, in fit
    from tqdm import tqdm
ModuleNotFoundError: No module named 'tqdm'
srun: error: cmp100: task 0: Exited with exit code 1
srun: launch/slurm: _step_signal: Terminating StepId=9401259.0
