Checking/Installing dependencies from requirements.txt...
Requirement already satisfied: torch>=2.0.0 in ./.venv/lib64/python3.11/site-packages (from -r requirements.txt (line 3)) (2.10.0)
Requirement already satisfied: tensorflow>=2.15.0 in ./.venv/lib64/python3.11/site-packages (from -r requirements.txt (line 4)) (2.21.0)
Requirement already satisfied: keras>=3.0.0 in ./.venv/lib64/python3.11/site-packages (from -r requirements.txt (line 5)) (3.13.2)
Requirement already satisfied: numpy<2.0.0,>=1.24.0 in ./.venv/lib64/python3.11/site-packages (from -r requirements.txt (line 8)) (1.26.4)
Requirement already satisfied: pandas>=2.0.0 in ./.venv/lib64/python3.11/site-packages (from -r requirements.txt (line 9)) (3.0.1)
Requirement already satisfied: matplotlib>=3.7.0 in ./.venv/lib64/python3.11/site-packages (from -r requirements.txt (line 10)) (3.10.8)
Requirement already satisfied: scipy>=1.11.0 in ./.venv/lib64/python3.11/site-packages (from -r requirements.txt (line 11)) (1.17.1)
Requirement already satisfied: scikit-learn>=1.3.0 in ./.venv/lib64/python3.11/site-packages (from -r requirements.txt (line 12)) (1.8.0)
Requirement already satisfied: shap>=0.44.0 in ./.venv/lib64/python3.11/site-packages (from -r requirements.txt (line 13)) (0.49.1)
Requirement already satisfied: tqdm>=4.66.0 in ./.venv/lib64/python3.11/site-packages (from -r requirements.txt (line 14)) (4.67.3)
Requirement already satisfied: joblib>=1.3.0 in ./.venv/lib64/python3.11/site-packages (from -r requirements.txt (line 15)) (1.5.3)
Requirement already satisfied: ipykernel>=6.25.0 in ./.venv/lib64/python3.11/site-packages (from -r requirements.txt (line 18)) (7.2.0)
Requirement already satisfied: jupyter>=1.0.0 in ./.venv/lib64/python3.11/site-packages (from -r requirements.txt (line 19)) (1.1.1)
Requirement already satisfied: notebook>=7.0.0 in ./.venv/lib64/python3.11/site-packages (from -r requirements.txt (line 20)) (7.5.5)
Requirement already satisfied: pyserial>=3.5 in ./.venv/lib64/python3.11/site-packages (from -r requirements.txt (line 23)) (3.5)
Requirement already satisfied: vpython>=7.6.0 in ./.venv/lib64/python3.11/site-packages (from -r requirements.txt (line 26)) (7.6.5)
Requirement already satisfied: h5py>=3.10.0 in ./.venv/lib64/python3.11/site-packages (from -r requirements.txt (line 34)) (3.14.0)
Requirement already satisfied: pillow>=10.0.0 in ./.venv/lib64/python3.11/site-packages (from -r requirements.txt (line 37)) (12.1.1)
Requirement already satisfied: filelock in ./.venv/lib64/python3.11/site-packages (from torch>=2.0.0->-r requirements.txt (line 3)) (3.25.2)
Requirement already satisfied: typing-extensions>=4.10.0 in ./.venv/lib64/python3.11/site-packages (from torch>=2.0.0->-r requirements.txt (line 3)) (4.15.0)
Requirement already satisfied: sympy>=1.13.3 in ./.venv/lib64/python3.11/site-packages (from torch>=2.0.0->-r requirements.txt (line 3)) (1.14.0)
Requirement already satisfied: networkx>=2.5.1 in ./.venv/lib64/python3.11/site-packages (from torch>=2.0.0->-r requirements.txt (line 3)) (3.6.1)
Requirement already satisfied: jinja2 in ./.venv/lib64/python3.11/site-packages (from torch>=2.0.0->-r requirements.txt (line 3)) (3.1.6)
Requirement already satisfied: fsspec>=0.8.5 in ./.venv/lib64/python3.11/site-packages (from torch>=2.0.0->-r requirements.txt (line 3)) (2026.2.0)
Requirement already satisfied: cuda-bindings==12.9.4 in ./.venv/lib64/python3.11/site-packages (from torch>=2.0.0->-r requirements.txt (line 3)) (12.9.4)
Requirement already satisfied: nvidia-cuda-nvrtc-cu12==12.8.93 in ./.venv/lib64/python3.11/site-packages (from torch>=2.0.0->-r requirements.txt (line 3)) (12.8.93)
Requirement already satisfied: nvidia-cuda-runtime-cu12==12.8.90 in ./.venv/lib64/python3.11/site-packages (from torch>=2.0.0->-r requirements.txt (line 3)) (12.8.90)
Requirement already satisfied: nvidia-cuda-cupti-cu12==12.8.90 in ./.venv/lib64/python3.11/site-packages (from torch>=2.0.0->-r requirements.txt (line 3)) (12.8.90)
Requirement already satisfied: nvidia-cudnn-cu12==9.10.2.21 in ./.venv/lib64/python3.11/site-packages (from torch>=2.0.0->-r requirements.txt (line 3)) (9.10.2.21)
Requirement already satisfied: nvidia-cublas-cu12==12.8.4.1 in ./.venv/lib64/python3.11/site-packages (from torch>=2.0.0->-r requirements.txt (line 3)) (12.8.4.1)
Requirement already satisfied: nvidia-cufft-cu12==11.3.3.83 in ./.venv/lib64/python3.11/site-packages (from torch>=2.0.0->-r requirements.txt (line 3)) (11.3.3.83)
Requirement already satisfied: nvidia-curand-cu12==10.3.9.90 in ./.venv/lib64/python3.11/site-packages (from torch>=2.0.0->-r requirements.txt (line 3)) (10.3.9.90)
Requirement already satisfied: nvidia-cusolver-cu12==11.7.3.90 in ./.venv/lib64/python3.11/site-packages (from torch>=2.0.0->-r requirements.txt (line 3)) (11.7.3.90)
Requirement already satisfied: nvidia-cusparse-cu12==12.5.8.93 in ./.venv/lib64/python3.11/site-packages (from torch>=2.0.0->-r requirements.txt (line 3)) (12.5.8.93)
Requirement already satisfied: nvidia-cusparselt-cu12==0.7.1 in ./.venv/lib64/python3.11/site-packages (from torch>=2.0.0->-r requirements.txt (line 3)) (0.7.1)
Requirement already satisfied: nvidia-nccl-cu12==2.27.5 in ./.venv/lib64/python3.11/site-packages (from torch>=2.0.0->-r requirements.txt (line 3)) (2.27.5)
Requirement already satisfied: nvidia-nvshmem-cu12==3.4.5 in ./.venv/lib64/python3.11/site-packages (from torch>=2.0.0->-r requirements.txt (line 3)) (3.4.5)
Requirement already satisfied: nvidia-nvtx-cu12==12.8.90 in ./.venv/lib64/python3.11/site-packages (from torch>=2.0.0->-r requirements.txt (line 3)) (12.8.90)
Requirement already satisfied: nvidia-nvjitlink-cu12==12.8.93 in ./.venv/lib64/python3.11/site-packages (from torch>=2.0.0->-r requirements.txt (line 3)) (12.8.93)
Requirement already satisfied: nvidia-cufile-cu12==1.13.1.3 in ./.venv/lib64/python3.11/site-packages (from torch>=2.0.0->-r requirements.txt (line 3)) (1.13.1.3)
Requirement already satisfied: triton==3.6.0 in ./.venv/lib64/python3.11/site-packages (from torch>=2.0.0->-r requirements.txt (line 3)) (3.6.0)
Requirement already satisfied: cuda-pathfinder~=1.1 in ./.venv/lib64/python3.11/site-packages (from cuda-bindings==12.9.4->torch>=2.0.0->-r requirements.txt (line 3)) (1.4.3)
Requirement already satisfied: absl-py>=1.0.0 in ./.venv/lib64/python3.11/site-packages (from tensorflow>=2.15.0->-r requirements.txt (line 4)) (2.4.0)
Requirement already satisfied: astunparse>=1.6.0 in ./.venv/lib64/python3.11/site-packages (from tensorflow>=2.15.0->-r requirements.txt (line 4)) (1.6.3)
Requirement already satisfied: flatbuffers>=25.9.23 in ./.venv/lib64/python3.11/site-packages (from tensorflow>=2.15.0->-r requirements.txt (line 4)) (25.12.19)
Requirement already satisfied: gast!=0.5.0,!=0.5.1,!=0.5.2,>=0.2.1 in ./.venv/lib64/python3.11/site-packages (from tensorflow>=2.15.0->-r requirements.txt (line 4)) (0.7.0)
Requirement already satisfied: google_pasta>=0.1.1 in ./.venv/lib64/python3.11/site-packages (from tensorflow>=2.15.0->-r requirements.txt (line 4)) (0.2.0)
Requirement already satisfied: libclang>=13.0.0 in ./.venv/lib64/python3.11/site-packages (from tensorflow>=2.15.0->-r requirements.txt (line 4)) (18.1.1)
Requirement already satisfied: opt_einsum>=2.3.2 in ./.venv/lib64/python3.11/site-packages (from tensorflow>=2.15.0->-r requirements.txt (line 4)) (3.4.0)
Requirement already satisfied: packaging in ./.venv/lib64/python3.11/site-packages (from tensorflow>=2.15.0->-r requirements.txt (line 4)) (26.0)
Requirement already satisfied: protobuf<8.0.0,>=6.31.1 in ./.venv/lib64/python3.11/site-packages (from tensorflow>=2.15.0->-r requirements.txt (line 4)) (7.34.1)
Requirement already satisfied: requests<3,>=2.21.0 in ./.venv/lib64/python3.11/site-packages (from tensorflow>=2.15.0->-r requirements.txt (line 4)) (2.33.1)
Requirement already satisfied: setuptools in ./.venv/lib64/python3.11/site-packages (from tensorflow>=2.15.0->-r requirements.txt (line 4)) (65.5.1)
Requirement already satisfied: six>=1.12.0 in ./.venv/lib64/python3.11/site-packages (from tensorflow>=2.15.0->-r requirements.txt (line 4)) (1.17.0)
Requirement already satisfied: termcolor>=1.1.0 in ./.venv/lib64/python3.11/site-packages (from tensorflow>=2.15.0->-r requirements.txt (line 4)) (3.3.0)
Requirement already satisfied: wrapt>=1.11.0 in ./.venv/lib64/python3.11/site-packages (from tensorflow>=2.15.0->-r requirements.txt (line 4)) (2.1.2)
Requirement already satisfied: grpcio<2.0,>=1.24.3 in ./.venv/lib64/python3.11/site-packages (from tensorflow>=2.15.0->-r requirements.txt (line 4)) (1.80.0)
Requirement already satisfied: ml_dtypes<1.0.0,>=0.5.1 in ./.venv/lib64/python3.11/site-packages (from tensorflow>=2.15.0->-r requirements.txt (line 4)) (0.5.4)
Requirement already satisfied: charset_normalizer<4,>=2 in ./.venv/lib64/python3.11/site-packages (from requests<3,>=2.21.0->tensorflow>=2.15.0->-r requirements.txt (line 4)) (3.4.6)
Requirement already satisfied: idna<4,>=2.5 in ./.venv/lib64/python3.11/site-packages (from requests<3,>=2.21.0->tensorflow>=2.15.0->-r requirements.txt (line 4)) (3.11)
Requirement already satisfied: urllib3<3,>=1.26 in ./.venv/lib64/python3.11/site-packages (from requests<3,>=2.21.0->tensorflow>=2.15.0->-r requirements.txt (line 4)) (2.6.3)
Requirement already satisfied: certifi>=2023.5.7 in ./.venv/lib64/python3.11/site-packages (from requests<3,>=2.21.0->tensorflow>=2.15.0->-r requirements.txt (line 4)) (2026.2.25)
Requirement already satisfied: rich in ./.venv/lib64/python3.11/site-packages (from keras>=3.0.0->-r requirements.txt (line 5)) (14.3.3)
Requirement already satisfied: namex in ./.venv/lib64/python3.11/site-packages (from keras>=3.0.0->-r requirements.txt (line 5)) (0.1.0)
Requirement already satisfied: optree in ./.venv/lib64/python3.11/site-packages (from keras>=3.0.0->-r requirements.txt (line 5)) (0.19.0)
Requirement already satisfied: python-dateutil>=2.8.2 in ./.venv/lib64/python3.11/site-packages (from pandas>=2.0.0->-r requirements.txt (line 9)) (2.9.0.post0)
Requirement already satisfied: contourpy>=1.0.1 in ./.venv/lib64/python3.11/site-packages (from matplotlib>=3.7.0->-r requirements.txt (line 10)) (1.3.3)
Requirement already satisfied: cycler>=0.10 in ./.venv/lib64/python3.11/site-packages (from matplotlib>=3.7.0->-r requirements.txt (line 10)) (0.12.1)
Requirement already satisfied: fonttools>=4.22.0 in ./.venv/lib64/python3.11/site-packages (from matplotlib>=3.7.0->-r requirements.txt (line 10)) (4.62.1)
Requirement already satisfied: kiwisolver>=1.3.1 in ./.venv/lib64/python3.11/site-packages (from matplotlib>=3.7.0->-r requirements.txt (line 10)) (1.5.0)
Requirement already satisfied: pyparsing>=3 in ./.venv/lib64/python3.11/site-packages (from matplotlib>=3.7.0->-r requirements.txt (line 10)) (3.3.2)
Requirement already satisfied: threadpoolctl>=3.2.0 in ./.venv/lib64/python3.11/site-packages (from scikit-learn>=1.3.0->-r requirements.txt (line 12)) (3.6.0)
Requirement already satisfied: slicer==0.0.8 in ./.venv/lib64/python3.11/site-packages (from shap>=0.44.0->-r requirements.txt (line 13)) (0.0.8)
Requirement already satisfied: numba>=0.54 in ./.venv/lib64/python3.11/site-packages (from shap>=0.44.0->-r requirements.txt (line 13)) (0.65.0)
Requirement already satisfied: cloudpickle in ./.venv/lib64/python3.11/site-packages (from shap>=0.44.0->-r requirements.txt (line 13)) (3.1.2)
Requirement already satisfied: comm>=0.1.1 in ./.venv/lib64/python3.11/site-packages (from ipykernel>=6.25.0->-r requirements.txt (line 18)) (0.2.3)
Requirement already satisfied: debugpy>=1.6.5 in ./.venv/lib64/python3.11/site-packages (from ipykernel>=6.25.0->-r requirements.txt (line 18)) (1.8.20)
Requirement already satisfied: ipython>=7.23.1 in ./.venv/lib64/python3.11/site-packages (from ipykernel>=6.25.0->-r requirements.txt (line 18)) (9.10.1)
Requirement already satisfied: jupyter-client>=8.8.0 in ./.venv/lib64/python3.11/site-packages (from ipykernel>=6.25.0->-r requirements.txt (line 18)) (8.8.0)
Requirement already satisfied: jupyter-core!=6.0.*,>=5.1 in ./.venv/lib64/python3.11/site-packages (from ipykernel>=6.25.0->-r requirements.txt (line 18)) (5.9.1)
Requirement already satisfied: matplotlib-inline>=0.1 in ./.venv/lib64/python3.11/site-packages (from ipykernel>=6.25.0->-r requirements.txt (line 18)) (0.2.1)
Requirement already satisfied: nest-asyncio>=1.4 in ./.venv/lib64/python3.11/site-packages (from ipykernel>=6.25.0->-r requirements.txt (line 18)) (1.6.0)
Requirement already satisfied: psutil>=5.7 in ./.venv/lib64/python3.11/site-packages (from ipykernel>=6.25.0->-r requirements.txt (line 18)) (7.2.2)
Requirement already satisfied: pyzmq>=25 in ./.venv/lib64/python3.11/site-packages (from ipykernel>=6.25.0->-r requirements.txt (line 18)) (27.1.0)
Requirement already satisfied: tornado>=6.4.1 in ./.venv/lib64/python3.11/site-packages (from ipykernel>=6.25.0->-r requirements.txt (line 18)) (6.5.5)
Requirement already satisfied: traitlets>=5.4.0 in ./.venv/lib64/python3.11/site-packages (from ipykernel>=6.25.0->-r requirements.txt (line 18)) (5.14.3)
Requirement already satisfied: jupyter-console in ./.venv/lib64/python3.11/site-packages (from jupyter>=1.0.0->-r requirements.txt (line 19)) (6.6.3)
Requirement already satisfied: nbconvert in ./.venv/lib64/python3.11/site-packages (from jupyter>=1.0.0->-r requirements.txt (line 19)) (7.17.0)
Requirement already satisfied: ipywidgets in ./.venv/lib64/python3.11/site-packages (from jupyter>=1.0.0->-r requirements.txt (line 19)) (8.1.8)
Requirement already satisfied: jupyterlab in ./.venv/lib64/python3.11/site-packages (from jupyter>=1.0.0->-r requirements.txt (line 19)) (4.5.6)
Requirement already satisfied: jupyter-server<3,>=2.4.0 in ./.venv/lib64/python3.11/site-packages (from notebook>=7.0.0->-r requirements.txt (line 20)) (2.17.0)
Requirement already satisfied: jupyterlab-server<3,>=2.28.0 in ./.venv/lib64/python3.11/site-packages (from notebook>=7.0.0->-r requirements.txt (line 20)) (2.28.0)
Requirement already satisfied: notebook-shim<0.3,>=0.2 in ./.venv/lib64/python3.11/site-packages (from notebook>=7.0.0->-r requirements.txt (line 20)) (0.2.4)
Requirement already satisfied: anyio>=3.1.0 in ./.venv/lib64/python3.11/site-packages (from jupyter-server<3,>=2.4.0->notebook>=7.0.0->-r requirements.txt (line 20)) (4.13.0)
Requirement already satisfied: argon2-cffi>=21.1 in ./.venv/lib64/python3.11/site-packages (from jupyter-server<3,>=2.4.0->notebook>=7.0.0->-r requirements.txt (line 20)) (25.1.0)
Requirement already satisfied: jupyter-events>=0.11.0 in ./.venv/lib64/python3.11/site-packages (from jupyter-server<3,>=2.4.0->notebook>=7.0.0->-r requirements.txt (line 20)) (0.12.0)
Requirement already satisfied: jupyter-server-terminals>=0.4.4 in ./.venv/lib64/python3.11/site-packages (from jupyter-server<3,>=2.4.0->notebook>=7.0.0->-r requirements.txt (line 20)) (0.5.4)
Requirement already satisfied: nbformat>=5.3.0 in ./.venv/lib64/python3.11/site-packages (from jupyter-server<3,>=2.4.0->notebook>=7.0.0->-r requirements.txt (line 20)) (5.10.4)
Requirement already satisfied: overrides>=5.0 in ./.venv/lib64/python3.11/site-packages (from jupyter-server<3,>=2.4.0->notebook>=7.0.0->-r requirements.txt (line 20)) (7.7.0)
Requirement already satisfied: prometheus-client>=0.9 in ./.venv/lib64/python3.11/site-packages (from jupyter-server<3,>=2.4.0->notebook>=7.0.0->-r requirements.txt (line 20)) (0.24.1)
Requirement already satisfied: send2trash>=1.8.2 in ./.venv/lib64/python3.11/site-packages (from jupyter-server<3,>=2.4.0->notebook>=7.0.0->-r requirements.txt (line 20)) (2.1.0)
Requirement already satisfied: terminado>=0.8.3 in ./.venv/lib64/python3.11/site-packages (from jupyter-server<3,>=2.4.0->notebook>=7.0.0->-r requirements.txt (line 20)) (0.18.1)
Requirement already satisfied: websocket-client>=1.7 in ./.venv/lib64/python3.11/site-packages (from jupyter-server<3,>=2.4.0->notebook>=7.0.0->-r requirements.txt (line 20)) (1.9.0)
Requirement already satisfied: async-lru>=1.0.0 in ./.venv/lib64/python3.11/site-packages (from jupyterlab->jupyter>=1.0.0->-r requirements.txt (line 19)) (2.3.0)
Requirement already satisfied: httpx<1,>=0.25.0 in ./.venv/lib64/python3.11/site-packages (from jupyterlab->jupyter>=1.0.0->-r requirements.txt (line 19)) (0.28.1)
Requirement already satisfied: jupyter-lsp>=2.0.0 in ./.venv/lib64/python3.11/site-packages (from jupyterlab->jupyter>=1.0.0->-r requirements.txt (line 19)) (2.3.0)
Requirement already satisfied: httpcore==1.* in ./.venv/lib64/python3.11/site-packages (from httpx<1,>=0.25.0->jupyterlab->jupyter>=1.0.0->-r requirements.txt (line 19)) (1.0.9)
Requirement already satisfied: h11>=0.16 in ./.venv/lib64/python3.11/site-packages (from httpcore==1.*->httpx<1,>=0.25.0->jupyterlab->jupyter>=1.0.0->-r requirements.txt (line 19)) (0.16.0)
Requirement already satisfied: babel>=2.10 in ./.venv/lib64/python3.11/site-packages (from jupyterlab-server<3,>=2.28.0->notebook>=7.0.0->-r requirements.txt (line 20)) (2.18.0)
Requirement already satisfied: json5>=0.9.0 in ./.venv/lib64/python3.11/site-packages (from jupyterlab-server<3,>=2.28.0->notebook>=7.0.0->-r requirements.txt (line 20)) (0.14.0)
Requirement already satisfied: jsonschema>=4.18.0 in ./.venv/lib64/python3.11/site-packages (from jupyterlab-server<3,>=2.28.0->notebook>=7.0.0->-r requirements.txt (line 20)) (4.26.0)
Requirement already satisfied: jupyter-server-proxy in ./.venv/lib64/python3.11/site-packages (from vpython>=7.6.0->-r requirements.txt (line 26)) (4.4.0)
Requirement already satisfied: jupyterlab-vpython>=3.1.8 in ./.venv/lib64/python3.11/site-packages (from vpython>=7.6.0->-r requirements.txt (line 26)) (3.1.8)
Requirement already satisfied: autobahn<27,>=22.6.1 in ./.venv/lib64/python3.11/site-packages (from vpython>=7.6.0->-r requirements.txt (line 26)) (25.12.2)
Requirement already satisfied: cbor2>=5.2.0 in ./.venv/lib64/python3.11/site-packages (from autobahn<27,>=22.6.1->vpython>=7.6.0->-r requirements.txt (line 26)) (5.9.0)
Requirement already satisfied: cffi>=2.0.0 in ./.venv/lib64/python3.11/site-packages (from autobahn<27,>=22.6.1->vpython>=7.6.0->-r requirements.txt (line 26)) (2.0.0)
Requirement already satisfied: cryptography>=3.4.6 in ./.venv/lib64/python3.11/site-packages (from autobahn<27,>=22.6.1->vpython>=7.6.0->-r requirements.txt (line 26)) (46.0.6)
Requirement already satisfied: hyperlink>=21.0.0 in ./.venv/lib64/python3.11/site-packages (from autobahn<27,>=22.6.1->vpython>=7.6.0->-r requirements.txt (line 26)) (21.0.0)
Requirement already satisfied: msgpack>=1.0.2 in ./.venv/lib64/python3.11/site-packages (from autobahn<27,>=22.6.1->vpython>=7.6.0->-r requirements.txt (line 26)) (1.1.2)
Requirement already satisfied: py-ubjson>=0.16.1 in ./.venv/lib64/python3.11/site-packages (from autobahn<27,>=22.6.1->vpython>=7.6.0->-r requirements.txt (line 26)) (0.16.1)
Requirement already satisfied: txaio>=25.12.2 in ./.venv/lib64/python3.11/site-packages (from autobahn<27,>=22.6.1->vpython>=7.6.0->-r requirements.txt (line 26)) (25.12.2)
Requirement already satisfied: ujson>=4.0.2 in ./.venv/lib64/python3.11/site-packages (from autobahn<27,>=22.6.1->vpython>=7.6.0->-r requirements.txt (line 26)) (5.12.0)
Requirement already satisfied: argon2-cffi-bindings in ./.venv/lib64/python3.11/site-packages (from argon2-cffi>=21.1->jupyter-server<3,>=2.4.0->notebook>=7.0.0->-r requirements.txt (line 20)) (25.1.0)
Requirement already satisfied: wheel<1.0,>=0.23.0 in ./.venv/lib64/python3.11/site-packages (from astunparse>=1.6.0->tensorflow>=2.15.0->-r requirements.txt (line 4)) (0.46.3)
Requirement already satisfied: pycparser in ./.venv/lib64/python3.11/site-packages (from cffi>=2.0.0->autobahn<27,>=22.6.1->vpython>=7.6.0->-r requirements.txt (line 26)) (3.0)
Requirement already satisfied: decorator>=4.3.2 in ./.venv/lib64/python3.11/site-packages (from ipython>=7.23.1->ipykernel>=6.25.0->-r requirements.txt (line 18)) (5.2.1)
Requirement already satisfied: ipython-pygments-lexers>=1.0.0 in ./.venv/lib64/python3.11/site-packages (from ipython>=7.23.1->ipykernel>=6.25.0->-r requirements.txt (line 18)) (1.1.1)
Requirement already satisfied: jedi>=0.18.1 in ./.venv/lib64/python3.11/site-packages (from ipython>=7.23.1->ipykernel>=6.25.0->-r requirements.txt (line 18)) (0.19.2)
Requirement already satisfied: pexpect>4.3 in ./.venv/lib64/python3.11/site-packages (from ipython>=7.23.1->ipykernel>=6.25.0->-r requirements.txt (line 18)) (4.9.0)
Requirement already satisfied: prompt_toolkit<3.1.0,>=3.0.41 in ./.venv/lib64/python3.11/site-packages (from ipython>=7.23.1->ipykernel>=6.25.0->-r requirements.txt (line 18)) (3.0.52)
Requirement already satisfied: pygments>=2.11.0 in ./.venv/lib64/python3.11/site-packages (from ipython>=7.23.1->ipykernel>=6.25.0->-r requirements.txt (line 18)) (2.20.0)
Requirement already satisfied: stack_data>=0.6.0 in ./.venv/lib64/python3.11/site-packages (from ipython>=7.23.1->ipykernel>=6.25.0->-r requirements.txt (line 18)) (0.6.3)
Requirement already satisfied: wcwidth in ./.venv/lib64/python3.11/site-packages (from prompt_toolkit<3.1.0,>=3.0.41->ipython>=7.23.1->ipykernel>=6.25.0->-r requirements.txt (line 18)) (0.6.0)
Requirement already satisfied: parso<0.9.0,>=0.8.4 in ./.venv/lib64/python3.11/site-packages (from jedi>=0.18.1->ipython>=7.23.1->ipykernel>=6.25.0->-r requirements.txt (line 18)) (0.8.6)
Requirement already satisfied: MarkupSafe>=2.0 in ./.venv/lib64/python3.11/site-packages (from jinja2->torch>=2.0.0->-r requirements.txt (line 3)) (3.0.3)
Requirement already satisfied: attrs>=22.2.0 in ./.venv/lib64/python3.11/site-packages (from jsonschema>=4.18.0->jupyterlab-server<3,>=2.28.0->notebook>=7.0.0->-r requirements.txt (line 20)) (26.1.0)
Requirement already satisfied: jsonschema-specifications>=2023.03.6 in ./.venv/lib64/python3.11/site-packages (from jsonschema>=4.18.0->jupyterlab-server<3,>=2.28.0->notebook>=7.0.0->-r requirements.txt (line 20)) (2025.9.1)
Requirement already satisfied: referencing>=0.28.4 in ./.venv/lib64/python3.11/site-packages (from jsonschema>=4.18.0->jupyterlab-server<3,>=2.28.0->notebook>=7.0.0->-r requirements.txt (line 20)) (0.37.0)
Requirement already satisfied: rpds-py>=0.25.0 in ./.venv/lib64/python3.11/site-packages (from jsonschema>=4.18.0->jupyterlab-server<3,>=2.28.0->notebook>=7.0.0->-r requirements.txt (line 20)) (0.30.0)
Requirement already satisfied: platformdirs>=2.5 in ./.venv/lib64/python3.11/site-packages (from jupyter-core!=6.0.*,>=5.1->ipykernel>=6.25.0->-r requirements.txt (line 18)) (4.9.4)
Requirement already satisfied: python-json-logger>=2.0.4 in ./.venv/lib64/python3.11/site-packages (from jupyter-events>=0.11.0->jupyter-server<3,>=2.4.0->notebook>=7.0.0->-r requirements.txt (line 20)) (4.1.0)
Requirement already satisfied: pyyaml>=5.3 in ./.venv/lib64/python3.11/site-packages (from jupyter-events>=0.11.0->jupyter-server<3,>=2.4.0->notebook>=7.0.0->-r requirements.txt (line 20)) (6.0.3)
Requirement already satisfied: rfc3339-validator in ./.venv/lib64/python3.11/site-packages (from jupyter-events>=0.11.0->jupyter-server<3,>=2.4.0->notebook>=7.0.0->-r requirements.txt (line 20)) (0.1.4)
Requirement already satisfied: rfc3986-validator>=0.1.1 in ./.venv/lib64/python3.11/site-packages (from jupyter-events>=0.11.0->jupyter-server<3,>=2.4.0->notebook>=7.0.0->-r requirements.txt (line 20)) (0.1.1)
Requirement already satisfied: fqdn in ./.venv/lib64/python3.11/site-packages (from jsonschema[format-nongpl]>=4.18.0->jupyter-events>=0.11.0->jupyter-server<3,>=2.4.0->notebook>=7.0.0->-r requirements.txt (line 20)) (1.5.1)
Requirement already satisfied: isoduration in ./.venv/lib64/python3.11/site-packages (from jsonschema[format-nongpl]>=4.18.0->jupyter-events>=0.11.0->jupyter-server<3,>=2.4.0->notebook>=7.0.0->-r requirements.txt (line 20)) (20.11.0)
Requirement already satisfied: jsonpointer>1.13 in ./.venv/lib64/python3.11/site-packages (from jsonschema[format-nongpl]>=4.18.0->jupyter-events>=0.11.0->jupyter-server<3,>=2.4.0->notebook>=7.0.0->-r requirements.txt (line 20)) (3.1.1)
Requirement already satisfied: rfc3987-syntax>=1.1.0 in ./.venv/lib64/python3.11/site-packages (from jsonschema[format-nongpl]>=4.18.0->jupyter-events>=0.11.0->jupyter-server<3,>=2.4.0->notebook>=7.0.0->-r requirements.txt (line 20)) (1.1.0)
Requirement already satisfied: uri-template in ./.venv/lib64/python3.11/site-packages (from jsonschema[format-nongpl]>=4.18.0->jupyter-events>=0.11.0->jupyter-server<3,>=2.4.0->notebook>=7.0.0->-r requirements.txt (line 20)) (1.3.0)
Requirement already satisfied: webcolors>=24.6.0 in ./.venv/lib64/python3.11/site-packages (from jsonschema[format-nongpl]>=4.18.0->jupyter-events>=0.11.0->jupyter-server<3,>=2.4.0->notebook>=7.0.0->-r requirements.txt (line 20)) (25.10.0)
Requirement already satisfied: beautifulsoup4 in ./.venv/lib64/python3.11/site-packages (from nbconvert->jupyter>=1.0.0->-r requirements.txt (line 19)) (4.14.3)
Requirement already satisfied: bleach!=5.0.0 in ./.venv/lib64/python3.11/site-packages (from bleach[css]!=5.0.0->nbconvert->jupyter>=1.0.0->-r requirements.txt (line 19)) (6.3.0)
Requirement already satisfied: defusedxml in ./.venv/lib64/python3.11/site-packages (from nbconvert->jupyter>=1.0.0->-r requirements.txt (line 19)) (0.7.1)
Requirement already satisfied: jupyterlab-pygments in ./.venv/lib64/python3.11/site-packages (from nbconvert->jupyter>=1.0.0->-r requirements.txt (line 19)) (0.3.0)
Requirement already satisfied: mistune<4,>=2.0.3 in ./.venv/lib64/python3.11/site-packages (from nbconvert->jupyter>=1.0.0->-r requirements.txt (line 19)) (3.2.0)
Requirement already satisfied: nbclient>=0.5.0 in ./.venv/lib64/python3.11/site-packages (from nbconvert->jupyter>=1.0.0->-r requirements.txt (line 19)) (0.10.4)
Requirement already satisfied: pandocfilters>=1.4.1 in ./.venv/lib64/python3.11/site-packages (from nbconvert->jupyter>=1.0.0->-r requirements.txt (line 19)) (1.5.1)
Requirement already satisfied: webencodings in ./.venv/lib64/python3.11/site-packages (from bleach!=5.0.0->bleach[css]!=5.0.0->nbconvert->jupyter>=1.0.0->-r requirements.txt (line 19)) (0.5.1)
Requirement already satisfied: tinycss2<1.5,>=1.1.0 in ./.venv/lib64/python3.11/site-packages (from bleach[css]!=5.0.0->nbconvert->jupyter>=1.0.0->-r requirements.txt (line 19)) (1.4.0)
Requirement already satisfied: fastjsonschema>=2.15 in ./.venv/lib64/python3.11/site-packages (from nbformat>=5.3.0->jupyter-server<3,>=2.4.0->notebook>=7.0.0->-r requirements.txt (line 20)) (2.21.2)
Requirement already satisfied: llvmlite<0.48,>=0.47.0dev0 in ./.venv/lib64/python3.11/site-packages (from numba>=0.54->shap>=0.44.0->-r requirements.txt (line 13)) (0.47.0)
Requirement already satisfied: ptyprocess>=0.5 in ./.venv/lib64/python3.11/site-packages (from pexpect>4.3->ipython>=7.23.1->ipykernel>=6.25.0->-r requirements.txt (line 18)) (0.7.0)
Requirement already satisfied: lark>=1.2.2 in ./.venv/lib64/python3.11/site-packages (from rfc3987-syntax>=1.1.0->jsonschema[format-nongpl]>=4.18.0->jupyter-events>=0.11.0->jupyter-server<3,>=2.4.0->notebook>=7.0.0->-r requirements.txt (line 20)) (1.3.1)
Requirement already satisfied: executing>=1.2.0 in ./.venv/lib64/python3.11/site-packages (from stack_data>=0.6.0->ipython>=7.23.1->ipykernel>=6.25.0->-r requirements.txt (line 18)) (2.2.1)
Requirement already satisfied: asttokens>=2.1.0 in ./.venv/lib64/python3.11/site-packages (from stack_data>=0.6.0->ipython>=7.23.1->ipykernel>=6.25.0->-r requirements.txt (line 18)) (3.0.1)
Requirement already satisfied: pure-eval in ./.venv/lib64/python3.11/site-packages (from stack_data>=0.6.0->ipython>=7.23.1->ipykernel>=6.25.0->-r requirements.txt (line 18)) (0.2.3)
Requirement already satisfied: mpmath<1.4,>=1.1.0 in ./.venv/lib64/python3.11/site-packages (from sympy>=1.13.3->torch>=2.0.0->-r requirements.txt (line 3)) (1.3.0)
Requirement already satisfied: soupsieve>=1.6.1 in ./.venv/lib64/python3.11/site-packages (from beautifulsoup4->nbconvert->jupyter>=1.0.0->-r requirements.txt (line 19)) (2.8.3)
Requirement already satisfied: widgetsnbextension~=4.0.14 in ./.venv/lib64/python3.11/site-packages (from ipywidgets->jupyter>=1.0.0->-r requirements.txt (line 19)) (4.0.15)
Requirement already satisfied: jupyterlab_widgets~=3.0.15 in ./.venv/lib64/python3.11/site-packages (from ipywidgets->jupyter>=1.0.0->-r requirements.txt (line 19)) (3.0.16)
Requirement already satisfied: arrow>=0.15.0 in ./.venv/lib64/python3.11/site-packages (from isoduration->jsonschema[format-nongpl]>=4.18.0->jupyter-events>=0.11.0->jupyter-server<3,>=2.4.0->notebook>=7.0.0->-r requirements.txt (line 20)) (1.4.0)
Requirement already satisfied: tzdata in ./.venv/lib64/python3.11/site-packages (from arrow>=0.15.0->isoduration->jsonschema[format-nongpl]>=4.18.0->jupyter-events>=0.11.0->jupyter-server<3,>=2.4.0->notebook>=7.0.0->-r requirements.txt (line 20)) (2025.3)
Requirement already satisfied: aiohttp in ./.venv/lib64/python3.11/site-packages (from jupyter-server-proxy->vpython>=7.6.0->-r requirements.txt (line 26)) (3.13.5)
Requirement already satisfied: simpervisor>=1.0.0 in ./.venv/lib64/python3.11/site-packages (from jupyter-server-proxy->vpython>=7.6.0->-r requirements.txt (line 26)) (1.0.0)
Requirement already satisfied: aiohappyeyeballs>=2.5.0 in ./.venv/lib64/python3.11/site-packages (from aiohttp->jupyter-server-proxy->vpython>=7.6.0->-r requirements.txt (line 26)) (2.6.1)
Requirement already satisfied: aiosignal>=1.4.0 in ./.venv/lib64/python3.11/site-packages (from aiohttp->jupyter-server-proxy->vpython>=7.6.0->-r requirements.txt (line 26)) (1.4.0)
Requirement already satisfied: frozenlist>=1.1.1 in ./.venv/lib64/python3.11/site-packages (from aiohttp->jupyter-server-proxy->vpython>=7.6.0->-r requirements.txt (line 26)) (1.8.0)
Requirement already satisfied: multidict<7.0,>=4.5 in ./.venv/lib64/python3.11/site-packages (from aiohttp->jupyter-server-proxy->vpython>=7.6.0->-r requirements.txt (line 26)) (6.7.1)
Requirement already satisfied: propcache>=0.2.0 in ./.venv/lib64/python3.11/site-packages (from aiohttp->jupyter-server-proxy->vpython>=7.6.0->-r requirements.txt (line 26)) (0.4.1)
Requirement already satisfied: yarl<2.0,>=1.17.0 in ./.venv/lib64/python3.11/site-packages (from aiohttp->jupyter-server-proxy->vpython>=7.6.0->-r requirements.txt (line 26)) (1.23.0)
Requirement already satisfied: markdown-it-py>=2.2.0 in ./.venv/lib64/python3.11/site-packages (from rich->keras>=3.0.0->-r requirements.txt (line 5)) (4.0.0)
Requirement already satisfied: mdurl~=0.1 in ./.venv/lib64/python3.11/site-packages (from markdown-it-py>=2.2.0->rich->keras>=3.0.0->-r requirements.txt (line 5)) (0.1.2)
Database found at /scratch/bwingen/thesis/database
Using Python: /home/bwingen/thesis/Thesis/.venv/bin/python
Python 3.11.13
Found 5 HDF5 file(s).
[DataLoader] Filtered 5 files down to 0 based on PARTICIPANT_CONFIG['include']=['all']
[WARN] No raw segments loaded.
[ERROR] Data loading returned an empty DataFrame.
