Database found at /scratch/bwingen/thesis/database
Using Python: /scratch/bwingen/thesis_env/bin/python
Python 3.10.20
[DataLoader] Weight filter active (applied at training time) — excluding calibrated weights: [0.9, 2.24]
[DataLoader] Loaded blacklist: 545 segments will be skipped.

[MACRO ABLATION LOOP] Enabled. Will run sequentially for: ['all', 'emg_only', 'imu_only']
Results will be saved to: /home/bwingen/thesis/Thesis/model/model_results/run_20260605_192945

================================================================================
  RUNNING PIPELINE FOR MODALITY CONFIGURATION: ALL
================================================================================

[DataLoader] Filtered 20 files down to 19 based on PARTICIPANT_CONFIG['include']=['P01', 'P02', 'P03', 'P04', 'P05', 'P06', 'P07', 'P08', 'P09', 'P10', 'P11', 'P12', 'P14', 'P15', 'P16', 'P17', 'P18']
[DataLoader] Skipped 5 blacklisted segments in participant_P02_session_01_segments.h5
[DataLoader] Skipped 5 blacklisted segments in participant_P11_session_01_segments.h5
[DataLoader] Skipped 28 blacklisted segments in participant_P07_session_01_segments.h5
[DataLoader] Skipped 3 blacklisted segments in participant_P01_session_03_segments.h5
[DataLoader] Skipped 15 blacklisted segments in participant_P09_session_01_segments.h5
[DataLoader] Skipped 125 blacklisted segments in participant_P15_session_01_segments.h5
[DataLoader] Skipped 35 blacklisted segments in participant_P08_session_01_segments.h5
[DataLoader] Skipped 19 blacklisted segments in participant_P17_session_01_segments.h5
[DataLoader] Skipped 35 blacklisted segments in participant_P06_session_01_segments.h5
[DataLoader] Skipped 25 blacklisted segments in participant_P16_session_01_segments.h5
[DataLoader] Skipped 16 blacklisted segments in participant_P10_session_01_segments.h5
[DataLoader] Skipped 4 blacklisted segments in participant_P12_session_01_segments.h5
[DataLoader] Skipped 20 blacklisted segments in participant_P14_session_01_segments.h5
[DataLoader] Skipped 10 blacklisted segments in participant_P01_session_02_segments.h5
[DataLoader] Skipped 42 blacklisted segments in participant_P03_session_01_segments.h5
[DataLoader] Skipped 50 blacklisted segments in participant_P05_session_01_segments.h5
[DataLoader] Skipped 28 blacklisted segments in participant_P18_session_01_segments.h5
[DataLoader] Skipped 25 blacklisted segments in participant_P04_session_01_segments.h5
[DataLoader] Skipped 9 blacklisted segments in participant_P01_session_01_segments.h5
[DataLoader] Filter active: removed 168 features from disabled channels/feature-types.
[DataLoader] Dropped 2582 segments with excluded weight classes.
Sequence Data Summary:
  - Total Lifts (Sequences): 15732
  - Average Windows per Lift: 11.5
  - Features per Window: 208
Label vector (y) shape: (15732,) (Target: weight)

Starting 5-Fold Stratified Cross-Validation...
--- Fold 1/5 ---
Initializing Modality-Grouped Spatio-Temporal Transformer Regressor with config: {'d_model': 96, 'nhead_spatial': 8, 'num_layers': 4, 'nhead_temporal': 2, 'dim_feedforward': 512, 'dropout_rate': 0.25, 'learning_rate': 0.0003, 'weight_decay': 0.005, 'batch_size': 64, 'epochs': 200, 'validation_split': 0.1, 'early_stopping_patience': 5, 'scheduler_patience': 3, 'scheduler_factor': 0.8, 'use_checkpointing': True, 'use_amp': True, 'scheduler': {'type': 'WarmupCosine', 'warmup_epochs': 5, 'min_lr': 1e-06}, 'random_state': 245}
[SpatioTemporalTransformerRegressor3] Using device: cuda
[SpatioTemporalTransformerRegressor3] Capping sequence length at 24 based on sample distribution (min_count=56).
[SpatioTemporalTransformerRegressor3] Grouped features into 20 spatial channels.
[Augmenter] Balanced 6 weight classes to 2000 samples each. Total: 12000
[SpatioTemporalTransformerNetwork3] Modality groups: {'EMG': 8, 'IMU_Accel': 6, 'IMU_Orient': 6}

Early stopping triggered at epoch 10. Best Val Loss: 0.1767
    Train MAE: 0.2122 | Test MAE: 0.2328 | Gap: 0.0206
    Train RMSE: 0.3790 | Test RMSE: 0.4237 | Ratio: 1.12x
Computing permutation importance for fold (channel)...
Computing permutation importance for fold (feature)...
--- Fold 2/5 ---
Initializing Modality-Grouped Spatio-Temporal Transformer Regressor with config: {'d_model': 96, 'nhead_spatial': 8, 'num_layers': 4, 'nhead_temporal': 2, 'dim_feedforward': 512, 'dropout_rate': 0.25, 'learning_rate': 0.0003, 'weight_decay': 0.005, 'batch_size': 64, 'epochs': 200, 'validation_split': 0.1, 'early_stopping_patience': 5, 'scheduler_patience': 3, 'scheduler_factor': 0.8, 'use_checkpointing': True, 'use_amp': True, 'scheduler': {'type': 'WarmupCosine', 'warmup_epochs': 5, 'min_lr': 1e-06}, 'random_state': 245}
[SpatioTemporalTransformerRegressor3] Using device: cuda
[SpatioTemporalTransformerRegressor3] Capping sequence length at 23 based on sample distribution (min_count=56).
[SpatioTemporalTransformerRegressor3] Grouped features into 20 spatial channels.
[Augmenter] Balanced 6 weight classes to 2000 samples each. Total: 12000
[SpatioTemporalTransformerNetwork3] Modality groups: {'EMG': 8, 'IMU_Accel': 6, 'IMU_Orient': 6}

Early stopping triggered at epoch 12. Best Val Loss: 0.1795
    Train MAE: 0.1916 | Test MAE: 0.1949 | Gap: 0.0032
    Train RMSE: 0.3725 | Test RMSE: 0.3703 | Ratio: 0.99x
Computing permutation importance for fold (channel)...
Computing permutation importance for fold (feature)...
--- Fold 3/5 ---
Initializing Modality-Grouped Spatio-Temporal Transformer Regressor with config: {'d_model': 96, 'nhead_spatial': 8, 'num_layers': 4, 'nhead_temporal': 2, 'dim_feedforward': 512, 'dropout_rate': 0.25, 'learning_rate': 0.0003, 'weight_decay': 0.005, 'batch_size': 64, 'epochs': 200, 'validation_split': 0.1, 'early_stopping_patience': 5, 'scheduler_patience': 3, 'scheduler_factor': 0.8, 'use_checkpointing': True, 'use_amp': True, 'scheduler': {'type': 'WarmupCosine', 'warmup_epochs': 5, 'min_lr': 1e-06}, 'random_state': 245}
[SpatioTemporalTransformerRegressor3] Using device: cuda
[SpatioTemporalTransformerRegressor3] Capping sequence length at 23 based on sample distribution (min_count=56).
[SpatioTemporalTransformerRegressor3] Grouped features into 20 spatial channels.
[Augmenter] Balanced 6 weight classes to 2000 samples each. Total: 12000
[SpatioTemporalTransformerNetwork3] Modality groups: {'EMG': 8, 'IMU_Accel': 6, 'IMU_Orient': 6}

Early stopping triggered at epoch 5. Best Val Loss: inf
    Train MAE: 1.3507 | Test MAE: 1.3498 | Gap: -0.0009
    Train RMSE: 2.3202 | Test RMSE: 2.3210 | Ratio: 1.00x
Computing permutation importance for fold (channel)...
Computing permutation importance for fold (feature)...
--- Fold 4/5 ---
Initializing Modality-Grouped Spatio-Temporal Transformer Regressor with config: {'d_model': 96, 'nhead_spatial': 8, 'num_layers': 4, 'nhead_temporal': 2, 'dim_feedforward': 512, 'dropout_rate': 0.25, 'learning_rate': 0.0003, 'weight_decay': 0.005, 'batch_size': 64, 'epochs': 200, 'validation_split': 0.1, 'early_stopping_patience': 5, 'scheduler_patience': 3, 'scheduler_factor': 0.8, 'use_checkpointing': True, 'use_amp': True, 'scheduler': {'type': 'WarmupCosine', 'warmup_epochs': 5, 'min_lr': 1e-06}, 'random_state': 245}
[SpatioTemporalTransformerRegressor3] Using device: cuda
[SpatioTemporalTransformerRegressor3] Capping sequence length at 24 based on sample distribution (min_count=56).
[SpatioTemporalTransformerRegressor3] Grouped features into 20 spatial channels.
[Augmenter] Balanced 6 weight classes to 2000 samples each. Total: 12000
[SpatioTemporalTransformerNetwork3] Modality groups: {'EMG': 8, 'IMU_Accel': 6, 'IMU_Orient': 6}

Early stopping triggered at epoch 24. Best Val Loss: 0.1479
    Train MAE: 0.1585 | Test MAE: 0.1937 | Gap: 0.0352
    Train RMSE: 0.3008 | Test RMSE: 0.3605 | Ratio: 1.20x
Computing permutation importance for fold (channel)...
Computing permutation importance for fold (feature)...
--- Fold 5/5 ---
Initializing Modality-Grouped Spatio-Temporal Transformer Regressor with config: {'d_model': 96, 'nhead_spatial': 8, 'num_layers': 4, 'nhead_temporal': 2, 'dim_feedforward': 512, 'dropout_rate': 0.25, 'learning_rate': 0.0003, 'weight_decay': 0.005, 'batch_size': 64, 'epochs': 200, 'validation_split': 0.1, 'early_stopping_patience': 5, 'scheduler_patience': 3, 'scheduler_factor': 0.8, 'use_checkpointing': True, 'use_amp': True, 'scheduler': {'type': 'WarmupCosine', 'warmup_epochs': 5, 'min_lr': 1e-06}, 'random_state': 245}
[SpatioTemporalTransformerRegressor3] Using device: cuda
[SpatioTemporalTransformerRegressor3] Capping sequence length at 24 based on sample distribution (min_count=56).
[SpatioTemporalTransformerRegressor3] Grouped features into 20 spatial channels.
[Augmenter] Balanced 6 weight classes to 2000 samples each. Total: 12000
[SpatioTemporalTransformerNetwork3] Modality groups: {'EMG': 8, 'IMU_Accel': 6, 'IMU_Orient': 6}

Early stopping triggered at epoch 17. Best Val Loss: 0.1689
    Train MAE: 0.1574 | Test MAE: 0.1902 | Gap: 0.0328
    Train RMSE: 0.3004 | Test RMSE: 0.4009 | Ratio: 1.33x
Computing permutation importance for fold (channel)...
Computing permutation importance for fold (feature)...

Training final model on full dataset for saving...
Initializing Modality-Grouped Spatio-Temporal Transformer Regressor with config: {'d_model': 96, 'nhead_spatial': 8, 'num_layers': 4, 'nhead_temporal': 2, 'dim_feedforward': 512, 'dropout_rate': 0.25, 'learning_rate': 0.0003, 'weight_decay': 0.005, 'batch_size': 64, 'epochs': 200, 'validation_split': 0.1, 'early_stopping_patience': 5, 'scheduler_patience': 3, 'scheduler_factor': 0.8, 'use_checkpointing': True, 'use_amp': True, 'scheduler': {'type': 'WarmupCosine', 'warmup_epochs': 5, 'min_lr': 1e-06}, 'random_state': 245}
[SpatioTemporalTransformerRegressor3] Using device: cuda
[SpatioTemporalTransformerRegressor3] Capping sequence length at 24 based on sample distribution (min_count=70).
[SpatioTemporalTransformerRegressor3] Grouped features into 20 spatial channels.
[Augmenter] Balanced 6 weight classes to 2000 samples each. Total: 12000
[SpatioTemporalTransformerNetwork3] Modality groups: {'EMG': 8, 'IMU_Accel': 6, 'IMU_Orient': 6}

Early stopping triggered at epoch 5. Best Val Loss: inf
Regression plot saved to /home/bwingen/thesis/Thesis/model/model_results/run_20260605_192945/all/regression_plot.png
Loss plot saved to /home/bwingen/thesis/Thesis/model/model_results/run_20260605_192945/all/loss_plot.png
Participant performance plot saved to /home/bwingen/thesis/Thesis/model/model_results/run_20260605_192945/all/participant_performance.png
Sequence-length performance plot saved to /home/bwingen/thesis/Thesis/model/model_results/run_20260605_192945/all/seqlen_performance_plot.png
Permutation importance plot saved to /home/bwingen/thesis/Thesis/model/model_results/run_20260605_192945/all/permutation_importance_channel.png
Permutation importance plot saved to /home/bwingen/thesis/Thesis/model/model_results/run_20260605_192945/all/permutation_importance_feature.png

Performance report saved to /home/bwingen/thesis/Thesis/model/model_results/run_20260605_192945/all/performance_report.txt

[run_data_exporter] Run data saved to /home/bwingen/thesis/Thesis/model/model_results/run_20260605_192945/all/run_data.json

--------------------------------------------------
LAUNCHING AUTOMATED DEEPSHAP ANALYSIS
--------------------------------------------------
[DeepSHAP] Starting attribution with n_bg=100, n_exp=50 (DEV_MODE=False)...

Running DeepExplainer (100 bg, 50 test) ...
[DeepSHAP] Results saved to /home/bwingen/thesis/Thesis/model/model_results/run_20260605_192945/all

[run_data_exporter] Run data saved to /home/bwingen/thesis/Thesis/model/model_results/run_20260605_192945/all/run_data.json

================================================================================
  RUNNING PIPELINE FOR MODALITY CONFIGURATION: EMG_ONLY
================================================================================


[MACRO ABLATION] Overriding config: Disabling all IMU channels.
[DataLoader] Filtered 20 files down to 19 based on PARTICIPANT_CONFIG['include']=['P01', 'P02', 'P03', 'P04', 'P05', 'P06', 'P07', 'P08', 'P09', 'P10', 'P11', 'P12', 'P14', 'P15', 'P16', 'P17', 'P18']
[DataLoader] Skipped 5 blacklisted segments in participant_P02_session_01_segments.h5
[DataLoader] Skipped 5 blacklisted segments in participant_P11_session_01_segments.h5
[DataLoader] Skipped 28 blacklisted segments in participant_P07_session_01_segments.h5
[DataLoader] Skipped 3 blacklisted segments in participant_P01_session_03_segments.h5
[DataLoader] Skipped 15 blacklisted segments in participant_P09_session_01_segments.h5
[DataLoader] Skipped 125 blacklisted segments in participant_P15_session_01_segments.h5
[DataLoader] Skipped 35 blacklisted segments in participant_P08_session_01_segments.h5
[DataLoader] Skipped 19 blacklisted segments in participant_P17_session_01_segments.h5
[DataLoader] Skipped 35 blacklisted segments in participant_P06_session_01_segments.h5
[DataLoader] Skipped 25 blacklisted segments in participant_P16_session_01_segments.h5
[DataLoader] Skipped 16 blacklisted segments in participant_P10_session_01_segments.h5
[DataLoader] Skipped 4 blacklisted segments in participant_P12_session_01_segments.h5
[DataLoader] Skipped 20 blacklisted segments in participant_P14_session_01_segments.h5
[DataLoader] Skipped 10 blacklisted segments in participant_P01_session_02_segments.h5
[DataLoader] Skipped 42 blacklisted segments in participant_P03_session_01_segments.h5
[DataLoader] Skipped 50 blacklisted segments in participant_P05_session_01_segments.h5
[DataLoader] Skipped 28 blacklisted segments in participant_P18_session_01_segments.h5
[DataLoader] Skipped 25 blacklisted segments in participant_P04_session_01_segments.h5
[DataLoader] Skipped 9 blacklisted segments in participant_P01_session_01_segments.h5
[DataLoader] Filter active: removed 288 features from disabled channels/feature-types.
[DataLoader] Dropped 2582 segments with excluded weight classes.
Sequence Data Summary:
  - Total Lifts (Sequences): 15732
  - Average Windows per Lift: 11.5
  - Features per Window: 88
Label vector (y) shape: (15732,) (Target: weight)

Starting 5-Fold Stratified Cross-Validation...
--- Fold 1/5 ---
Initializing Modality-Grouped Spatio-Temporal Transformer Regressor with config: {'d_model': 96, 'nhead_spatial': 8, 'num_layers': 4, 'nhead_temporal': 2, 'dim_feedforward': 512, 'dropout_rate': 0.25, 'learning_rate': 0.0003, 'weight_decay': 0.005, 'batch_size': 64, 'epochs': 200, 'validation_split': 0.1, 'early_stopping_patience': 5, 'scheduler_patience': 3, 'scheduler_factor': 0.8, 'use_checkpointing': True, 'use_amp': True, 'scheduler': {'type': 'WarmupCosine', 'warmup_epochs': 5, 'min_lr': 1e-06}, 'random_state': 245}
[SpatioTemporalTransformerRegressor3] Using device: cuda
[SpatioTemporalTransformerRegressor3] Capping sequence length at 24 based on sample distribution (min_count=56).
[SpatioTemporalTransformerRegressor3] Grouped features into 8 spatial channels.
[Augmenter] Balanced 6 weight classes to 2000 samples each. Total: 12000
[SpatioTemporalTransformerNetwork3] Modality groups: {'EMG': 8}

Early stopping triggered at epoch 30. Best Val Loss: 0.1721
    Train MAE: 0.1534 | Test MAE: 0.2076 | Gap: 0.0542
    Train RMSE: 0.3218 | Test RMSE: 0.4532 | Ratio: 1.41x
Computing permutation importance for fold (channel)...
Computing permutation importance for fold (feature)...
--- Fold 2/5 ---
Initializing Modality-Grouped Spatio-Temporal Transformer Regressor with config: {'d_model': 96, 'nhead_spatial': 8, 'num_layers': 4, 'nhead_temporal': 2, 'dim_feedforward': 512, 'dropout_rate': 0.25, 'learning_rate': 0.0003, 'weight_decay': 0.005, 'batch_size': 64, 'epochs': 200, 'validation_split': 0.1, 'early_stopping_patience': 5, 'scheduler_patience': 3, 'scheduler_factor': 0.8, 'use_checkpointing': True, 'use_amp': True, 'scheduler': {'type': 'WarmupCosine', 'warmup_epochs': 5, 'min_lr': 1e-06}, 'random_state': 245}
[SpatioTemporalTransformerRegressor3] Using device: cuda
[SpatioTemporalTransformerRegressor3] Capping sequence length at 23 based on sample distribution (min_count=56).
[SpatioTemporalTransformerRegressor3] Grouped features into 8 spatial channels.
[Augmenter] Balanced 6 weight classes to 2000 samples each. Total: 12000
[SpatioTemporalTransformerNetwork3] Modality groups: {'EMG': 8}

Early stopping triggered at epoch 22. Best Val Loss: 0.1677
    Train MAE: 0.1728 | Test MAE: 0.2026 | Gap: 0.0299
    Train RMSE: 0.3559 | Test RMSE: 0.4068 | Ratio: 1.14x
Computing permutation importance for fold (channel)...
Computing permutation importance for fold (feature)...
--- Fold 3/5 ---
Initializing Modality-Grouped Spatio-Temporal Transformer Regressor with config: {'d_model': 96, 'nhead_spatial': 8, 'num_layers': 4, 'nhead_temporal': 2, 'dim_feedforward': 512, 'dropout_rate': 0.25, 'learning_rate': 0.0003, 'weight_decay': 0.005, 'batch_size': 64, 'epochs': 200, 'validation_split': 0.1, 'early_stopping_patience': 5, 'scheduler_patience': 3, 'scheduler_factor': 0.8, 'use_checkpointing': True, 'use_amp': True, 'scheduler': {'type': 'WarmupCosine', 'warmup_epochs': 5, 'min_lr': 1e-06}, 'random_state': 245}
[SpatioTemporalTransformerRegressor3] Using device: cuda
[SpatioTemporalTransformerRegressor3] Capping sequence length at 23 based on sample distribution (min_count=56).
[SpatioTemporalTransformerRegressor3] Grouped features into 8 spatial channels.
[Augmenter] Balanced 6 weight classes to 2000 samples each. Total: 12000
[SpatioTemporalTransformerNetwork3] Modality groups: {'EMG': 8}

Early stopping triggered at epoch 5. Best Val Loss: inf
    Train MAE: 1.3922 | Test MAE: 1.3934 | Gap: 0.0012
    Train RMSE: 2.1993 | Test RMSE: 2.2013 | Ratio: 1.00x
Computing permutation importance for fold (channel)...
Computing permutation importance for fold (feature)...
--- Fold 4/5 ---
Initializing Modality-Grouped Spatio-Temporal Transformer Regressor with config: {'d_model': 96, 'nhead_spatial': 8, 'num_layers': 4, 'nhead_temporal': 2, 'dim_feedforward': 512, 'dropout_rate': 0.25, 'learning_rate': 0.0003, 'weight_decay': 0.005, 'batch_size': 64, 'epochs': 200, 'validation_split': 0.1, 'early_stopping_patience': 5, 'scheduler_patience': 3, 'scheduler_factor': 0.8, 'use_checkpointing': True, 'use_amp': True, 'scheduler': {'type': 'WarmupCosine', 'warmup_epochs': 5, 'min_lr': 1e-06}, 'random_state': 245}
[SpatioTemporalTransformerRegressor3] Using device: cuda
[SpatioTemporalTransformerRegressor3] Capping sequence length at 24 based on sample distribution (min_count=56).
[SpatioTemporalTransformerRegressor3] Grouped features into 8 spatial channels.
[Augmenter] Balanced 6 weight classes to 2000 samples each. Total: 12000
[SpatioTemporalTransformerNetwork3] Modality groups: {'EMG': 8}

Early stopping triggered at epoch 27. Best Val Loss: 0.1905
    Train MAE: 0.1581 | Test MAE: 0.2012 | Gap: 0.0432
    Train RMSE: 0.3263 | Test RMSE: 0.4122 | Ratio: 1.26x
Computing permutation importance for fold (channel)...
Computing permutation importance for fold (feature)...
--- Fold 5/5 ---
Initializing Modality-Grouped Spatio-Temporal Transformer Regressor with config: {'d_model': 96, 'nhead_spatial': 8, 'num_layers': 4, 'nhead_temporal': 2, 'dim_feedforward': 512, 'dropout_rate': 0.25, 'learning_rate': 0.0003, 'weight_decay': 0.005, 'batch_size': 64, 'epochs': 200, 'validation_split': 0.1, 'early_stopping_patience': 5, 'scheduler_patience': 3, 'scheduler_factor': 0.8, 'use_checkpointing': True, 'use_amp': True, 'scheduler': {'type': 'WarmupCosine', 'warmup_epochs': 5, 'min_lr': 1e-06}, 'random_state': 245}
[SpatioTemporalTransformerRegressor3] Using device: cuda
[SpatioTemporalTransformerRegressor3] Capping sequence length at 24 based on sample distribution (min_count=56).
[SpatioTemporalTransformerRegressor3] Grouped features into 8 spatial channels.
[Augmenter] Balanced 6 weight classes to 2000 samples each. Total: 12000
[SpatioTemporalTransformerNetwork3] Modality groups: {'EMG': 8}

Early stopping triggered at epoch 9. Best Val Loss: 0.2810
    Train MAE: 0.2472 | Test MAE: 0.2515 | Gap: 0.0043
    Train RMSE: 0.4641 | Test RMSE: 0.4996 | Ratio: 1.08x
Computing permutation importance for fold (channel)...
Computing permutation importance for fold (feature)...

Training final model on full dataset for saving...
Initializing Modality-Grouped Spatio-Temporal Transformer Regressor with config: {'d_model': 96, 'nhead_spatial': 8, 'num_layers': 4, 'nhead_temporal': 2, 'dim_feedforward': 512, 'dropout_rate': 0.25, 'learning_rate': 0.0003, 'weight_decay': 0.005, 'batch_size': 64, 'epochs': 200, 'validation_split': 0.1, 'early_stopping_patience': 5, 'scheduler_patience': 3, 'scheduler_factor': 0.8, 'use_checkpointing': True, 'use_amp': True, 'scheduler': {'type': 'WarmupCosine', 'warmup_epochs': 5, 'min_lr': 1e-06}, 'random_state': 245}
[SpatioTemporalTransformerRegressor3] Using device: cuda
[SpatioTemporalTransformerRegressor3] Capping sequence length at 24 based on sample distribution (min_count=70).
[SpatioTemporalTransformerRegressor3] Grouped features into 8 spatial channels.
[Augmenter] Balanced 6 weight classes to 2000 samples each. Total: 12000
[SpatioTemporalTransformerNetwork3] Modality groups: {'EMG': 8}

Early stopping triggered at epoch 5. Best Val Loss: inf
Regression plot saved to /home/bwingen/thesis/Thesis/model/model_results/run_20260605_192945/emg_only/regression_plot.png
Loss plot saved to /home/bwingen/thesis/Thesis/model/model_results/run_20260605_192945/emg_only/loss_plot.png
Participant performance plot saved to /home/bwingen/thesis/Thesis/model/model_results/run_20260605_192945/emg_only/participant_performance.png
Sequence-length performance plot saved to /home/bwingen/thesis/Thesis/model/model_results/run_20260605_192945/emg_only/seqlen_performance_plot.png
Permutation importance plot saved to /home/bwingen/thesis/Thesis/model/model_results/run_20260605_192945/emg_only/permutation_importance_channel.png
Permutation importance plot saved to /home/bwingen/thesis/Thesis/model/model_results/run_20260605_192945/emg_only/permutation_importance_feature.png

Performance report saved to /home/bwingen/thesis/Thesis/model/model_results/run_20260605_192945/emg_only/performance_report.txt

[run_data_exporter] Run data saved to /home/bwingen/thesis/Thesis/model/model_results/run_20260605_192945/emg_only/run_data.json

--------------------------------------------------
LAUNCHING AUTOMATED DEEPSHAP ANALYSIS
--------------------------------------------------
[DeepSHAP] Starting attribution with n_bg=100, n_exp=50 (DEV_MODE=False)...

Running DeepExplainer (100 bg, 50 test) ...
[DeepSHAP] Results saved to /home/bwingen/thesis/Thesis/model/model_results/run_20260605_192945/emg_only

[run_data_exporter] Run data saved to /home/bwingen/thesis/Thesis/model/model_results/run_20260605_192945/emg_only/run_data.json

================================================================================
  RUNNING PIPELINE FOR MODALITY CONFIGURATION: IMU_ONLY
================================================================================


[MACRO ABLATION] Overriding config: Disabling all EMG channels.
[DataLoader] Filtered 20 files down to 19 based on PARTICIPANT_CONFIG['include']=['P01', 'P02', 'P03', 'P04', 'P05', 'P06', 'P07', 'P08', 'P09', 'P10', 'P11', 'P12', 'P14', 'P15', 'P16', 'P17', 'P18']
[DataLoader] Skipped 5 blacklisted segments in participant_P02_session_01_segments.h5
[DataLoader] Skipped 5 blacklisted segments in participant_P11_session_01_segments.h5
[DataLoader] Skipped 28 blacklisted segments in participant_P07_session_01_segments.h5
[DataLoader] Skipped 3 blacklisted segments in participant_P01_session_03_segments.h5
[DataLoader] Skipped 15 blacklisted segments in participant_P09_session_01_segments.h5
[DataLoader] Skipped 125 blacklisted segments in participant_P15_session_01_segments.h5
[DataLoader] Skipped 35 blacklisted segments in participant_P08_session_01_segments.h5
[DataLoader] Skipped 19 blacklisted segments in participant_P17_session_01_segments.h5
[DataLoader] Skipped 35 blacklisted segments in participant_P06_session_01_segments.h5
[DataLoader] Skipped 25 blacklisted segments in participant_P16_session_01_segments.h5
[DataLoader] Skipped 16 blacklisted segments in participant_P10_session_01_segments.h5
[DataLoader] Skipped 4 blacklisted segments in participant_P12_session_01_segments.h5
[DataLoader] Skipped 20 blacklisted segments in participant_P14_session_01_segments.h5
[DataLoader] Skipped 10 blacklisted segments in participant_P01_session_02_segments.h5
[DataLoader] Skipped 42 blacklisted segments in participant_P03_session_01_segments.h5
[DataLoader] Skipped 50 blacklisted segments in participant_P05_session_01_segments.h5
[DataLoader] Skipped 28 blacklisted segments in participant_P18_session_01_segments.h5
[DataLoader] Skipped 25 blacklisted segments in participant_P04_session_01_segments.h5
[DataLoader] Skipped 9 blacklisted segments in participant_P01_session_01_segments.h5
[DataLoader] Filter active: removed 256 features from disabled channels/feature-types.
[DataLoader] Dropped 2582 segments with excluded weight classes.
Sequence Data Summary:
  - Total Lifts (Sequences): 15732
  - Average Windows per Lift: 11.5
  - Features per Window: 120
Label vector (y) shape: (15732,) (Target: weight)

Starting 5-Fold Stratified Cross-Validation...
--- Fold 1/5 ---
Initializing Modality-Grouped Spatio-Temporal Transformer Regressor with config: {'d_model': 96, 'nhead_spatial': 8, 'num_layers': 4, 'nhead_temporal': 2, 'dim_feedforward': 512, 'dropout_rate': 0.25, 'learning_rate': 0.0003, 'weight_decay': 0.005, 'batch_size': 64, 'epochs': 200, 'validation_split': 0.1, 'early_stopping_patience': 5, 'scheduler_patience': 3, 'scheduler_factor': 0.8, 'use_checkpointing': True, 'use_amp': True, 'scheduler': {'type': 'WarmupCosine', 'warmup_epochs': 5, 'min_lr': 1e-06}, 'random_state': 245}
[SpatioTemporalTransformerRegressor3] Using device: cuda
[SpatioTemporalTransformerRegressor3] Capping sequence length at 24 based on sample distribution (min_count=56).
[SpatioTemporalTransformerRegressor3] Grouped features into 12 spatial channels.
[Augmenter] Balanced 6 weight classes to 2000 samples each. Total: 12000
[SpatioTemporalTransformerNetwork3] Modality groups: {'IMU_Accel': 6, 'IMU_Orient': 6}

Early stopping triggered at epoch 30. Best Val Loss: 0.5531
    Train MAE: 0.2886 | Test MAE: 0.3929 | Gap: 0.1043
    Train RMSE: 0.5373 | Test RMSE: 0.7327 | Ratio: 1.36x
Computing permutation importance for fold (channel)...
Computing permutation importance for fold (feature)...
--- Fold 2/5 ---
Initializing Modality-Grouped Spatio-Temporal Transformer Regressor with config: {'d_model': 96, 'nhead_spatial': 8, 'num_layers': 4, 'nhead_temporal': 2, 'dim_feedforward': 512, 'dropout_rate': 0.25, 'learning_rate': 0.0003, 'weight_decay': 0.005, 'batch_size': 64, 'epochs': 200, 'validation_split': 0.1, 'early_stopping_patience': 5, 'scheduler_patience': 3, 'scheduler_factor': 0.8, 'use_checkpointing': True, 'use_amp': True, 'scheduler': {'type': 'WarmupCosine', 'warmup_epochs': 5, 'min_lr': 1e-06}, 'random_state': 245}
[SpatioTemporalTransformerRegressor3] Using device: cuda
[SpatioTemporalTransformerRegressor3] Capping sequence length at 23 based on sample distribution (min_count=56).
[SpatioTemporalTransformerRegressor3] Grouped features into 12 spatial channels.
[Augmenter] Balanced 6 weight classes to 2000 samples each. Total: 12000
[SpatioTemporalTransformerNetwork3] Modality groups: {'IMU_Accel': 6, 'IMU_Orient': 6}

Early stopping triggered at epoch 20. Best Val Loss: 0.5803
    Train MAE: 0.3432 | Test MAE: 0.4096 | Gap: 0.0665
    Train RMSE: 0.6395 | Test RMSE: 0.7754 | Ratio: 1.21x
Computing permutation importance for fold (channel)...
Computing permutation importance for fold (feature)...
--- Fold 3/5 ---
Initializing Modality-Grouped Spatio-Temporal Transformer Regressor with config: {'d_model': 96, 'nhead_spatial': 8, 'num_layers': 4, 'nhead_temporal': 2, 'dim_feedforward': 512, 'dropout_rate': 0.25, 'learning_rate': 0.0003, 'weight_decay': 0.005, 'batch_size': 64, 'epochs': 200, 'validation_split': 0.1, 'early_stopping_patience': 5, 'scheduler_patience': 3, 'scheduler_factor': 0.8, 'use_checkpointing': True, 'use_amp': True, 'scheduler': {'type': 'WarmupCosine', 'warmup_epochs': 5, 'min_lr': 1e-06}, 'random_state': 245}
[SpatioTemporalTransformerRegressor3] Using device: cuda
[SpatioTemporalTransformerRegressor3] Capping sequence length at 23 based on sample distribution (min_count=56).
[SpatioTemporalTransformerRegressor3] Grouped features into 12 spatial channels.
[Augmenter] Balanced 6 weight classes to 2000 samples each. Total: 12000
[SpatioTemporalTransformerNetwork3] Modality groups: {'IMU_Accel': 6, 'IMU_Orient': 6}

Early stopping triggered at epoch 17. Best Val Loss: 0.6678
    Train MAE: 0.4042 | Test MAE: 0.4691 | Gap: 0.0649
    Train RMSE: 0.6971 | Test RMSE: 0.8406 | Ratio: 1.21x
Computing permutation importance for fold (channel)...
Computing permutation importance for fold (feature)...
--- Fold 4/5 ---
Initializing Modality-Grouped Spatio-Temporal Transformer Regressor with config: {'d_model': 96, 'nhead_spatial': 8, 'num_layers': 4, 'nhead_temporal': 2, 'dim_feedforward': 512, 'dropout_rate': 0.25, 'learning_rate': 0.0003, 'weight_decay': 0.005, 'batch_size': 64, 'epochs': 200, 'validation_split': 0.1, 'early_stopping_patience': 5, 'scheduler_patience': 3, 'scheduler_factor': 0.8, 'use_checkpointing': True, 'use_amp': True, 'scheduler': {'type': 'WarmupCosine', 'warmup_epochs': 5, 'min_lr': 1e-06}, 'random_state': 245}
[SpatioTemporalTransformerRegressor3] Using device: cuda
[SpatioTemporalTransformerRegressor3] Capping sequence length at 24 based on sample distribution (min_count=56).
[SpatioTemporalTransformerRegressor3] Grouped features into 12 spatial channels.
[Augmenter] Balanced 6 weight classes to 2000 samples each. Total: 12000
[SpatioTemporalTransformerNetwork3] Modality groups: {'IMU_Accel': 6, 'IMU_Orient': 6}

Early stopping triggered at epoch 23. Best Val Loss: 0.5904
    Train MAE: 0.3058 | Test MAE: 0.3940 | Gap: 0.0882
    Train RMSE: 0.5722 | Test RMSE: 0.7326 | Ratio: 1.28x
Computing permutation importance for fold (channel)...
Computing permutation importance for fold (feature)...
--- Fold 5/5 ---
Initializing Modality-Grouped Spatio-Temporal Transformer Regressor with config: {'d_model': 96, 'nhead_spatial': 8, 'num_layers': 4, 'nhead_temporal': 2, 'dim_feedforward': 512, 'dropout_rate': 0.25, 'learning_rate': 0.0003, 'weight_decay': 0.005, 'batch_size': 64, 'epochs': 200, 'validation_split': 0.1, 'early_stopping_patience': 5, 'scheduler_patience': 3, 'scheduler_factor': 0.8, 'use_checkpointing': True, 'use_amp': True, 'scheduler': {'type': 'WarmupCosine', 'warmup_epochs': 5, 'min_lr': 1e-06}, 'random_state': 245}
[SpatioTemporalTransformerRegressor3] Using device: cuda
[SpatioTemporalTransformerRegressor3] Capping sequence length at 24 based on sample distribution (min_count=56).
[SpatioTemporalTransformerRegressor3] Grouped features into 12 spatial channels.
[Augmenter] Balanced 6 weight classes to 2000 samples each. Total: 12000
[SpatioTemporalTransformerNetwork3] Modality groups: {'IMU_Accel': 6, 'IMU_Orient': 6}

Early stopping triggered at epoch 20. Best Val Loss: 0.5502
    Train MAE: 0.4026 | Test MAE: 0.4575 | Gap: 0.0549
    Train RMSE: 0.6565 | Test RMSE: 0.7583 | Ratio: 1.16x
Computing permutation importance for fold (channel)...
Computing permutation importance for fold (feature)...

Training final model on full dataset for saving...
Initializing Modality-Grouped Spatio-Temporal Transformer Regressor with config: {'d_model': 96, 'nhead_spatial': 8, 'num_layers': 4, 'nhead_temporal': 2, 'dim_feedforward': 512, 'dropout_rate': 0.25, 'learning_rate': 0.0003, 'weight_decay': 0.005, 'batch_size': 64, 'epochs': 200, 'validation_split': 0.1, 'early_stopping_patience': 5, 'scheduler_patience': 3, 'scheduler_factor': 0.8, 'use_checkpointing': True, 'use_amp': True, 'scheduler': {'type': 'WarmupCosine', 'warmup_epochs': 5, 'min_lr': 1e-06}, 'random_state': 245}
[SpatioTemporalTransformerRegressor3] Using device: cuda
[SpatioTemporalTransformerRegressor3] Capping sequence length at 24 based on sample distribution (min_count=70).
[SpatioTemporalTransformerRegressor3] Grouped features into 12 spatial channels.
[Augmenter] Balanced 6 weight classes to 2000 samples each. Total: 12000
[SpatioTemporalTransformerNetwork3] Modality groups: {'IMU_Accel': 6, 'IMU_Orient': 6}

Early stopping triggered at epoch 24. Best Val Loss: 0.5083
Regression plot saved to /home/bwingen/thesis/Thesis/model/model_results/run_20260605_192945/imu_only/regression_plot.png
Loss plot saved to /home/bwingen/thesis/Thesis/model/model_results/run_20260605_192945/imu_only/loss_plot.png
Participant performance plot saved to /home/bwingen/thesis/Thesis/model/model_results/run_20260605_192945/imu_only/participant_performance.png
Sequence-length performance plot saved to /home/bwingen/thesis/Thesis/model/model_results/run_20260605_192945/imu_only/seqlen_performance_plot.png
Permutation importance plot saved to /home/bwingen/thesis/Thesis/model/model_results/run_20260605_192945/imu_only/permutation_importance_channel.png
Permutation importance plot saved to /home/bwingen/thesis/Thesis/model/model_results/run_20260605_192945/imu_only/permutation_importance_feature.png

Performance report saved to /home/bwingen/thesis/Thesis/model/model_results/run_20260605_192945/imu_only/performance_report.txt

[run_data_exporter] Run data saved to /home/bwingen/thesis/Thesis/model/model_results/run_20260605_192945/imu_only/run_data.json

--------------------------------------------------
LAUNCHING AUTOMATED DEEPSHAP ANALYSIS
--------------------------------------------------
[DeepSHAP] Starting attribution with n_bg=100, n_exp=50 (DEV_MODE=False)...

Running DeepExplainer (100 bg, 50 test) ...
[DeepSHAP] Results saved to /home/bwingen/thesis/Thesis/model/model_results/run_20260605_192945/imu_only

[run_data_exporter] Run data saved to /home/bwingen/thesis/Thesis/model/model_results/run_20260605_192945/imu_only/run_data.json

[Master Serializer] Consolidated modality ablation data saved to /home/bwingen/thesis/Thesis/model/model_results/run_20260605_192945/run_data.json
