=================================================================
ARCH COMPARISON — array task 8
  Architecture        : cnn_gru
  Regime              : kfold
  Database            : /scratch/bwingen/thesis/database
  Python              : /scratch/bwingen/thesis_env/bin/python
Python 3.10.20
  Extra args          : 
=================================================================
[DataLoader] Weight filter active (applied at training time) — excluding calibrated weights: [0.9, 2.24]
[DataLoader] Loaded blacklist: 545 segments will be skipped.
==============================================================================
ARCHITECTURE COMPARISON — baseline vs st3
  model_type          : cnn_gru
  CV strategy (regime): kfold  [pooled k-fold / par-spec]
  modalities          : all
  scheduler           : OneCycleLR  epochs=200  es_patience=200
  feature importance  : OFF
==============================================================================
Results will be saved to: /home/bwingen/thesis/Thesis/model/model_results/run_20260621_123754_kfold_t8

================================================================================
  RUNNING PIPELINE FOR MODALITY CONFIGURATION: ALL
================================================================================

[DataLoader] Filtered 20 files down to 19 based on PARTICIPANT_CONFIG['include']=['P01', 'P02', 'P03', 'P04', 'P05', 'P06', 'P07', 'P08', 'P09', 'P10', 'P11', 'P12', 'P14', 'P15', 'P16', 'P17', 'P18']
[DataLoader] Skipped 5 blacklisted segments in participant_P02_session_01_segments.h5
[DataLoader] Skipped 5 blacklisted segments in participant_P11_session_01_segments.h5
[DataLoader] Skipped 28 blacklisted segments in participant_P07_session_01_segments.h5
[DataLoader] Skipped 3 blacklisted segments in participant_P01_session_03_segments.h5
[DataLoader] Skipped 16 blacklisted segments in participant_P09_session_01_segments.h5
[DataLoader] Skipped 125 blacklisted segments in participant_P15_session_01_segments.h5
[DataLoader] Skipped 35 blacklisted segments in participant_P08_session_01_segments.h5
[DataLoader] Skipped 19 blacklisted segments in participant_P17_session_01_segments.h5
[DataLoader] Skipped 35 blacklisted segments in participant_P06_session_01_segments.h5
[DataLoader] Skipped 25 blacklisted segments in participant_P16_session_01_segments.h5
[DataLoader] Skipped 16 blacklisted segments in participant_P10_session_01_segments.h5
[DataLoader] Skipped 5 blacklisted segments in participant_P12_session_01_segments.h5
[DataLoader] Skipped 21 blacklisted segments in participant_P14_session_01_segments.h5
[DataLoader] Skipped 10 blacklisted segments in participant_P01_session_02_segments.h5
[DataLoader] Skipped 42 blacklisted segments in participant_P03_session_01_segments.h5
[DataLoader] Skipped 50 blacklisted segments in participant_P05_session_01_segments.h5
[DataLoader] Skipped 28 blacklisted segments in participant_P18_session_01_segments.h5
[DataLoader] Skipped 25 blacklisted segments in participant_P04_session_01_segments.h5
[DataLoader] Skipped 9 blacklisted segments in participant_P01_session_01_segments.h5
[DataLoader] Loaded 18314 raw segments (20 channels each)
[DataLoader] Dropped 2582 segments with excluded weight classes.
Raw Segment Data Summary:
  - Total Segments: 15732
  - Channels (EMG + IMU): 20
  - Avg Segment Length: 2601 samples
  - Min / Max Segment Length: 1001 / 6996 samples
Label vector (y) shape: (15732,) (Target: weight)

Starting 5-Fold Stratified Cross-Validation...
--- Fold 1/5 ---
Initializing CNN-GRU Regressor with config: {'cnn_filters': [32, 64, 128], 'cnn_kernel_sizes': [32, 5, 3], 'pool_size': 4, 'gru_hidden_size': 256, 'gru_num_layers': 2, 'dropout_rate': 0.5, 'learning_rate': 0.002, 'weight_decay': 0.0005, 'batch_size': 128, 'epochs': 200, 'target_transform': 'none', 'balance_weights': False, 'balance_participants': False, 'validation_split': 0.15, 'early_stopping_patience': 200, 'scheduler_patience': 20, 'scheduler_factor': 0.5, 'use_anthropometrics': True, 'random_state': 245, 'scheduler': {'type': 'OneCycleLR', 'pct_start': 0.4}}
[CNNGRURegressor] Using device: cuda
[Augmenter] Balanced 102 participant-weight combinations to 100 samples each. Total: 10200
[CNNGRURegressor] Augmentation: 10697 → 10200 segments (+-497 synthetic)
[CNNGRURegressor] Anthropometric conditioning enabled (6 features)
    Train MAE: 0.2541 | Test MAE: 0.2798 | Gap: 0.0257
    Train RMSE: 0.4927 | Test RMSE: 0.5464 | Ratio: 1.11x
--- Fold 2/5 ---
Initializing CNN-GRU Regressor with config: {'cnn_filters': [32, 64, 128], 'cnn_kernel_sizes': [32, 5, 3], 'pool_size': 4, 'gru_hidden_size': 256, 'gru_num_layers': 2, 'dropout_rate': 0.5, 'learning_rate': 0.002, 'weight_decay': 0.0005, 'batch_size': 128, 'epochs': 200, 'target_transform': 'none', 'balance_weights': False, 'balance_participants': False, 'validation_split': 0.15, 'early_stopping_patience': 200, 'scheduler_patience': 20, 'scheduler_factor': 0.5, 'use_anthropometrics': True, 'random_state': 245, 'scheduler': {'type': 'OneCycleLR', 'pct_start': 0.4}}
[CNNGRURegressor] Using device: cuda
[Augmenter] Balanced 102 participant-weight combinations to 100 samples each. Total: 10200
[CNNGRURegressor] Augmentation: 10697 → 10200 segments (+-497 synthetic)
[CNNGRURegressor] Anthropometric conditioning enabled (6 features)
    Train MAE: 0.3509 | Test MAE: 0.3735 | Gap: 0.0226
    Train RMSE: 0.5579 | Test RMSE: 0.5897 | Ratio: 1.06x
--- Fold 3/5 ---
Initializing CNN-GRU Regressor with config: {'cnn_filters': [32, 64, 128], 'cnn_kernel_sizes': [32, 5, 3], 'pool_size': 4, 'gru_hidden_size': 256, 'gru_num_layers': 2, 'dropout_rate': 0.5, 'learning_rate': 0.002, 'weight_decay': 0.0005, 'batch_size': 128, 'epochs': 200, 'target_transform': 'none', 'balance_weights': False, 'balance_participants': False, 'validation_split': 0.15, 'early_stopping_patience': 200, 'scheduler_patience': 20, 'scheduler_factor': 0.5, 'use_anthropometrics': True, 'random_state': 245, 'scheduler': {'type': 'OneCycleLR', 'pct_start': 0.4}}
[CNNGRURegressor] Using device: cuda
[Augmenter] Balanced 102 participant-weight combinations to 100 samples each. Total: 10200
[CNNGRURegressor] Augmentation: 10698 → 10200 segments (+-498 synthetic)
[CNNGRURegressor] Anthropometric conditioning enabled (6 features)
    Train MAE: 0.3613 | Test MAE: 0.3997 | Gap: 0.0384
    Train RMSE: 0.6700 | Test RMSE: 0.7431 | Ratio: 1.11x
--- Fold 4/5 ---
Initializing CNN-GRU Regressor with config: {'cnn_filters': [32, 64, 128], 'cnn_kernel_sizes': [32, 5, 3], 'pool_size': 4, 'gru_hidden_size': 256, 'gru_num_layers': 2, 'dropout_rate': 0.5, 'learning_rate': 0.002, 'weight_decay': 0.0005, 'batch_size': 128, 'epochs': 200, 'target_transform': 'none', 'balance_weights': False, 'balance_participants': False, 'validation_split': 0.15, 'early_stopping_patience': 200, 'scheduler_patience': 20, 'scheduler_factor': 0.5, 'use_anthropometrics': True, 'random_state': 245, 'scheduler': {'type': 'OneCycleLR', 'pct_start': 0.4}}
[CNNGRURegressor] Using device: cuda
[Augmenter] Balanced 102 participant-weight combinations to 100 samples each. Total: 10200
[CNNGRURegressor] Augmentation: 10698 → 10200 segments (+-498 synthetic)
[CNNGRURegressor] Anthropometric conditioning enabled (6 features)
    Train MAE: 0.2833 | Test MAE: 0.3171 | Gap: 0.0339
    Train RMSE: 0.5382 | Test RMSE: 0.5918 | Ratio: 1.10x
--- Fold 5/5 ---
Initializing CNN-GRU Regressor with config: {'cnn_filters': [32, 64, 128], 'cnn_kernel_sizes': [32, 5, 3], 'pool_size': 4, 'gru_hidden_size': 256, 'gru_num_layers': 2, 'dropout_rate': 0.5, 'learning_rate': 0.002, 'weight_decay': 0.0005, 'batch_size': 128, 'epochs': 200, 'target_transform': 'none', 'balance_weights': False, 'balance_participants': False, 'validation_split': 0.15, 'early_stopping_patience': 200, 'scheduler_patience': 20, 'scheduler_factor': 0.5, 'use_anthropometrics': True, 'random_state': 245, 'scheduler': {'type': 'OneCycleLR', 'pct_start': 0.4}}
[CNNGRURegressor] Using device: cuda
[Augmenter] Balanced 102 participant-weight combinations to 100 samples each. Total: 10200
[CNNGRURegressor] Augmentation: 10698 → 10200 segments (+-498 synthetic)
[CNNGRURegressor] Anthropometric conditioning enabled (6 features)
    Train MAE: 0.3449 | Test MAE: 0.3541 | Gap: 0.0092
    Train RMSE: 0.5592 | Test RMSE: 0.5976 | Ratio: 1.07x

Training final model on full dataset for saving...
Initializing CNN-GRU Regressor with config: {'cnn_filters': [32, 64, 128], 'cnn_kernel_sizes': [32, 5, 3], 'pool_size': 4, 'gru_hidden_size': 256, 'gru_num_layers': 2, 'dropout_rate': 0.5, 'learning_rate': 0.002, 'weight_decay': 0.0005, 'batch_size': 128, 'epochs': 200, 'target_transform': 'none', 'balance_weights': False, 'balance_participants': False, 'validation_split': 0.15, 'early_stopping_patience': 200, 'scheduler_patience': 20, 'scheduler_factor': 0.5, 'use_anthropometrics': True, 'random_state': 245, 'scheduler': {'type': 'OneCycleLR', 'pct_start': 0.4}}
[CNNGRURegressor] Using device: cuda
[Augmenter] Balanced 102 participant-weight combinations to 100 samples each. Total: 10200
[CNNGRURegressor] Augmentation: 13372 → 10200 segments (+-3172 synthetic)
[CNNGRURegressor] Anthropometric conditioning enabled (6 features)
Regression plot saved to /home/bwingen/thesis/Thesis/model/model_results/run_20260621_123754_kfold_t8/regression_plot.png
Loss plot saved to /home/bwingen/thesis/Thesis/model/model_results/run_20260621_123754_kfold_t8/loss_plot.png

Generating t-SNE plot of CNN feature space...
[t-SNE] Fitting on 15732 samples (perplexity=30)…
[t-SNE] Computing 91 nearest neighbors...
[t-SNE] Indexed 15732 samples in 0.001s...
[t-SNE] Computed neighbors for 15732 samples in 1.547s...
[t-SNE] Computed conditional probabilities for sample 1000 / 15732
[t-SNE] Computed conditional probabilities for sample 2000 / 15732
[t-SNE] Computed conditional probabilities for sample 3000 / 15732
[t-SNE] Computed conditional probabilities for sample 4000 / 15732
[t-SNE] Computed conditional probabilities for sample 5000 / 15732
[t-SNE] Computed conditional probabilities for sample 6000 / 15732
[t-SNE] Computed conditional probabilities for sample 7000 / 15732
[t-SNE] Computed conditional probabilities for sample 8000 / 15732
[t-SNE] Computed conditional probabilities for sample 9000 / 15732
[t-SNE] Computed conditional probabilities for sample 10000 / 15732
[t-SNE] Computed conditional probabilities for sample 11000 / 15732
[t-SNE] Computed conditional probabilities for sample 12000 / 15732
[t-SNE] Computed conditional probabilities for sample 13000 / 15732
[t-SNE] Computed conditional probabilities for sample 14000 / 15732
[t-SNE] Computed conditional probabilities for sample 15000 / 15732
[t-SNE] Computed conditional probabilities for sample 15732 / 15732
[t-SNE] Mean sigma: 0.090631
[t-SNE] KL divergence after 250 iterations with early exaggeration: 91.522491
[t-SNE] KL divergence after 1000 iterations: 2.390798
t-SNE feature plot saved to /home/bwingen/thesis/Thesis/model/model_results/run_20260621_123754_kfold_t8/tsne_cnn_features.png
Participant performance plot saved to /home/bwingen/thesis/Thesis/model/model_results/run_20260621_123754_kfold_t8/participant_performance.png
Sequence-length performance plot saved to /home/bwingen/thesis/Thesis/model/model_results/run_20260621_123754_kfold_t8/seqlen_performance_plot.png

Performance report saved to /home/bwingen/thesis/Thesis/model/model_results/run_20260621_123754_kfold_t8/performance_report.txt

============================================================
  BALANCED PERFORMANCE SUMMARY
============================================================
--- MACRO-AVERAGED METRICS (BALANCED) ---
Primary metric: class_participant_macro (equal weight per participant AND per weight class)

View                         | MAE      | RMSE     | R2      
-------------------------------------------------------------
class+participant macro *    | 0.5670   | 0.7080   | 0.8186  
participant macro            | 0.3429   | 0.6183   | 0.8951  
class macro                  | 0.5616   | 0.7099   | 0.8270  
pooled (unbalanced)          | 0.3448   | 0.6174   | 0.8975  

* PRIMARY. R2 under class balancing uses class-balanced sample weights
  (per-class R2 is undefined; a single class has zero target variance).
============================================================


[run_data_exporter] Run data saved to /home/bwingen/thesis/Thesis/model/model_results/run_20260621_123754_kfold_t8/run_data.json
