=================================================================
GENERALIZED SENSOR-PRACTICALITY ABLATION (LOPO) — array task 26
  Combo               : IMUup-IMUfo-EMGfo-EMGsh  (27/31)
  Regime              : participant  [LOPO / cross-subject]
  Run tag             : ablgen_IMUup-IMUfo-EMGfo-EMGsh
  Python              : /scratch/bwingen/thesis_env/bin/python
Python 3.10.20
=================================================================
[DataLoader] Weight filter active (applied at training time) — excluding calibrated weights: [0.9, 2.24]
[DataLoader] Loaded blacklist: 545 segments will be skipped.
==============================================================================
SENSOR-PRACTICALITY ABLATION — par-spec ST-transformer3
  mode (CV strategy)   : participant  [LOPO / cross-subject]
  limit_folds          : None
  skip_final_full_train: True
  feature importance   : OFF (reuse cross-val2 baseline SHAP/perm)
  DEV_MODE             : False
  # combinations       : 1
  combinations         : ['IMUup-IMUfo-EMGfo-EMGsh']
==============================================================================

[CUSTOM MODALITY PLAN] Enabled. Will run sequentially for: ['IMUup-IMUfo-EMGfo-EMGsh']
Results will be saved to: /home/bwingen/thesis/Thesis/model/model_results/run_20260622_232115_participant_ablgen_IMUup-IMUfo-EMGfo-EMGsh_t26

================================================================================
  RUNNING PIPELINE FOR MODALITY CONFIGURATION: IMUUP-IMUFO-EMGFO-EMGSH
================================================================================

[DataLoader] Filtered 20 files down to 19 based on PARTICIPANT_CONFIG['include']=['P01', 'P02', 'P03', 'P04', 'P05', 'P06', 'P07', 'P08', 'P09', 'P10', 'P11', 'P12', 'P14', 'P15', 'P16', 'P17', 'P18']
[DataLoader] Skipped 5 blacklisted segments in participant_P02_session_01_segments.h5
[DataLoader] Skipped 5 blacklisted segments in participant_P11_session_01_segments.h5
[DataLoader] Skipped 28 blacklisted segments in participant_P07_session_01_segments.h5
[DataLoader] Skipped 3 blacklisted segments in participant_P01_session_03_segments.h5
[DataLoader] Skipped 15 blacklisted segments in participant_P09_session_01_segments.h5
[DataLoader] Skipped 125 blacklisted segments in participant_P15_session_01_segments.h5
[DataLoader] Skipped 35 blacklisted segments in participant_P08_session_01_segments.h5
[DataLoader] Skipped 19 blacklisted segments in participant_P17_session_01_segments.h5
[DataLoader] Skipped 35 blacklisted segments in participant_P06_session_01_segments.h5
[DataLoader] Skipped 25 blacklisted segments in participant_P16_session_01_segments.h5
[DataLoader] Skipped 16 blacklisted segments in participant_P10_session_01_segments.h5
[DataLoader] Skipped 4 blacklisted segments in participant_P12_session_01_segments.h5
[DataLoader] Skipped 20 blacklisted segments in participant_P14_session_01_segments.h5
[DataLoader] Skipped 10 blacklisted segments in participant_P01_session_02_segments.h5
[DataLoader] Skipped 42 blacklisted segments in participant_P03_session_01_segments.h5
[DataLoader] Skipped 50 blacklisted segments in participant_P05_session_01_segments.h5
[DataLoader] Skipped 28 blacklisted segments in participant_P18_session_01_segments.h5
[DataLoader] Skipped 25 blacklisted segments in participant_P04_session_01_segments.h5
[DataLoader] Skipped 9 blacklisted segments in participant_P01_session_01_segments.h5
[DataLoader] Filter active: removed 118 features from disabled channels/feature-types.
[DataLoader] Dropped 2582 segments with excluded weight classes.
Sequence Data Summary:
  - Total Lifts (Sequences): 15732
  - Average Windows per Lift: 11.5
  - Features per Window: 186
Label vector (y) shape: (15732,) (Target: weight)

Starting 17-Fold Cross-Participant Validation...
--- Fold 1/17 (Left out Participants: P01) ---
Initializing Modality-Grouped Spatio-Temporal Transformer Regressor with config: {'d_model': 96, 'nhead_spatial': 8, 'num_layers': 4, 'nhead_temporal': 2, 'dim_feedforward': 512, 'dropout_rate': 0.25, 'learning_rate': 0.0003, 'class_balanced_loss': False, 'weight_decay': 0.005, 'batch_size': 64, 'epochs': 200, 'validation_split': 0.1, 'early_stopping_patience': 5, 'scheduler_patience': 3, 'scheduler_factor': 0.8, 'use_checkpointing': True, 'use_amp': True, 'scheduler': {'type': 'WarmupCosine', 'warmup_epochs': 5, 'min_lr': 1e-06}, 'random_state': 245}
[SpatioTemporalTransformerRegressor3] Using device: cuda
    [Strict Validation] Holding out 1 participants for early stopping: P08
[SpatioTemporalTransformerRegressor3] Using explicitly provided validation set (834 samples).
[SpatioTemporalTransformerRegressor3] Capping sequence length at 24 based on sample distribution (min_count=55).
[SpatioTemporalTransformerRegressor3] Grouped features into 18 spatial channels.
[Augmenter] Balanced 90 participant-weight combinations to 250 samples each. Total: 22500
[SpatioTemporalTransformerNetwork3] Modality groups: {'EMG': 6, 'IMU_Accel': 6, 'IMU_Orient': 6}

Early stopping triggered at epoch 15. Best Val Loss: 0.2404
    Train MAE: 0.1798 | Test MAE: 0.3137 | Gap: 0.1339
    Train RMSE: 0.3457 | Test RMSE: 0.6210 | Ratio: 1.80x
--- Fold 2/17 (Left out Participants: P02) ---
Initializing Modality-Grouped Spatio-Temporal Transformer Regressor with config: {'d_model': 96, 'nhead_spatial': 8, 'num_layers': 4, 'nhead_temporal': 2, 'dim_feedforward': 512, 'dropout_rate': 0.25, 'learning_rate': 0.0003, 'class_balanced_loss': False, 'weight_decay': 0.005, 'batch_size': 64, 'epochs': 200, 'validation_split': 0.1, 'early_stopping_patience': 5, 'scheduler_patience': 3, 'scheduler_factor': 0.8, 'use_checkpointing': True, 'use_amp': True, 'scheduler': {'type': 'WarmupCosine', 'warmup_epochs': 5, 'min_lr': 1e-06}, 'random_state': 245}
[SpatioTemporalTransformerRegressor3] Using device: cuda
    [Strict Validation] Holding out 1 participants for early stopping: P07
[SpatioTemporalTransformerRegressor3] Using explicitly provided validation set (833 samples).
[SpatioTemporalTransformerRegressor3] Capping sequence length at 24 based on sample distribution (min_count=68).
[SpatioTemporalTransformerRegressor3] Grouped features into 18 spatial channels.
[Augmenter] Balanced 90 participant-weight combinations to 250 samples each. Total: 22500
[SpatioTemporalTransformerNetwork3] Modality groups: {'EMG': 6, 'IMU_Accel': 6, 'IMU_Orient': 6}

Early stopping triggered at epoch 16. Best Val Loss: 0.4522
    Train MAE: 0.2120 | Test MAE: 0.2308 | Gap: 0.0187
    Train RMSE: 0.3736 | Test RMSE: 0.4204 | Ratio: 1.13x
--- Fold 3/17 (Left out Participants: P12) ---
Initializing Modality-Grouped Spatio-Temporal Transformer Regressor with config: {'d_model': 96, 'nhead_spatial': 8, 'num_layers': 4, 'nhead_temporal': 2, 'dim_feedforward': 512, 'dropout_rate': 0.25, 'learning_rate': 0.0003, 'class_balanced_loss': False, 'weight_decay': 0.005, 'batch_size': 64, 'epochs': 200, 'validation_split': 0.1, 'early_stopping_patience': 5, 'scheduler_patience': 3, 'scheduler_factor': 0.8, 'use_checkpointing': True, 'use_amp': True, 'scheduler': {'type': 'WarmupCosine', 'warmup_epochs': 5, 'min_lr': 1e-06}, 'random_state': 245}
[SpatioTemporalTransformerRegressor3] Using device: cuda
    [Strict Validation] Holding out 1 participants for early stopping: P03
[SpatioTemporalTransformerRegressor3] Using explicitly provided validation set (820 samples).
[SpatioTemporalTransformerRegressor3] Capping sequence length at 23 based on sample distribution (min_count=70).
[SpatioTemporalTransformerRegressor3] Grouped features into 18 spatial channels.
[Augmenter] Balanced 90 participant-weight combinations to 250 samples each. Total: 22500
[SpatioTemporalTransformerNetwork3] Modality groups: {'EMG': 6, 'IMU_Accel': 6, 'IMU_Orient': 6}

Early stopping triggered at epoch 13. Best Val Loss: 0.1799
    Train MAE: 0.2237 | Test MAE: 0.1967 | Gap: -0.0270
    Train RMSE: 0.4101 | Test RMSE: 0.4151 | Ratio: 1.01x
--- Fold 4/17 (Left out Participants: P11) ---
Initializing Modality-Grouped Spatio-Temporal Transformer Regressor with config: {'d_model': 96, 'nhead_spatial': 8, 'num_layers': 4, 'nhead_temporal': 2, 'dim_feedforward': 512, 'dropout_rate': 0.25, 'learning_rate': 0.0003, 'class_balanced_loss': False, 'weight_decay': 0.005, 'batch_size': 64, 'epochs': 200, 'validation_split': 0.1, 'early_stopping_patience': 5, 'scheduler_patience': 3, 'scheduler_factor': 0.8, 'use_checkpointing': True, 'use_amp': True, 'scheduler': {'type': 'WarmupCosine', 'warmup_epochs': 5, 'min_lr': 1e-06}, 'random_state': 245}
[SpatioTemporalTransformerRegressor3] Using device: cuda
    [Strict Validation] Holding out 1 participants for early stopping: P09
[SpatioTemporalTransformerRegressor3] Using explicitly provided validation set (847 samples).
[SpatioTemporalTransformerRegressor3] Capping sequence length at 23 based on sample distribution (min_count=70).
[SpatioTemporalTransformerRegressor3] Grouped features into 18 spatial channels.
[Augmenter] Balanced 90 participant-weight combinations to 250 samples each. Total: 22500
[SpatioTemporalTransformerNetwork3] Modality groups: {'EMG': 6, 'IMU_Accel': 6, 'IMU_Orient': 6}

Early stopping triggered at epoch 16. Best Val Loss: 0.2316
    Train MAE: 0.1780 | Test MAE: 0.2279 | Gap: 0.0498
    Train RMSE: 0.3330 | Test RMSE: 0.4413 | Ratio: 1.33x
--- Fold 5/17 (Left out Participants: P09) ---
Initializing Modality-Grouped Spatio-Temporal Transformer Regressor with config: {'d_model': 96, 'nhead_spatial': 8, 'num_layers': 4, 'nhead_temporal': 2, 'dim_feedforward': 512, 'dropout_rate': 0.25, 'learning_rate': 0.0003, 'class_balanced_loss': False, 'weight_decay': 0.005, 'batch_size': 64, 'epochs': 200, 'validation_split': 0.1, 'early_stopping_patience': 5, 'scheduler_patience': 3, 'scheduler_factor': 0.8, 'use_checkpointing': True, 'use_amp': True, 'scheduler': {'type': 'WarmupCosine', 'warmup_epochs': 5, 'min_lr': 1e-06}, 'random_state': 245}
[SpatioTemporalTransformerRegressor3] Using device: cuda
    [Strict Validation] Holding out 1 participants for early stopping: P18
[SpatioTemporalTransformerRegressor3] Using explicitly provided validation set (405 samples).
[SpatioTemporalTransformerRegressor3] Capping sequence length at 23 based on sample distribution (min_count=72).
[SpatioTemporalTransformerRegressor3] Grouped features into 18 spatial channels.
[Augmenter] Balanced 90 participant-weight combinations to 250 samples each. Total: 22500
[SpatioTemporalTransformerNetwork3] Modality groups: {'EMG': 6, 'IMU_Accel': 6, 'IMU_Orient': 6}

Early stopping triggered at epoch 14. Best Val Loss: 0.3993
    Train MAE: 0.2166 | Test MAE: 0.2165 | Gap: -0.0001
    Train RMSE: 0.4023 | Test RMSE: 0.4485 | Ratio: 1.11x
--- Fold 6/17 (Left out Participants: P17) ---
Initializing Modality-Grouped Spatio-Temporal Transformer Regressor with config: {'d_model': 96, 'nhead_spatial': 8, 'num_layers': 4, 'nhead_temporal': 2, 'dim_feedforward': 512, 'dropout_rate': 0.25, 'learning_rate': 0.0003, 'class_balanced_loss': False, 'weight_decay': 0.005, 'batch_size': 64, 'epochs': 200, 'validation_split': 0.1, 'early_stopping_patience': 5, 'scheduler_patience': 3, 'scheduler_factor': 0.8, 'use_checkpointing': True, 'use_amp': True, 'scheduler': {'type': 'WarmupCosine', 'warmup_epochs': 5, 'min_lr': 1e-06}, 'random_state': 245}
[SpatioTemporalTransformerRegressor3] Using device: cuda
    [Strict Validation] Holding out 1 participants for early stopping: P11
[SpatioTemporalTransformerRegressor3] Using explicitly provided validation set (850 samples).
[SpatioTemporalTransformerRegressor3] Capping sequence length at 23 based on sample distribution (min_count=70).
[SpatioTemporalTransformerRegressor3] Grouped features into 18 spatial channels.
[Augmenter] Balanced 90 participant-weight combinations to 250 samples each. Total: 22500
[SpatioTemporalTransformerNetwork3] Modality groups: {'EMG': 6, 'IMU_Accel': 6, 'IMU_Orient': 6}

Early stopping triggered at epoch 13. Best Val Loss: 0.1858
    Train MAE: 0.1659 | Test MAE: 0.3809 | Gap: 0.2151
    Train RMSE: 0.3142 | Test RMSE: 0.6858 | Ratio: 2.18x
--- Fold 7/17 (Left out Participants: P04) ---
Initializing Modality-Grouped Spatio-Temporal Transformer Regressor with config: {'d_model': 96, 'nhead_spatial': 8, 'num_layers': 4, 'nhead_temporal': 2, 'dim_feedforward': 512, 'dropout_rate': 0.25, 'learning_rate': 0.0003, 'class_balanced_loss': False, 'weight_decay': 0.005, 'batch_size': 64, 'epochs': 200, 'validation_split': 0.1, 'early_stopping_patience': 5, 'scheduler_patience': 3, 'scheduler_factor': 0.8, 'use_checkpointing': True, 'use_amp': True, 'scheduler': {'type': 'WarmupCosine', 'warmup_epochs': 5, 'min_lr': 1e-06}, 'random_state': 245}
[SpatioTemporalTransformerRegressor3] Using device: cuda
    [Strict Validation] Holding out 1 participants for early stopping: P01
[SpatioTemporalTransformerRegressor3] Using explicitly provided validation set (3778 samples).
[SpatioTemporalTransformerRegressor3] Capping sequence length at 24 based on sample distribution (min_count=55).
[SpatioTemporalTransformerRegressor3] Grouped features into 18 spatial channels.
[Augmenter] Balanced 90 participant-weight combinations to 250 samples each. Total: 22500
[SpatioTemporalTransformerNetwork3] Modality groups: {'EMG': 6, 'IMU_Accel': 6, 'IMU_Orient': 6}

Early stopping triggered at epoch 9. Best Val Loss: 0.2625
    Train MAE: 0.2113 | Test MAE: 0.2384 | Gap: 0.0271
    Train RMSE: 0.4036 | Test RMSE: 0.4150 | Ratio: 1.03x
--- Fold 8/17 (Left out Participants: P08) ---
Initializing Modality-Grouped Spatio-Temporal Transformer Regressor with config: {'d_model': 96, 'nhead_spatial': 8, 'num_layers': 4, 'nhead_temporal': 2, 'dim_feedforward': 512, 'dropout_rate': 0.25, 'learning_rate': 0.0003, 'class_balanced_loss': False, 'weight_decay': 0.005, 'batch_size': 64, 'epochs': 200, 'validation_split': 0.1, 'early_stopping_patience': 5, 'scheduler_patience': 3, 'scheduler_factor': 0.8, 'use_checkpointing': True, 'use_amp': True, 'scheduler': {'type': 'WarmupCosine', 'warmup_epochs': 5, 'min_lr': 1e-06}, 'random_state': 245}
[SpatioTemporalTransformerRegressor3] Using device: cuda
    [Strict Validation] Holding out 1 participants for early stopping: P10
[SpatioTemporalTransformerRegressor3] Using explicitly provided validation set (414 samples).
[SpatioTemporalTransformerRegressor3] Capping sequence length at 24 based on sample distribution (min_count=72).
[SpatioTemporalTransformerRegressor3] Grouped features into 18 spatial channels.
[Augmenter] Balanced 90 participant-weight combinations to 250 samples each. Total: 22500
[SpatioTemporalTransformerNetwork3] Modality groups: {'EMG': 6, 'IMU_Accel': 6, 'IMU_Orient': 6}

Early stopping triggered at epoch 15. Best Val Loss: 0.2592
    Train MAE: 0.2242 | Test MAE: 0.3417 | Gap: 0.1175
    Train RMSE: 0.4047 | Test RMSE: 0.5159 | Ratio: 1.27x
--- Fold 9/17 (Left out Participants: P07) ---
Initializing Modality-Grouped Spatio-Temporal Transformer Regressor with config: {'d_model': 96, 'nhead_spatial': 8, 'num_layers': 4, 'nhead_temporal': 2, 'dim_feedforward': 512, 'dropout_rate': 0.25, 'learning_rate': 0.0003, 'class_balanced_loss': False, 'weight_decay': 0.005, 'batch_size': 64, 'epochs': 200, 'validation_split': 0.1, 'early_stopping_patience': 5, 'scheduler_patience': 3, 'scheduler_factor': 0.8, 'use_checkpointing': True, 'use_amp': True, 'scheduler': {'type': 'WarmupCosine', 'warmup_epochs': 5, 'min_lr': 1e-06}, 'random_state': 245}
[SpatioTemporalTransformerRegressor3] Using device: cuda
    [Strict Validation] Holding out 1 participants for early stopping: P06
[SpatioTemporalTransformerRegressor3] Using explicitly provided validation set (826 samples).
[SpatioTemporalTransformerRegressor3] Capping sequence length at 24 based on sample distribution (min_count=70).
[SpatioTemporalTransformerRegressor3] Grouped features into 18 spatial channels.
[Augmenter] Balanced 90 participant-weight combinations to 250 samples each. Total: 22500
[SpatioTemporalTransformerNetwork3] Modality groups: {'EMG': 6, 'IMU_Accel': 6, 'IMU_Orient': 6}

Early stopping triggered at epoch 11. Best Val Loss: 0.2062
    Train MAE: 0.2484 | Test MAE: 0.4165 | Gap: 0.1680
    Train RMSE: 0.4040 | Test RMSE: 0.7178 | Ratio: 1.78x
--- Fold 10/17 (Left out Participants: P16) ---
Initializing Modality-Grouped Spatio-Temporal Transformer Regressor with config: {'d_model': 96, 'nhead_spatial': 8, 'num_layers': 4, 'nhead_temporal': 2, 'dim_feedforward': 512, 'dropout_rate': 0.25, 'learning_rate': 0.0003, 'class_balanced_loss': False, 'weight_decay': 0.005, 'batch_size': 64, 'epochs': 200, 'validation_split': 0.1, 'early_stopping_patience': 5, 'scheduler_patience': 3, 'scheduler_factor': 0.8, 'use_checkpointing': True, 'use_amp': True, 'scheduler': {'type': 'WarmupCosine', 'warmup_epochs': 5, 'min_lr': 1e-06}, 'random_state': 245}
[SpatioTemporalTransformerRegressor3] Using device: cuda
    [Strict Validation] Holding out 1 participants for early stopping: P15
[SpatioTemporalTransformerRegressor3] Using explicitly provided validation set (746 samples).
[SpatioTemporalTransformerRegressor3] Capping sequence length at 23 based on sample distribution (min_count=70).
[SpatioTemporalTransformerRegressor3] Grouped features into 18 spatial channels.
[Augmenter] Balanced 90 participant-weight combinations to 250 samples each. Total: 22500
[SpatioTemporalTransformerNetwork3] Modality groups: {'EMG': 6, 'IMU_Accel': 6, 'IMU_Orient': 6}

Early stopping triggered at epoch 9. Best Val Loss: 0.3327
    Train MAE: 0.2056 | Test MAE: 0.3768 | Gap: 0.1712
    Train RMSE: 0.3866 | Test RMSE: 0.6388 | Ratio: 1.65x
--- Fold 11/17 (Left out Participants: P06) ---
Initializing Modality-Grouped Spatio-Temporal Transformer Regressor with config: {'d_model': 96, 'nhead_spatial': 8, 'num_layers': 4, 'nhead_temporal': 2, 'dim_feedforward': 512, 'dropout_rate': 0.25, 'learning_rate': 0.0003, 'class_balanced_loss': False, 'weight_decay': 0.005, 'batch_size': 64, 'epochs': 200, 'validation_split': 0.1, 'early_stopping_patience': 5, 'scheduler_patience': 3, 'scheduler_factor': 0.8, 'use_checkpointing': True, 'use_amp': True, 'scheduler': {'type': 'WarmupCosine', 'warmup_epochs': 5, 'min_lr': 1e-06}, 'random_state': 245}
[SpatioTemporalTransformerRegressor3] Using device: cuda
    [Strict Validation] Holding out 1 participants for early stopping: P17
[SpatioTemporalTransformerRegressor3] Using explicitly provided validation set (842 samples).
[SpatioTemporalTransformerRegressor3] Capping sequence length at 24 based on sample distribution (min_count=70).
[SpatioTemporalTransformerRegressor3] Grouped features into 18 spatial channels.
[Augmenter] Balanced 90 participant-weight combinations to 250 samples each. Total: 22500
[SpatioTemporalTransformerNetwork3] Modality groups: {'EMG': 6, 'IMU_Accel': 6, 'IMU_Orient': 6}

Early stopping triggered at epoch 12. Best Val Loss: 0.3838
    Train MAE: 0.1907 | Test MAE: 0.2366 | Gap: 0.0459
    Train RMSE: 0.3703 | Test RMSE: 0.4604 | Ratio: 1.24x
--- Fold 12/17 (Left out Participants: P03) ---
Initializing Modality-Grouped Spatio-Temporal Transformer Regressor with config: {'d_model': 96, 'nhead_spatial': 8, 'num_layers': 4, 'nhead_temporal': 2, 'dim_feedforward': 512, 'dropout_rate': 0.25, 'learning_rate': 0.0003, 'class_balanced_loss': False, 'weight_decay': 0.005, 'batch_size': 64, 'epochs': 200, 'validation_split': 0.1, 'early_stopping_patience': 5, 'scheduler_patience': 3, 'scheduler_factor': 0.8, 'use_checkpointing': True, 'use_amp': True, 'scheduler': {'type': 'WarmupCosine', 'warmup_epochs': 5, 'min_lr': 1e-06}, 'random_state': 245}
[SpatioTemporalTransformerRegressor3] Using device: cuda
    [Strict Validation] Holding out 1 participants for early stopping: P15
[SpatioTemporalTransformerRegressor3] Using explicitly provided validation set (746 samples).
[SpatioTemporalTransformerRegressor3] Capping sequence length at 23 based on sample distribution (min_count=70).
[SpatioTemporalTransformerRegressor3] Grouped features into 18 spatial channels.
[Augmenter] Balanced 90 participant-weight combinations to 250 samples each. Total: 22500
[SpatioTemporalTransformerNetwork3] Modality groups: {'EMG': 6, 'IMU_Accel': 6, 'IMU_Orient': 6}

Early stopping triggered at epoch 12. Best Val Loss: 0.2340
    Train MAE: 0.1798 | Test MAE: 0.2042 | Gap: 0.0244
    Train RMSE: 0.3457 | Test RMSE: 0.3784 | Ratio: 1.09x
--- Fold 13/17 (Left out Participants: P15) ---
Initializing Modality-Grouped Spatio-Temporal Transformer Regressor with config: {'d_model': 96, 'nhead_spatial': 8, 'num_layers': 4, 'nhead_temporal': 2, 'dim_feedforward': 512, 'dropout_rate': 0.25, 'learning_rate': 0.0003, 'class_balanced_loss': False, 'weight_decay': 0.005, 'batch_size': 64, 'epochs': 200, 'validation_split': 0.1, 'early_stopping_patience': 5, 'scheduler_patience': 3, 'scheduler_factor': 0.8, 'use_checkpointing': True, 'use_amp': True, 'scheduler': {'type': 'WarmupCosine', 'warmup_epochs': 5, 'min_lr': 1e-06}, 'random_state': 245}
[SpatioTemporalTransformerRegressor3] Using device: cuda
    [Strict Validation] Holding out 1 participants for early stopping: P18
[SpatioTemporalTransformerRegressor3] Using explicitly provided validation set (405 samples).
[SpatioTemporalTransformerRegressor3] Capping sequence length at 23 based on sample distribution (min_count=72).
[SpatioTemporalTransformerRegressor3] Grouped features into 18 spatial channels.
[Augmenter] Balanced 90 participant-weight combinations to 250 samples each. Total: 22500
[SpatioTemporalTransformerNetwork3] Modality groups: {'EMG': 6, 'IMU_Accel': 6, 'IMU_Orient': 6}

Early stopping triggered at epoch 7. Best Val Loss: 0.4847
    Train MAE: 0.2559 | Test MAE: 0.1989 | Gap: -0.0571
    Train RMSE: 0.4797 | Test RMSE: 0.4359 | Ratio: 0.91x
--- Fold 14/17 (Left out Participants: P10) ---
Initializing Modality-Grouped Spatio-Temporal Transformer Regressor with config: {'d_model': 96, 'nhead_spatial': 8, 'num_layers': 4, 'nhead_temporal': 2, 'dim_feedforward': 512, 'dropout_rate': 0.25, 'learning_rate': 0.0003, 'class_balanced_loss': False, 'weight_decay': 0.005, 'batch_size': 64, 'epochs': 200, 'validation_split': 0.1, 'early_stopping_patience': 5, 'scheduler_patience': 3, 'scheduler_factor': 0.8, 'use_checkpointing': True, 'use_amp': True, 'scheduler': {'type': 'WarmupCosine', 'warmup_epochs': 5, 'min_lr': 1e-06}, 'random_state': 245}
[SpatioTemporalTransformerRegressor3] Using device: cuda
    [Strict Validation] Holding out 1 participants for early stopping: P16
[SpatioTemporalTransformerRegressor3] Using explicitly provided validation set (832 samples).
[SpatioTemporalTransformerRegressor3] Capping sequence length at 24 based on sample distribution (min_count=72).
[SpatioTemporalTransformerRegressor3] Grouped features into 18 spatial channels.
[Augmenter] Balanced 90 participant-weight combinations to 250 samples each. Total: 22500
[SpatioTemporalTransformerNetwork3] Modality groups: {'EMG': 6, 'IMU_Accel': 6, 'IMU_Orient': 6}

Early stopping triggered at epoch 10. Best Val Loss: 0.4440
    Train MAE: 0.2090 | Test MAE: 0.2987 | Gap: 0.0897
    Train RMSE: 0.4097 | Test RMSE: 0.6025 | Ratio: 1.47x
--- Fold 15/17 (Left out Participants: P14) ---
Initializing Modality-Grouped Spatio-Temporal Transformer Regressor with config: {'d_model': 96, 'nhead_spatial': 8, 'num_layers': 4, 'nhead_temporal': 2, 'dim_feedforward': 512, 'dropout_rate': 0.25, 'learning_rate': 0.0003, 'class_balanced_loss': False, 'weight_decay': 0.005, 'batch_size': 64, 'epochs': 200, 'validation_split': 0.1, 'early_stopping_patience': 5, 'scheduler_patience': 3, 'scheduler_factor': 0.8, 'use_checkpointing': True, 'use_amp': True, 'scheduler': {'type': 'WarmupCosine', 'warmup_epochs': 5, 'min_lr': 1e-06}, 'random_state': 245}
[SpatioTemporalTransformerRegressor3] Using device: cuda
    [Strict Validation] Holding out 1 participants for early stopping: P16
[SpatioTemporalTransformerRegressor3] Using explicitly provided validation set (832 samples).
[SpatioTemporalTransformerRegressor3] Capping sequence length at 23 based on sample distribution (min_count=72).
[SpatioTemporalTransformerRegressor3] Grouped features into 18 spatial channels.
[Augmenter] Balanced 90 participant-weight combinations to 250 samples each. Total: 22500
[SpatioTemporalTransformerNetwork3] Modality groups: {'EMG': 6, 'IMU_Accel': 6, 'IMU_Orient': 6}

Early stopping triggered at epoch 13. Best Val Loss: 0.2861
    Train MAE: 0.2070 | Test MAE: 0.3988 | Gap: 0.1918
    Train RMSE: 0.3400 | Test RMSE: 0.7739 | Ratio: 2.28x
--- Fold 16/17 (Left out Participants: P18) ---
Initializing Modality-Grouped Spatio-Temporal Transformer Regressor with config: {'d_model': 96, 'nhead_spatial': 8, 'num_layers': 4, 'nhead_temporal': 2, 'dim_feedforward': 512, 'dropout_rate': 0.25, 'learning_rate': 0.0003, 'class_balanced_loss': False, 'weight_decay': 0.005, 'batch_size': 64, 'epochs': 200, 'validation_split': 0.1, 'early_stopping_patience': 5, 'scheduler_patience': 3, 'scheduler_factor': 0.8, 'use_checkpointing': True, 'use_amp': True, 'scheduler': {'type': 'WarmupCosine', 'warmup_epochs': 5, 'min_lr': 1e-06}, 'random_state': 245}
[SpatioTemporalTransformerRegressor3] Using device: cuda
    [Strict Validation] Holding out 1 participants for early stopping: P12
[SpatioTemporalTransformerRegressor3] Using explicitly provided validation set (851 samples).
[SpatioTemporalTransformerRegressor3] Capping sequence length at 23 based on sample distribution (min_count=72).
[SpatioTemporalTransformerRegressor3] Grouped features into 18 spatial channels.
[Augmenter] Balanced 90 participant-weight combinations to 250 samples each. Total: 22500
[SpatioTemporalTransformerNetwork3] Modality groups: {'EMG': 6, 'IMU_Accel': 6, 'IMU_Orient': 6}

Early stopping triggered at epoch 13. Best Val Loss: 0.1400
    Train MAE: 0.1846 | Test MAE: 0.2659 | Gap: 0.0813
    Train RMSE: 0.3233 | Test RMSE: 0.5673 | Ratio: 1.75x
--- Fold 17/17 (Left out Participants: P05) ---
Initializing Modality-Grouped Spatio-Temporal Transformer Regressor with config: {'d_model': 96, 'nhead_spatial': 8, 'num_layers': 4, 'nhead_temporal': 2, 'dim_feedforward': 512, 'dropout_rate': 0.25, 'learning_rate': 0.0003, 'class_balanced_loss': False, 'weight_decay': 0.005, 'batch_size': 64, 'epochs': 200, 'validation_split': 0.1, 'early_stopping_patience': 5, 'scheduler_patience': 3, 'scheduler_factor': 0.8, 'use_checkpointing': True, 'use_amp': True, 'scheduler': {'type': 'WarmupCosine', 'warmup_epochs': 5, 'min_lr': 1e-06}, 'random_state': 245}
[SpatioTemporalTransformerRegressor3] Using device: cuda
    [Strict Validation] Holding out 1 participants for early stopping: P15
[SpatioTemporalTransformerRegressor3] Using explicitly provided validation set (746 samples).
[SpatioTemporalTransformerRegressor3] Capping sequence length at 22 based on sample distribution (min_count=72).
[SpatioTemporalTransformerRegressor3] Grouped features into 18 spatial channels.
[Augmenter] Balanced 90 participant-weight combinations to 250 samples each. Total: 22500
[SpatioTemporalTransformerNetwork3] Modality groups: {'EMG': 6, 'IMU_Accel': 6, 'IMU_Orient': 6}

Early stopping triggered at epoch 14. Best Val Loss: 0.2615
    Train MAE: 0.1732 | Test MAE: 0.2492 | Gap: 0.0761
    Train RMSE: 0.3347 | Test RMSE: 0.4856 | Ratio: 1.45x

[INFO] Skipping final full-dataset training (skip_final_full_train/DEV_MODE); reusing the last evaluated fold model for SHAP/saving.
Regression plot saved to /home/bwingen/thesis/Thesis/model/model_results/run_20260622_232115_participant_ablgen_IMUup-IMUfo-EMGfo-EMGsh_t26/IMUup-IMUfo-EMGfo-EMGsh/regression_plot.png
Loss plot saved to /home/bwingen/thesis/Thesis/model/model_results/run_20260622_232115_participant_ablgen_IMUup-IMUfo-EMGfo-EMGsh_t26/IMUup-IMUfo-EMGfo-EMGsh/loss_plot.png
Participant performance plot saved to /home/bwingen/thesis/Thesis/model/model_results/run_20260622_232115_participant_ablgen_IMUup-IMUfo-EMGfo-EMGsh_t26/IMUup-IMUfo-EMGfo-EMGsh/participant_performance.png
Sequence-length performance plot saved to /home/bwingen/thesis/Thesis/model/model_results/run_20260622_232115_participant_ablgen_IMUup-IMUfo-EMGfo-EMGsh_t26/IMUup-IMUfo-EMGfo-EMGsh/seqlen_performance_plot.png

Performance report saved to /home/bwingen/thesis/Thesis/model/model_results/run_20260622_232115_participant_ablgen_IMUup-IMUfo-EMGfo-EMGsh_t26/IMUup-IMUfo-EMGfo-EMGsh/performance_report.txt

============================================================
  BALANCED PERFORMANCE SUMMARY
============================================================
--- MACRO-AVERAGED METRICS (BALANCED) ---
Primary metric: class_participant_macro (equal weight per participant AND per weight class)

View                         | MAE      | RMSE     | R2      
-------------------------------------------------------------
class+participant macro *    | 0.5006   | 0.6359   | 0.8614  
participant macro            | 0.2819   | 0.5308   | 0.9204  
class macro                  | 0.4870   | 0.6716   | 0.8720  
pooled (unbalanced)          | 0.2848   | 0.5488   | 0.9190  

* PRIMARY. R2 under class balancing uses class-balanced sample weights
  (per-class R2 is undefined; a single class has zero target variance).
============================================================


[run_data_exporter] Run data saved to /home/bwingen/thesis/Thesis/model/model_results/run_20260622_232115_participant_ablgen_IMUup-IMUfo-EMGfo-EMGsh_t26/IMUup-IMUfo-EMGfo-EMGsh/run_data.json

--------------------------------------------------
LAUNCHING AUTOMATED DEEPSHAP ANALYSIS
--------------------------------------------------
Skipping DeepSHAP analysis (COMPUTE_FEATURE_IMPORTANCE or COMPUTE_DEEPSHAP is False)...

[Master Serializer] Consolidated modality ablation data saved to /home/bwingen/thesis/Thesis/model/model_results/run_20260622_232115_participant_ablgen_IMUup-IMUfo-EMGfo-EMGsh_t26/run_data.json
