Running on gpu014
Working directory: /home/bwingen/thesis/Thesis
/home/bwingen/thesis/Thesis/.venv/bin/python
Python 3.11.13

--- GRID SEARCH ENABLED ---
Launching hyperparameter sweep for CNN_LSTM...
Starting CNN-LSTM hyperparameter sweep with 100 iterations...
Results will be saved to: /home/bwingen/thesis/Thesis/model/model_results/sweep_cnn_lstm_20260319_183126

Loading raw segments (done once for all iterations)...
[DataLoader] Loaded 4429 raw segments (26 channels each)
Loaded 4429 segments.

Training on 3543 segments, testing on 886 segments.


--- Iteration 1/100 ---
Testing parameters: {'weight_decay': 0.0001, 'pool_size': 4, 'lstm_num_layers': 1, 'lstm_hidden_size': 512, 'learning_rate': 0.002, 'dropout_rate': 0.1, 'cnn_kernel_sizes': [7, 5], 'cnn_filters': [128, 256], 'batch_size': 16}
[CNNLSTMRegressor] Using device: cuda

Early stopping at epoch 141. Best Val Loss: 0.0423
Iteration MAE: 0.0947, RMSE: 0.2273, R2: 0.9847
>>> New Best Model! MAE: 0.0947

--- Iteration 2/100 ---
Testing parameters: {'weight_decay': 0.0, 'pool_size': 4, 'lstm_num_layers': 4, 'lstm_hidden_size': 256, 'learning_rate': 0.0005, 'dropout_rate': 0.2, 'cnn_kernel_sizes': [11, 7], 'cnn_filters': [128, 256], 'batch_size': 16}
[CNNLSTMRegressor] Using device: cuda

Early stopping at epoch 123. Best Val Loss: 0.0416
Iteration MAE: 0.0805, RMSE: 0.2131, R2: 0.9865
>>> New Best Model! MAE: 0.0805

--- Iteration 3/100 ---
Testing parameters: {'weight_decay': 0.0001, 'pool_size': 4, 'lstm_num_layers': 2, 'lstm_hidden_size': 64, 'learning_rate': 0.005, 'dropout_rate': 0.2, 'cnn_kernel_sizes': [7, 5], 'cnn_filters': [32, 64], 'batch_size': 64}
[CNNLSTMRegressor] Using device: cuda

Early stopping at epoch 146. Best Val Loss: 0.0335
Iteration MAE: 0.0825, RMSE: 0.2146, R2: 0.9863

--- Iteration 4/100 ---
Testing parameters: {'weight_decay': 0.0001, 'pool_size': 2, 'lstm_num_layers': 2, 'lstm_hidden_size': 512, 'learning_rate': 0.01, 'dropout_rate': 0.5, 'cnn_kernel_sizes': [7, 5, 3], 'cnn_filters': [64, 128, 256], 'batch_size': 32}
[CNNLSTMRegressor] Using device: cuda

Early stopping at epoch 219. Best Val Loss: 1.1814
Iteration MAE: 0.8860, RMSE: 1.1796, R2: 0.5867

--- Iteration 5/100 ---
Testing parameters: {'weight_decay': 0.0, 'pool_size': 4, 'lstm_num_layers': 4, 'lstm_hidden_size': 128, 'learning_rate': 0.001, 'dropout_rate': 0.3, 'cnn_kernel_sizes': [11, 7, 5], 'cnn_filters': [64, 128, 256], 'batch_size': 16}
[CNNLSTMRegressor] Using device: cuda

Early stopping at epoch 137. Best Val Loss: 0.0341
Iteration MAE: 0.0792, RMSE: 0.2094, R2: 0.9870
>>> New Best Model! MAE: 0.0792

--- Iteration 6/100 ---
Testing parameters: {'weight_decay': 0.0001, 'pool_size': 4, 'lstm_num_layers': 1, 'lstm_hidden_size': 512, 'learning_rate': 0.005, 'dropout_rate': 0.1, 'cnn_kernel_sizes': [7, 5, 3], 'cnn_filters': [32, 64, 128], 'batch_size': 16}
[CNNLSTMRegressor] Using device: cuda

Early stopping at epoch 150. Best Val Loss: 0.0468
Iteration MAE: 0.0840, RMSE: 0.2163, R2: 0.9861

--- Iteration 7/100 ---
Testing parameters: {'weight_decay': 1e-05, 'pool_size': 2, 'lstm_num_layers': 4, 'lstm_hidden_size': 512, 'learning_rate': 0.002, 'dropout_rate': 0.5, 'cnn_kernel_sizes': [3, 3], 'cnn_filters': [128, 256], 'batch_size': 16}
[CNNLSTMRegressor] Using device: cuda

Early stopping at epoch 201. Best Val Loss: 0.0474
Iteration MAE: 0.0793, RMSE: 0.2281, R2: 0.9845

--- Iteration 8/100 ---
Testing parameters: {'weight_decay': 0.0001, 'pool_size': 4, 'lstm_num_layers': 3, 'lstm_hidden_size': 256, 'learning_rate': 0.005, 'dropout_rate': 0.5, 'cnn_kernel_sizes': [5, 3], 'cnn_filters': [32, 64], 'batch_size': 128}
[CNNLSTMRegressor] Using device: cuda

Early stopping at epoch 115. Best Val Loss: 0.1071
Iteration MAE: 0.1486, RMSE: 0.3009, R2: 0.9731

--- Iteration 9/100 ---
Testing parameters: {'weight_decay': 0.0001, 'pool_size': 2, 'lstm_num_layers': 2, 'lstm_hidden_size': 256, 'learning_rate': 0.005, 'dropout_rate': 0.2, 'cnn_kernel_sizes': [11, 7], 'cnn_filters': [64, 128], 'batch_size': 16}
[CNNLSTMRegressor] Using device: cuda

Early stopping at epoch 200. Best Val Loss: 0.0348
Iteration MAE: 0.0915, RMSE: 0.2133, R2: 0.9865

--- Iteration 10/100 ---
Testing parameters: {'weight_decay': 0.001, 'pool_size': 2, 'lstm_num_layers': 1, 'lstm_hidden_size': 512, 'learning_rate': 0.005, 'dropout_rate': 0.4, 'cnn_kernel_sizes': [11, 7], 'cnn_filters': [16, 32], 'batch_size': 32}
[CNNLSTMRegressor] Using device: cuda

Early stopping at epoch 149. Best Val Loss: 0.0480
Iteration MAE: 0.1092, RMSE: 0.2200, R2: 0.9856

--- Iteration 11/100 ---
Testing parameters: {'weight_decay': 0.001, 'pool_size': 4, 'lstm_num_layers': 1, 'lstm_hidden_size': 512, 'learning_rate': 0.01, 'dropout_rate': 0.4, 'cnn_kernel_sizes': [7, 5], 'cnn_filters': [32, 64], 'batch_size': 32}
[CNNLSTMRegressor] Using device: cuda

Early stopping at epoch 169. Best Val Loss: 0.0595
Iteration MAE: 0.1132, RMSE: 0.2596, R2: 0.9800

--- Iteration 12/100 ---
Testing parameters: {'weight_decay': 0.001, 'pool_size': 4, 'lstm_num_layers': 3, 'lstm_hidden_size': 64, 'learning_rate': 0.005, 'dropout_rate': 0.5, 'cnn_kernel_sizes': [7, 5], 'cnn_filters': [128, 256], 'batch_size': 32}
[CNNLSTMRegressor] Using device: cuda

Early stopping at epoch 139. Best Val Loss: 0.0357
Iteration MAE: 0.1066, RMSE: 0.2076, R2: 0.9872

--- Iteration 13/100 ---
Testing parameters: {'weight_decay': 0.0001, 'pool_size': 2, 'lstm_num_layers': 1, 'lstm_hidden_size': 64, 'learning_rate': 0.001, 'dropout_rate': 0.5, 'cnn_kernel_sizes': [11, 7], 'cnn_filters': [32, 64], 'batch_size': 16}
[CNNLSTMRegressor] Using device: cuda

Early stopping at epoch 149. Best Val Loss: 0.0571
Iteration MAE: 0.0928, RMSE: 0.2107, R2: 0.9868

--- Iteration 14/100 ---
Testing parameters: {'weight_decay': 1e-05, 'pool_size': 4, 'lstm_num_layers': 3, 'lstm_hidden_size': 64, 'learning_rate': 0.005, 'dropout_rate': 0.5, 'cnn_kernel_sizes': [9, 7], 'cnn_filters': [16, 32], 'batch_size': 64}
[CNNLSTMRegressor] Using device: cuda

Early stopping at epoch 130. Best Val Loss: 0.0642
Iteration MAE: 0.1328, RMSE: 0.2487, R2: 0.9816

--- Iteration 15/100 ---
Testing parameters: {'weight_decay': 0.0, 'pool_size': 4, 'lstm_num_layers': 3, 'lstm_hidden_size': 128, 'learning_rate': 0.001, 'dropout_rate': 0.2, 'cnn_kernel_sizes': [11, 7, 5], 'cnn_filters': [32, 64, 128], 'batch_size': 16}
[CNNLSTMRegressor] Using device: cuda

Early stopping at epoch 123. Best Val Loss: 0.0433
Iteration MAE: 0.0731, RMSE: 0.1902, R2: 0.9893
>>> New Best Model! MAE: 0.0731

--- Iteration 16/100 ---
Testing parameters: {'weight_decay': 0.001, 'pool_size': 4, 'lstm_num_layers': 3, 'lstm_hidden_size': 256, 'learning_rate': 0.01, 'dropout_rate': 0.3, 'cnn_kernel_sizes': [7, 5], 'cnn_filters': [16, 32], 'batch_size': 64}
[CNNLSTMRegressor] Using device: cuda

Early stopping at epoch 111. Best Val Loss: 0.2072
Iteration MAE: 0.2809, RMSE: 0.4450, R2: 0.9412

--- Iteration 17/100 ---
Testing parameters: {'weight_decay': 1e-05, 'pool_size': 4, 'lstm_num_layers': 4, 'lstm_hidden_size': 64, 'learning_rate': 0.0005, 'dropout_rate': 0.2, 'cnn_kernel_sizes': [9, 7], 'cnn_filters': [16, 32], 'batch_size': 64}
[CNNLSTMRegressor] Using device: cuda

Early stopping at epoch 109. Best Val Loss: 0.1141
Iteration MAE: 0.1966, RMSE: 0.3962, R2: 0.9534

--- Iteration 18/100 ---
Testing parameters: {'weight_decay': 1e-05, 'pool_size': 2, 'lstm_num_layers': 1, 'lstm_hidden_size': 64, 'learning_rate': 0.0005, 'dropout_rate': 0.2, 'cnn_kernel_sizes': [11, 7], 'cnn_filters': [32, 64], 'batch_size': 32}
[CNNLSTMRegressor] Using device: cuda

Early stopping at epoch 179. Best Val Loss: 0.0614
Iteration MAE: 0.0816, RMSE: 0.3001, R2: 0.9732

--- Iteration 19/100 ---
Testing parameters: {'weight_decay': 0.001, 'pool_size': 2, 'lstm_num_layers': 4, 'lstm_hidden_size': 128, 'learning_rate': 0.002, 'dropout_rate': 0.2, 'cnn_kernel_sizes': [9, 7], 'cnn_filters': [64, 128], 'batch_size': 16}
[CNNLSTMRegressor] Using device: cuda

Early stopping at epoch 264. Best Val Loss: 0.0304
Iteration MAE: 0.0689, RMSE: 0.2009, R2: 0.9880
>>> New Best Model! MAE: 0.0689

--- Iteration 20/100 ---
Testing parameters: {'weight_decay': 0.0, 'pool_size': 4, 'lstm_num_layers': 3, 'lstm_hidden_size': 64, 'learning_rate': 0.002, 'dropout_rate': 0.4, 'cnn_kernel_sizes': [7, 5], 'cnn_filters': [64, 128], 'batch_size': 32}
[CNNLSTMRegressor] Using device: cuda

Early stopping at epoch 189. Best Val Loss: 0.0361
Iteration MAE: 0.0769, RMSE: 0.1893, R2: 0.9894

--- Iteration 21/100 ---
Testing parameters: {'weight_decay': 0.0, 'pool_size': 2, 'lstm_num_layers': 1, 'lstm_hidden_size': 128, 'learning_rate': 0.005, 'dropout_rate': 0.5, 'cnn_kernel_sizes': [7, 5, 3], 'cnn_filters': [32, 64, 128], 'batch_size': 32}
[CNNLSTMRegressor] Using device: cuda

Early stopping at epoch 160. Best Val Loss: 0.0727
Iteration MAE: 0.1271, RMSE: 0.2750, R2: 0.9775

--- Iteration 22/100 ---
Testing parameters: {'weight_decay': 0.001, 'pool_size': 2, 'lstm_num_layers': 2, 'lstm_hidden_size': 256, 'learning_rate': 0.005, 'dropout_rate': 0.4, 'cnn_kernel_sizes': [5, 3], 'cnn_filters': [32, 64], 'batch_size': 32}
[CNNLSTMRegressor] Using device: cuda

Early stopping at epoch 135. Best Val Loss: 0.0589
Iteration MAE: 0.1143, RMSE: 0.2107, R2: 0.9868

--- Iteration 23/100 ---
Testing parameters: {'weight_decay': 1e-05, 'pool_size': 2, 'lstm_num_layers': 4, 'lstm_hidden_size': 128, 'learning_rate': 0.01, 'dropout_rate': 0.3, 'cnn_kernel_sizes': [7, 5], 'cnn_filters': [32, 64], 'batch_size': 64}
[CNNLSTMRegressor] Using device: cuda

Early stopping at epoch 124. Best Val Loss: 0.1568
Iteration MAE: 0.2148, RMSE: 0.3976, R2: 0.9530

--- Iteration 24/100 ---
Testing parameters: {'weight_decay': 1e-05, 'pool_size': 4, 'lstm_num_layers': 3, 'lstm_hidden_size': 64, 'learning_rate': 0.001, 'dropout_rate': 0.5, 'cnn_kernel_sizes': [11, 7], 'cnn_filters': [64, 128], 'batch_size': 64}
[CNNLSTMRegressor] Using device: cuda

Early stopping at epoch 210. Best Val Loss: 0.0337
Iteration MAE: 0.0757, RMSE: 0.1954, R2: 0.9887

--- Iteration 25/100 ---
Testing parameters: {'weight_decay': 0.001, 'pool_size': 2, 'lstm_num_layers': 2, 'lstm_hidden_size': 512, 'learning_rate': 0.001, 'dropout_rate': 0.5, 'cnn_kernel_sizes': [7, 5, 3], 'cnn_filters': [64, 128, 256], 'batch_size': 32}
[CNNLSTMRegressor] Using device: cuda

Early stopping at epoch 131. Best Val Loss: 0.0406
Iteration MAE: 0.0869, RMSE: 0.1931, R2: 0.9889

--- Iteration 26/100 ---
Testing parameters: {'weight_decay': 0.0, 'pool_size': 2, 'lstm_num_layers': 4, 'lstm_hidden_size': 256, 'learning_rate': 0.005, 'dropout_rate': 0.5, 'cnn_kernel_sizes': [9, 7], 'cnn_filters': [16, 32], 'batch_size': 128}
[CNNLSTMRegressor] Using device: cuda

Early stopping at epoch 195. Best Val Loss: 0.1987
Iteration MAE: 0.2700, RMSE: 0.4749, R2: 0.9330

--- Iteration 27/100 ---
Testing parameters: {'weight_decay': 0.0001, 'pool_size': 2, 'lstm_num_layers': 4, 'lstm_hidden_size': 256, 'learning_rate': 0.002, 'dropout_rate': 0.2, 'cnn_kernel_sizes': [7, 5], 'cnn_filters': [32, 64], 'batch_size': 128}
[CNNLSTMRegressor] Using device: cuda

Early stopping at epoch 174. Best Val Loss: 0.0358
Iteration MAE: 0.0857, RMSE: 0.2216, R2: 0.9854

--- Iteration 28/100 ---
Testing parameters: {'weight_decay': 0.0001, 'pool_size': 2, 'lstm_num_layers': 4, 'lstm_hidden_size': 128, 'learning_rate': 0.01, 'dropout_rate': 0.5, 'cnn_kernel_sizes': [11, 7, 5], 'cnn_filters': [128, 256, 512], 'batch_size': 16}
[CNNLSTMRegressor] Using device: cuda

Early stopping at epoch 126. Best Val Loss: 3.3434
Iteration MAE: 1.5020, RMSE: 1.8356, R2: -0.0008

--- Iteration 29/100 ---
Testing parameters: {'weight_decay': 1e-05, 'pool_size': 2, 'lstm_num_layers': 2, 'lstm_hidden_size': 128, 'learning_rate': 0.0005, 'dropout_rate': 0.2, 'cnn_kernel_sizes': [5, 3], 'cnn_filters': [64, 128], 'batch_size': 64}
[CNNLSTMRegressor] Using device: cuda

Early stopping at epoch 149. Best Val Loss: 0.0496
Iteration MAE: 0.0821, RMSE: 0.1997, R2: 0.9882

--- Iteration 30/100 ---
Testing parameters: {'weight_decay': 0.001, 'pool_size': 4, 'lstm_num_layers': 4, 'lstm_hidden_size': 512, 'learning_rate': 0.002, 'dropout_rate': 0.4, 'cnn_kernel_sizes': [9, 7], 'cnn_filters': [128, 256], 'batch_size': 16}
[CNNLSTMRegressor] Using device: cuda

Early stopping at epoch 185. Best Val Loss: 0.0498
Iteration MAE: 0.0845, RMSE: 0.2342, R2: 0.9837

--- Iteration 31/100 ---
Testing parameters: {'weight_decay': 0.001, 'pool_size': 2, 'lstm_num_layers': 4, 'lstm_hidden_size': 128, 'learning_rate': 0.002, 'dropout_rate': 0.4, 'cnn_kernel_sizes': [7, 5, 3], 'cnn_filters': [32, 64, 128], 'batch_size': 128}
[CNNLSTMRegressor] Using device: cuda

Early stopping at epoch 136. Best Val Loss: 0.0577
Iteration MAE: 0.1009, RMSE: 0.2275, R2: 0.9846

--- Iteration 32/100 ---
Testing parameters: {'weight_decay': 0.0001, 'pool_size': 4, 'lstm_num_layers': 2, 'lstm_hidden_size': 64, 'learning_rate': 0.01, 'dropout_rate': 0.2, 'cnn_kernel_sizes': [5, 3], 'cnn_filters': [128, 256], 'batch_size': 64}
[CNNLSTMRegressor] Using device: cuda

Early stopping at epoch 130. Best Val Loss: 0.0446
Iteration MAE: 0.1005, RMSE: 0.2022, R2: 0.9879

--- Iteration 33/100 ---
Testing parameters: {'weight_decay': 1e-05, 'pool_size': 4, 'lstm_num_layers': 4, 'lstm_hidden_size': 128, 'learning_rate': 0.005, 'dropout_rate': 0.3, 'cnn_kernel_sizes': [11, 7, 5], 'cnn_filters': [32, 64, 128], 'batch_size': 16}
[CNNLSTMRegressor] Using device: cuda

Early stopping at epoch 156. Best Val Loss: 0.0710
Iteration MAE: 0.1116, RMSE: 0.2515, R2: 0.9812

--- Iteration 34/100 ---
Testing parameters: {'weight_decay': 1e-05, 'pool_size': 4, 'lstm_num_layers': 4, 'lstm_hidden_size': 128, 'learning_rate': 0.0005, 'dropout_rate': 0.4, 'cnn_kernel_sizes': [11, 7], 'cnn_filters': [128, 256], 'batch_size': 16}
[CNNLSTMRegressor] Using device: cuda

Early stopping at epoch 150. Best Val Loss: 0.0371
Iteration MAE: 0.0707, RMSE: 0.2093, R2: 0.9870

--- Iteration 35/100 ---
Testing parameters: {'weight_decay': 0.0001, 'pool_size': 4, 'lstm_num_layers': 2, 'lstm_hidden_size': 128, 'learning_rate': 0.001, 'dropout_rate': 0.3, 'cnn_kernel_sizes': [11, 7], 'cnn_filters': [64, 128], 'batch_size': 16}
[CNNLSTMRegressor] Using device: cuda

Early stopping at epoch 137. Best Val Loss: 0.0295
Iteration MAE: 0.0799, RMSE: 0.2086, R2: 0.9871

--- Iteration 36/100 ---
Testing parameters: {'weight_decay': 0.001, 'pool_size': 2, 'lstm_num_layers': 2, 'lstm_hidden_size': 512, 'learning_rate': 0.002, 'dropout_rate': 0.5, 'cnn_kernel_sizes': [7, 5], 'cnn_filters': [128, 256], 'batch_size': 128}
[CNNLSTMRegressor] Using device: cuda

Early stopping at epoch 176. Best Val Loss: 0.0421
Iteration MAE: 0.0719, RMSE: 0.1826, R2: 0.9901

--- Iteration 37/100 ---
Testing parameters: {'weight_decay': 0.0001, 'pool_size': 4, 'lstm_num_layers': 3, 'lstm_hidden_size': 128, 'learning_rate': 0.002, 'dropout_rate': 0.4, 'cnn_kernel_sizes': [5, 3], 'cnn_filters': [16, 32], 'batch_size': 64}
[CNNLSTMRegressor] Using device: cuda

Early stopping at epoch 119. Best Val Loss: 0.0782
Iteration MAE: 0.1285, RMSE: 0.2799, R2: 0.9767

--- Iteration 38/100 ---
Testing parameters: {'weight_decay': 0.001, 'pool_size': 2, 'lstm_num_layers': 3, 'lstm_hidden_size': 512, 'learning_rate': 0.01, 'dropout_rate': 0.4, 'cnn_kernel_sizes': [9, 7], 'cnn_filters': [16, 32], 'batch_size': 64}
[CNNLSTMRegressor] Using device: cuda

Early stopping at epoch 80. Best Val Loss: inf
Iteration MAE: 1.3722, RMSE: 2.2675, R2: -0.5270

--- Iteration 39/100 ---
Testing parameters: {'weight_decay': 0.001, 'pool_size': 4, 'lstm_num_layers': 4, 'lstm_hidden_size': 128, 'learning_rate': 0.002, 'dropout_rate': 0.4, 'cnn_kernel_sizes': [11, 7], 'cnn_filters': [64, 128], 'batch_size': 128}
[CNNLSTMRegressor] Using device: cuda

Early stopping at epoch 175. Best Val Loss: 0.0445
Iteration MAE: 0.0803, RMSE: 0.2180, R2: 0.9859

--- Iteration 40/100 ---
Testing parameters: {'weight_decay': 0.0001, 'pool_size': 2, 'lstm_num_layers': 1, 'lstm_hidden_size': 64, 'learning_rate': 0.002, 'dropout_rate': 0.3, 'cnn_kernel_sizes': [5, 3], 'cnn_filters': [128, 256], 'batch_size': 32}
[CNNLSTMRegressor] Using device: cuda

Early stopping at epoch 193. Best Val Loss: 0.0533
Iteration MAE: 0.0975, RMSE: 0.2167, R2: 0.9861

--- Iteration 41/100 ---
Testing parameters: {'weight_decay': 0.0, 'pool_size': 4, 'lstm_num_layers': 1, 'lstm_hidden_size': 512, 'learning_rate': 0.002, 'dropout_rate': 0.3, 'cnn_kernel_sizes': [11, 7], 'cnn_filters': [16, 32], 'batch_size': 64}
[CNNLSTMRegressor] Using device: cuda

Early stopping at epoch 95. Best Val Loss: 0.0712
Iteration MAE: 0.1456, RMSE: 0.2804, R2: 0.9766

--- Iteration 42/100 ---
Testing parameters: {'weight_decay': 0.0001, 'pool_size': 2, 'lstm_num_layers': 3, 'lstm_hidden_size': 128, 'learning_rate': 0.001, 'dropout_rate': 0.1, 'cnn_kernel_sizes': [9, 7], 'cnn_filters': [32, 64], 'batch_size': 128}
[CNNLSTMRegressor] Using device: cuda

Early stopping at epoch 147. Best Val Loss: 0.0436
Iteration MAE: 0.0916, RMSE: 0.2454, R2: 0.9821

--- Iteration 43/100 ---
Testing parameters: {'weight_decay': 0.0001, 'pool_size': 4, 'lstm_num_layers': 1, 'lstm_hidden_size': 64, 'learning_rate': 0.001, 'dropout_rate': 0.5, 'cnn_kernel_sizes': [5, 3], 'cnn_filters': [64, 128], 'batch_size': 128}
[CNNLSTMRegressor] Using device: cuda

Early stopping at epoch 105. Best Val Loss: 0.2034
Iteration MAE: 0.2196, RMSE: 0.4347, R2: 0.9439

--- Iteration 44/100 ---
Testing parameters: {'weight_decay': 0.0, 'pool_size': 4, 'lstm_num_layers': 3, 'lstm_hidden_size': 64, 'learning_rate': 0.01, 'dropout_rate': 0.5, 'cnn_kernel_sizes': [11, 7], 'cnn_filters': [16, 32], 'batch_size': 128}
[CNNLSTMRegressor] Using device: cuda

Early stopping at epoch 115. Best Val Loss: 0.1045
Iteration MAE: 0.1700, RMSE: 0.3204, R2: 0.9695

--- Iteration 45/100 ---
Testing parameters: {'weight_decay': 0.0, 'pool_size': 2, 'lstm_num_layers': 2, 'lstm_hidden_size': 256, 'learning_rate': 0.001, 'dropout_rate': 0.2, 'cnn_kernel_sizes': [7, 5, 3], 'cnn_filters': [64, 128, 256], 'batch_size': 32}
[CNNLSTMRegressor] Using device: cuda

Early stopping at epoch 156. Best Val Loss: 0.0384
Iteration MAE: 0.0715, RMSE: 0.1954, R2: 0.9887

--- Iteration 46/100 ---
Testing parameters: {'weight_decay': 0.0001, 'pool_size': 4, 'lstm_num_layers': 1, 'lstm_hidden_size': 128, 'learning_rate': 0.002, 'dropout_rate': 0.5, 'cnn_kernel_sizes': [3, 3], 'cnn_filters': [16, 32], 'batch_size': 128}
[CNNLSTMRegressor] Using device: cuda

Early stopping at epoch 113. Best Val Loss: 0.2586
Iteration MAE: 0.2563, RMSE: 0.5035, R2: 0.9247

--- Iteration 47/100 ---
Testing parameters: {'weight_decay': 1e-05, 'pool_size': 2, 'lstm_num_layers': 3, 'lstm_hidden_size': 64, 'learning_rate': 0.0005, 'dropout_rate': 0.2, 'cnn_kernel_sizes': [9, 7], 'cnn_filters': [32, 64], 'batch_size': 64}
[CNNLSTMRegressor] Using device: cuda

Early stopping at epoch 176. Best Val Loss: 0.0442
Iteration MAE: 0.0744, RMSE: 0.2181, R2: 0.9859

--- Iteration 48/100 ---
Testing parameters: {'weight_decay': 0.0, 'pool_size': 2, 'lstm_num_layers': 4, 'lstm_hidden_size': 256, 'learning_rate': 0.001, 'dropout_rate': 0.4, 'cnn_kernel_sizes': [3, 3], 'cnn_filters': [128, 256], 'batch_size': 32}
[CNNLSTMRegressor] Using device: cuda

Early stopping at epoch 173. Best Val Loss: 0.0442
Iteration MAE: 0.0707, RMSE: 0.2048, R2: 0.9875

--- Iteration 49/100 ---
Testing parameters: {'weight_decay': 0.001, 'pool_size': 2, 'lstm_num_layers': 4, 'lstm_hidden_size': 128, 'learning_rate': 0.01, 'dropout_rate': 0.5, 'cnn_kernel_sizes': [9, 7], 'cnn_filters': [64, 128], 'batch_size': 32}
[CNNLSTMRegressor] Using device: cuda

Early stopping at epoch 164. Best Val Loss: 0.1371
Iteration MAE: 0.2080, RMSE: 0.3508, R2: 0.9635

--- Iteration 50/100 ---
Testing parameters: {'weight_decay': 1e-05, 'pool_size': 4, 'lstm_num_layers': 2, 'lstm_hidden_size': 64, 'learning_rate': 0.002, 'dropout_rate': 0.5, 'cnn_kernel_sizes': [9, 7], 'cnn_filters': [64, 128], 'batch_size': 32}
[CNNLSTMRegressor] Using device: cuda

Early stopping at epoch 126. Best Val Loss: 0.0476
Iteration MAE: 0.0989, RMSE: 0.2355, R2: 0.9835

--- Iteration 51/100 ---
Testing parameters: {'weight_decay': 1e-05, 'pool_size': 2, 'lstm_num_layers': 3, 'lstm_hidden_size': 512, 'learning_rate': 0.001, 'dropout_rate': 0.1, 'cnn_kernel_sizes': [5, 3], 'cnn_filters': [32, 64], 'batch_size': 32}
[CNNLSTMRegressor] Using device: cuda

Early stopping at epoch 144. Best Val Loss: 0.0404
Iteration MAE: 0.0817, RMSE: 0.1955, R2: 0.9887

--- Iteration 52/100 ---
Testing parameters: {'weight_decay': 1e-05, 'pool_size': 2, 'lstm_num_layers': 4, 'lstm_hidden_size': 256, 'learning_rate': 0.005, 'dropout_rate': 0.2, 'cnn_kernel_sizes': [9, 7], 'cnn_filters': [64, 128], 'batch_size': 64}
[CNNLSTMRegressor] Using device: cuda

Early stopping at epoch 167. Best Val Loss: 0.0487
Iteration MAE: 0.0921, RMSE: 0.2119, R2: 0.9867

--- Iteration 53/100 ---
Testing parameters: {'weight_decay': 0.0, 'pool_size': 4, 'lstm_num_layers': 3, 'lstm_hidden_size': 128, 'learning_rate': 0.002, 'dropout_rate': 0.2, 'cnn_kernel_sizes': [3, 3], 'cnn_filters': [64, 128], 'batch_size': 16}
[CNNLSTMRegressor] Using device: cuda

Early stopping at epoch 127. Best Val Loss: 0.0425
Iteration MAE: 0.0709, RMSE: 0.1922, R2: 0.9890

--- Iteration 54/100 ---
Testing parameters: {'weight_decay': 0.001, 'pool_size': 2, 'lstm_num_layers': 4, 'lstm_hidden_size': 256, 'learning_rate': 0.005, 'dropout_rate': 0.4, 'cnn_kernel_sizes': [5, 3], 'cnn_filters': [64, 128], 'batch_size': 32}
[CNNLSTMRegressor] Using device: cuda

Early stopping at epoch 213. Best Val Loss: 0.0935
Iteration MAE: 0.1306, RMSE: 0.3190, R2: 0.9698

--- Iteration 55/100 ---
Testing parameters: {'weight_decay': 0.001, 'pool_size': 2, 'lstm_num_layers': 2, 'lstm_hidden_size': 128, 'learning_rate': 0.0005, 'dropout_rate': 0.1, 'cnn_kernel_sizes': [9, 7], 'cnn_filters': [64, 128], 'batch_size': 128}
[CNNLSTMRegressor] Using device: cuda

Early stopping at epoch 211. Best Val Loss: 0.0386
Iteration MAE: 0.0684, RMSE: 0.1856, R2: 0.9898
>>> New Best Model! MAE: 0.0684

--- Iteration 56/100 ---
Testing parameters: {'weight_decay': 0.0, 'pool_size': 4, 'lstm_num_layers': 4, 'lstm_hidden_size': 512, 'learning_rate': 0.005, 'dropout_rate': 0.1, 'cnn_kernel_sizes': [7, 5, 3], 'cnn_filters': [64, 128, 256], 'batch_size': 32}
[CNNLSTMRegressor] Using device: cuda

Early stopping at epoch 155. Best Val Loss: 0.0676
Iteration MAE: 0.1306, RMSE: 0.2821, R2: 0.9764

--- Iteration 57/100 ---
Testing parameters: {'weight_decay': 0.0001, 'pool_size': 2, 'lstm_num_layers': 1, 'lstm_hidden_size': 128, 'learning_rate': 0.002, 'dropout_rate': 0.2, 'cnn_kernel_sizes': [11, 7], 'cnn_filters': [64, 128], 'batch_size': 16}
[CNNLSTMRegressor] Using device: cuda

Early stopping at epoch 159. Best Val Loss: 0.0435
Iteration MAE: 0.0917, RMSE: 0.1972, R2: 0.9885

--- Iteration 58/100 ---
Testing parameters: {'weight_decay': 1e-05, 'pool_size': 4, 'lstm_num_layers': 2, 'lstm_hidden_size': 256, 'learning_rate': 0.001, 'dropout_rate': 0.5, 'cnn_kernel_sizes': [11, 7], 'cnn_filters': [128, 256], 'batch_size': 128}
[CNNLSTMRegressor] Using device: cuda

Early stopping at epoch 134. Best Val Loss: 0.0322
Iteration MAE: 0.0691, RMSE: 0.1779, R2: 0.9906

--- Iteration 59/100 ---
Testing parameters: {'weight_decay': 1e-05, 'pool_size': 2, 'lstm_num_layers': 3, 'lstm_hidden_size': 128, 'learning_rate': 0.001, 'dropout_rate': 0.5, 'cnn_kernel_sizes': [7, 5, 3], 'cnn_filters': [128, 256, 512], 'batch_size': 64}
[CNNLSTMRegressor] Using device: cuda

Early stopping at epoch 153. Best Val Loss: 0.0427
Iteration MAE: 0.0790, RMSE: 0.1951, R2: 0.9887

--- Iteration 60/100 ---
Testing parameters: {'weight_decay': 1e-05, 'pool_size': 4, 'lstm_num_layers': 4, 'lstm_hidden_size': 512, 'learning_rate': 0.001, 'dropout_rate': 0.4, 'cnn_kernel_sizes': [7, 5, 3], 'cnn_filters': [128, 256, 512], 'batch_size': 64}
[CNNLSTMRegressor] Using device: cuda

Early stopping at epoch 174. Best Val Loss: 0.0378
Iteration MAE: 0.0619, RMSE: 0.1786, R2: 0.9905
>>> New Best Model! MAE: 0.0619

--- Iteration 61/100 ---
Testing parameters: {'weight_decay': 1e-05, 'pool_size': 4, 'lstm_num_layers': 1, 'lstm_hidden_size': 64, 'learning_rate': 0.002, 'dropout_rate': 0.1, 'cnn_kernel_sizes': [7, 5], 'cnn_filters': [32, 64], 'batch_size': 32}
[CNNLSTMRegressor] Using device: cuda

Early stopping at epoch 143. Best Val Loss: 0.0373
Iteration MAE: 0.0811, RMSE: 0.2659, R2: 0.9790

--- Iteration 62/100 ---
Testing parameters: {'weight_decay': 1e-05, 'pool_size': 2, 'lstm_num_layers': 2, 'lstm_hidden_size': 512, 'learning_rate': 0.01, 'dropout_rate': 0.3, 'cnn_kernel_sizes': [5, 3], 'cnn_filters': [32, 64], 'batch_size': 64}
[CNNLSTMRegressor] Using device: cuda

Early stopping at epoch 126. Best Val Loss: 0.3110
Iteration MAE: 0.3366, RMSE: 0.5427, R2: 0.9125

--- Iteration 63/100 ---
Testing parameters: {'weight_decay': 0.001, 'pool_size': 2, 'lstm_num_layers': 1, 'lstm_hidden_size': 64, 'learning_rate': 0.002, 'dropout_rate': 0.3, 'cnn_kernel_sizes': [3, 3], 'cnn_filters': [16, 32], 'batch_size': 64}
[CNNLSTMRegressor] Using device: cuda

Early stopping at epoch 133. Best Val Loss: 0.0717
Iteration MAE: 0.1299, RMSE: 0.3724, R2: 0.9588

--- Iteration 64/100 ---
Testing parameters: {'weight_decay': 1e-05, 'pool_size': 4, 'lstm_num_layers': 3, 'lstm_hidden_size': 128, 'learning_rate': 0.002, 'dropout_rate': 0.4, 'cnn_kernel_sizes': [9, 7], 'cnn_filters': [16, 32], 'batch_size': 32}
[CNNLSTMRegressor] Using device: cuda

Early stopping at epoch 141. Best Val Loss: 0.0589
Iteration MAE: 0.1172, RMSE: 0.2481, R2: 0.9817

--- Iteration 65/100 ---
Testing parameters: {'weight_decay': 0.0, 'pool_size': 4, 'lstm_num_layers': 4, 'lstm_hidden_size': 256, 'learning_rate': 0.005, 'dropout_rate': 0.5, 'cnn_kernel_sizes': [3, 3], 'cnn_filters': [128, 256], 'batch_size': 32}
[CNNLSTMRegressor] Using device: cuda

Early stopping at epoch 107. Best Val Loss: 3.3434
Iteration MAE: 1.5015, RMSE: 1.8357, R2: -0.0008

--- Iteration 66/100 ---
Testing parameters: {'weight_decay': 0.0001, 'pool_size': 4, 'lstm_num_layers': 4, 'lstm_hidden_size': 128, 'learning_rate': 0.01, 'dropout_rate': 0.1, 'cnn_kernel_sizes': [9, 7], 'cnn_filters': [128, 256], 'batch_size': 64}
[CNNLSTMRegressor] Using device: cuda

Early stopping at epoch 249. Best Val Loss: 0.0424
Iteration MAE: 0.0917, RMSE: 0.2313, R2: 0.9841

--- Iteration 67/100 ---
Testing parameters: {'weight_decay': 0.001, 'pool_size': 2, 'lstm_num_layers': 2, 'lstm_hidden_size': 128, 'learning_rate': 0.0005, 'dropout_rate': 0.2, 'cnn_kernel_sizes': [3, 3], 'cnn_filters': [32, 64], 'batch_size': 32}
[CNNLSTMRegressor] Using device: cuda

Early stopping at epoch 118. Best Val Loss: 0.0549
Iteration MAE: 0.1107, RMSE: 0.3011, R2: 0.9731

--- Iteration 68/100 ---
Testing parameters: {'weight_decay': 1e-05, 'pool_size': 2, 'lstm_num_layers': 1, 'lstm_hidden_size': 128, 'learning_rate': 0.002, 'dropout_rate': 0.3, 'cnn_kernel_sizes': [11, 7], 'cnn_filters': [32, 64], 'batch_size': 32}
[CNNLSTMRegressor] Using device: cuda

Early stopping at epoch 148. Best Val Loss: 0.0400
Iteration MAE: 0.0865, RMSE: 0.2082, R2: 0.9871

--- Iteration 69/100 ---
Testing parameters: {'weight_decay': 1e-05, 'pool_size': 2, 'lstm_num_layers': 2, 'lstm_hidden_size': 256, 'learning_rate': 0.0005, 'dropout_rate': 0.3, 'cnn_kernel_sizes': [3, 3], 'cnn_filters': [64, 128], 'batch_size': 128}
[CNNLSTMRegressor] Using device: cuda

Early stopping at epoch 128. Best Val Loss: 0.0517
Iteration MAE: 0.1085, RMSE: 0.2639, R2: 0.9793

--- Iteration 70/100 ---
Testing parameters: {'weight_decay': 1e-05, 'pool_size': 4, 'lstm_num_layers': 4, 'lstm_hidden_size': 128, 'learning_rate': 0.005, 'dropout_rate': 0.4, 'cnn_kernel_sizes': [11, 7, 5], 'cnn_filters': [32, 64, 128], 'batch_size': 32}
[CNNLSTMRegressor] Using device: cuda

Early stopping at epoch 107. Best Val Loss: 0.0754
Iteration MAE: 0.1400, RMSE: 0.2582, R2: 0.9802

--- Iteration 71/100 ---
Testing parameters: {'weight_decay': 0.001, 'pool_size': 2, 'lstm_num_layers': 1, 'lstm_hidden_size': 512, 'learning_rate': 0.001, 'dropout_rate': 0.5, 'cnn_kernel_sizes': [11, 7], 'cnn_filters': [128, 256], 'batch_size': 128}
[CNNLSTMRegressor] Using device: cuda

Early stopping at epoch 154. Best Val Loss: 0.0511
Iteration MAE: 0.1004, RMSE: 0.2184, R2: 0.9858

--- Iteration 72/100 ---
Testing parameters: {'weight_decay': 0.0001, 'pool_size': 4, 'lstm_num_layers': 2, 'lstm_hidden_size': 64, 'learning_rate': 0.001, 'dropout_rate': 0.3, 'cnn_kernel_sizes': [11, 7, 5], 'cnn_filters': [32, 64, 128], 'batch_size': 128}
[CNNLSTMRegressor] Using device: cuda

Early stopping at epoch 90. Best Val Loss: 0.0663
Iteration MAE: 0.1411, RMSE: 0.2938, R2: 0.9744

--- Iteration 73/100 ---
Testing parameters: {'weight_decay': 0.001, 'pool_size': 4, 'lstm_num_layers': 1, 'lstm_hidden_size': 256, 'learning_rate': 0.001, 'dropout_rate': 0.3, 'cnn_kernel_sizes': [11, 7], 'cnn_filters': [16, 32], 'batch_size': 128}
[CNNLSTMRegressor] Using device: cuda

Early stopping at epoch 153. Best Val Loss: 0.0687
Iteration MAE: 0.1164, RMSE: 0.2712, R2: 0.9782

--- Iteration 74/100 ---
Testing parameters: {'weight_decay': 1e-05, 'pool_size': 4, 'lstm_num_layers': 2, 'lstm_hidden_size': 256, 'learning_rate': 0.001, 'dropout_rate': 0.3, 'cnn_kernel_sizes': [5, 3], 'cnn_filters': [64, 128], 'batch_size': 128}
[CNNLSTMRegressor] Using device: cuda

Early stopping at epoch 185. Best Val Loss: 0.0342
Iteration MAE: 0.0661, RMSE: 0.1946, R2: 0.9888

--- Iteration 75/100 ---
Testing parameters: {'weight_decay': 0.001, 'pool_size': 2, 'lstm_num_layers': 4, 'lstm_hidden_size': 512, 'learning_rate': 0.001, 'dropout_rate': 0.3, 'cnn_kernel_sizes': [11, 7], 'cnn_filters': [32, 64], 'batch_size': 64}
[CNNLSTMRegressor] Using device: cuda

Early stopping at epoch 119. Best Val Loss: 0.0403
Iteration MAE: 0.0972, RMSE: 0.2275, R2: 0.9846

--- Iteration 76/100 ---
Testing parameters: {'weight_decay': 0.0, 'pool_size': 2, 'lstm_num_layers': 4, 'lstm_hidden_size': 512, 'learning_rate': 0.0005, 'dropout_rate': 0.2, 'cnn_kernel_sizes': [11, 7], 'cnn_filters': [64, 128], 'batch_size': 32}
[CNNLSTMRegressor] Using device: cuda

Early stopping at epoch 173. Best Val Loss: 0.0364
Iteration MAE: 0.0728, RMSE: 0.2570, R2: 0.9804

--- Iteration 77/100 ---
Testing parameters: {'weight_decay': 0.001, 'pool_size': 4, 'lstm_num_layers': 1, 'lstm_hidden_size': 128, 'learning_rate': 0.0005, 'dropout_rate': 0.2, 'cnn_kernel_sizes': [11, 7, 5], 'cnn_filters': [64, 128, 256], 'batch_size': 128}
[CNNLSTMRegressor] Using device: cuda

Early stopping at epoch 135. Best Val Loss: 0.0362
Iteration MAE: 0.0892, RMSE: 0.2142, R2: 0.9864

--- Iteration 78/100 ---
Testing parameters: {'weight_decay': 0.0, 'pool_size': 4, 'lstm_num_layers': 3, 'lstm_hidden_size': 256, 'learning_rate': 0.0005, 'dropout_rate': 0.1, 'cnn_kernel_sizes': [11, 7, 5], 'cnn_filters': [32, 64, 128], 'batch_size': 32}
[CNNLSTMRegressor] Using device: cuda

Early stopping at epoch 134. Best Val Loss: 0.0357
Iteration MAE: 0.0748, RMSE: 0.2845, R2: 0.9760

--- Iteration 79/100 ---
Testing parameters: {'weight_decay': 0.001, 'pool_size': 4, 'lstm_num_layers': 2, 'lstm_hidden_size': 256, 'learning_rate': 0.001, 'dropout_rate': 0.2, 'cnn_kernel_sizes': [3, 3], 'cnn_filters': [32, 64], 'batch_size': 16}
[CNNLSTMRegressor] Using device: cuda

Early stopping at epoch 128. Best Val Loss: 0.0379
Iteration MAE: 0.0765, RMSE: 0.2011, R2: 0.9880

--- Iteration 80/100 ---
Testing parameters: {'weight_decay': 0.0, 'pool_size': 4, 'lstm_num_layers': 2, 'lstm_hidden_size': 512, 'learning_rate': 0.01, 'dropout_rate': 0.3, 'cnn_kernel_sizes': [3, 3], 'cnn_filters': [32, 64], 'batch_size': 16}
[CNNLSTMRegressor] Using device: cuda

Early stopping at epoch 290. Best Val Loss: 0.2089
Iteration MAE: 0.2476, RMSE: 0.4670, R2: 0.9352

--- Iteration 81/100 ---
Testing parameters: {'weight_decay': 1e-05, 'pool_size': 2, 'lstm_num_layers': 3, 'lstm_hidden_size': 256, 'learning_rate': 0.0005, 'dropout_rate': 0.1, 'cnn_kernel_sizes': [11, 7, 5], 'cnn_filters': [128, 256, 512], 'batch_size': 64}
[CNNLSTMRegressor] Using device: cuda

Early stopping at epoch 145. Best Val Loss: 0.0317
Iteration MAE: 0.0629, RMSE: 0.1841, R2: 0.9899

--- Iteration 82/100 ---
Testing parameters: {'weight_decay': 0.0001, 'pool_size': 4, 'lstm_num_layers': 2, 'lstm_hidden_size': 512, 'learning_rate': 0.002, 'dropout_rate': 0.4, 'cnn_kernel_sizes': [3, 3], 'cnn_filters': [128, 256], 'batch_size': 128}
[CNNLSTMRegressor] Using device: cuda

Early stopping at epoch 151. Best Val Loss: 0.0451
Iteration MAE: 0.0795, RMSE: 0.2089, R2: 0.9870

--- Iteration 83/100 ---
Testing parameters: {'weight_decay': 0.0, 'pool_size': 4, 'lstm_num_layers': 3, 'lstm_hidden_size': 128, 'learning_rate': 0.005, 'dropout_rate': 0.4, 'cnn_kernel_sizes': [11, 7], 'cnn_filters': [32, 64], 'batch_size': 128}
[CNNLSTMRegressor] Using device: cuda

Early stopping at epoch 192. Best Val Loss: 0.0407
Iteration MAE: 0.0821, RMSE: 0.2152, R2: 0.9862

--- Iteration 84/100 ---
Testing parameters: {'weight_decay': 0.001, 'pool_size': 4, 'lstm_num_layers': 3, 'lstm_hidden_size': 64, 'learning_rate': 0.001, 'dropout_rate': 0.1, 'cnn_kernel_sizes': [9, 7], 'cnn_filters': [32, 64], 'batch_size': 64}
[CNNLSTMRegressor] Using device: cuda

Early stopping at epoch 138. Best Val Loss: 0.0409
Iteration MAE: 0.0751, RMSE: 0.1952, R2: 0.9887

--- Iteration 85/100 ---
Testing parameters: {'weight_decay': 1e-05, 'pool_size': 2, 'lstm_num_layers': 4, 'lstm_hidden_size': 64, 'learning_rate': 0.005, 'dropout_rate': 0.4, 'cnn_kernel_sizes': [5, 3], 'cnn_filters': [128, 256], 'batch_size': 32}
[CNNLSTMRegressor] Using device: cuda

Early stopping at epoch 186. Best Val Loss: 0.0644
Iteration MAE: 0.1035, RMSE: 0.2353, R2: 0.9836

--- Iteration 86/100 ---
Testing parameters: {'weight_decay': 0.001, 'pool_size': 2, 'lstm_num_layers': 4, 'lstm_hidden_size': 128, 'learning_rate': 0.002, 'dropout_rate': 0.1, 'cnn_kernel_sizes': [7, 5], 'cnn_filters': [128, 256], 'batch_size': 64}
[CNNLSTMRegressor] Using device: cuda

Early stopping at epoch 268. Best Val Loss: 0.0434
Iteration MAE: 0.0644, RMSE: 0.2233, R2: 0.9852

--- Iteration 87/100 ---
Testing parameters: {'weight_decay': 0.0, 'pool_size': 4, 'lstm_num_layers': 2, 'lstm_hidden_size': 512, 'learning_rate': 0.0005, 'dropout_rate': 0.3, 'cnn_kernel_sizes': [3, 3], 'cnn_filters': [32, 64], 'batch_size': 128}
[CNNLSTMRegressor] Using device: cuda

Early stopping at epoch 112. Best Val Loss: 0.0675
Iteration MAE: 0.1319, RMSE: 0.3783, R2: 0.9575

--- Iteration 88/100 ---
Testing parameters: {'weight_decay': 0.0, 'pool_size': 2, 'lstm_num_layers': 2, 'lstm_hidden_size': 128, 'learning_rate': 0.005, 'dropout_rate': 0.5, 'cnn_kernel_sizes': [7, 5], 'cnn_filters': [64, 128], 'batch_size': 32}
[CNNLSTMRegressor] Using device: cuda

Early stopping at epoch 148. Best Val Loss: 0.0594
Iteration MAE: 0.1123, RMSE: 0.2385, R2: 0.9831

--- Iteration 89/100 ---
Testing parameters: {'weight_decay': 0.0, 'pool_size': 4, 'lstm_num_layers': 4, 'lstm_hidden_size': 64, 'learning_rate': 0.005, 'dropout_rate': 0.4, 'cnn_kernel_sizes': [3, 3], 'cnn_filters': [64, 128], 'batch_size': 128}
[CNNLSTMRegressor] Using device: cuda

Early stopping at epoch 181. Best Val Loss: 0.0499
Iteration MAE: 0.0870, RMSE: 0.2351, R2: 0.9836

--- Iteration 90/100 ---
Testing parameters: {'weight_decay': 0.0, 'pool_size': 2, 'lstm_num_layers': 1, 'lstm_hidden_size': 256, 'learning_rate': 0.01, 'dropout_rate': 0.4, 'cnn_kernel_sizes': [11, 7], 'cnn_filters': [32, 64], 'batch_size': 64}
[CNNLSTMRegressor] Using device: cuda

Early stopping at epoch 200. Best Val Loss: 0.0493
Iteration MAE: 0.0981, RMSE: 0.2132, R2: 0.9865

--- Iteration 91/100 ---
Testing parameters: {'weight_decay': 0.0, 'pool_size': 2, 'lstm_num_layers': 4, 'lstm_hidden_size': 256, 'learning_rate': 0.002, 'dropout_rate': 0.2, 'cnn_kernel_sizes': [5, 3], 'cnn_filters': [32, 64], 'batch_size': 16}
[CNNLSTMRegressor] Using device: cuda

Early stopping at epoch 148. Best Val Loss: 0.0466
Iteration MAE: 0.1086, RMSE: 0.2829, R2: 0.9762

--- Iteration 92/100 ---
Testing parameters: {'weight_decay': 0.0001, 'pool_size': 4, 'lstm_num_layers': 1, 'lstm_hidden_size': 256, 'learning_rate': 0.001, 'dropout_rate': 0.4, 'cnn_kernel_sizes': [7, 5, 3], 'cnn_filters': [128, 256, 512], 'batch_size': 32}
[CNNLSTMRegressor] Using device: cuda

Early stopping at epoch 163. Best Val Loss: 0.0353
Iteration MAE: 0.0704, RMSE: 0.1846, R2: 0.9899

--- Iteration 93/100 ---
Testing parameters: {'weight_decay': 0.0, 'pool_size': 2, 'lstm_num_layers': 2, 'lstm_hidden_size': 64, 'learning_rate': 0.005, 'dropout_rate': 0.4, 'cnn_kernel_sizes': [11, 7], 'cnn_filters': [64, 128], 'batch_size': 32}
[CNNLSTMRegressor] Using device: cuda

Early stopping at epoch 130. Best Val Loss: 0.0479
Iteration MAE: 0.1120, RMSE: 0.2128, R2: 0.9865

--- Iteration 94/100 ---
Testing parameters: {'weight_decay': 0.001, 'pool_size': 4, 'lstm_num_layers': 3, 'lstm_hidden_size': 256, 'learning_rate': 0.005, 'dropout_rate': 0.3, 'cnn_kernel_sizes': [7, 5], 'cnn_filters': [128, 256], 'batch_size': 16}
[CNNLSTMRegressor] Using device: cuda

Early stopping at epoch 202. Best Val Loss: 0.0364
Iteration MAE: 0.0979, RMSE: 0.2208, R2: 0.9855

--- Iteration 95/100 ---
Testing parameters: {'weight_decay': 0.0, 'pool_size': 2, 'lstm_num_layers': 1, 'lstm_hidden_size': 64, 'learning_rate': 0.001, 'dropout_rate': 0.3, 'cnn_kernel_sizes': [7, 5], 'cnn_filters': [128, 256], 'batch_size': 64}
[CNNLSTMRegressor] Using device: cuda

Early stopping at epoch 145. Best Val Loss: 0.0431
Iteration MAE: 0.1017, RMSE: 0.2302, R2: 0.9843

--- Iteration 96/100 ---
Testing parameters: {'weight_decay': 0.001, 'pool_size': 4, 'lstm_num_layers': 1, 'lstm_hidden_size': 64, 'learning_rate': 0.0005, 'dropout_rate': 0.5, 'cnn_kernel_sizes': [11, 7], 'cnn_filters': [128, 256], 'batch_size': 16}
[CNNLSTMRegressor] Using device: cuda

Early stopping at epoch 167. Best Val Loss: 0.0421
Iteration MAE: 0.0958, RMSE: 0.2360, R2: 0.9835

--- Iteration 97/100 ---
Testing parameters: {'weight_decay': 0.0001, 'pool_size': 2, 'lstm_num_layers': 2, 'lstm_hidden_size': 64, 'learning_rate': 0.0005, 'dropout_rate': 0.4, 'cnn_kernel_sizes': [3, 3], 'cnn_filters': [128, 256], 'batch_size': 16}
[CNNLSTMRegressor] Using device: cuda

Early stopping at epoch 250. Best Val Loss: 0.0435
Iteration MAE: 0.0647, RMSE: 0.1780, R2: 0.9906

--- Iteration 98/100 ---
Testing parameters: {'weight_decay': 0.0001, 'pool_size': 2, 'lstm_num_layers': 3, 'lstm_hidden_size': 512, 'learning_rate': 0.0005, 'dropout_rate': 0.2, 'cnn_kernel_sizes': [7, 5], 'cnn_filters': [16, 32], 'batch_size': 128}
[CNNLSTMRegressor] Using device: cuda

Early stopping at epoch 197. Best Val Loss: 0.0484
Iteration MAE: 0.0732, RMSE: 0.2343, R2: 0.9837

--- Iteration 99/100 ---
Testing parameters: {'weight_decay': 0.0, 'pool_size': 2, 'lstm_num_layers': 3, 'lstm_hidden_size': 256, 'learning_rate': 0.001, 'dropout_rate': 0.2, 'cnn_kernel_sizes': [7, 5, 3], 'cnn_filters': [128, 256, 512], 'batch_size': 32}
[CNNLSTMRegressor] Using device: cuda

Early stopping at epoch 135. Best Val Loss: 0.0396
Iteration MAE: 0.0789, RMSE: 0.1831, R2: 0.9900

--- Iteration 100/100 ---
Testing parameters: {'weight_decay': 0.0001, 'pool_size': 2, 'lstm_num_layers': 1, 'lstm_hidden_size': 128, 'learning_rate': 0.01, 'dropout_rate': 0.2, 'cnn_kernel_sizes': [9, 7], 'cnn_filters': [16, 32], 'batch_size': 16}
[CNNLSTMRegressor] Using device: cuda

Early stopping at epoch 227. Best Val Loss: 0.0386
Iteration MAE: 0.0695, RMSE: 0.1710, R2: 0.9913

==================================================
SWEEP COMPLETE
==================================================
Best Parameters:
  weight_decay: 1e-05
  pool_size: 4
  lstm_num_layers: 4
  lstm_hidden_size: 512
  learning_rate: 0.001
  dropout_rate: 0.4
  cnn_kernel_sizes: [7, 5, 3]
  cnn_filters: [128, 256, 512]
  batch_size: 64

Best Metrics:
Mean Absolute Error: 0.0619
Mean Squared Error: 0.0319
Root Mean Squared Error: 0.1786
R-squared Score: 0.9905

==================================================

Report and best model saved to /home/bwingen/thesis/Thesis/model/model_results/sweep_cnn_lstm_20260319_183126
