Running on gpu015
Working directory: /home/bwingen/thesis/Thesis
/home/bwingen/thesis/Thesis/.venv/bin/python
Python 3.11.13
Results will be saved to:
  /home/bwingen/thesis/Thesis/model/ablation/ablation_results/ablation_cnn_lstm_20260325_100247

Loading raw segments for CNN-LSTM Ablation...
[DataLoader] Loaded 4429 raw segments (26 channels each)
Dataset Loaded: 4429 segments found. Channels: 26

============================================================
PHASE — SEQUENTIAL BACKWARD SELECTION (26 initial channels)
============================================================

[Step 0] Training Base Model (All Channels) ... 
[CNNLSTMRegressor] Using device: cuda

Early stopping at epoch 68. Best Val Loss: 0.0414
=> Base MAE: 0.1012

[Step 1] Evaluating removals from 26 channels...
  Testing minus 'Anterior Deltoid' ... [CNNLSTMRegressor] Using device: cuda

Early stopping at epoch 75. Best Val Loss: 0.0495
MAE = 0.0969
  Testing minus 'Lateral Deltoid' ... [CNNLSTMRegressor] Using device: cuda

Early stopping at epoch 86. Best Val Loss: 0.0330
MAE = 0.0795
  Testing minus 'Posterior Deltoid' ... [CNNLSTMRegressor] Using device: cuda

Early stopping at epoch 79. Best Val Loss: 0.0428
MAE = 0.0923
  Testing minus 'Triceps Brachii' ... [CNNLSTMRegressor] Using device: cuda

Early stopping at epoch 95. Best Val Loss: 0.0469
MAE = 0.0987
  Testing minus 'Biceps Brachii' ... [CNNLSTMRegressor] Using device: cuda

Early stopping at epoch 73. Best Val Loss: 0.0326
MAE = 0.0907
  Testing minus 'Brachioradialis' ... [CNNLSTMRegressor] Using device: cuda

Early stopping at epoch 91. Best Val Loss: 0.0371
MAE = 0.0918
  Testing minus 'Flexor Carpi Ulnaris (FCU)' ... [CNNLSTMRegressor] Using device: cuda

Early stopping at epoch 78. Best Val Loss: 0.0356
MAE = 0.0988
  Testing minus 'Extensor Carpi Radialis (ECR)' ... [CNNLSTMRegressor] Using device: cuda

Early stopping at epoch 95. Best Val Loss: 0.0342
MAE = 0.0766
  Testing minus 'ax1' ... [CNNLSTMRegressor] Using device: cuda

Early stopping at epoch 77. Best Val Loss: 0.0371
MAE = 0.0979
  Testing minus 'ay1' ... [CNNLSTMRegressor] Using device: cuda

Early stopping at epoch 85. Best Val Loss: 0.0315
MAE = 0.0859
  Testing minus 'az1' ... [CNNLSTMRegressor] Using device: cuda

Early stopping at epoch 97. Best Val Loss: 0.0295
MAE = 0.0842
  Testing minus 'roll_rad1' ... [CNNLSTMRegressor] Using device: cuda
MAE = 0.0687
  Testing minus 'pitch_rad1' ... [CNNLSTMRegressor] Using device: cuda

Early stopping at epoch 104. Best Val Loss: 0.0398
MAE = 0.0877
  Testing minus 'yaw_rad1' ... [CNNLSTMRegressor] Using device: cuda

Early stopping at epoch 92. Best Val Loss: 0.0490
MAE = 0.0839
  Testing minus 'ax2' ... [CNNLSTMRegressor] Using device: cuda

Early stopping at epoch 94. Best Val Loss: 0.0296
MAE = 0.0796
  Testing minus 'ay2' ... [CNNLSTMRegressor] Using device: cuda

Early stopping at epoch 86. Best Val Loss: 0.0378
MAE = 0.0827
  Testing minus 'az2' ... [CNNLSTMRegressor] Using device: cuda

Early stopping at epoch 69. Best Val Loss: 0.0632
MAE = 0.1079
  Testing minus 'roll_rad2' ... [CNNLSTMRegressor] Using device: cuda

Early stopping at epoch 89. Best Val Loss: 0.0387
MAE = 0.0819
  Testing minus 'pitch_rad2' ... [CNNLSTMRegressor] Using device: cuda

Early stopping at epoch 77. Best Val Loss: 0.0618
MAE = 0.1018
  Testing minus 'yaw_rad2' ... [CNNLSTMRegressor] Using device: cuda

Early stopping at epoch 77. Best Val Loss: 0.0462
MAE = 0.0845
  Testing minus 'ax_diff' ... [CNNLSTMRegressor] Using device: cuda

Early stopping at epoch 75. Best Val Loss: 0.0359
MAE = 0.0947
  Testing minus 'ay_diff' ... [CNNLSTMRegressor] Using device: cuda

Early stopping at epoch 89. Best Val Loss: 0.0348
MAE = 0.0790
  Testing minus 'az_diff' ... [CNNLSTMRegressor] Using device: cuda

Early stopping at epoch 75. Best Val Loss: 0.0391
MAE = 0.0905
  Testing minus 'roll_rad_diff' ... [CNNLSTMRegressor] Using device: cuda

Early stopping at epoch 104. Best Val Loss: 0.0310
MAE = 0.0775
  Testing minus 'pitch_rad_diff' ... [CNNLSTMRegressor] Using device: cuda

Early stopping at epoch 94. Best Val Loss: 0.0396
MAE = 0.0826
  Testing minus 'yaw_rad_diff' ... [CNNLSTMRegressor] Using device: cuda

Early stopping at epoch 77. Best Val Loss: 0.0386
MAE = 0.0775
+++ WINNER Step 1: Drop 'roll_rad1' (New Best MAE: 0.0687)

[Step 2] Evaluating removals from 25 channels...
  Testing minus 'Anterior Deltoid' ... [CNNLSTMRegressor] Using device: cuda

Early stopping at epoch 85. Best Val Loss: 0.0592
MAE = 0.1196
  Testing minus 'Lateral Deltoid' ... [CNNLSTMRegressor] Using device: cuda

Early stopping at epoch 100. Best Val Loss: 0.0308
MAE = 0.0876
  Testing minus 'Posterior Deltoid' ... [CNNLSTMRegressor] Using device: cuda

Early stopping at epoch 65. Best Val Loss: 0.0429
MAE = 0.0999
  Testing minus 'Triceps Brachii' ... [CNNLSTMRegressor] Using device: cuda

Early stopping at epoch 128. Best Val Loss: 0.0407
MAE = 0.0900
  Testing minus 'Biceps Brachii' ... [CNNLSTMRegressor] Using device: cuda

Early stopping at epoch 74. Best Val Loss: 0.0328
MAE = 0.0808
  Testing minus 'Brachioradialis' ... [CNNLSTMRegressor] Using device: cuda

Early stopping at epoch 74. Best Val Loss: 0.0437
MAE = 0.1022
  Testing minus 'Flexor Carpi Ulnaris (FCU)' ... [CNNLSTMRegressor] Using device: cuda

Early stopping at epoch 82. Best Val Loss: 0.0357
MAE = 0.0961
  Testing minus 'Extensor Carpi Radialis (ECR)' ... [CNNLSTMRegressor] Using device: cuda

Early stopping at epoch 113. Best Val Loss: 0.0346
MAE = 0.0793
  Testing minus 'ax1' ... [CNNLSTMRegressor] Using device: cuda

Early stopping at epoch 98. Best Val Loss: 0.0453
MAE = 0.0942
  Testing minus 'ay1' ... [CNNLSTMRegressor] Using device: cuda

Early stopping at epoch 100. Best Val Loss: 0.0357
MAE = 0.0803
  Testing minus 'az1' ... [CNNLSTMRegressor] Using device: cuda

Early stopping at epoch 82. Best Val Loss: 0.0402
MAE = 0.0894
  Testing minus 'pitch_rad1' ... [CNNLSTMRegressor] Using device: cuda

Early stopping at epoch 127. Best Val Loss: 0.0416
MAE = 0.0724
  Testing minus 'yaw_rad1' ... [CNNLSTMRegressor] Using device: cuda

Early stopping at epoch 82. Best Val Loss: 0.0319
MAE = 0.0890
  Testing minus 'ax2' ... [CNNLSTMRegressor] Using device: cuda

Early stopping at epoch 74. Best Val Loss: 0.0397
MAE = 0.0737
  Testing minus 'ay2' ... [CNNLSTMRegressor] Using device: cuda

Early stopping at epoch 84. Best Val Loss: 0.0301
MAE = 0.0750
  Testing minus 'az2' ... [CNNLSTMRegressor] Using device: cuda

Early stopping at epoch 93. Best Val Loss: 0.0434
MAE = 0.0868
  Testing minus 'roll_rad2' ... [CNNLSTMRegressor] Using device: cuda

Early stopping at epoch 72. Best Val Loss: 0.0391
MAE = 0.0891
  Testing minus 'pitch_rad2' ... [CNNLSTMRegressor] Using device: cuda

Early stopping at epoch 80. Best Val Loss: 0.0346
MAE = 0.0916
  Testing minus 'yaw_rad2' ... [CNNLSTMRegressor] Using device: cuda

Early stopping at epoch 69. Best Val Loss: 0.0436
MAE = 0.0976
  Testing minus 'ax_diff' ... [CNNLSTMRegressor] Using device: cuda

Early stopping at epoch 94. Best Val Loss: 0.0427
MAE = 0.0842
  Testing minus 'ay_diff' ... [CNNLSTMRegressor] Using device: cuda

Early stopping at epoch 87. Best Val Loss: 0.0338
MAE = 0.0876
  Testing minus 'az_diff' ... [CNNLSTMRegressor] Using device: cuda

Early stopping at epoch 113. Best Val Loss: 0.0324
MAE = 0.0923
  Testing minus 'roll_rad_diff' ... [CNNLSTMRegressor] Using device: cuda

Early stopping at epoch 78. Best Val Loss: 0.0363
MAE = 0.0899
  Testing minus 'pitch_rad_diff' ... [CNNLSTMRegressor] Using device: cuda

Early stopping at epoch 81. Best Val Loss: 0.0441
MAE = 0.0870
  Testing minus 'yaw_rad_diff' ... [CNNLSTMRegressor] Using device: cuda

Early stopping at epoch 76. Best Val Loss: 0.0351
MAE = 0.0783
+++ WINNER Step 2: Drop 'pitch_rad1' (New Best MAE: 0.0724)

[Step 3] Evaluating removals from 24 channels...
  Testing minus 'Anterior Deltoid' ... [CNNLSTMRegressor] Using device: cuda

Early stopping at epoch 75. Best Val Loss: 0.0408
MAE = 0.0976
  Testing minus 'Lateral Deltoid' ... [CNNLSTMRegressor] Using device: cuda

Early stopping at epoch 73. Best Val Loss: 0.0314
MAE = 0.0842
  Testing minus 'Posterior Deltoid' ... [CNNLSTMRegressor] Using device: cuda

Early stopping at epoch 78. Best Val Loss: 0.0243
MAE = 0.0772
  Testing minus 'Triceps Brachii' ... [CNNLSTMRegressor] Using device: cuda

Early stopping at epoch 71. Best Val Loss: 0.0515
MAE = 0.1052
  Testing minus 'Biceps Brachii' ... [CNNLSTMRegressor] Using device: cuda

Early stopping at epoch 53. Best Val Loss: 0.0483
MAE = 0.1051
  Testing minus 'Brachioradialis' ... [CNNLSTMRegressor] Using device: cuda

Early stopping at epoch 78. Best Val Loss: 0.0334
MAE = 0.0929
  Testing minus 'Flexor Carpi Ulnaris (FCU)' ... [CNNLSTMRegressor] Using device: cuda

Early stopping at epoch 81. Best Val Loss: 0.0393
MAE = 0.1075
  Testing minus 'Extensor Carpi Radialis (ECR)' ... [CNNLSTMRegressor] Using device: cuda

Early stopping at epoch 79. Best Val Loss: 0.0411
MAE = 0.0914
  Testing minus 'ax1' ... [CNNLSTMRegressor] Using device: cuda

Early stopping at epoch 71. Best Val Loss: 0.0519
MAE = 0.0992
  Testing minus 'ay1' ... [CNNLSTMRegressor] Using device: cuda

Early stopping at epoch 94. Best Val Loss: 0.0297
MAE = 0.0803
  Testing minus 'az1' ... [CNNLSTMRegressor] Using device: cuda

Early stopping at epoch 92. Best Val Loss: 0.0465
MAE = 0.1005
  Testing minus 'yaw_rad1' ... [CNNLSTMRegressor] Using device: cuda

Early stopping at epoch 54. Best Val Loss: 0.0432
MAE = 0.1147
  Testing minus 'ax2' ... [CNNLSTMRegressor] Using device: cuda

Early stopping at epoch 66. Best Val Loss: 0.0384
MAE = 0.0990
  Testing minus 'ay2' ... [CNNLSTMRegressor] Using device: cuda

Early stopping at epoch 73. Best Val Loss: 0.0303
MAE = 0.0927
  Testing minus 'az2' ... [CNNLSTMRegressor] Using device: cuda

Early stopping at epoch 58. Best Val Loss: 0.0415
MAE = 0.1017
  Testing minus 'roll_rad2' ... [CNNLSTMRegressor] Using device: cuda

Early stopping at epoch 73. Best Val Loss: 0.0405
MAE = 0.1056
  Testing minus 'pitch_rad2' ... [CNNLSTMRegressor] Using device: cuda

Early stopping at epoch 75. Best Val Loss: 0.0393
MAE = 0.1036
  Testing minus 'yaw_rad2' ... [CNNLSTMRegressor] Using device: cuda

Early stopping at epoch 68. Best Val Loss: 0.0290
MAE = 0.0919
  Testing minus 'ax_diff' ... [CNNLSTMRegressor] Using device: cuda

Early stopping at epoch 55. Best Val Loss: 0.0414
MAE = 0.1214
  Testing minus 'ay_diff' ... [CNNLSTMRegressor] Using device: cuda

Early stopping at epoch 88. Best Val Loss: 0.0366
MAE = 0.0961
  Testing minus 'az_diff' ... [CNNLSTMRegressor] Using device: cuda

Early stopping at epoch 87. Best Val Loss: 0.0279
MAE = 0.0828
  Testing minus 'roll_rad_diff' ... [CNNLSTMRegressor] Using device: cuda

Early stopping at epoch 79. Best Val Loss: 0.0406
MAE = 0.0842
  Testing minus 'pitch_rad_diff' ... [CNNLSTMRegressor] Using device: cuda

Early stopping at epoch 78. Best Val Loss: 0.0406
MAE = 0.0959
  Testing minus 'yaw_rad_diff' ... [CNNLSTMRegressor] Using device: cuda

Early stopping at epoch 58. Best Val Loss: 0.0506
MAE = 0.1236
+++ WINNER Step 3: Drop 'Posterior Deltoid' (New Best MAE: 0.0772)

[Step 4] Evaluating removals from 23 channels...
  Testing minus 'Anterior Deltoid' ... [CNNLSTMRegressor] Using device: cuda

Early stopping at epoch 60. Best Val Loss: 0.0582
MAE = 0.1184
  Testing minus 'Lateral Deltoid' ... [CNNLSTMRegressor] Using device: cuda

Early stopping at epoch 89. Best Val Loss: 0.0331
MAE = 0.0866
  Testing minus 'Triceps Brachii' ... [CNNLSTMRegressor] Using device: cuda

Early stopping at epoch 69. Best Val Loss: 0.0615
MAE = 0.1202
  Testing minus 'Biceps Brachii' ... [CNNLSTMRegressor] Using device: cuda

Early stopping at epoch 83. Best Val Loss: 0.0366
MAE = 0.0766
  Testing minus 'Brachioradialis' ... [CNNLSTMRegressor] Using device: cuda

Early stopping at epoch 83. Best Val Loss: 0.0529
MAE = 0.1062
  Testing minus 'Flexor Carpi Ulnaris (FCU)' ... [CNNLSTMRegressor] Using device: cuda

Early stopping at epoch 83. Best Val Loss: 0.0465
MAE = 0.0879
  Testing minus 'Extensor Carpi Radialis (ECR)' ... [CNNLSTMRegressor] Using device: cuda

Early stopping at epoch 89. Best Val Loss: 0.0482
MAE = 0.0821
  Testing minus 'ax1' ... [CNNLSTMRegressor] Using device: cuda

Early stopping at epoch 51. Best Val Loss: 0.0642
MAE = 0.1101
  Testing minus 'ay1' ... [CNNLSTMRegressor] Using device: cuda

Early stopping at epoch 83. Best Val Loss: 0.0509
MAE = 0.0816
  Testing minus 'az1' ... [CNNLSTMRegressor] Using device: cuda

Early stopping at epoch 83. Best Val Loss: 0.0428
MAE = 0.0850
  Testing minus 'yaw_rad1' ... [CNNLSTMRegressor] Using device: cuda

Early stopping at epoch 81. Best Val Loss: 0.0485
MAE = 0.0940
  Testing minus 'ax2' ... [CNNLSTMRegressor] Using device: cuda

Early stopping at epoch 89. Best Val Loss: 0.0577
MAE = 0.0788
  Testing minus 'ay2' ... [CNNLSTMRegressor] Using device: cuda

Early stopping at epoch 79. Best Val Loss: 0.0372
MAE = 0.0937
  Testing minus 'az2' ... [CNNLSTMRegressor] Using device: cuda

Early stopping at epoch 99. Best Val Loss: 0.0357
MAE = 0.0864
  Testing minus 'roll_rad2' ... [CNNLSTMRegressor] Using device: cuda

Early stopping at epoch 64. Best Val Loss: 0.0566
MAE = 0.1141
  Testing minus 'pitch_rad2' ... [CNNLSTMRegressor] Using device: cuda

Early stopping at epoch 67. Best Val Loss: 0.0549
MAE = 0.1219
  Testing minus 'yaw_rad2' ... [CNNLSTMRegressor] Using device: cuda

Early stopping at epoch 80. Best Val Loss: 0.0648
MAE = 0.1139
  Testing minus 'ax_diff' ... [CNNLSTMRegressor] Using device: cuda

Early stopping at epoch 89. Best Val Loss: 0.0430
MAE = 0.0935
  Testing minus 'ay_diff' ... [CNNLSTMRegressor] Using device: cuda

Early stopping at epoch 73. Best Val Loss: 0.0475
MAE = 0.0984
  Testing minus 'az_diff' ... [CNNLSTMRegressor] Using device: cuda

Early stopping at epoch 87. Best Val Loss: 0.0450
MAE = 0.0891
  Testing minus 'roll_rad_diff' ... [CNNLSTMRegressor] Using device: cuda

Early stopping at epoch 69. Best Val Loss: 0.0568
MAE = 0.0997
  Testing minus 'pitch_rad_diff' ... [CNNLSTMRegressor] Using device: cuda

Early stopping at epoch 81. Best Val Loss: 0.0438
MAE = 0.1130
  Testing minus 'yaw_rad_diff' ... [CNNLSTMRegressor] Using device: cuda

Early stopping at epoch 87. Best Val Loss: 0.0359
MAE = 0.0953
+++ WINNER Step 4: Drop 'Biceps Brachii' (New Best MAE: 0.0766)

[Step 5] Evaluating removals from 22 channels...
  Testing minus 'Anterior Deltoid' ... [CNNLSTMRegressor] Using device: cuda

Early stopping at epoch 56. Best Val Loss: 0.0542
MAE = 0.1158
  Testing minus 'Lateral Deltoid' ... [CNNLSTMRegressor] Using device: cuda

Early stopping at epoch 80. Best Val Loss: 0.0483
MAE = 0.1067
  Testing minus 'Triceps Brachii' ... [CNNLSTMRegressor] Using device: cuda

Early stopping at epoch 78. Best Val Loss: 0.0587
MAE = 0.1259
  Testing minus 'Brachioradialis' ... [CNNLSTMRegressor] Using device: cuda

Early stopping at epoch 79. Best Val Loss: 0.0473
MAE = 0.0957
  Testing minus 'Flexor Carpi Ulnaris (FCU)' ... [CNNLSTMRegressor] Using device: cuda

Early stopping at epoch 78. Best Val Loss: 0.0383
MAE = 0.0938
  Testing minus 'Extensor Carpi Radialis (ECR)' ... [CNNLSTMRegressor] Using device: cuda

Early stopping at epoch 78. Best Val Loss: 0.0539
MAE = 0.1016
  Testing minus 'ax1' ... [CNNLSTMRegressor] Using device: cuda

Early stopping at epoch 67. Best Val Loss: 0.0373
MAE = 0.1082
  Testing minus 'ay1' ... [CNNLSTMRegressor] Using device: cuda

Early stopping at epoch 98. Best Val Loss: 0.0457
MAE = 0.0958
  Testing minus 'az1' ... [CNNLSTMRegressor] Using device: cuda

Early stopping at epoch 66. Best Val Loss: 0.0473
MAE = 0.1043
  Testing minus 'yaw_rad1' ... [CNNLSTMRegressor] Using device: cuda

Early stopping at epoch 67. Best Val Loss: 0.0429
MAE = 0.0981
  Testing minus 'ax2' ... [CNNLSTMRegressor] Using device: cuda

Early stopping at epoch 67. Best Val Loss: 0.0378
MAE = 0.0959
  Testing minus 'ay2' ... [CNNLSTMRegressor] Using device: cuda

Early stopping at epoch 66. Best Val Loss: 0.0462
MAE = 0.1004
  Testing minus 'az2' ... [CNNLSTMRegressor] Using device: cuda

Early stopping at epoch 67. Best Val Loss: 0.0531
MAE = 0.1011
  Testing minus 'roll_rad2' ... [CNNLSTMRegressor] Using device: cuda

Early stopping at epoch 94. Best Val Loss: 0.0522
MAE = 0.0998
  Testing minus 'pitch_rad2' ... [CNNLSTMRegressor] Using device: cuda

Early stopping at epoch 61. Best Val Loss: 0.0500
MAE = 0.1047
  Testing minus 'yaw_rad2' ... [CNNLSTMRegressor] Using device: cuda

Early stopping at epoch 76. Best Val Loss: 0.0351
MAE = 0.1040
  Testing minus 'ax_diff' ... [CNNLSTMRegressor] Using device: cuda

Early stopping at epoch 78. Best Val Loss: 0.0408
MAE = 0.1039
  Testing minus 'ay_diff' ... [CNNLSTMRegressor] Using device: cuda

Early stopping at epoch 78. Best Val Loss: 0.0487
MAE = 0.0975
  Testing minus 'az_diff' ... [CNNLSTMRegressor] Using device: cuda

Early stopping at epoch 87. Best Val Loss: 0.0392
MAE = 0.0933
  Testing minus 'roll_rad_diff' ... [CNNLSTMRegressor] Using device: cuda

Early stopping at epoch 67. Best Val Loss: 0.0441
MAE = 0.1033
  Testing minus 'pitch_rad_diff' ... [CNNLSTMRegressor] Using device: cuda

Early stopping at epoch 54. Best Val Loss: 0.0586
MAE = 0.1054
  Testing minus 'yaw_rad_diff' ... [CNNLSTMRegressor] Using device: cuda

Early stopping at epoch 58. Best Val Loss: 0.0597
MAE = 0.1059
+++ WINNER Step 5: Drop 'az_diff' (New Best MAE: 0.0933)

[Step 6] Evaluating removals from 21 channels...
  Testing minus 'Anterior Deltoid' ... [CNNLSTMRegressor] Using device: cuda

Early stopping at epoch 88. Best Val Loss: 0.0547
MAE = 0.0983
  Testing minus 'Lateral Deltoid' ... [CNNLSTMRegressor] Using device: cuda

Early stopping at epoch 75. Best Val Loss: 0.0486
MAE = 0.0913
  Testing minus 'Triceps Brachii' ... [CNNLSTMRegressor] Using device: cuda

Early stopping at epoch 90. Best Val Loss: 0.0685
MAE = 0.1024
  Testing minus 'Brachioradialis' ... [CNNLSTMRegressor] Using device: cuda

Early stopping at epoch 75. Best Val Loss: 0.0585
MAE = 0.0969
  Testing minus 'Flexor Carpi Ulnaris (FCU)' ... [CNNLSTMRegressor] Using device: cuda

Early stopping at epoch 72. Best Val Loss: 0.0750
MAE = 0.1142
  Testing minus 'Extensor Carpi Radialis (ECR)' ... [CNNLSTMRegressor] Using device: cuda

Early stopping at epoch 90. Best Val Loss: 0.0417
MAE = 0.0805
  Testing minus 'ax1' ... [CNNLSTMRegressor] Using device: cuda

Early stopping at epoch 53. Best Val Loss: 0.0634
MAE = 0.1101
  Testing minus 'ay1' ... [CNNLSTMRegressor] Using device: cuda

Early stopping at epoch 80. Best Val Loss: 0.0347
MAE = 0.0872
  Testing minus 'az1' ... [CNNLSTMRegressor] Using device: cuda

Early stopping at epoch 90. Best Val Loss: 0.0497
MAE = 0.0905
  Testing minus 'yaw_rad1' ... [CNNLSTMRegressor] Using device: cuda

Early stopping at epoch 67. Best Val Loss: 0.0434
MAE = 0.0935
  Testing minus 'ax2' ... [CNNLSTMRegressor] Using device: cuda

Early stopping at epoch 88. Best Val Loss: 0.0555
MAE = 0.0814
  Testing minus 'ay2' ... [CNNLSTMRegressor] Using device: cuda

Early stopping at epoch 66. Best Val Loss: 0.0562
MAE = 0.1248
  Testing minus 'az2' ... [CNNLSTMRegressor] Using device: cuda

Early stopping at epoch 53. Best Val Loss: 0.0559
MAE = 0.1304
  Testing minus 'roll_rad2' ... [CNNLSTMRegressor] Using device: cuda

Early stopping at epoch 98. Best Val Loss: 0.0425
MAE = 0.0846
  Testing minus 'pitch_rad2' ... [CNNLSTMRegressor] Using device: cuda

Early stopping at epoch 75. Best Val Loss: 0.0386
MAE = 0.0913
  Testing minus 'yaw_rad2' ... [CNNLSTMRegressor] Using device: cuda

Early stopping at epoch 80. Best Val Loss: 0.0549
MAE = 0.1069
  Testing minus 'ax_diff' ... [CNNLSTMRegressor] Using device: cuda

Early stopping at epoch 92. Best Val Loss: 0.0429
MAE = 0.0866
  Testing minus 'ay_diff' ... [CNNLSTMRegressor] Using device: cuda

Early stopping at epoch 75. Best Val Loss: 0.0432
MAE = 0.0916
  Testing minus 'roll_rad_diff' ... [CNNLSTMRegressor] Using device: cuda

Early stopping at epoch 67. Best Val Loss: 0.0518
MAE = 0.1160
  Testing minus 'pitch_rad_diff' ... [CNNLSTMRegressor] Using device: cuda

Early stopping at epoch 80. Best Val Loss: 0.0430
MAE = 0.0915
  Testing minus 'yaw_rad_diff' ... [CNNLSTMRegressor] Using device: cuda

Early stopping at epoch 80. Best Val Loss: 0.0363
MAE = 0.0819
+++ WINNER Step 6: Drop 'Extensor Carpi Radialis (ECR)' (New Best MAE: 0.0805)

[Step 7] Evaluating removals from 20 channels...
  Testing minus 'Anterior Deltoid' ... [CNNLSTMRegressor] Using device: cuda

Early stopping at epoch 92. Best Val Loss: 0.0537
MAE = 0.0929
  Testing minus 'Lateral Deltoid' ... [CNNLSTMRegressor] Using device: cuda

Early stopping at epoch 63. Best Val Loss: 0.0618
MAE = 0.1080
  Testing minus 'Triceps Brachii' ... [CNNLSTMRegressor] Using device: cuda

Early stopping at epoch 84. Best Val Loss: 0.1038
MAE = 0.1299
  Testing minus 'Brachioradialis' ... [CNNLSTMRegressor] Using device: cuda

Early stopping at epoch 86. Best Val Loss: 0.0777
MAE = 0.1234
  Testing minus 'Flexor Carpi Ulnaris (FCU)' ... [CNNLSTMRegressor] Using device: cuda

Early stopping at epoch 72. Best Val Loss: 0.0436
MAE = 0.0996
  Testing minus 'ax1' ... [CNNLSTMRegressor] Using device: cuda

Early stopping at epoch 90. Best Val Loss: 0.0477
MAE = 0.0847
  Testing minus 'ay1' ... [CNNLSTMRegressor] Using device: cuda

Early stopping at epoch 126. Best Val Loss: 0.0271
MAE = 0.0709
  Testing minus 'az1' ... [CNNLSTMRegressor] Using device: cuda

Early stopping at epoch 93. Best Val Loss: 0.0371
MAE = 0.0911
  Testing minus 'yaw_rad1' ... [CNNLSTMRegressor] Using device: cuda

Early stopping at epoch 91. Best Val Loss: 0.0375
MAE = 0.0976
  Testing minus 'ax2' ... [CNNLSTMRegressor] Using device: cuda

Early stopping at epoch 72. Best Val Loss: 0.0486
MAE = 0.1017
  Testing minus 'ay2' ... [CNNLSTMRegressor] Using device: cuda

Early stopping at epoch 71. Best Val Loss: 0.0436
MAE = 0.0929
  Testing minus 'az2' ... [CNNLSTMRegressor] Using device: cuda

Early stopping at epoch 128. Best Val Loss: 0.0495
MAE = 0.0864
  Testing minus 'roll_rad2' ... [CNNLSTMRegressor] Using device: cuda

Early stopping at epoch 83. Best Val Loss: 0.0451
MAE = 0.0918
  Testing minus 'pitch_rad2' ... [CNNLSTMRegressor] Using device: cuda

Early stopping at epoch 98. Best Val Loss: 0.0555
MAE = 0.1109
  Testing minus 'yaw_rad2' ... [CNNLSTMRegressor] Using device: cuda

Early stopping at epoch 68. Best Val Loss: 0.0567
MAE = 0.0934
  Testing minus 'ax_diff' ... [CNNLSTMRegressor] Using device: cuda

Early stopping at epoch 107. Best Val Loss: 0.0426
MAE = 0.0874
  Testing minus 'ay_diff' ... [CNNLSTMRegressor] Using device: cuda

Early stopping at epoch 111. Best Val Loss: 0.0431
MAE = 0.0753
  Testing minus 'roll_rad_diff' ... [CNNLSTMRegressor] Using device: cuda

Early stopping at epoch 86. Best Val Loss: 0.0536
MAE = 0.1107
  Testing minus 'pitch_rad_diff' ... [CNNLSTMRegressor] Using device: cuda

Early stopping at epoch 74. Best Val Loss: 0.0659
MAE = 0.1133
  Testing minus 'yaw_rad_diff' ... [CNNLSTMRegressor] Using device: cuda

Early stopping at epoch 83. Best Val Loss: 0.0465
MAE = 0.0834
+++ WINNER Step 7: Drop 'ay1' (New Best MAE: 0.0709)

[Step 8] Evaluating removals from 19 channels...
  Testing minus 'Anterior Deltoid' ... [CNNLSTMRegressor] Using device: cuda

Early stopping at epoch 50. Best Val Loss: 0.0693
MAE = 0.1347
  Testing minus 'Lateral Deltoid' ... [CNNLSTMRegressor] Using device: cuda

Early stopping at epoch 70. Best Val Loss: 0.0477
MAE = 0.1040
  Testing minus 'Triceps Brachii' ... [CNNLSTMRegressor] Using device: cuda

Early stopping at epoch 93. Best Val Loss: 0.0644
MAE = 0.1032
  Testing minus 'Brachioradialis' ... [CNNLSTMRegressor] Using device: cuda

Early stopping at epoch 83. Best Val Loss: 0.0809
MAE = 0.1207
  Testing minus 'Flexor Carpi Ulnaris (FCU)' ... [CNNLSTMRegressor] Using device: cuda

Early stopping at epoch 57. Best Val Loss: 0.0559
MAE = 0.1155
  Testing minus 'ax1' ... [CNNLSTMRegressor] Using device: cuda

Early stopping at epoch 63. Best Val Loss: 0.0701
MAE = 0.1285
  Testing minus 'az1' ... [CNNLSTMRegressor] Using device: cuda

Early stopping at epoch 68. Best Val Loss: 0.0548
MAE = 0.0983
  Testing minus 'yaw_rad1' ... [CNNLSTMRegressor] Using device: cuda

Early stopping at epoch 89. Best Val Loss: 0.0579
MAE = 0.0996
  Testing minus 'ax2' ... [CNNLSTMRegressor] Using device: cuda

Early stopping at epoch 79. Best Val Loss: 0.0433
MAE = 0.0993
  Testing minus 'ay2' ... [CNNLSTMRegressor] Using device: cuda

Early stopping at epoch 92. Best Val Loss: 0.0418
MAE = 0.0808
  Testing minus 'az2' ... [CNNLSTMRegressor] Using device: cuda

Early stopping at epoch 49. Best Val Loss: 0.0938
MAE = 0.1561
  Testing minus 'roll_rad2' ... [CNNLSTMRegressor] Using device: cuda

Early stopping at epoch 80. Best Val Loss: 0.0580
MAE = 0.0923
  Testing minus 'pitch_rad2' ... [CNNLSTMRegressor] Using device: cuda

Early stopping at epoch 68. Best Val Loss: 0.0527
MAE = 0.0998
  Testing minus 'yaw_rad2' ... [CNNLSTMRegressor] Using device: cuda

Early stopping at epoch 96. Best Val Loss: 0.0497
MAE = 0.0906
  Testing minus 'ax_diff' ... [CNNLSTMRegressor] Using device: cuda

Early stopping at epoch 59. Best Val Loss: 0.0657
MAE = 0.1122
  Testing minus 'ay_diff' ... [CNNLSTMRegressor] Using device: cuda

Early stopping at epoch 85. Best Val Loss: 0.0552
MAE = 0.0988
  Testing minus 'roll_rad_diff' ... [CNNLSTMRegressor] Using device: cuda

Early stopping at epoch 92. Best Val Loss: 0.0344
MAE = 0.0878
  Testing minus 'pitch_rad_diff' ... [CNNLSTMRegressor] Using device: cuda

Early stopping at epoch 59. Best Val Loss: 0.0616
MAE = 0.1002
  Testing minus 'yaw_rad_diff' ... [CNNLSTMRegressor] Using device: cuda

Early stopping at epoch 86. Best Val Loss: 0.0399
MAE = 0.0897
+++ WINNER Step 8: Drop 'ay2' (New Best MAE: 0.0808)

[Step 9] Evaluating removals from 18 channels...
  Testing minus 'Anterior Deltoid' ... [CNNLSTMRegressor] Using device: cuda

Early stopping at epoch 68. Best Val Loss: 0.0489
MAE = 0.0972
  Testing minus 'Lateral Deltoid' ... [CNNLSTMRegressor] Using device: cuda

Early stopping at epoch 65. Best Val Loss: 0.0635
MAE = 0.1044
  Testing minus 'Triceps Brachii' ... [CNNLSTMRegressor] Using device: cuda

Early stopping at epoch 55. Best Val Loss: 0.1049
MAE = 0.1501
  Testing minus 'Brachioradialis' ... [CNNLSTMRegressor] Using device: cuda

Early stopping at epoch 82. Best Val Loss: 0.0888
MAE = 0.1074
  Testing minus 'Flexor Carpi Ulnaris (FCU)' ... [CNNLSTMRegressor] Using device: cuda

Early stopping at epoch 67. Best Val Loss: 0.0556
MAE = 0.1081
  Testing minus 'ax1' ... [CNNLSTMRegressor] Using device: cuda

Early stopping at epoch 87. Best Val Loss: 0.0423
MAE = 0.0905
  Testing minus 'az1' ... [CNNLSTMRegressor] Using device: cuda

Early stopping at epoch 65. Best Val Loss: 0.0648
MAE = 0.1177
  Testing minus 'yaw_rad1' ... [CNNLSTMRegressor] Using device: cuda

Early stopping at epoch 67. Best Val Loss: 0.0404
MAE = 0.0917
  Testing minus 'ax2' ... [CNNLSTMRegressor] Using device: cuda

Early stopping at epoch 96. Best Val Loss: 0.0328
MAE = 0.0837
  Testing minus 'az2' ... [CNNLSTMRegressor] Using device: cuda

Early stopping at epoch 61. Best Val Loss: 0.0603
MAE = 0.1147
  Testing minus 'roll_rad2' ... [CNNLSTMRegressor] Using device: cuda

Early stopping at epoch 72. Best Val Loss: 0.0401
MAE = 0.0926
  Testing minus 'pitch_rad2' ... [CNNLSTMRegressor] Using device: cuda

Early stopping at epoch 91. Best Val Loss: 0.0586
MAE = 0.1066
  Testing minus 'yaw_rad2' ... [CNNLSTMRegressor] Using device: cuda

Early stopping at epoch 67. Best Val Loss: 0.0432
MAE = 0.0880
  Testing minus 'ax_diff' ... [CNNLSTMRegressor] Using device: cuda

Early stopping at epoch 63. Best Val Loss: 0.0506
MAE = 0.1093
  Testing minus 'ay_diff' ... [CNNLSTMRegressor] Using device: cuda

Early stopping at epoch 74. Best Val Loss: 0.0460
MAE = 0.0999
  Testing minus 'roll_rad_diff' ... [CNNLSTMRegressor] Using device: cuda

Early stopping at epoch 67. Best Val Loss: 0.0692
MAE = 0.1096
  Testing minus 'pitch_rad_diff' ... [CNNLSTMRegressor] Using device: cuda

Early stopping at epoch 68. Best Val Loss: 0.0642
MAE = 0.1081
  Testing minus 'yaw_rad_diff' ... [CNNLSTMRegressor] Using device: cuda

Early stopping at epoch 65. Best Val Loss: 0.0437
MAE = 0.0941
+++ WINNER Step 9: Drop 'ax2' (New Best MAE: 0.0837)

[Step 10] Evaluating removals from 17 channels...
  Testing minus 'Anterior Deltoid' ... [CNNLSTMRegressor] Using device: cuda

Early stopping at epoch 115. Best Val Loss: 0.0473
MAE = 0.0822
  Testing minus 'Lateral Deltoid' ... [CNNLSTMRegressor] Using device: cuda

Early stopping at epoch 105. Best Val Loss: 0.0410
MAE = 0.0821
  Testing minus 'Triceps Brachii' ... [CNNLSTMRegressor] Using device: cuda

Early stopping at epoch 94. Best Val Loss: 0.0511
MAE = 0.0945
  Testing minus 'Brachioradialis' ... [CNNLSTMRegressor] Using device: cuda

Early stopping at epoch 106. Best Val Loss: 0.0695
MAE = 0.1107
  Testing minus 'Flexor Carpi Ulnaris (FCU)' ... [CNNLSTMRegressor] Using device: cuda

Early stopping at epoch 111. Best Val Loss: 0.0416
MAE = 0.0839
  Testing minus 'ax1' ... [CNNLSTMRegressor] Using device: cuda

Early stopping at epoch 105. Best Val Loss: 0.0280
MAE = 0.0839
  Testing minus 'az1' ... [CNNLSTMRegressor] Using device: cuda

Early stopping at epoch 46. Best Val Loss: 0.0869
MAE = 0.1467
  Testing minus 'yaw_rad1' ... [CNNLSTMRegressor] Using device: cuda

Early stopping at epoch 136. Best Val Loss: 0.0490
MAE = 0.0787
  Testing minus 'az2' ... [CNNLSTMRegressor] Using device: cuda

Early stopping at epoch 91. Best Val Loss: 0.0494
MAE = 0.0991
  Testing minus 'roll_rad2' ... [CNNLSTMRegressor] Using device: cuda

Early stopping at epoch 110. Best Val Loss: 0.0301
MAE = 0.0738
  Testing minus 'pitch_rad2' ... [CNNLSTMRegressor] Using device: cuda

Early stopping at epoch 85. Best Val Loss: 0.0392
MAE = 0.0853
  Testing minus 'yaw_rad2' ... [CNNLSTMRegressor] Using device: cuda

Early stopping at epoch 104. Best Val Loss: 0.0353
MAE = 0.0693
  Testing minus 'ax_diff' ... [CNNLSTMRegressor] Using device: cuda

Early stopping at epoch 86. Best Val Loss: 0.0359
MAE = 0.0808
  Testing minus 'ay_diff' ... [CNNLSTMRegressor] Using device: cuda

Early stopping at epoch 69. Best Val Loss: 0.0447
MAE = 0.0892
  Testing minus 'roll_rad_diff' ... [CNNLSTMRegressor] Using device: cuda

Early stopping at epoch 96. Best Val Loss: 0.0436
MAE = 0.0830
  Testing minus 'pitch_rad_diff' ... [CNNLSTMRegressor] Using device: cuda

Early stopping at epoch 110. Best Val Loss: 0.0418
MAE = 0.0851
  Testing minus 'yaw_rad_diff' ... [CNNLSTMRegressor] Using device: cuda

Early stopping at epoch 75. Best Val Loss: 0.0479
MAE = 0.0891
+++ WINNER Step 10: Drop 'yaw_rad2' (New Best MAE: 0.0693)

[Step 11] Evaluating removals from 16 channels...
  Testing minus 'Anterior Deltoid' ... [CNNLSTMRegressor] Using device: cuda

Early stopping at epoch 89. Best Val Loss: 0.0565
MAE = 0.0960
  Testing minus 'Lateral Deltoid' ... [CNNLSTMRegressor] Using device: cuda

Early stopping at epoch 53. Best Val Loss: 0.0780
MAE = 0.1649
  Testing minus 'Triceps Brachii' ... [CNNLSTMRegressor] Using device: cuda

Early stopping at epoch 82. Best Val Loss: 0.0650
MAE = 0.1096
  Testing minus 'Brachioradialis' ... [CNNLSTMRegressor] Using device: cuda

Early stopping at epoch 72. Best Val Loss: 0.0723
MAE = 0.1206
  Testing minus 'Flexor Carpi Ulnaris (FCU)' ... [CNNLSTMRegressor] Using device: cuda

Early stopping at epoch 113. Best Val Loss: 0.0458
MAE = 0.0931
  Testing minus 'ax1' ... [CNNLSTMRegressor] Using device: cuda

Early stopping at epoch 85. Best Val Loss: 0.0602
MAE = 0.0924
  Testing minus 'az1' ... [CNNLSTMRegressor] Using device: cuda

Early stopping at epoch 66. Best Val Loss: 0.0909
MAE = 0.1142
  Testing minus 'yaw_rad1' ... [CNNLSTMRegressor] Using device: cuda

Early stopping at epoch 102. Best Val Loss: 0.0480
MAE = 0.0766
  Testing minus 'az2' ... [CNNLSTMRegressor] Using device: cuda

Early stopping at epoch 79. Best Val Loss: 0.0464
MAE = 0.0886
  Testing minus 'roll_rad2' ... [CNNLSTMRegressor] Using device: cuda

Early stopping at epoch 79. Best Val Loss: 0.0515
MAE = 0.1106
  Testing minus 'pitch_rad2' ... [CNNLSTMRegressor] Using device: cuda

Early stopping at epoch 79. Best Val Loss: 0.0600
MAE = 0.1169
  Testing minus 'ax_diff' ... [CNNLSTMRegressor] Using device: cuda

Early stopping at epoch 60. Best Val Loss: 0.0600
MAE = 0.1062
  Testing minus 'ay_diff' ... [CNNLSTMRegressor] Using device: cuda

Early stopping at epoch 105. Best Val Loss: 0.0461
MAE = 0.0795
  Testing minus 'roll_rad_diff' ... [CNNLSTMRegressor] Using device: cuda

Early stopping at epoch 57. Best Val Loss: 0.0847
MAE = 0.1007
  Testing minus 'pitch_rad_diff' ... [CNNLSTMRegressor] Using device: cuda

Early stopping at epoch 89. Best Val Loss: 0.0448
MAE = 0.0857
  Testing minus 'yaw_rad_diff' ... [CNNLSTMRegressor] Using device: cuda

Early stopping at epoch 85. Best Val Loss: 0.0534
MAE = 0.0798
+++ WINNER Step 11: Drop 'yaw_rad1' (New Best MAE: 0.0766)

[Step 12] Evaluating removals from 15 channels...
  Testing minus 'Anterior Deltoid' ... [CNNLSTMRegressor] Using device: cuda

Early stopping at epoch 93. Best Val Loss: 0.0446
MAE = 0.1053
  Testing minus 'Lateral Deltoid' ... [CNNLSTMRegressor] Using device: cuda

Early stopping at epoch 70. Best Val Loss: 0.0485
MAE = 0.0917
  Testing minus 'Triceps Brachii' ... [CNNLSTMRegressor] Using device: cuda

Early stopping at epoch 74. Best Val Loss: 0.0685
MAE = 0.1385
  Testing minus 'Brachioradialis' ... [CNNLSTMRegressor] Using device: cuda

Early stopping at epoch 71. Best Val Loss: 0.1060
MAE = 0.1228
  Testing minus 'Flexor Carpi Ulnaris (FCU)' ... [CNNLSTMRegressor] Using device: cuda

Early stopping at epoch 94. Best Val Loss: 0.0378
MAE = 0.0834
  Testing minus 'ax1' ... [CNNLSTMRegressor] Using device: cuda

Early stopping at epoch 104. Best Val Loss: 0.0374
MAE = 0.0754
  Testing minus 'az1' ... [CNNLSTMRegressor] Using device: cuda

Early stopping at epoch 99. Best Val Loss: 0.0446
MAE = 0.0760
  Testing minus 'az2' ... [CNNLSTMRegressor] Using device: cuda

Early stopping at epoch 96. Best Val Loss: 0.0341
MAE = 0.0811
  Testing minus 'roll_rad2' ... [CNNLSTMRegressor] Using device: cuda

Early stopping at epoch 70. Best Val Loss: 0.0434
MAE = 0.0973
  Testing minus 'pitch_rad2' ... [CNNLSTMRegressor] Using device: cuda

Early stopping at epoch 93. Best Val Loss: 0.0514
MAE = 0.1053
  Testing minus 'ax_diff' ... [CNNLSTMRegressor] Using device: cuda

Early stopping at epoch 114. Best Val Loss: 0.0394
MAE = 0.0773
  Testing minus 'ay_diff' ... [CNNLSTMRegressor] Using device: cuda

Early stopping at epoch 112. Best Val Loss: 0.0405
MAE = 0.0824
  Testing minus 'roll_rad_diff' ... [CNNLSTMRegressor] Using device: cuda

Early stopping at epoch 83. Best Val Loss: 0.0555
MAE = 0.0786
  Testing minus 'pitch_rad_diff' ... [CNNLSTMRegressor] Using device: cuda

Early stopping at epoch 67. Best Val Loss: 0.0726
MAE = 0.0998
  Testing minus 'yaw_rad_diff' ... [CNNLSTMRegressor] Using device: cuda

Early stopping at epoch 81. Best Val Loss: 0.0459
MAE = 0.0797
+++ WINNER Step 12: Drop 'ax1' (New Best MAE: 0.0754)

[Step 13] Evaluating removals from 14 channels...
  Testing minus 'Anterior Deltoid' ... [CNNLSTMRegressor] Using device: cuda

Early stopping at epoch 105. Best Val Loss: 0.0505
MAE = 0.0804
  Testing minus 'Lateral Deltoid' ... [CNNLSTMRegressor] Using device: cuda

Early stopping at epoch 91. Best Val Loss: 0.0589
MAE = 0.0869
  Testing minus 'Triceps Brachii' ... [CNNLSTMRegressor] Using device: cuda

Early stopping at epoch 93. Best Val Loss: 0.0647
MAE = 0.1173
  Testing minus 'Brachioradialis' ... [CNNLSTMRegressor] Using device: cuda

Early stopping at epoch 97. Best Val Loss: 0.1020
MAE = 0.1244
  Testing minus 'Flexor Carpi Ulnaris (FCU)' ... [CNNLSTMRegressor] Using device: cuda

Early stopping at epoch 66. Best Val Loss: 0.0597
MAE = 0.1052
  Testing minus 'az1' ... [CNNLSTMRegressor] Using device: cuda

Early stopping at epoch 93. Best Val Loss: 0.0443
MAE = 0.0937
  Testing minus 'az2' ... [CNNLSTMRegressor] Using device: cuda

Early stopping at epoch 87. Best Val Loss: 0.0405
MAE = 0.0862
  Testing minus 'roll_rad2' ... [CNNLSTMRegressor] Using device: cuda

Early stopping at epoch 94. Best Val Loss: 0.0502
MAE = 0.0784
  Testing minus 'pitch_rad2' ... [CNNLSTMRegressor] Using device: cuda

Early stopping at epoch 63. Best Val Loss: 0.0529
MAE = 0.1157
  Testing minus 'ax_diff' ... [CNNLSTMRegressor] Using device: cuda

Early stopping at epoch 71. Best Val Loss: 0.0721
MAE = 0.1051
  Testing minus 'ay_diff' ... [CNNLSTMRegressor] Using device: cuda

Early stopping at epoch 66. Best Val Loss: 0.0445
MAE = 0.0876
  Testing minus 'roll_rad_diff' ... [CNNLSTMRegressor] Using device: cuda

Early stopping at epoch 80. Best Val Loss: 0.0491
MAE = 0.0898
  Testing minus 'pitch_rad_diff' ... [CNNLSTMRegressor] Using device: cuda

Early stopping at epoch 94. Best Val Loss: 0.0644
MAE = 0.0930
  Testing minus 'yaw_rad_diff' ... [CNNLSTMRegressor] Using device: cuda

Early stopping at epoch 94. Best Val Loss: 0.0468
MAE = 0.0891
+++ WINNER Step 13: Drop 'roll_rad2' (New Best MAE: 0.0784)

[Step 14] Evaluating removals from 13 channels...
  Testing minus 'Anterior Deltoid' ... [CNNLSTMRegressor] Using device: cuda

Early stopping at epoch 78. Best Val Loss: 0.0705
MAE = 0.1116
  Testing minus 'Lateral Deltoid' ... [CNNLSTMRegressor] Using device: cuda

Early stopping at epoch 78. Best Val Loss: 0.0462
MAE = 0.1006
  Testing minus 'Triceps Brachii' ... [CNNLSTMRegressor] Using device: cuda

Early stopping at epoch 80. Best Val Loss: 0.0642
MAE = 0.1219
  Testing minus 'Brachioradialis' ... [CNNLSTMRegressor] Using device: cuda

Early stopping at epoch 68. Best Val Loss: 0.0904
MAE = 0.1324
  Testing minus 'Flexor Carpi Ulnaris (FCU)' ... [CNNLSTMRegressor] Using device: cuda

Early stopping at epoch 107. Best Val Loss: 0.0410
MAE = 0.0922
  Testing minus 'az1' ... [CNNLSTMRegressor] Using device: cuda

Early stopping at epoch 81. Best Val Loss: 0.0593
MAE = 0.0867
  Testing minus 'az2' ... [CNNLSTMRegressor] Using device: cuda

Early stopping at epoch 80. Best Val Loss: 0.0501
MAE = 0.0902
  Testing minus 'pitch_rad2' ... [CNNLSTMRegressor] Using device: cuda

Early stopping at epoch 85. Best Val Loss: 0.0434
MAE = 0.1030
  Testing minus 'ax_diff' ... [CNNLSTMRegressor] Using device: cuda

Early stopping at epoch 97. Best Val Loss: 0.0487
MAE = 0.0839
  Testing minus 'ay_diff' ... [CNNLSTMRegressor] Using device: cuda

Early stopping at epoch 86. Best Val Loss: 0.0467
MAE = 0.0976
  Testing minus 'roll_rad_diff' ... [CNNLSTMRegressor] Using device: cuda

Early stopping at epoch 72. Best Val Loss: 0.0403
MAE = 0.0914
  Testing minus 'pitch_rad_diff' ... [CNNLSTMRegressor] Using device: cuda

Early stopping at epoch 84. Best Val Loss: 0.0589
MAE = 0.0978
  Testing minus 'yaw_rad_diff' ... [CNNLSTMRegressor] Using device: cuda

Early stopping at epoch 55. Best Val Loss: 0.0520
MAE = 0.1007
+++ WINNER Step 14: Drop 'ax_diff' (New Best MAE: 0.0839)

[Step 15] Evaluating removals from 12 channels...
  Testing minus 'Anterior Deltoid' ... [CNNLSTMRegressor] Using device: cuda

Early stopping at epoch 64. Best Val Loss: 0.0695
MAE = 0.1023
  Testing minus 'Lateral Deltoid' ... [CNNLSTMRegressor] Using device: cuda

Early stopping at epoch 64. Best Val Loss: 0.0562
MAE = 0.1049
  Testing minus 'Triceps Brachii' ... [CNNLSTMRegressor] Using device: cuda

Early stopping at epoch 85. Best Val Loss: 0.0777
MAE = 0.1232
  Testing minus 'Brachioradialis' ... [CNNLSTMRegressor] Using device: cuda

Early stopping at epoch 68. Best Val Loss: 0.0781
MAE = 0.1306
  Testing minus 'Flexor Carpi Ulnaris (FCU)' ... [CNNLSTMRegressor] Using device: cuda

Early stopping at epoch 69. Best Val Loss: 0.0489
MAE = 0.1255
  Testing minus 'az1' ... [CNNLSTMRegressor] Using device: cuda

Early stopping at epoch 58. Best Val Loss: 0.0457
MAE = 0.1142
  Testing minus 'az2' ... [CNNLSTMRegressor] Using device: cuda

Early stopping at epoch 70. Best Val Loss: 0.0572
MAE = 0.0942
  Testing minus 'pitch_rad2' ... [CNNLSTMRegressor] Using device: cuda

Early stopping at epoch 70. Best Val Loss: 0.0608
MAE = 0.1135
  Testing minus 'ay_diff' ... [CNNLSTMRegressor] Using device: cuda

Early stopping at epoch 76. Best Val Loss: 0.0491
MAE = 0.0955
  Testing minus 'roll_rad_diff' ... [CNNLSTMRegressor] Using device: cuda

Early stopping at epoch 62. Best Val Loss: 0.0508
MAE = 0.0947
  Testing minus 'pitch_rad_diff' ... [CNNLSTMRegressor] Using device: cuda

Early stopping at epoch 81. Best Val Loss: 0.0602
MAE = 0.1119
  Testing minus 'yaw_rad_diff' ... [CNNLSTMRegressor] Using device: cuda

Early stopping at epoch 56. Best Val Loss: 0.0712
MAE = 0.1161
+++ WINNER Step 15: Drop 'az2' (New Best MAE: 0.0942)

[Step 16] Evaluating removals from 11 channels...
  Testing minus 'Anterior Deltoid' ... [CNNLSTMRegressor] Using device: cuda

Early stopping at epoch 79. Best Val Loss: 0.0645
MAE = 0.1054
  Testing minus 'Lateral Deltoid' ... [CNNLSTMRegressor] Using device: cuda

Early stopping at epoch 104. Best Val Loss: 0.0326
MAE = 0.0873
  Testing minus 'Triceps Brachii' ... [CNNLSTMRegressor] Using device: cuda

Early stopping at epoch 93. Best Val Loss: 0.0781
MAE = 0.1278
  Testing minus 'Brachioradialis' ... [CNNLSTMRegressor] Using device: cuda

Early stopping at epoch 83. Best Val Loss: 0.0898
MAE = 0.1253
  Testing minus 'Flexor Carpi Ulnaris (FCU)' ... [CNNLSTMRegressor] Using device: cuda

Early stopping at epoch 77. Best Val Loss: 0.0529
MAE = 0.1096
  Testing minus 'az1' ... [CNNLSTMRegressor] Using device: cuda

Early stopping at epoch 104. Best Val Loss: 0.0452
MAE = 0.0935
  Testing minus 'pitch_rad2' ... [CNNLSTMRegressor] Using device: cuda

Early stopping at epoch 83. Best Val Loss: 0.0705
MAE = 0.1196
  Testing minus 'ay_diff' ... [CNNLSTMRegressor] Using device: cuda

Early stopping at epoch 70. Best Val Loss: 0.0573
MAE = 0.1105
  Testing minus 'roll_rad_diff' ... [CNNLSTMRegressor] Using device: cuda

Early stopping at epoch 73. Best Val Loss: 0.0557
MAE = 0.0964
  Testing minus 'pitch_rad_diff' ... [CNNLSTMRegressor] Using device: cuda

Early stopping at epoch 70. Best Val Loss: 0.0474
MAE = 0.1030
  Testing minus 'yaw_rad_diff' ... [CNNLSTMRegressor] Using device: cuda

Early stopping at epoch 59. Best Val Loss: 0.0642
MAE = 0.1044
+++ WINNER Step 16: Drop 'Lateral Deltoid' (New Best MAE: 0.0873)

[Step 17] Evaluating removals from 10 channels...
  Testing minus 'Anterior Deltoid' ... [CNNLSTMRegressor] Using device: cuda

Early stopping at epoch 70. Best Val Loss: 0.0741
MAE = 0.1200
  Testing minus 'Triceps Brachii' ... [CNNLSTMRegressor] Using device: cuda

Early stopping at epoch 90. Best Val Loss: 0.0637
MAE = 0.1211
  Testing minus 'Brachioradialis' ... [CNNLSTMRegressor] Using device: cuda

Early stopping at epoch 75. Best Val Loss: 0.0929
MAE = 0.1328
  Testing minus 'Flexor Carpi Ulnaris (FCU)' ... [CNNLSTMRegressor] Using device: cuda

Early stopping at epoch 65. Best Val Loss: 0.0590
MAE = 0.1100
  Testing minus 'az1' ... [CNNLSTMRegressor] Using device: cuda

Early stopping at epoch 52. Best Val Loss: 0.0716
MAE = 0.1436
  Testing minus 'pitch_rad2' ... [CNNLSTMRegressor] Using device: cuda

Early stopping at epoch 105. Best Val Loss: 0.0729
MAE = 0.1124
  Testing minus 'ay_diff' ... [CNNLSTMRegressor] Using device: cuda

Early stopping at epoch 81. Best Val Loss: 0.0492
MAE = 0.0928
  Testing minus 'roll_rad_diff' ... [CNNLSTMRegressor] Using device: cuda

Early stopping at epoch 107. Best Val Loss: 0.0566
MAE = 0.0970
  Testing minus 'pitch_rad_diff' ... [CNNLSTMRegressor] Using device: cuda

Early stopping at epoch 74. Best Val Loss: 0.0590
MAE = 0.0936
  Testing minus 'yaw_rad_diff' ... [CNNLSTMRegressor] Using device: cuda

Early stopping at epoch 60. Best Val Loss: 0.0479
MAE = 0.1014
+++ WINNER Step 17: Drop 'ay_diff' (New Best MAE: 0.0928)

[Step 18] Evaluating removals from 9 channels...
  Testing minus 'Anterior Deltoid' ... [CNNLSTMRegressor] Using device: cuda

Early stopping at epoch 76. Best Val Loss: 0.0663
MAE = 0.1178
  Testing minus 'Triceps Brachii' ... [CNNLSTMRegressor] Using device: cuda

Early stopping at epoch 102. Best Val Loss: 0.0845
MAE = 0.1379
  Testing minus 'Brachioradialis' ... [CNNLSTMRegressor] Using device: cuda

Early stopping at epoch 79. Best Val Loss: 0.0982
MAE = 0.1288
  Testing minus 'Flexor Carpi Ulnaris (FCU)' ... [CNNLSTMRegressor] Using device: cuda

Early stopping at epoch 74. Best Val Loss: 0.0732
MAE = 0.1207
  Testing minus 'az1' ... [CNNLSTMRegressor] Using device: cuda

Early stopping at epoch 57. Best Val Loss: 0.0714
MAE = 0.1261
  Testing minus 'pitch_rad2' ... [CNNLSTMRegressor] Using device: cuda

Early stopping at epoch 55. Best Val Loss: 0.0947
MAE = 0.1455
  Testing minus 'roll_rad_diff' ... [CNNLSTMRegressor] Using device: cuda

Early stopping at epoch 88. Best Val Loss: 0.0633
MAE = 0.1079
  Testing minus 'pitch_rad_diff' ... [CNNLSTMRegressor] Using device: cuda

Early stopping at epoch 102. Best Val Loss: 0.0770
MAE = 0.1112
  Testing minus 'yaw_rad_diff' ... [CNNLSTMRegressor] Using device: cuda

Early stopping at epoch 89. Best Val Loss: 0.0618
MAE = 0.1084
+++ WINNER Step 18: Drop 'roll_rad_diff' (New Best MAE: 0.1079)

[Step 19] Evaluating removals from 8 channels...
  Testing minus 'Anterior Deltoid' ... [CNNLSTMRegressor] Using device: cuda

Early stopping at epoch 86. Best Val Loss: 0.0781
MAE = 0.1320
  Testing minus 'Triceps Brachii' ... [CNNLSTMRegressor] Using device: cuda

Early stopping at epoch 105. Best Val Loss: 0.0915
MAE = 0.1305
  Testing minus 'Brachioradialis' ... [CNNLSTMRegressor] Using device: cuda

Early stopping at epoch 75. Best Val Loss: 0.0947
MAE = 0.1611
  Testing minus 'Flexor Carpi Ulnaris (FCU)' ... [CNNLSTMRegressor] Using device: cuda

Early stopping at epoch 87. Best Val Loss: 0.0625
MAE = 0.1184
  Testing minus 'az1' ... [CNNLSTMRegressor] Using device: cuda

Early stopping at epoch 89. Best Val Loss: 0.0696
MAE = 0.1117
  Testing minus 'pitch_rad2' ... [CNNLSTMRegressor] Using device: cuda

Early stopping at epoch 77. Best Val Loss: 0.0823
MAE = 0.1293
  Testing minus 'pitch_rad_diff' ... [CNNLSTMRegressor] Using device: cuda

Early stopping at epoch 56. Best Val Loss: 0.1042
MAE = 0.1420
  Testing minus 'yaw_rad_diff' ... [CNNLSTMRegressor] Using device: cuda

Early stopping at epoch 67. Best Val Loss: 0.0730
MAE = 0.1296
+++ WINNER Step 19: Drop 'az1' (New Best MAE: 0.1117)

[Step 20] Evaluating removals from 7 channels...
  Testing minus 'Anterior Deltoid' ... [CNNLSTMRegressor] Using device: cuda

Early stopping at epoch 75. Best Val Loss: 0.0831
MAE = 0.1289
  Testing minus 'Triceps Brachii' ... [CNNLSTMRegressor] Using device: cuda

Early stopping at epoch 91. Best Val Loss: 0.0982
MAE = 0.1535
  Testing minus 'Brachioradialis' ... [CNNLSTMRegressor] Using device: cuda

Early stopping at epoch 62. Best Val Loss: 0.1214
MAE = 0.1772
  Testing minus 'Flexor Carpi Ulnaris (FCU)' ... [CNNLSTMRegressor] Using device: cuda

Early stopping at epoch 75. Best Val Loss: 0.0662
MAE = 0.1286
  Testing minus 'pitch_rad2' ... [CNNLSTMRegressor] Using device: cuda

Early stopping at epoch 83. Best Val Loss: 0.0998
MAE = 0.1669
  Testing minus 'pitch_rad_diff' ... [CNNLSTMRegressor] Using device: cuda

Early stopping at epoch 61. Best Val Loss: 0.0954
MAE = 0.1640
  Testing minus 'yaw_rad_diff' ... [CNNLSTMRegressor] Using device: cuda

Early stopping at epoch 80. Best Val Loss: 0.0652
MAE = 0.1171
+++ WINNER Step 20: Drop 'yaw_rad_diff' (New Best MAE: 0.1171)

[Step 21] Evaluating removals from 6 channels...
  Testing minus 'Anterior Deltoid' ... [CNNLSTMRegressor] Using device: cuda

Early stopping at epoch 60. Best Val Loss: 0.0888
MAE = 0.1476
  Testing minus 'Triceps Brachii' ... [CNNLSTMRegressor] Using device: cuda

Early stopping at epoch 96. Best Val Loss: 0.0925
MAE = 0.1518
  Testing minus 'Brachioradialis' ... [CNNLSTMRegressor] Using device: cuda

Early stopping at epoch 55. Best Val Loss: 0.1162
MAE = 0.1852
  Testing minus 'Flexor Carpi Ulnaris (FCU)' ... [CNNLSTMRegressor] Using device: cuda

Early stopping at epoch 70. Best Val Loss: 0.0733
MAE = 0.1284
  Testing minus 'pitch_rad2' ... [CNNLSTMRegressor] Using device: cuda

Early stopping at epoch 64. Best Val Loss: 0.1071
MAE = 0.1858
  Testing minus 'pitch_rad_diff' ... [CNNLSTMRegressor] Using device: cuda

Early stopping at epoch 85. Best Val Loss: 0.0994
MAE = 0.1418
+++ WINNER Step 21: Drop 'Flexor Carpi Ulnaris (FCU)' (New Best MAE: 0.1284)

[Step 22] Evaluating removals from 5 channels...
  Testing minus 'Anterior Deltoid' ... [CNNLSTMRegressor] Using device: cuda

Early stopping at epoch 96. Best Val Loss: 0.0885
MAE = 0.1539
  Testing minus 'Triceps Brachii' ... [CNNLSTMRegressor] Using device: cuda

Early stopping at epoch 86. Best Val Loss: 0.1147
MAE = 0.1995
  Testing minus 'Brachioradialis' ... [CNNLSTMRegressor] Using device: cuda

Early stopping at epoch 57. Best Val Loss: 0.1574
MAE = 0.2200
  Testing minus 'pitch_rad2' ... [CNNLSTMRegressor] Using device: cuda

Early stopping at epoch 103. Best Val Loss: 0.0966
MAE = 0.1784
  Testing minus 'pitch_rad_diff' ... [CNNLSTMRegressor] Using device: cuda

Early stopping at epoch 73. Best Val Loss: 0.1168
MAE = 0.1690
+++ WINNER Step 22: Drop 'Anterior Deltoid' (New Best MAE: 0.1539)

[Step 23] Evaluating removals from 4 channels...
  Testing minus 'Triceps Brachii' ... [CNNLSTMRegressor] Using device: cuda

Early stopping at epoch 42. Best Val Loss: 0.3171
MAE = 0.3129
  Testing minus 'Brachioradialis' ... [CNNLSTMRegressor] Using device: cuda

Early stopping at epoch 72. Best Val Loss: 0.2474
MAE = 0.2510
  Testing minus 'pitch_rad2' ... [CNNLSTMRegressor] Using device: cuda

Early stopping at epoch 67. Best Val Loss: 0.1180
MAE = 0.2131
  Testing minus 'pitch_rad_diff' ... [CNNLSTMRegressor] Using device: cuda

Early stopping at epoch 52. Best Val Loss: 0.1195
MAE = 0.1934
+++ WINNER Step 23: Drop 'pitch_rad_diff' (New Best MAE: 0.1934)

[Step 24] Evaluating removals from 3 channels...
  Testing minus 'Triceps Brachii' ... [CNNLSTMRegressor] Using device: cuda

Early stopping at epoch 108. Best Val Loss: 0.2008
MAE = 0.2447
  Testing minus 'Brachioradialis' ... [CNNLSTMRegressor] Using device: cuda

Early stopping at epoch 73. Best Val Loss: 0.2599
MAE = 0.2636
  Testing minus 'pitch_rad2' ... [CNNLSTMRegressor] Using device: cuda

Early stopping at epoch 48. Best Val Loss: 0.1468
MAE = 0.2271
+++ WINNER Step 24: Drop 'pitch_rad2' (New Best MAE: 0.2271)

[Step 25] Evaluating removals from 2 channels...
  Testing minus 'Triceps Brachii' ... [CNNLSTMRegressor] Using device: cuda

Early stopping at epoch 47. Best Val Loss: 0.3698
MAE = 0.3419
  Testing minus 'Brachioradialis' ... [CNNLSTMRegressor] Using device: cuda

Early stopping at epoch 59. Best Val Loss: 0.4228
MAE = 0.3611
+++ WINNER Step 25: Drop 'Triceps Brachii' (New Best MAE: 0.3419)

============================================================
Ablation study complete.
Report : /home/bwingen/thesis/Thesis/model/ablation/ablation_results/ablation_cnn_lstm_20260325_100247/ablation_cnn_lstm_report.txt
Plot   : /home/bwingen/thesis/Thesis/model/ablation/ablation_results/ablation_cnn_lstm_20260325_100247/sbs_performance_plot.png
============================================================
