Database found at /scratch/bwingen/thesis/database
Using Python: /scratch/bwingen/thesis_env/bin/python
Python 3.10.20
Results will be saved to: /home/bwingen/thesis/Thesis/model/model_results/run_20260414_093819
[DataLoader] Loaded 13831 raw segments (26 channels each)
Raw Segment Data Summary:
  - Total Segments: 13831
  - Channels (EMG + IMU): 26
  - Avg Segment Length: 2639 samples
  - Min / Max Segment Length: 21 / 142433 samples
Label vector (y) shape: (13831,) (Target: weight)

Starting 11-Fold Leave-One-Participant-Out Cross-Validation...
--- Fold 1/11 (Left out Participant: P01) ---
Initializing TCN Regressor with config: {'cnn_filters': [64, 128, 256, 256], 'cnn_kernel_sizes': [7, 5, 3, 3], 'pool_size': 4, 'tcn_channels': [128, 128, 256], 'tcn_kernel_size': 3, 'dropout_rate': 0.45, 'learning_rate': 0.001, 'weight_decay': 0.001, 'batch_size': 64, 'epochs': 1000, 'balance_weights': False, 'validation_split': 0.15, 'early_stopping_patience': 100, 'scheduler_T_0': 50, 'scheduler_T_mult': 2, 'random_state': 245}
[TCNRegressor] Using device: cuda

Early stopping at epoch 327. Best Val Loss: 0.1524
--- Fold 2/11 (Left out Participant: P02) ---
Initializing TCN Regressor with config: {'cnn_filters': [64, 128, 256, 256], 'cnn_kernel_sizes': [7, 5, 3, 3], 'pool_size': 4, 'tcn_channels': [128, 128, 256], 'tcn_kernel_size': 3, 'dropout_rate': 0.45, 'learning_rate': 0.001, 'weight_decay': 0.001, 'batch_size': 64, 'epochs': 1000, 'balance_weights': False, 'validation_split': 0.15, 'early_stopping_patience': 100, 'scheduler_T_0': 50, 'scheduler_T_mult': 2, 'random_state': 245}
[TCNRegressor] Using device: cuda

Early stopping at epoch 258. Best Val Loss: 0.1653
--- Fold 3/11 (Left out Participant: P03) ---
Initializing TCN Regressor with config: {'cnn_filters': [64, 128, 256, 256], 'cnn_kernel_sizes': [7, 5, 3, 3], 'pool_size': 4, 'tcn_channels': [128, 128, 256], 'tcn_kernel_size': 3, 'dropout_rate': 0.45, 'learning_rate': 0.001, 'weight_decay': 0.001, 'batch_size': 64, 'epochs': 1000, 'balance_weights': False, 'validation_split': 0.15, 'early_stopping_patience': 100, 'scheduler_T_0': 50, 'scheduler_T_mult': 2, 'random_state': 245}
[TCNRegressor] Using device: cuda

Early stopping at epoch 539. Best Val Loss: 0.1304
--- Fold 4/11 (Left out Participant: P04) ---
Initializing TCN Regressor with config: {'cnn_filters': [64, 128, 256, 256], 'cnn_kernel_sizes': [7, 5, 3, 3], 'pool_size': 4, 'tcn_channels': [128, 128, 256], 'tcn_kernel_size': 3, 'dropout_rate': 0.45, 'learning_rate': 0.001, 'weight_decay': 0.001, 'batch_size': 64, 'epochs': 1000, 'balance_weights': False, 'validation_split': 0.15, 'early_stopping_patience': 100, 'scheduler_T_0': 50, 'scheduler_T_mult': 2, 'random_state': 245}
[TCNRegressor] Using device: cuda

Early stopping at epoch 346. Best Val Loss: 0.1467
--- Fold 5/11 (Left out Participant: P05) ---
Initializing TCN Regressor with config: {'cnn_filters': [64, 128, 256, 256], 'cnn_kernel_sizes': [7, 5, 3, 3], 'pool_size': 4, 'tcn_channels': [128, 128, 256], 'tcn_kernel_size': 3, 'dropout_rate': 0.45, 'learning_rate': 0.001, 'weight_decay': 0.001, 'batch_size': 64, 'epochs': 1000, 'balance_weights': False, 'validation_split': 0.15, 'early_stopping_patience': 100, 'scheduler_T_0': 50, 'scheduler_T_mult': 2, 'random_state': 245}
[TCNRegressor] Using device: cuda

Early stopping at epoch 325. Best Val Loss: 0.1605
--- Fold 6/11 (Left out Participant: P06) ---
Initializing TCN Regressor with config: {'cnn_filters': [64, 128, 256, 256], 'cnn_kernel_sizes': [7, 5, 3, 3], 'pool_size': 4, 'tcn_channels': [128, 128, 256], 'tcn_kernel_size': 3, 'dropout_rate': 0.45, 'learning_rate': 0.001, 'weight_decay': 0.001, 'batch_size': 64, 'epochs': 1000, 'balance_weights': False, 'validation_split': 0.15, 'early_stopping_patience': 100, 'scheduler_T_0': 50, 'scheduler_T_mult': 2, 'random_state': 245}
[TCNRegressor] Using device: cuda

Early stopping at epoch 256. Best Val Loss: 0.1676
--- Fold 7/11 (Left out Participant: P07) ---
Initializing TCN Regressor with config: {'cnn_filters': [64, 128, 256, 256], 'cnn_kernel_sizes': [7, 5, 3, 3], 'pool_size': 4, 'tcn_channels': [128, 128, 256], 'tcn_kernel_size': 3, 'dropout_rate': 0.45, 'learning_rate': 0.001, 'weight_decay': 0.001, 'batch_size': 64, 'epochs': 1000, 'balance_weights': False, 'validation_split': 0.15, 'early_stopping_patience': 100, 'scheduler_T_0': 50, 'scheduler_T_mult': 2, 'random_state': 245}
[TCNRegressor] Using device: cuda

Early stopping at epoch 350. Best Val Loss: 0.1618
--- Fold 8/11 (Left out Participant: P08) ---
Initializing TCN Regressor with config: {'cnn_filters': [64, 128, 256, 256], 'cnn_kernel_sizes': [7, 5, 3, 3], 'pool_size': 4, 'tcn_channels': [128, 128, 256], 'tcn_kernel_size': 3, 'dropout_rate': 0.45, 'learning_rate': 0.001, 'weight_decay': 0.001, 'batch_size': 64, 'epochs': 1000, 'balance_weights': False, 'validation_split': 0.15, 'early_stopping_patience': 100, 'scheduler_T_0': 50, 'scheduler_T_mult': 2, 'random_state': 245}
[TCNRegressor] Using device: cuda

Early stopping at epoch 153. Best Val Loss: 0.1736
--- Fold 9/11 (Left out Participant: P09) ---
Initializing TCN Regressor with config: {'cnn_filters': [64, 128, 256, 256], 'cnn_kernel_sizes': [7, 5, 3, 3], 'pool_size': 4, 'tcn_channels': [128, 128, 256], 'tcn_kernel_size': 3, 'dropout_rate': 0.45, 'learning_rate': 0.001, 'weight_decay': 0.001, 'batch_size': 64, 'epochs': 1000, 'balance_weights': False, 'validation_split': 0.15, 'early_stopping_patience': 100, 'scheduler_T_0': 50, 'scheduler_T_mult': 2, 'random_state': 245}
[TCNRegressor] Using device: cuda

Early stopping at epoch 320. Best Val Loss: 0.1719
--- Fold 10/11 (Left out Participant: P10) ---
Initializing TCN Regressor with config: {'cnn_filters': [64, 128, 256, 256], 'cnn_kernel_sizes': [7, 5, 3, 3], 'pool_size': 4, 'tcn_channels': [128, 128, 256], 'tcn_kernel_size': 3, 'dropout_rate': 0.45, 'learning_rate': 0.001, 'weight_decay': 0.001, 'batch_size': 64, 'epochs': 1000, 'balance_weights': False, 'validation_split': 0.15, 'early_stopping_patience': 100, 'scheduler_T_0': 50, 'scheduler_T_mult': 2, 'random_state': 245}
[TCNRegressor] Using device: cuda

Early stopping at epoch 252. Best Val Loss: 0.1283
--- Fold 11/11 (Left out Participant: P11) ---
Initializing TCN Regressor with config: {'cnn_filters': [64, 128, 256, 256], 'cnn_kernel_sizes': [7, 5, 3, 3], 'pool_size': 4, 'tcn_channels': [128, 128, 256], 'tcn_kernel_size': 3, 'dropout_rate': 0.45, 'learning_rate': 0.001, 'weight_decay': 0.001, 'batch_size': 64, 'epochs': 1000, 'balance_weights': False, 'validation_split': 0.15, 'early_stopping_patience': 100, 'scheduler_T_0': 50, 'scheduler_T_mult': 2, 'random_state': 245}
[TCNRegressor] Using device: cuda

Early stopping at epoch 326. Best Val Loss: 0.1949

Training final model on full dataset for saving...
Initializing TCN Regressor with config: {'cnn_filters': [64, 128, 256, 256], 'cnn_kernel_sizes': [7, 5, 3, 3], 'pool_size': 4, 'tcn_channels': [128, 128, 256], 'tcn_kernel_size': 3, 'dropout_rate': 0.45, 'learning_rate': 0.001, 'weight_decay': 0.001, 'batch_size': 64, 'epochs': 1000, 'balance_weights': False, 'validation_split': 0.15, 'early_stopping_patience': 100, 'scheduler_T_0': 50, 'scheduler_T_mult': 2, 'random_state': 245}
[TCNRegressor] Using device: cuda

Early stopping at epoch 312. Best Val Loss: 0.1542
Regression plot saved to /home/bwingen/thesis/Thesis/model/model_results/run_20260414_093819/regression_plot.png
Loss plot saved to /home/bwingen/thesis/Thesis/model/model_results/run_20260414_093819/loss_plot.png
Participant performance plot saved to /home/bwingen/thesis/Thesis/model/model_results/run_20260414_093819/participant_performance.png
Sequence-length performance plot saved to /home/bwingen/thesis/Thesis/model/model_results/run_20260414_093819/seqlen_performance_plot.png

Performance report saved to /home/bwingen/thesis/Thesis/model/model_results/run_20260414_093819/performance_report.txt
