Running on gpu001
Working directory: /home/bwingen/thesis/Thesis
/home/bwingen/thesis/Thesis/.venv/bin/python
Python 3.11.13

--- GRID SEARCH ENABLED ---
Launching hyperparameter sweep for LSTM...
Starting LSTM hyperparameter sweep with 100 iterations...
Results will be saved to: /home/bwingen/thesis/Thesis/model/model_results/sweep_lstm_20260318_180717


--- Iteration 1/100 ---
Testing parameters: {'window_step_sec': 0.15, 'weight_decay': 0.0, 'num_layers': 4, 'learning_rate': 0.0005, 'imu_window_size_sec': 0.3, 'hidden_size': 256, 'emg_window_size_sec': 0.25, 'dropout_rate': 0.3, 'batch_size': 64}
[LSTMRegressor] Using device: cuda

Early stopping triggered at epoch 114. Best Val Loss: 0.0531
Iteration MAE: 0.1031, R2: 0.9862

>>> New Best Model! MAE: 0.1031

--- Iteration 2/100 ---
Testing parameters: {'window_step_sec': 0.15, 'weight_decay': 0.001, 'num_layers': 3, 'learning_rate': 0.01, 'imu_window_size_sec': 0.15, 'hidden_size': 64, 'emg_window_size_sec': 0.2, 'dropout_rate': 0.5, 'batch_size': 64}
[LSTMRegressor] Using device: cuda

Early stopping triggered at epoch 125. Best Val Loss: 0.0815
Iteration MAE: 0.0858, R2: 0.9838

>>> New Best Model! MAE: 0.0858

--- Iteration 3/100 ---
Testing parameters: {'window_step_sec': 0.1, 'weight_decay': 1e-05, 'num_layers': 3, 'learning_rate': 0.0005, 'imu_window_size_sec': 0.3, 'hidden_size': 64, 'emg_window_size_sec': 0.2, 'dropout_rate': 0.4, 'batch_size': 64}
[LSTMRegressor] Using device: cuda

Early stopping triggered at epoch 122. Best Val Loss: 0.0768
Iteration MAE: 0.1205, R2: 0.9824


--- Iteration 4/100 ---
Testing parameters: {'window_step_sec': 0.15, 'weight_decay': 0.0, 'num_layers': 3, 'learning_rate': 0.01, 'imu_window_size_sec': 0.2, 'hidden_size': 128, 'emg_window_size_sec': 0.25, 'dropout_rate': 0.2, 'batch_size': 256}
[LSTMRegressor] Using device: cuda

Early stopping triggered at epoch 123. Best Val Loss: 0.0514
Iteration MAE: 0.0830, R2: 0.9839

>>> New Best Model! MAE: 0.0830

--- Iteration 5/100 ---
Testing parameters: {'window_step_sec': 0.15, 'weight_decay': 0.001, 'num_layers': 2, 'learning_rate': 0.001, 'imu_window_size_sec': 0.15, 'hidden_size': 64, 'emg_window_size_sec': 0.25, 'dropout_rate': 0.3, 'batch_size': 64}
[LSTMRegressor] Using device: cuda

Early stopping triggered at epoch 114. Best Val Loss: 0.0941
Iteration MAE: 0.1331, R2: 0.9809


--- Iteration 6/100 ---
Testing parameters: {'window_step_sec': 0.05, 'weight_decay': 0.0, 'num_layers': 2, 'learning_rate': 0.001, 'imu_window_size_sec': 0.25, 'hidden_size': 256, 'emg_window_size_sec': 0.1, 'dropout_rate': 0.3, 'batch_size': 64}
[LSTMRegressor] Using device: cuda

Early stopping triggered at epoch 113. Best Val Loss: 0.0508
Iteration MAE: 0.0969, R2: 0.9850


--- Iteration 7/100 ---
Testing parameters: {'window_step_sec': 0.1, 'weight_decay': 1e-05, 'num_layers': 1, 'learning_rate': 0.01, 'imu_window_size_sec': 0.25, 'hidden_size': 32, 'emg_window_size_sec': 0.2, 'dropout_rate': 0.4, 'batch_size': 128}
[LSTMRegressor] Using device: cuda

Early stopping triggered at epoch 106. Best Val Loss: 0.1436
Iteration MAE: 0.2336, R2: 0.9561


--- Iteration 8/100 ---
Testing parameters: {'window_step_sec': 0.1, 'weight_decay': 0.001, 'num_layers': 2, 'learning_rate': 0.01, 'imu_window_size_sec': 0.2, 'hidden_size': 64, 'emg_window_size_sec': 0.2, 'dropout_rate': 0.4, 'batch_size': 32}
[LSTMRegressor] Using device: cuda

Early stopping triggered at epoch 123. Best Val Loss: 0.0530
Iteration MAE: 0.0801, R2: 0.9851

>>> New Best Model! MAE: 0.0801

--- Iteration 9/100 ---
Testing parameters: {'window_step_sec': 0.05, 'weight_decay': 0.001, 'num_layers': 1, 'learning_rate': 0.001, 'imu_window_size_sec': 0.3, 'hidden_size': 256, 'emg_window_size_sec': 0.25, 'dropout_rate': 0.4, 'batch_size': 64}
[LSTMRegressor] Using device: cuda

Early stopping triggered at epoch 150. Best Val Loss: 0.0888
Iteration MAE: 0.1266, R2: 0.9808


--- Iteration 10/100 ---
Testing parameters: {'window_step_sec': 0.05, 'weight_decay': 0.0001, 'num_layers': 4, 'learning_rate': 0.005, 'imu_window_size_sec': 0.3, 'hidden_size': 256, 'emg_window_size_sec': 0.2, 'dropout_rate': 0.1, 'batch_size': 64}
[LSTMRegressor] Using device: cuda

Early stopping triggered at epoch 139. Best Val Loss: 0.0627
Iteration MAE: 0.0760, R2: 0.9820

>>> New Best Model! MAE: 0.0760

--- Iteration 11/100 ---
Testing parameters: {'window_step_sec': 0.05, 'weight_decay': 1e-05, 'num_layers': 1, 'learning_rate': 0.005, 'imu_window_size_sec': 0.15, 'hidden_size': 256, 'emg_window_size_sec': 0.15, 'dropout_rate': 0.2, 'batch_size': 128}
[LSTMRegressor] Using device: cuda

Early stopping triggered at epoch 124. Best Val Loss: 0.0895
Iteration MAE: 0.1412, R2: 0.9768


--- Iteration 12/100 ---
Testing parameters: {'window_step_sec': 0.1, 'weight_decay': 0.0001, 'num_layers': 1, 'learning_rate': 0.005, 'imu_window_size_sec': 0.15, 'hidden_size': 512, 'emg_window_size_sec': 0.15, 'dropout_rate': 0.3, 'batch_size': 128}
[LSTMRegressor] Using device: cuda

Early stopping triggered at epoch 140. Best Val Loss: 0.0616
Iteration MAE: 0.1227, R2: 0.9809


--- Iteration 13/100 ---
Testing parameters: {'window_step_sec': 0.1, 'weight_decay': 0.0001, 'num_layers': 1, 'learning_rate': 0.01, 'imu_window_size_sec': 0.15, 'hidden_size': 128, 'emg_window_size_sec': 0.1, 'dropout_rate': 0.4, 'batch_size': 256}
[LSTMRegressor] Using device: cuda

Early stopping triggered at epoch 117. Best Val Loss: 0.1052
Iteration MAE: 0.1864, R2: 0.9671


--- Iteration 14/100 ---
Testing parameters: {'window_step_sec': 0.15, 'weight_decay': 0.0, 'num_layers': 1, 'learning_rate': 0.0005, 'imu_window_size_sec': 0.25, 'hidden_size': 256, 'emg_window_size_sec': 0.2, 'dropout_rate': 0.3, 'batch_size': 32}
[LSTMRegressor] Using device: cuda

Early stopping triggered at epoch 124. Best Val Loss: 0.0911
Iteration MAE: 0.1424, R2: 0.9801


--- Iteration 15/100 ---
Testing parameters: {'window_step_sec': 0.15, 'weight_decay': 0.0001, 'num_layers': 2, 'learning_rate': 0.005, 'imu_window_size_sec': 0.2, 'hidden_size': 512, 'emg_window_size_sec': 0.1, 'dropout_rate': 0.5, 'batch_size': 32}
[LSTMRegressor] Using device: cuda

Early stopping triggered at epoch 119. Best Val Loss: 0.0539
Iteration MAE: 0.0905, R2: 0.9818


--- Iteration 16/100 ---
Testing parameters: {'window_step_sec': 0.15, 'weight_decay': 1e-05, 'num_layers': 2, 'learning_rate': 0.001, 'imu_window_size_sec': 0.2, 'hidden_size': 128, 'emg_window_size_sec': 0.1, 'dropout_rate': 0.3, 'batch_size': 256}
[LSTMRegressor] Using device: cuda

Early stopping triggered at epoch 119. Best Val Loss: 0.0992
Iteration MAE: 0.1391, R2: 0.9789


--- Iteration 17/100 ---
Testing parameters: {'window_step_sec': 0.15, 'weight_decay': 0.001, 'num_layers': 1, 'learning_rate': 0.005, 'imu_window_size_sec': 0.25, 'hidden_size': 128, 'emg_window_size_sec': 0.2, 'dropout_rate': 0.3, 'batch_size': 128}
[LSTMRegressor] Using device: cuda

Early stopping triggered at epoch 119. Best Val Loss: 0.0965
Iteration MAE: 0.1668, R2: 0.9746


--- Iteration 18/100 ---
Testing parameters: {'window_step_sec': 0.1, 'weight_decay': 0.0, 'num_layers': 4, 'learning_rate': 0.0005, 'imu_window_size_sec': 0.15, 'hidden_size': 512, 'emg_window_size_sec': 0.15, 'dropout_rate': 0.2, 'batch_size': 256}
[LSTMRegressor] Using device: cuda

Early stopping triggered at epoch 159. Best Val Loss: 0.0563
Iteration MAE: 0.1014, R2: 0.9851


--- Iteration 19/100 ---
Testing parameters: {'window_step_sec': 0.05, 'weight_decay': 0.001, 'num_layers': 3, 'learning_rate': 0.005, 'imu_window_size_sec': 0.15, 'hidden_size': 512, 'emg_window_size_sec': 0.25, 'dropout_rate': 0.3, 'batch_size': 128}
[LSTMRegressor] Using device: cuda

Early stopping triggered at epoch 122. Best Val Loss: 0.0458
Iteration MAE: 0.0726, R2: 0.9864

>>> New Best Model! MAE: 0.0726

--- Iteration 20/100 ---
Testing parameters: {'window_step_sec': 0.15, 'weight_decay': 0.001, 'num_layers': 4, 'learning_rate': 0.01, 'imu_window_size_sec': 0.15, 'hidden_size': 256, 'emg_window_size_sec': 0.15, 'dropout_rate': 0.3, 'batch_size': 256}
[LSTMRegressor] Using device: cuda

Early stopping triggered at epoch 138. Best Val Loss: 0.0399
Iteration MAE: 0.0702, R2: 0.9871

>>> New Best Model! MAE: 0.0702

--- Iteration 21/100 ---
Testing parameters: {'window_step_sec': 0.15, 'weight_decay': 0.001, 'num_layers': 1, 'learning_rate': 0.001, 'imu_window_size_sec': 0.25, 'hidden_size': 512, 'emg_window_size_sec': 0.2, 'dropout_rate': 0.2, 'batch_size': 64}
[LSTMRegressor] Using device: cuda

Early stopping triggered at epoch 120. Best Val Loss: 0.0787
Iteration MAE: 0.1326, R2: 0.9816


--- Iteration 22/100 ---
Testing parameters: {'window_step_sec': 0.15, 'weight_decay': 0.0001, 'num_layers': 2, 'learning_rate': 0.0005, 'imu_window_size_sec': 0.15, 'hidden_size': 128, 'emg_window_size_sec': 0.15, 'dropout_rate': 0.1, 'batch_size': 256}
[LSTMRegressor] Using device: cuda

Early stopping triggered at epoch 170. Best Val Loss: 0.0833
Iteration MAE: 0.1449, R2: 0.9788


--- Iteration 23/100 ---
Testing parameters: {'window_step_sec': 0.05, 'weight_decay': 0.0, 'num_layers': 1, 'learning_rate': 0.005, 'imu_window_size_sec': 0.3, 'hidden_size': 256, 'emg_window_size_sec': 0.25, 'dropout_rate': 0.4, 'batch_size': 128}
[LSTMRegressor] Using device: cuda

Early stopping triggered at epoch 118. Best Val Loss: 0.0911
Iteration MAE: 0.1327, R2: 0.9797


--- Iteration 24/100 ---
Testing parameters: {'window_step_sec': 0.05, 'weight_decay': 1e-05, 'num_layers': 3, 'learning_rate': 0.001, 'imu_window_size_sec': 0.25, 'hidden_size': 32, 'emg_window_size_sec': 0.1, 'dropout_rate': 0.3, 'batch_size': 128}
[LSTMRegressor] Using device: cuda

Early stopping triggered at epoch 112. Best Val Loss: 0.0797
Iteration MAE: 0.1637, R2: 0.9687


--- Iteration 25/100 ---
Testing parameters: {'window_step_sec': 0.05, 'weight_decay': 1e-05, 'num_layers': 3, 'learning_rate': 0.01, 'imu_window_size_sec': 0.3, 'hidden_size': 64, 'emg_window_size_sec': 0.25, 'dropout_rate': 0.2, 'batch_size': 256}
[LSTMRegressor] Using device: cuda

Early stopping triggered at epoch 120. Best Val Loss: 0.0638
Iteration MAE: 0.0961, R2: 0.9805


--- Iteration 26/100 ---
Testing parameters: {'window_step_sec': 0.1, 'weight_decay': 0.001, 'num_layers': 1, 'learning_rate': 0.001, 'imu_window_size_sec': 0.15, 'hidden_size': 512, 'emg_window_size_sec': 0.1, 'dropout_rate': 0.1, 'batch_size': 128}
[LSTMRegressor] Using device: cuda

Early stopping triggered at epoch 131. Best Val Loss: 0.0824
Iteration MAE: 0.1395, R2: 0.9803


--- Iteration 27/100 ---
Testing parameters: {'window_step_sec': 0.1, 'weight_decay': 0.0001, 'num_layers': 3, 'learning_rate': 0.005, 'imu_window_size_sec': 0.25, 'hidden_size': 512, 'emg_window_size_sec': 0.2, 'dropout_rate': 0.5, 'batch_size': 64}
[LSTMRegressor] Using device: cuda

Early stopping triggered at epoch 121. Best Val Loss: 0.0450
Iteration MAE: 0.0736, R2: 0.9833


--- Iteration 28/100 ---
Testing parameters: {'window_step_sec': 0.15, 'weight_decay': 0.001, 'num_layers': 1, 'learning_rate': 0.01, 'imu_window_size_sec': 0.3, 'hidden_size': 512, 'emg_window_size_sec': 0.15, 'dropout_rate': 0.4, 'batch_size': 64}
[LSTMRegressor] Using device: cuda

Early stopping triggered at epoch 115. Best Val Loss: 0.1078
Iteration MAE: 0.1406, R2: 0.9781


--- Iteration 29/100 ---
Testing parameters: {'window_step_sec': 0.15, 'weight_decay': 0.001, 'num_layers': 1, 'learning_rate': 0.001, 'imu_window_size_sec': 0.25, 'hidden_size': 256, 'emg_window_size_sec': 0.1, 'dropout_rate': 0.1, 'batch_size': 32}
[LSTMRegressor] Using device: cuda

Early stopping triggered at epoch 140. Best Val Loss: 0.0702
Iteration MAE: 0.1205, R2: 0.9850


--- Iteration 30/100 ---
Testing parameters: {'window_step_sec': 0.05, 'weight_decay': 1e-05, 'num_layers': 2, 'learning_rate': 0.0005, 'imu_window_size_sec': 0.2, 'hidden_size': 64, 'emg_window_size_sec': 0.1, 'dropout_rate': 0.4, 'batch_size': 64}
[LSTMRegressor] Using device: cuda

Early stopping triggered at epoch 177. Best Val Loss: 0.0607
Iteration MAE: 0.0965, R2: 0.9841


--- Iteration 31/100 ---
Testing parameters: {'window_step_sec': 0.1, 'weight_decay': 0.0, 'num_layers': 2, 'learning_rate': 0.001, 'imu_window_size_sec': 0.25, 'hidden_size': 32, 'emg_window_size_sec': 0.15, 'dropout_rate': 0.5, 'batch_size': 32}
[LSTMRegressor] Using device: cuda

Early stopping triggered at epoch 128. Best Val Loss: 0.0668
Iteration MAE: 0.0933, R2: 0.9855


--- Iteration 32/100 ---
Testing parameters: {'window_step_sec': 0.05, 'weight_decay': 0.001, 'num_layers': 4, 'learning_rate': 0.01, 'imu_window_size_sec': 0.15, 'hidden_size': 512, 'emg_window_size_sec': 0.15, 'dropout_rate': 0.4, 'batch_size': 64}
[LSTMRegressor] Using device: cuda

Early stopping triggered at epoch 132. Best Val Loss: 0.0608
Iteration MAE: 0.0999, R2: 0.9809


--- Iteration 33/100 ---
Testing parameters: {'window_step_sec': 0.05, 'weight_decay': 0.0001, 'num_layers': 3, 'learning_rate': 0.01, 'imu_window_size_sec': 0.15, 'hidden_size': 32, 'emg_window_size_sec': 0.2, 'dropout_rate': 0.1, 'batch_size': 64}
[LSTMRegressor] Using device: cuda

Early stopping triggered at epoch 124. Best Val Loss: 0.0725
Iteration MAE: 0.0876, R2: 0.9817


--- Iteration 34/100 ---
Testing parameters: {'window_step_sec': 0.1, 'weight_decay': 0.0001, 'num_layers': 4, 'learning_rate': 0.0005, 'imu_window_size_sec': 0.3, 'hidden_size': 128, 'emg_window_size_sec': 0.15, 'dropout_rate': 0.5, 'batch_size': 32}
[LSTMRegressor] Using device: cuda

Early stopping triggered at epoch 104. Best Val Loss: 0.0822
Iteration MAE: 0.1473, R2: 0.9776


--- Iteration 35/100 ---
Testing parameters: {'window_step_sec': 0.05, 'weight_decay': 1e-05, 'num_layers': 2, 'learning_rate': 0.001, 'imu_window_size_sec': 0.15, 'hidden_size': 64, 'emg_window_size_sec': 0.1, 'dropout_rate': 0.3, 'batch_size': 32}
[LSTMRegressor] Using device: cuda

Early stopping triggered at epoch 113. Best Val Loss: 0.0646
Iteration MAE: 0.1090, R2: 0.9816


--- Iteration 36/100 ---
Testing parameters: {'window_step_sec': 0.1, 'weight_decay': 0.001, 'num_layers': 3, 'learning_rate': 0.005, 'imu_window_size_sec': 0.15, 'hidden_size': 64, 'emg_window_size_sec': 0.25, 'dropout_rate': 0.3, 'batch_size': 256}
[LSTMRegressor] Using device: cuda

Early stopping triggered at epoch 125. Best Val Loss: 0.0649
Iteration MAE: 0.0933, R2: 0.9850


--- Iteration 37/100 ---
Testing parameters: {'window_step_sec': 0.15, 'weight_decay': 0.0, 'num_layers': 1, 'learning_rate': 0.001, 'imu_window_size_sec': 0.15, 'hidden_size': 32, 'emg_window_size_sec': 0.15, 'dropout_rate': 0.1, 'batch_size': 32}
[LSTMRegressor] Using device: cuda

Early stopping triggered at epoch 145. Best Val Loss: 0.1519
Iteration MAE: 0.2243, R2: 0.9574


--- Iteration 38/100 ---
Testing parameters: {'window_step_sec': 0.15, 'weight_decay': 0.0, 'num_layers': 4, 'learning_rate': 0.005, 'imu_window_size_sec': 0.15, 'hidden_size': 512, 'emg_window_size_sec': 0.2, 'dropout_rate': 0.3, 'batch_size': 32}
[LSTMRegressor] Using device: cuda

Early stopping triggered at epoch 107. Best Val Loss: 0.0755
Iteration MAE: 0.1492, R2: 0.9725


--- Iteration 39/100 ---
Testing parameters: {'window_step_sec': 0.1, 'weight_decay': 1e-05, 'num_layers': 4, 'learning_rate': 0.005, 'imu_window_size_sec': 0.2, 'hidden_size': 512, 'emg_window_size_sec': 0.2, 'dropout_rate': 0.2, 'batch_size': 256}
[LSTMRegressor] Using device: cuda

Early stopping triggered at epoch 130. Best Val Loss: 0.0488
Iteration MAE: 0.0908, R2: 0.9819


--- Iteration 40/100 ---
Testing parameters: {'window_step_sec': 0.05, 'weight_decay': 1e-05, 'num_layers': 1, 'learning_rate': 0.0005, 'imu_window_size_sec': 0.25, 'hidden_size': 512, 'emg_window_size_sec': 0.1, 'dropout_rate': 0.5, 'batch_size': 64}
[LSTMRegressor] Using device: cuda

Early stopping triggered at epoch 127. Best Val Loss: 0.0763
Iteration MAE: 0.1347, R2: 0.9804


--- Iteration 41/100 ---
Testing parameters: {'window_step_sec': 0.05, 'weight_decay': 0.0, 'num_layers': 3, 'learning_rate': 0.0005, 'imu_window_size_sec': 0.3, 'hidden_size': 128, 'emg_window_size_sec': 0.2, 'dropout_rate': 0.3, 'batch_size': 256}
[LSTMRegressor] Using device: cuda

Early stopping triggered at epoch 118. Best Val Loss: 0.0979
Iteration MAE: 0.1398, R2: 0.9777


--- Iteration 42/100 ---
Testing parameters: {'window_step_sec': 0.05, 'weight_decay': 1e-05, 'num_layers': 3, 'learning_rate': 0.005, 'imu_window_size_sec': 0.2, 'hidden_size': 128, 'emg_window_size_sec': 0.2, 'dropout_rate': 0.1, 'batch_size': 256}
[LSTMRegressor] Using device: cuda

Early stopping triggered at epoch 106. Best Val Loss: 0.0681
Iteration MAE: 0.1181, R2: 0.9798


--- Iteration 43/100 ---
Testing parameters: {'window_step_sec': 0.1, 'weight_decay': 0.0, 'num_layers': 2, 'learning_rate': 0.0005, 'imu_window_size_sec': 0.15, 'hidden_size': 128, 'emg_window_size_sec': 0.2, 'dropout_rate': 0.1, 'batch_size': 256}
[LSTMRegressor] Using device: cuda

Early stopping triggered at epoch 112. Best Val Loss: 0.1001
Iteration MAE: 0.1524, R2: 0.9764


--- Iteration 44/100 ---
Testing parameters: {'window_step_sec': 0.05, 'weight_decay': 0.001, 'num_layers': 3, 'learning_rate': 0.01, 'imu_window_size_sec': 0.3, 'hidden_size': 64, 'emg_window_size_sec': 0.15, 'dropout_rate': 0.4, 'batch_size': 128}
[LSTMRegressor] Using device: cuda

Early stopping triggered at epoch 113. Best Val Loss: 0.0521
Iteration MAE: 0.1128, R2: 0.9775


--- Iteration 45/100 ---
Testing parameters: {'window_step_sec': 0.1, 'weight_decay': 0.0, 'num_layers': 3, 'learning_rate': 0.005, 'imu_window_size_sec': 0.25, 'hidden_size': 64, 'emg_window_size_sec': 0.15, 'dropout_rate': 0.2, 'batch_size': 128}
[LSTMRegressor] Using device: cuda

Early stopping triggered at epoch 119. Best Val Loss: 0.0510
Iteration MAE: 0.0924, R2: 0.9835


--- Iteration 46/100 ---
Testing parameters: {'window_step_sec': 0.05, 'weight_decay': 0.0, 'num_layers': 3, 'learning_rate': 0.001, 'imu_window_size_sec': 0.2, 'hidden_size': 32, 'emg_window_size_sec': 0.2, 'dropout_rate': 0.4, 'batch_size': 128}
[LSTMRegressor] Using device: cuda

Early stopping triggered at epoch 131. Best Val Loss: 0.0880
Iteration MAE: 0.1399, R2: 0.9710


--- Iteration 47/100 ---
Testing parameters: {'window_step_sec': 0.05, 'weight_decay': 0.0, 'num_layers': 4, 'learning_rate': 0.01, 'imu_window_size_sec': 0.25, 'hidden_size': 256, 'emg_window_size_sec': 0.15, 'dropout_rate': 0.5, 'batch_size': 32}
[LSTMRegressor] Using device: cuda

Early stopping triggered at epoch 120. Best Val Loss: 0.0684
Iteration MAE: 0.1179, R2: 0.9759


--- Iteration 48/100 ---
Testing parameters: {'window_step_sec': 0.05, 'weight_decay': 0.001, 'num_layers': 3, 'learning_rate': 0.005, 'imu_window_size_sec': 0.15, 'hidden_size': 512, 'emg_window_size_sec': 0.15, 'dropout_rate': 0.2, 'batch_size': 256}
[LSTMRegressor] Using device: cuda

Early stopping triggered at epoch 111. Best Val Loss: 0.0556
Iteration MAE: 0.1107, R2: 0.9804


--- Iteration 49/100 ---
Testing parameters: {'window_step_sec': 0.1, 'weight_decay': 0.0001, 'num_layers': 2, 'learning_rate': 0.0005, 'imu_window_size_sec': 0.3, 'hidden_size': 64, 'emg_window_size_sec': 0.1, 'dropout_rate': 0.4, 'batch_size': 64}
[LSTMRegressor] Using device: cuda

Early stopping triggered at epoch 141. Best Val Loss: 0.0969
Iteration MAE: 0.1348, R2: 0.9784


--- Iteration 50/100 ---
Testing parameters: {'window_step_sec': 0.1, 'weight_decay': 0.0001, 'num_layers': 4, 'learning_rate': 0.001, 'imu_window_size_sec': 0.15, 'hidden_size': 256, 'emg_window_size_sec': 0.15, 'dropout_rate': 0.2, 'batch_size': 256}
[LSTMRegressor] Using device: cuda

Early stopping triggered at epoch 138. Best Val Loss: 0.0624
Iteration MAE: 0.1083, R2: 0.9829


--- Iteration 51/100 ---
Testing parameters: {'window_step_sec': 0.1, 'weight_decay': 0.0001, 'num_layers': 4, 'learning_rate': 0.01, 'imu_window_size_sec': 0.15, 'hidden_size': 64, 'emg_window_size_sec': 0.1, 'dropout_rate': 0.1, 'batch_size': 128}
[LSTMRegressor] Using device: cuda

Early stopping triggered at epoch 114. Best Val Loss: 0.0644
Iteration MAE: 0.1085, R2: 0.9813


--- Iteration 52/100 ---
Testing parameters: {'window_step_sec': 0.05, 'weight_decay': 1e-05, 'num_layers': 3, 'learning_rate': 0.01, 'imu_window_size_sec': 0.15, 'hidden_size': 256, 'emg_window_size_sec': 0.1, 'dropout_rate': 0.4, 'batch_size': 32}
[LSTMRegressor] Using device: cuda

Early stopping triggered at epoch 122. Best Val Loss: 0.0756
Iteration MAE: 0.1038, R2: 0.9773


--- Iteration 53/100 ---
Testing parameters: {'window_step_sec': 0.15, 'weight_decay': 0.0001, 'num_layers': 4, 'learning_rate': 0.01, 'imu_window_size_sec': 0.3, 'hidden_size': 256, 'emg_window_size_sec': 0.2, 'dropout_rate': 0.2, 'batch_size': 256}
[LSTMRegressor] Using device: cuda

Early stopping triggered at epoch 117. Best Val Loss: 0.0536
Iteration MAE: 0.1099, R2: 0.9806


--- Iteration 54/100 ---
Testing parameters: {'window_step_sec': 0.05, 'weight_decay': 1e-05, 'num_layers': 4, 'learning_rate': 0.005, 'imu_window_size_sec': 0.25, 'hidden_size': 256, 'emg_window_size_sec': 0.1, 'dropout_rate': 0.4, 'batch_size': 256}
[LSTMRegressor] Using device: cuda

Early stopping triggered at epoch 128. Best Val Loss: 0.0591
Iteration MAE: 0.1148, R2: 0.9766


--- Iteration 55/100 ---
Testing parameters: {'window_step_sec': 0.05, 'weight_decay': 0.0001, 'num_layers': 2, 'learning_rate': 0.01, 'imu_window_size_sec': 0.25, 'hidden_size': 256, 'emg_window_size_sec': 0.25, 'dropout_rate': 0.2, 'batch_size': 64}
[LSTMRegressor] Using device: cuda

Early stopping triggered at epoch 117. Best Val Loss: 0.0542
Iteration MAE: 0.1154, R2: 0.9793


--- Iteration 56/100 ---
Testing parameters: {'window_step_sec': 0.1, 'weight_decay': 0.0, 'num_layers': 2, 'learning_rate': 0.0005, 'imu_window_size_sec': 0.2, 'hidden_size': 512, 'emg_window_size_sec': 0.1, 'dropout_rate': 0.1, 'batch_size': 64}
[LSTMRegressor] Using device: cuda

Early stopping triggered at epoch 166. Best Val Loss: 0.0626
Iteration MAE: 0.0884, R2: 0.9872


--- Iteration 57/100 ---
Testing parameters: {'window_step_sec': 0.15, 'weight_decay': 0.0001, 'num_layers': 3, 'learning_rate': 0.001, 'imu_window_size_sec': 0.15, 'hidden_size': 256, 'emg_window_size_sec': 0.15, 'dropout_rate': 0.5, 'batch_size': 256}
[LSTMRegressor] Using device: cuda

Early stopping triggered at epoch 118. Best Val Loss: 0.0690
Iteration MAE: 0.1263, R2: 0.9817


--- Iteration 58/100 ---
Testing parameters: {'window_step_sec': 0.1, 'weight_decay': 0.0001, 'num_layers': 1, 'learning_rate': 0.005, 'imu_window_size_sec': 0.15, 'hidden_size': 64, 'emg_window_size_sec': 0.1, 'dropout_rate': 0.4, 'batch_size': 128}
[LSTMRegressor] Using device: cuda

Early stopping triggered at epoch 113. Best Val Loss: 0.1226
Iteration MAE: 0.2102, R2: 0.9613


--- Iteration 59/100 ---
Testing parameters: {'window_step_sec': 0.05, 'weight_decay': 0.001, 'num_layers': 3, 'learning_rate': 0.005, 'imu_window_size_sec': 0.25, 'hidden_size': 64, 'emg_window_size_sec': 0.15, 'dropout_rate': 0.4, 'batch_size': 256}
[LSTMRegressor] Using device: cuda

Early stopping triggered at epoch 115. Best Val Loss: 0.0617
Iteration MAE: 0.1040, R2: 0.9814


--- Iteration 60/100 ---
Testing parameters: {'window_step_sec': 0.1, 'weight_decay': 0.0, 'num_layers': 4, 'learning_rate': 0.005, 'imu_window_size_sec': 0.15, 'hidden_size': 64, 'emg_window_size_sec': 0.2, 'dropout_rate': 0.4, 'batch_size': 128}
[LSTMRegressor] Using device: cuda

Early stopping triggered at epoch 120. Best Val Loss: 0.0573
Iteration MAE: 0.0889, R2: 0.9828


--- Iteration 61/100 ---
Testing parameters: {'window_step_sec': 0.1, 'weight_decay': 0.0, 'num_layers': 4, 'learning_rate': 0.01, 'imu_window_size_sec': 0.25, 'hidden_size': 128, 'emg_window_size_sec': 0.2, 'dropout_rate': 0.1, 'batch_size': 256}
[LSTMRegressor] Using device: cuda

Early stopping triggered at epoch 112. Best Val Loss: 0.0596
Iteration MAE: 0.1149, R2: 0.9773


--- Iteration 62/100 ---
Testing parameters: {'window_step_sec': 0.1, 'weight_decay': 0.0, 'num_layers': 4, 'learning_rate': 0.01, 'imu_window_size_sec': 0.25, 'hidden_size': 256, 'emg_window_size_sec': 0.1, 'dropout_rate': 0.2, 'batch_size': 128}
[LSTMRegressor] Using device: cuda

Early stopping triggered at epoch 112. Best Val Loss: 0.0625
Iteration MAE: 0.0962, R2: 0.9818


--- Iteration 63/100 ---
Testing parameters: {'window_step_sec': 0.05, 'weight_decay': 0.0, 'num_layers': 2, 'learning_rate': 0.01, 'imu_window_size_sec': 0.3, 'hidden_size': 256, 'emg_window_size_sec': 0.2, 'dropout_rate': 0.3, 'batch_size': 256}
[LSTMRegressor] Using device: cuda

Early stopping triggered at epoch 113. Best Val Loss: 0.0735
Iteration MAE: 0.0894, R2: 0.9813


--- Iteration 64/100 ---
Testing parameters: {'window_step_sec': 0.15, 'weight_decay': 0.001, 'num_layers': 1, 'learning_rate': 0.005, 'imu_window_size_sec': 0.2, 'hidden_size': 256, 'emg_window_size_sec': 0.1, 'dropout_rate': 0.4, 'batch_size': 128}
[LSTMRegressor] Using device: cuda

Early stopping triggered at epoch 141. Best Val Loss: 0.0922
Iteration MAE: 0.1283, R2: 0.9822


--- Iteration 65/100 ---
Testing parameters: {'window_step_sec': 0.15, 'weight_decay': 1e-05, 'num_layers': 2, 'learning_rate': 0.01, 'imu_window_size_sec': 0.15, 'hidden_size': 64, 'emg_window_size_sec': 0.25, 'dropout_rate': 0.3, 'batch_size': 128}
[LSTMRegressor] Using device: cuda

Early stopping triggered at epoch 123. Best Val Loss: 0.0651
Iteration MAE: 0.0963, R2: 0.9843


--- Iteration 66/100 ---
Testing parameters: {'window_step_sec': 0.05, 'weight_decay': 0.001, 'num_layers': 1, 'learning_rate': 0.0005, 'imu_window_size_sec': 0.2, 'hidden_size': 256, 'emg_window_size_sec': 0.15, 'dropout_rate': 0.3, 'batch_size': 32}
[LSTMRegressor] Using device: cuda

Early stopping triggered at epoch 156. Best Val Loss: 0.0826
Iteration MAE: 0.1194, R2: 0.9821


--- Iteration 67/100 ---
Testing parameters: {'window_step_sec': 0.1, 'weight_decay': 0.0, 'num_layers': 2, 'learning_rate': 0.001, 'imu_window_size_sec': 0.25, 'hidden_size': 32, 'emg_window_size_sec': 0.2, 'dropout_rate': 0.5, 'batch_size': 128}
[LSTMRegressor] Using device: cuda

Early stopping triggered at epoch 123. Best Val Loss: 0.0878
Iteration MAE: 0.1331, R2: 0.9791


--- Iteration 68/100 ---
Testing parameters: {'window_step_sec': 0.15, 'weight_decay': 0.001, 'num_layers': 3, 'learning_rate': 0.0005, 'imu_window_size_sec': 0.2, 'hidden_size': 512, 'emg_window_size_sec': 0.15, 'dropout_rate': 0.2, 'batch_size': 64}
[LSTMRegressor] Using device: cuda

Early stopping triggered at epoch 136. Best Val Loss: 0.0452
Iteration MAE: 0.0768, R2: 0.9897


--- Iteration 69/100 ---
Testing parameters: {'window_step_sec': 0.15, 'weight_decay': 0.0, 'num_layers': 2, 'learning_rate': 0.0005, 'imu_window_size_sec': 0.15, 'hidden_size': 32, 'emg_window_size_sec': 0.25, 'dropout_rate': 0.1, 'batch_size': 32}
[LSTMRegressor] Using device: cuda

Early stopping triggered at epoch 122. Best Val Loss: 0.1117
Iteration MAE: 0.1486, R2: 0.9767


--- Iteration 70/100 ---
Testing parameters: {'window_step_sec': 0.15, 'weight_decay': 1e-05, 'num_layers': 3, 'learning_rate': 0.001, 'imu_window_size_sec': 0.25, 'hidden_size': 128, 'emg_window_size_sec': 0.2, 'dropout_rate': 0.3, 'batch_size': 32}
[LSTMRegressor] Using device: cuda

Early stopping triggered at epoch 127. Best Val Loss: 0.0388
Iteration MAE: 0.0735, R2: 0.9898


--- Iteration 71/100 ---
Testing parameters: {'window_step_sec': 0.15, 'weight_decay': 0.0, 'num_layers': 4, 'learning_rate': 0.001, 'imu_window_size_sec': 0.25, 'hidden_size': 32, 'emg_window_size_sec': 0.25, 'dropout_rate': 0.2, 'batch_size': 256}
[LSTMRegressor] Using device: cuda

Early stopping triggered at epoch 127. Best Val Loss: 0.1180
Iteration MAE: 0.1424, R2: 0.9775


--- Iteration 72/100 ---
Testing parameters: {'window_step_sec': 0.05, 'weight_decay': 0.0, 'num_layers': 3, 'learning_rate': 0.005, 'imu_window_size_sec': 0.25, 'hidden_size': 128, 'emg_window_size_sec': 0.1, 'dropout_rate': 0.3, 'batch_size': 256}
[LSTMRegressor] Using device: cuda

Early stopping triggered at epoch 107. Best Val Loss: 0.0667
Iteration MAE: 0.1279, R2: 0.9758


--- Iteration 73/100 ---
Testing parameters: {'window_step_sec': 0.1, 'weight_decay': 0.0001, 'num_layers': 1, 'learning_rate': 0.005, 'imu_window_size_sec': 0.2, 'hidden_size': 128, 'emg_window_size_sec': 0.2, 'dropout_rate': 0.4, 'batch_size': 32}
[LSTMRegressor] Using device: cuda

Early stopping triggered at epoch 126. Best Val Loss: 0.0847
Iteration MAE: 0.1251, R2: 0.9800


--- Iteration 74/100 ---
Testing parameters: {'window_step_sec': 0.05, 'weight_decay': 0.0, 'num_layers': 4, 'learning_rate': 0.001, 'imu_window_size_sec': 0.25, 'hidden_size': 128, 'emg_window_size_sec': 0.15, 'dropout_rate': 0.5, 'batch_size': 128}
[LSTMRegressor] Using device: cuda

Early stopping triggered at epoch 120. Best Val Loss: 0.0679
Iteration MAE: 0.1190, R2: 0.9797


--- Iteration 75/100 ---
Testing parameters: {'window_step_sec': 0.05, 'weight_decay': 1e-05, 'num_layers': 2, 'learning_rate': 0.0005, 'imu_window_size_sec': 0.2, 'hidden_size': 32, 'emg_window_size_sec': 0.2, 'dropout_rate': 0.2, 'batch_size': 32}
[LSTMRegressor] Using device: cuda

Early stopping triggered at epoch 130. Best Val Loss: 0.0897
Iteration MAE: 0.1424, R2: 0.9723


--- Iteration 76/100 ---
Testing parameters: {'window_step_sec': 0.05, 'weight_decay': 0.0, 'num_layers': 2, 'learning_rate': 0.005, 'imu_window_size_sec': 0.25, 'hidden_size': 64, 'emg_window_size_sec': 0.2, 'dropout_rate': 0.2, 'batch_size': 32}
[LSTMRegressor] Using device: cuda

Early stopping triggered at epoch 128. Best Val Loss: 0.0558
Iteration MAE: 0.0790, R2: 0.9842


--- Iteration 77/100 ---
Testing parameters: {'window_step_sec': 0.1, 'weight_decay': 0.001, 'num_layers': 4, 'learning_rate': 0.0005, 'imu_window_size_sec': 0.3, 'hidden_size': 128, 'emg_window_size_sec': 0.15, 'dropout_rate': 0.1, 'batch_size': 64}
[LSTMRegressor] Using device: cuda

Early stopping triggered at epoch 131. Best Val Loss: 0.0638
Iteration MAE: 0.1100, R2: 0.9818


--- Iteration 78/100 ---
Testing parameters: {'window_step_sec': 0.1, 'weight_decay': 1e-05, 'num_layers': 1, 'learning_rate': 0.001, 'imu_window_size_sec': 0.15, 'hidden_size': 128, 'emg_window_size_sec': 0.2, 'dropout_rate': 0.1, 'batch_size': 32}
[LSTMRegressor] Using device: cuda

Early stopping triggered at epoch 144. Best Val Loss: 0.0939
Iteration MAE: 0.1391, R2: 0.9783


--- Iteration 79/100 ---
Testing parameters: {'window_step_sec': 0.05, 'weight_decay': 0.001, 'num_layers': 1, 'learning_rate': 0.01, 'imu_window_size_sec': 0.15, 'hidden_size': 128, 'emg_window_size_sec': 0.25, 'dropout_rate': 0.3, 'batch_size': 256}
[LSTMRegressor] Using device: cuda

Early stopping triggered at epoch 133. Best Val Loss: 0.1231
Iteration MAE: 0.1715, R2: 0.9684


--- Iteration 80/100 ---
Testing parameters: {'window_step_sec': 0.1, 'weight_decay': 1e-05, 'num_layers': 4, 'learning_rate': 0.001, 'imu_window_size_sec': 0.25, 'hidden_size': 256, 'emg_window_size_sec': 0.2, 'dropout_rate': 0.3, 'batch_size': 128}
[LSTMRegressor] Using device: cuda

Early stopping triggered at epoch 133. Best Val Loss: 0.0620
Iteration MAE: 0.0980, R2: 0.9867


--- Iteration 81/100 ---
Testing parameters: {'window_step_sec': 0.05, 'weight_decay': 1e-05, 'num_layers': 3, 'learning_rate': 0.005, 'imu_window_size_sec': 0.25, 'hidden_size': 256, 'emg_window_size_sec': 0.1, 'dropout_rate': 0.5, 'batch_size': 128}
[LSTMRegressor] Using device: cuda

Early stopping triggered at epoch 120. Best Val Loss: 0.0509
Iteration MAE: 0.0838, R2: 0.9826


--- Iteration 82/100 ---
Testing parameters: {'window_step_sec': 0.1, 'weight_decay': 1e-05, 'num_layers': 4, 'learning_rate': 0.0005, 'imu_window_size_sec': 0.15, 'hidden_size': 256, 'emg_window_size_sec': 0.15, 'dropout_rate': 0.1, 'batch_size': 256}
[LSTMRegressor] Using device: cuda

Early stopping triggered at epoch 108. Best Val Loss: 0.0790
Iteration MAE: 0.1450, R2: 0.9782


--- Iteration 83/100 ---
Testing parameters: {'window_step_sec': 0.1, 'weight_decay': 1e-05, 'num_layers': 3, 'learning_rate': 0.0005, 'imu_window_size_sec': 0.25, 'hidden_size': 512, 'emg_window_size_sec': 0.15, 'dropout_rate': 0.3, 'batch_size': 32}
[LSTMRegressor] Using device: cuda

Early stopping triggered at epoch 118. Best Val Loss: 0.0504
Iteration MAE: 0.0774, R2: 0.9869


--- Iteration 84/100 ---
Testing parameters: {'window_step_sec': 0.05, 'weight_decay': 0.0, 'num_layers': 3, 'learning_rate': 0.0005, 'imu_window_size_sec': 0.3, 'hidden_size': 256, 'emg_window_size_sec': 0.1, 'dropout_rate': 0.4, 'batch_size': 32}
[LSTMRegressor] Using device: cuda

Early stopping triggered at epoch 118. Best Val Loss: 0.0526
Iteration MAE: 0.0991, R2: 0.9847


--- Iteration 85/100 ---
Testing parameters: {'window_step_sec': 0.15, 'weight_decay': 0.0, 'num_layers': 4, 'learning_rate': 0.005, 'imu_window_size_sec': 0.2, 'hidden_size': 512, 'emg_window_size_sec': 0.2, 'dropout_rate': 0.5, 'batch_size': 256}
[LSTMRegressor] Using device: cuda

Early stopping triggered at epoch 147. Best Val Loss: 0.0695
Iteration MAE: 0.0759, R2: 0.9865


--- Iteration 86/100 ---
Testing parameters: {'window_step_sec': 0.1, 'weight_decay': 1e-05, 'num_layers': 4, 'learning_rate': 0.005, 'imu_window_size_sec': 0.25, 'hidden_size': 512, 'emg_window_size_sec': 0.1, 'dropout_rate': 0.3, 'batch_size': 256}
[LSTMRegressor] Using device: cuda

Early stopping triggered at epoch 139. Best Val Loss: 0.1144
Iteration MAE: 0.1118, R2: 0.9754


--- Iteration 87/100 ---
Testing parameters: {'window_step_sec': 0.1, 'weight_decay': 0.0001, 'num_layers': 1, 'learning_rate': 0.01, 'imu_window_size_sec': 0.2, 'hidden_size': 64, 'emg_window_size_sec': 0.25, 'dropout_rate': 0.3, 'batch_size': 64}
[LSTMRegressor] Using device: cuda

Early stopping triggered at epoch 110. Best Val Loss: 0.1062
Iteration MAE: 0.1802, R2: 0.9685


--- Iteration 88/100 ---
Testing parameters: {'window_step_sec': 0.05, 'weight_decay': 1e-05, 'num_layers': 4, 'learning_rate': 0.005, 'imu_window_size_sec': 0.15, 'hidden_size': 512, 'emg_window_size_sec': 0.2, 'dropout_rate': 0.4, 'batch_size': 64}
[LSTMRegressor] Using device: cuda

Early stopping triggered at epoch 168. Best Val Loss: 0.0623
Iteration MAE: 0.0680, R2: 0.9864

>>> New Best Model! MAE: 0.0680

--- Iteration 89/100 ---
Testing parameters: {'window_step_sec': 0.1, 'weight_decay': 0.0001, 'num_layers': 1, 'learning_rate': 0.01, 'imu_window_size_sec': 0.3, 'hidden_size': 64, 'emg_window_size_sec': 0.1, 'dropout_rate': 0.4, 'batch_size': 64}
[LSTMRegressor] Using device: cuda

Early stopping triggered at epoch 111. Best Val Loss: 0.1360
Iteration MAE: 0.1833, R2: 0.9689


--- Iteration 90/100 ---
Testing parameters: {'window_step_sec': 0.05, 'weight_decay': 0.0001, 'num_layers': 3, 'learning_rate': 0.005, 'imu_window_size_sec': 0.2, 'hidden_size': 256, 'emg_window_size_sec': 0.2, 'dropout_rate': 0.2, 'batch_size': 128}
[LSTMRegressor] Using device: cuda

Early stopping triggered at epoch 109. Best Val Loss: 0.0617
Iteration MAE: 0.0977, R2: 0.9780


--- Iteration 91/100 ---
Testing parameters: {'window_step_sec': 0.1, 'weight_decay': 0.001, 'num_layers': 1, 'learning_rate': 0.0005, 'imu_window_size_sec': 0.25, 'hidden_size': 128, 'emg_window_size_sec': 0.25, 'dropout_rate': 0.4, 'batch_size': 64}
[LSTMRegressor] Using device: cuda

Early stopping triggered at epoch 107. Best Val Loss: 0.1122
Iteration MAE: 0.1823, R2: 0.9707


--- Iteration 92/100 ---
Testing parameters: {'window_step_sec': 0.1, 'weight_decay': 1e-05, 'num_layers': 2, 'learning_rate': 0.0005, 'imu_window_size_sec': 0.3, 'hidden_size': 128, 'emg_window_size_sec': 0.2, 'dropout_rate': 0.5, 'batch_size': 256}
[LSTMRegressor] Using device: cuda

Early stopping triggered at epoch 152. Best Val Loss: 0.0806
Iteration MAE: 0.1226, R2: 0.9817


--- Iteration 93/100 ---
Testing parameters: {'window_step_sec': 0.15, 'weight_decay': 0.001, 'num_layers': 2, 'learning_rate': 0.001, 'imu_window_size_sec': 0.3, 'hidden_size': 256, 'emg_window_size_sec': 0.2, 'dropout_rate': 0.1, 'batch_size': 128}
[LSTMRegressor] Using device: cuda

Early stopping triggered at epoch 126. Best Val Loss: 0.0852
Iteration MAE: 0.1142, R2: 0.9843


--- Iteration 94/100 ---
Testing parameters: {'window_step_sec': 0.05, 'weight_decay': 0.0001, 'num_layers': 2, 'learning_rate': 0.01, 'imu_window_size_sec': 0.15, 'hidden_size': 256, 'emg_window_size_sec': 0.25, 'dropout_rate': 0.1, 'batch_size': 32}
[LSTMRegressor] Using device: cuda

Early stopping triggered at epoch 116. Best Val Loss: 0.0623
Iteration MAE: 0.0967, R2: 0.9817


--- Iteration 95/100 ---
Testing parameters: {'window_step_sec': 0.1, 'weight_decay': 0.001, 'num_layers': 3, 'learning_rate': 0.0005, 'imu_window_size_sec': 0.25, 'hidden_size': 32, 'emg_window_size_sec': 0.1, 'dropout_rate': 0.5, 'batch_size': 32}
[LSTMRegressor] Using device: cuda

Early stopping triggered at epoch 142. Best Val Loss: 0.0712
Iteration MAE: 0.1045, R2: 0.9789


--- Iteration 96/100 ---
Testing parameters: {'window_step_sec': 0.05, 'weight_decay': 0.0, 'num_layers': 1, 'learning_rate': 0.005, 'imu_window_size_sec': 0.2, 'hidden_size': 256, 'emg_window_size_sec': 0.15, 'dropout_rate': 0.4, 'batch_size': 64}
[LSTMRegressor] Using device: cuda

Early stopping triggered at epoch 126. Best Val Loss: 0.0852
Iteration MAE: 0.1229, R2: 0.9811


--- Iteration 97/100 ---
Testing parameters: {'window_step_sec': 0.05, 'weight_decay': 0.0001, 'num_layers': 4, 'learning_rate': 0.01, 'imu_window_size_sec': 0.2, 'hidden_size': 64, 'emg_window_size_sec': 0.25, 'dropout_rate': 0.1, 'batch_size': 32}
[LSTMRegressor] Using device: cuda

Early stopping triggered at epoch 106. Best Val Loss: 0.0855
Iteration MAE: 0.1211, R2: 0.9790


--- Iteration 98/100 ---
Testing parameters: {'window_step_sec': 0.05, 'weight_decay': 0.0, 'num_layers': 4, 'learning_rate': 0.005, 'imu_window_size_sec': 0.25, 'hidden_size': 64, 'emg_window_size_sec': 0.2, 'dropout_rate': 0.5, 'batch_size': 256}
[LSTMRegressor] Using device: cuda

Early stopping triggered at epoch 125. Best Val Loss: 0.0670
Iteration MAE: 0.0825, R2: 0.9825


--- Iteration 99/100 ---
Testing parameters: {'window_step_sec': 0.15, 'weight_decay': 1e-05, 'num_layers': 4, 'learning_rate': 0.0005, 'imu_window_size_sec': 0.2, 'hidden_size': 32, 'emg_window_size_sec': 0.25, 'dropout_rate': 0.4, 'batch_size': 64}
[LSTMRegressor] Using device: cuda

Early stopping triggered at epoch 125. Best Val Loss: 0.0925
Iteration MAE: 0.1343, R2: 0.9773


--- Iteration 100/100 ---
Testing parameters: {'window_step_sec': 0.15, 'weight_decay': 0.0, 'num_layers': 4, 'learning_rate': 0.0005, 'imu_window_size_sec': 0.2, 'hidden_size': 64, 'emg_window_size_sec': 0.25, 'dropout_rate': 0.4, 'batch_size': 256}
[LSTMRegressor] Using device: cuda

Early stopping triggered at epoch 128. Best Val Loss: 0.0927
Iteration MAE: 0.1313, R2: 0.9820


==================================================
SWEEP COMPLETE
==================================================
Best Parameters:
  window_step_sec: 0.05
  weight_decay: 1e-05
  num_layers: 4
  learning_rate: 0.005
  imu_window_size_sec: 0.15
  hidden_size: 512
  emg_window_size_sec: 0.2
  dropout_rate: 0.4
  batch_size: 64

Best Metrics:
Mean Absolute Error: 0.0680
Mean Squared Error: 0.0457
Root Mean Squared Error: 0.2138
R-squared Score: 0.9864

==================================================
Report and best model saved to /home/bwingen/thesis/Thesis/model/model_results/sweep_lstm_20260318_180717
