=================================================================
MULTI-SEED ARCH COMPARISON — array task 2
  Architecture        : cnn_lstm
  Regime              : participant
  Seed                : 245
  Run tag             : cnn_lstm_s245
  Python              : /scratch/bwingen/thesis_env/bin/python
Python 3.10.20
=================================================================
[DataLoader] Weight filter active (applied at training time) — excluding calibrated weights: [0.9, 2.24]
[DataLoader] Loaded blacklist: 545 segments will be skipped.
==============================================================================
ARCHITECTURE COMPARISON — baseline vs st3
  model_type          : cnn_lstm
  CV strategy (regime): participant  [LOPO / cross-subject]
  modalities          : all
  scheduler           : ReduceLROnPlateau  epochs=200  es_patience=5
  feature importance  : OFF
==============================================================================
Results will be saved to: /home/bwingen/thesis/Thesis/model/model_results/run_20260621_153245_participant_cnn_lstm_s245_t2

================================================================================
  RUNNING PIPELINE FOR MODALITY CONFIGURATION: ALL
================================================================================

[DataLoader] Filtered 20 files down to 19 based on PARTICIPANT_CONFIG['include']=['P01', 'P02', 'P03', 'P04', 'P05', 'P06', 'P07', 'P08', 'P09', 'P10', 'P11', 'P12', 'P14', 'P15', 'P16', 'P17', 'P18']
[DataLoader] Skipped 5 blacklisted segments in participant_P02_session_01_segments.h5
[DataLoader] Skipped 5 blacklisted segments in participant_P11_session_01_segments.h5
[DataLoader] Skipped 28 blacklisted segments in participant_P07_session_01_segments.h5
[DataLoader] Skipped 3 blacklisted segments in participant_P01_session_03_segments.h5
[DataLoader] Skipped 16 blacklisted segments in participant_P09_session_01_segments.h5
[DataLoader] Skipped 125 blacklisted segments in participant_P15_session_01_segments.h5
[DataLoader] Skipped 35 blacklisted segments in participant_P08_session_01_segments.h5
[DataLoader] Skipped 19 blacklisted segments in participant_P17_session_01_segments.h5
[DataLoader] Skipped 35 blacklisted segments in participant_P06_session_01_segments.h5
[DataLoader] Skipped 25 blacklisted segments in participant_P16_session_01_segments.h5
[DataLoader] Skipped 16 blacklisted segments in participant_P10_session_01_segments.h5
[DataLoader] Skipped 5 blacklisted segments in participant_P12_session_01_segments.h5
[DataLoader] Skipped 21 blacklisted segments in participant_P14_session_01_segments.h5
[DataLoader] Skipped 10 blacklisted segments in participant_P01_session_02_segments.h5
[DataLoader] Skipped 42 blacklisted segments in participant_P03_session_01_segments.h5
[DataLoader] Skipped 50 blacklisted segments in participant_P05_session_01_segments.h5
[DataLoader] Skipped 28 blacklisted segments in participant_P18_session_01_segments.h5
[DataLoader] Skipped 25 blacklisted segments in participant_P04_session_01_segments.h5
[DataLoader] Skipped 9 blacklisted segments in participant_P01_session_01_segments.h5
[DataLoader] Loaded 18314 raw segments (20 channels each)
[DataLoader] Dropped 2582 segments with excluded weight classes.
Raw Segment Data Summary:
  - Total Segments: 15732
  - Channels (EMG + IMU): 20
  - Avg Segment Length: 2601 samples
  - Min / Max Segment Length: 1001 / 6996 samples
Label vector (y) shape: (15732,) (Target: weight)

Starting 17-Fold Cross-Participant Validation...
--- Fold 1/17 (Left out Participants: P01) ---
Initializing CNN-LSTM Regressor with config: {'cnn_filters': [64, 128, 256, 256], 'cnn_kernel_sizes': [64, 5, 3, 3], 'pool_size': 4, 'lstm_hidden_size': 256, 'lstm_num_layers': 3, 'dropout_rate': 0.45, 'learning_rate': 0.001, 'weight_decay': 0.001, 'batch_size': 64, 'epochs': 200, 'balance_weights': False, 'balance_participants': False, 'validation_split': 0.15, 'early_stopping_patience': 5, 'scheduler_patience': 3, 'scheduler_factor': 0.8, 'use_anthropometrics': True, 'random_state': 245, 'scheduler': {'type': 'ReduceLROnPlateau'}}
[CNNLSTMRegressor] Using device: cuda
    [Strict Validation] Holding out 1 participants for early stopping: P08
[CNNLSTMRegressor] Using explicitly provided validation set (834 samples).
[Augmenter] Balanced 90 participant-weight combinations to 250 samples each. Total: 22500
[CNNLSTMRegressor] Augmentation: 11120 → 22500 segments (+11380 synthetic)
[CNNLSTMRegressor] Anthropometric conditioning enabled (6 features)

Early stopping at epoch 7. Best Val Loss: 0.8685
    Train MAE: 0.4189 | Test MAE: 0.5503 | Gap: 0.1314
    Train RMSE: 0.6263 | Test RMSE: 0.8000 | Ratio: 1.28x
--- Fold 2/17 (Left out Participants: P02) ---
Initializing CNN-LSTM Regressor with config: {'cnn_filters': [64, 128, 256, 256], 'cnn_kernel_sizes': [64, 5, 3, 3], 'pool_size': 4, 'lstm_hidden_size': 256, 'lstm_num_layers': 3, 'dropout_rate': 0.45, 'learning_rate': 0.001, 'weight_decay': 0.001, 'batch_size': 64, 'epochs': 200, 'balance_weights': False, 'balance_participants': False, 'validation_split': 0.15, 'early_stopping_patience': 5, 'scheduler_patience': 3, 'scheduler_factor': 0.8, 'use_anthropometrics': True, 'random_state': 245, 'scheduler': {'type': 'ReduceLROnPlateau'}}
[CNNLSTMRegressor] Using device: cuda
    [Strict Validation] Holding out 1 participants for early stopping: P07
[CNNLSTMRegressor] Using explicitly provided validation set (833 samples).
[Augmenter] Balanced 90 participant-weight combinations to 250 samples each. Total: 22500
[CNNLSTMRegressor] Augmentation: 13680 → 22500 segments (+8820 synthetic)
[CNNLSTMRegressor] Anthropometric conditioning enabled (6 features)

Early stopping at epoch 9. Best Val Loss: 1.4673
    Train MAE: 0.4284 | Test MAE: 0.3459 | Gap: -0.0825
    Train RMSE: 0.7140 | Test RMSE: 0.5528 | Ratio: 0.77x
--- Fold 3/17 (Left out Participants: P12) ---
Initializing CNN-LSTM Regressor with config: {'cnn_filters': [64, 128, 256, 256], 'cnn_kernel_sizes': [64, 5, 3, 3], 'pool_size': 4, 'lstm_hidden_size': 256, 'lstm_num_layers': 3, 'dropout_rate': 0.45, 'learning_rate': 0.001, 'weight_decay': 0.001, 'batch_size': 64, 'epochs': 200, 'balance_weights': False, 'balance_participants': False, 'validation_split': 0.15, 'early_stopping_patience': 5, 'scheduler_patience': 3, 'scheduler_factor': 0.8, 'use_anthropometrics': True, 'random_state': 245, 'scheduler': {'type': 'ReduceLROnPlateau'}}
[CNNLSTMRegressor] Using device: cuda
    [Strict Validation] Holding out 1 participants for early stopping: P03
[CNNLSTMRegressor] Using explicitly provided validation set (820 samples).
[Augmenter] Balanced 90 participant-weight combinations to 250 samples each. Total: 22500
[CNNLSTMRegressor] Augmentation: 14061 → 22500 segments (+8439 synthetic)
[CNNLSTMRegressor] Anthropometric conditioning enabled (6 features)

Early stopping at epoch 7. Best Val Loss: 0.2893
    Train MAE: 0.5512 | Test MAE: 0.4606 | Gap: -0.0906
    Train RMSE: 0.8500 | Test RMSE: 0.7693 | Ratio: 0.91x
--- Fold 4/17 (Left out Participants: P11) ---
Initializing CNN-LSTM Regressor with config: {'cnn_filters': [64, 128, 256, 256], 'cnn_kernel_sizes': [64, 5, 3, 3], 'pool_size': 4, 'lstm_hidden_size': 256, 'lstm_num_layers': 3, 'dropout_rate': 0.45, 'learning_rate': 0.001, 'weight_decay': 0.001, 'batch_size': 64, 'epochs': 200, 'balance_weights': False, 'balance_participants': False, 'validation_split': 0.15, 'early_stopping_patience': 5, 'scheduler_patience': 3, 'scheduler_factor': 0.8, 'use_anthropometrics': True, 'random_state': 245, 'scheduler': {'type': 'ReduceLROnPlateau'}}
[CNNLSTMRegressor] Using device: cuda
    [Strict Validation] Holding out 1 participants for early stopping: P09
[CNNLSTMRegressor] Using explicitly provided validation set (847 samples).
[Augmenter] Balanced 90 participant-weight combinations to 250 samples each. Total: 22500
[CNNLSTMRegressor] Augmentation: 14035 → 22500 segments (+8465 synthetic)
[CNNLSTMRegressor] Anthropometric conditioning enabled (6 features)

Early stopping at epoch 11. Best Val Loss: 0.1634
    Train MAE: 0.4754 | Test MAE: 0.5002 | Gap: 0.0248
    Train RMSE: 0.8048 | Test RMSE: 0.7535 | Ratio: 0.94x
--- Fold 5/17 (Left out Participants: P09) ---
Initializing CNN-LSTM Regressor with config: {'cnn_filters': [64, 128, 256, 256], 'cnn_kernel_sizes': [64, 5, 3, 3], 'pool_size': 4, 'lstm_hidden_size': 256, 'lstm_num_layers': 3, 'dropout_rate': 0.45, 'learning_rate': 0.001, 'weight_decay': 0.001, 'batch_size': 64, 'epochs': 200, 'balance_weights': False, 'balance_participants': False, 'validation_split': 0.15, 'early_stopping_patience': 5, 'scheduler_patience': 3, 'scheduler_factor': 0.8, 'use_anthropometrics': True, 'random_state': 245, 'scheduler': {'type': 'ReduceLROnPlateau'}}
[CNNLSTMRegressor] Using device: cuda
    [Strict Validation] Holding out 1 participants for early stopping: P18
[CNNLSTMRegressor] Using explicitly provided validation set (405 samples).
[Augmenter] Balanced 90 participant-weight combinations to 250 samples each. Total: 22500
[CNNLSTMRegressor] Augmentation: 14480 → 22500 segments (+8020 synthetic)
[CNNLSTMRegressor] Anthropometric conditioning enabled (6 features)

Early stopping at epoch 9. Best Val Loss: 0.3373
    Train MAE: 0.3431 | Test MAE: 0.1935 | Gap: -0.1496
    Train RMSE: 0.6305 | Test RMSE: 0.4144 | Ratio: 0.66x
--- Fold 6/17 (Left out Participants: P17) ---
Initializing CNN-LSTM Regressor with config: {'cnn_filters': [64, 128, 256, 256], 'cnn_kernel_sizes': [64, 5, 3, 3], 'pool_size': 4, 'lstm_hidden_size': 256, 'lstm_num_layers': 3, 'dropout_rate': 0.45, 'learning_rate': 0.001, 'weight_decay': 0.001, 'batch_size': 64, 'epochs': 200, 'balance_weights': False, 'balance_participants': False, 'validation_split': 0.15, 'early_stopping_patience': 5, 'scheduler_patience': 3, 'scheduler_factor': 0.8, 'use_anthropometrics': True, 'random_state': 245, 'scheduler': {'type': 'ReduceLROnPlateau'}}
[CNNLSTMRegressor] Using device: cuda
    [Strict Validation] Holding out 1 participants for early stopping: P11
[CNNLSTMRegressor] Using explicitly provided validation set (850 samples).
[Augmenter] Balanced 90 participant-weight combinations to 250 samples each. Total: 22500
[CNNLSTMRegressor] Augmentation: 14040 → 22500 segments (+8460 synthetic)
[CNNLSTMRegressor] Anthropometric conditioning enabled (6 features)

Early stopping at epoch 7. Best Val Loss: 0.6597
    Train MAE: 0.4900 | Test MAE: 0.6597 | Gap: 0.1697
    Train RMSE: 0.6939 | Test RMSE: 0.9817 | Ratio: 1.41x
--- Fold 7/17 (Left out Participants: P04) ---
Initializing CNN-LSTM Regressor with config: {'cnn_filters': [64, 128, 256, 256], 'cnn_kernel_sizes': [64, 5, 3, 3], 'pool_size': 4, 'lstm_hidden_size': 256, 'lstm_num_layers': 3, 'dropout_rate': 0.45, 'learning_rate': 0.001, 'weight_decay': 0.001, 'batch_size': 64, 'epochs': 200, 'balance_weights': False, 'balance_participants': False, 'validation_split': 0.15, 'early_stopping_patience': 5, 'scheduler_patience': 3, 'scheduler_factor': 0.8, 'use_anthropometrics': True, 'random_state': 245, 'scheduler': {'type': 'ReduceLROnPlateau'}}
[CNNLSTMRegressor] Using device: cuda
    [Strict Validation] Holding out 1 participants for early stopping: P01
[CNNLSTMRegressor] Using explicitly provided validation set (3778 samples).
[Augmenter] Balanced 90 participant-weight combinations to 250 samples each. Total: 22500
[CNNLSTMRegressor] Augmentation: 11119 → 22500 segments (+11381 synthetic)
[CNNLSTMRegressor] Anthropometric conditioning enabled (6 features)

Early stopping at epoch 8. Best Val Loss: 0.5602
    Train MAE: 0.3305 | Test MAE: 0.3299 | Gap: -0.0006
    Train RMSE: 0.5890 | Test RMSE: 0.5860 | Ratio: 0.99x
--- Fold 8/17 (Left out Participants: P08) ---
Initializing CNN-LSTM Regressor with config: {'cnn_filters': [64, 128, 256, 256], 'cnn_kernel_sizes': [64, 5, 3, 3], 'pool_size': 4, 'lstm_hidden_size': 256, 'lstm_num_layers': 3, 'dropout_rate': 0.45, 'learning_rate': 0.001, 'weight_decay': 0.001, 'batch_size': 64, 'epochs': 200, 'balance_weights': False, 'balance_participants': False, 'validation_split': 0.15, 'early_stopping_patience': 5, 'scheduler_patience': 3, 'scheduler_factor': 0.8, 'use_anthropometrics': True, 'random_state': 245, 'scheduler': {'type': 'ReduceLROnPlateau'}}
[CNNLSTMRegressor] Using device: cuda
    [Strict Validation] Holding out 1 participants for early stopping: P10
[CNNLSTMRegressor] Using explicitly provided validation set (414 samples).
[Augmenter] Balanced 90 participant-weight combinations to 250 samples each. Total: 22500
[CNNLSTMRegressor] Augmentation: 14484 → 22500 segments (+8016 synthetic)
[CNNLSTMRegressor] Anthropometric conditioning enabled (6 features)

Early stopping at epoch 7. Best Val Loss: 0.8862
    Train MAE: 0.3847 | Test MAE: 0.5429 | Gap: 0.1582
    Train RMSE: 0.6655 | Test RMSE: 1.0167 | Ratio: 1.53x
--- Fold 9/17 (Left out Participants: P07) ---
Initializing CNN-LSTM Regressor with config: {'cnn_filters': [64, 128, 256, 256], 'cnn_kernel_sizes': [64, 5, 3, 3], 'pool_size': 4, 'lstm_hidden_size': 256, 'lstm_num_layers': 3, 'dropout_rate': 0.45, 'learning_rate': 0.001, 'weight_decay': 0.001, 'batch_size': 64, 'epochs': 200, 'balance_weights': False, 'balance_participants': False, 'validation_split': 0.15, 'early_stopping_patience': 5, 'scheduler_patience': 3, 'scheduler_factor': 0.8, 'use_anthropometrics': True, 'random_state': 245, 'scheduler': {'type': 'ReduceLROnPlateau'}}
[CNNLSTMRegressor] Using device: cuda
    [Strict Validation] Holding out 1 participants for early stopping: P06
[CNNLSTMRegressor] Using explicitly provided validation set (826 samples).
[Augmenter] Balanced 90 participant-weight combinations to 250 samples each. Total: 22500
[CNNLSTMRegressor] Augmentation: 14073 → 22500 segments (+8427 synthetic)
[CNNLSTMRegressor] Anthropometric conditioning enabled (6 features)

Early stopping at epoch 11. Best Val Loss: 1.2757
    Train MAE: 0.3981 | Test MAE: 0.6560 | Gap: 0.2580
    Train RMSE: 0.7032 | Test RMSE: 1.2108 | Ratio: 1.72x
--- Fold 10/17 (Left out Participants: P16) ---
Initializing CNN-LSTM Regressor with config: {'cnn_filters': [64, 128, 256, 256], 'cnn_kernel_sizes': [64, 5, 3, 3], 'pool_size': 4, 'lstm_hidden_size': 256, 'lstm_num_layers': 3, 'dropout_rate': 0.45, 'learning_rate': 0.001, 'weight_decay': 0.001, 'batch_size': 64, 'epochs': 200, 'balance_weights': False, 'balance_participants': False, 'validation_split': 0.15, 'early_stopping_patience': 5, 'scheduler_patience': 3, 'scheduler_factor': 0.8, 'use_anthropometrics': True, 'random_state': 245, 'scheduler': {'type': 'ReduceLROnPlateau'}}
[CNNLSTMRegressor] Using device: cuda
    [Strict Validation] Holding out 1 participants for early stopping: P15
[CNNLSTMRegressor] Using explicitly provided validation set (746 samples).
[Augmenter] Balanced 90 participant-weight combinations to 250 samples each. Total: 22500
[CNNLSTMRegressor] Augmentation: 14154 → 22500 segments (+8346 synthetic)
[CNNLSTMRegressor] Anthropometric conditioning enabled (6 features)

Early stopping at epoch 8. Best Val Loss: 0.1616
    Train MAE: 0.4513 | Test MAE: 0.2800 | Gap: -0.1713
    Train RMSE: 0.7548 | Test RMSE: 0.5582 | Ratio: 0.74x
--- Fold 11/17 (Left out Participants: P06) ---
Initializing CNN-LSTM Regressor with config: {'cnn_filters': [64, 128, 256, 256], 'cnn_kernel_sizes': [64, 5, 3, 3], 'pool_size': 4, 'lstm_hidden_size': 256, 'lstm_num_layers': 3, 'dropout_rate': 0.45, 'learning_rate': 0.001, 'weight_decay': 0.001, 'batch_size': 64, 'epochs': 200, 'balance_weights': False, 'balance_participants': False, 'validation_split': 0.15, 'early_stopping_patience': 5, 'scheduler_patience': 3, 'scheduler_factor': 0.8, 'use_anthropometrics': True, 'random_state': 245, 'scheduler': {'type': 'ReduceLROnPlateau'}}
[CNNLSTMRegressor] Using device: cuda
    [Strict Validation] Holding out 1 participants for early stopping: P17
[CNNLSTMRegressor] Using explicitly provided validation set (842 samples).
[Augmenter] Balanced 90 participant-weight combinations to 250 samples each. Total: 22500
[CNNLSTMRegressor] Augmentation: 14064 → 22500 segments (+8436 synthetic)
[CNNLSTMRegressor] Anthropometric conditioning enabled (6 features)

Early stopping at epoch 8. Best Val Loss: 0.6231
    Train MAE: 0.4716 | Test MAE: 0.6615 | Gap: 0.1899
    Train RMSE: 0.7257 | Test RMSE: 1.0432 | Ratio: 1.44x
--- Fold 12/17 (Left out Participants: P03) ---
Initializing CNN-LSTM Regressor with config: {'cnn_filters': [64, 128, 256, 256], 'cnn_kernel_sizes': [64, 5, 3, 3], 'pool_size': 4, 'lstm_hidden_size': 256, 'lstm_num_layers': 3, 'dropout_rate': 0.45, 'learning_rate': 0.001, 'weight_decay': 0.001, 'batch_size': 64, 'epochs': 200, 'balance_weights': False, 'balance_participants': False, 'validation_split': 0.15, 'early_stopping_patience': 5, 'scheduler_patience': 3, 'scheduler_factor': 0.8, 'use_anthropometrics': True, 'random_state': 245, 'scheduler': {'type': 'ReduceLROnPlateau'}}
[CNNLSTMRegressor] Using device: cuda
    [Strict Validation] Holding out 1 participants for early stopping: P15
[CNNLSTMRegressor] Using explicitly provided validation set (746 samples).
[Augmenter] Balanced 90 participant-weight combinations to 250 samples each. Total: 22500
[CNNLSTMRegressor] Augmentation: 14166 → 22500 segments (+8334 synthetic)
[CNNLSTMRegressor] Anthropometric conditioning enabled (6 features)

Early stopping at epoch 6. Best Val Loss: 0.2398
    Train MAE: 0.5016 | Test MAE: 0.3637 | Gap: -0.1379
    Train RMSE: 0.8129 | Test RMSE: 0.5636 | Ratio: 0.69x
--- Fold 13/17 (Left out Participants: P15) ---
Initializing CNN-LSTM Regressor with config: {'cnn_filters': [64, 128, 256, 256], 'cnn_kernel_sizes': [64, 5, 3, 3], 'pool_size': 4, 'lstm_hidden_size': 256, 'lstm_num_layers': 3, 'dropout_rate': 0.45, 'learning_rate': 0.001, 'weight_decay': 0.001, 'batch_size': 64, 'epochs': 200, 'balance_weights': False, 'balance_participants': False, 'validation_split': 0.15, 'early_stopping_patience': 5, 'scheduler_patience': 3, 'scheduler_factor': 0.8, 'use_anthropometrics': True, 'random_state': 245, 'scheduler': {'type': 'ReduceLROnPlateau'}}
[CNNLSTMRegressor] Using device: cuda
    [Strict Validation] Holding out 1 participants for early stopping: P18
[CNNLSTMRegressor] Using explicitly provided validation set (405 samples).
[Augmenter] Balanced 90 participant-weight combinations to 250 samples each. Total: 22500
[CNNLSTMRegressor] Augmentation: 14581 → 22500 segments (+7919 synthetic)
[CNNLSTMRegressor] Anthropometric conditioning enabled (6 features)

Early stopping at epoch 11. Best Val Loss: 0.3391
    Train MAE: 0.3509 | Test MAE: 0.2066 | Gap: -0.1443
    Train RMSE: 0.6268 | Test RMSE: 0.4243 | Ratio: 0.68x
--- Fold 14/17 (Left out Participants: P10) ---
Initializing CNN-LSTM Regressor with config: {'cnn_filters': [64, 128, 256, 256], 'cnn_kernel_sizes': [64, 5, 3, 3], 'pool_size': 4, 'lstm_hidden_size': 256, 'lstm_num_layers': 3, 'dropout_rate': 0.45, 'learning_rate': 0.001, 'weight_decay': 0.001, 'batch_size': 64, 'epochs': 200, 'balance_weights': False, 'balance_participants': False, 'validation_split': 0.15, 'early_stopping_patience': 5, 'scheduler_patience': 3, 'scheduler_factor': 0.8, 'use_anthropometrics': True, 'random_state': 245, 'scheduler': {'type': 'ReduceLROnPlateau'}}
[CNNLSTMRegressor] Using device: cuda
    [Strict Validation] Holding out 1 participants for early stopping: P16
[CNNLSTMRegressor] Using explicitly provided validation set (832 samples).
[Augmenter] Balanced 90 participant-weight combinations to 250 samples each. Total: 22500
[CNNLSTMRegressor] Augmentation: 14486 → 22500 segments (+8014 synthetic)
[CNNLSTMRegressor] Anthropometric conditioning enabled (6 features)

Early stopping at epoch 12. Best Val Loss: 0.2415
    Train MAE: 0.4682 | Test MAE: 0.5666 | Gap: 0.0983
    Train RMSE: 0.8108 | Test RMSE: 1.0655 | Ratio: 1.31x
--- Fold 15/17 (Left out Participants: P14) ---
Initializing CNN-LSTM Regressor with config: {'cnn_filters': [64, 128, 256, 256], 'cnn_kernel_sizes': [64, 5, 3, 3], 'pool_size': 4, 'lstm_hidden_size': 256, 'lstm_num_layers': 3, 'dropout_rate': 0.45, 'learning_rate': 0.001, 'weight_decay': 0.001, 'batch_size': 64, 'epochs': 200, 'balance_weights': False, 'balance_participants': False, 'validation_split': 0.15, 'early_stopping_patience': 5, 'scheduler_patience': 3, 'scheduler_factor': 0.8, 'use_anthropometrics': True, 'random_state': 245, 'scheduler': {'type': 'ReduceLROnPlateau'}}
[CNNLSTMRegressor] Using device: cuda
    [Strict Validation] Holding out 1 participants for early stopping: P16
[CNNLSTMRegressor] Using explicitly provided validation set (832 samples).
[Augmenter] Balanced 90 participant-weight combinations to 250 samples each. Total: 22500
[CNNLSTMRegressor] Augmentation: 14487 → 22500 segments (+8013 synthetic)
[CNNLSTMRegressor] Anthropometric conditioning enabled (6 features)

Early stopping at epoch 8. Best Val Loss: 0.1941
    Train MAE: 0.5244 | Test MAE: 0.6088 | Gap: 0.0844
    Train RMSE: 0.9336 | Test RMSE: 1.1006 | Ratio: 1.18x
--- Fold 16/17 (Left out Participants: P18) ---
Initializing CNN-LSTM Regressor with config: {'cnn_filters': [64, 128, 256, 256], 'cnn_kernel_sizes': [64, 5, 3, 3], 'pool_size': 4, 'lstm_hidden_size': 256, 'lstm_num_layers': 3, 'dropout_rate': 0.45, 'learning_rate': 0.001, 'weight_decay': 0.001, 'batch_size': 64, 'epochs': 200, 'balance_weights': False, 'balance_participants': False, 'validation_split': 0.15, 'early_stopping_patience': 5, 'scheduler_patience': 3, 'scheduler_factor': 0.8, 'use_anthropometrics': True, 'random_state': 245, 'scheduler': {'type': 'ReduceLROnPlateau'}}
[CNNLSTMRegressor] Using device: cuda
    [Strict Validation] Holding out 1 participants for early stopping: P12
[CNNLSTMRegressor] Using explicitly provided validation set (851 samples).
[Augmenter] Balanced 90 participant-weight combinations to 250 samples each. Total: 22500
[CNNLSTMRegressor] Augmentation: 14476 → 22500 segments (+8024 synthetic)
[CNNLSTMRegressor] Anthropometric conditioning enabled (6 features)

Early stopping at epoch 13. Best Val Loss: 0.1435
    Train MAE: 0.3196 | Test MAE: 0.2812 | Gap: -0.0384
    Train RMSE: 0.5627 | Test RMSE: 0.5781 | Ratio: 1.03x
--- Fold 17/17 (Left out Participants: P05) ---
Initializing CNN-LSTM Regressor with config: {'cnn_filters': [64, 128, 256, 256], 'cnn_kernel_sizes': [64, 5, 3, 3], 'pool_size': 4, 'lstm_hidden_size': 256, 'lstm_num_layers': 3, 'dropout_rate': 0.45, 'learning_rate': 0.001, 'weight_decay': 0.001, 'batch_size': 64, 'epochs': 200, 'balance_weights': False, 'balance_participants': False, 'validation_split': 0.15, 'early_stopping_patience': 5, 'scheduler_patience': 3, 'scheduler_factor': 0.8, 'use_anthropometrics': True, 'random_state': 245, 'scheduler': {'type': 'ReduceLROnPlateau'}}
[CNNLSTMRegressor] Using device: cuda
    [Strict Validation] Holding out 1 participants for early stopping: P15
[CNNLSTMRegressor] Using explicitly provided validation set (746 samples).
[Augmenter] Balanced 90 participant-weight combinations to 250 samples each. Total: 22500
[CNNLSTMRegressor] Augmentation: 14599 → 22500 segments (+7901 synthetic)
[CNNLSTMRegressor] Anthropometric conditioning enabled (6 features)

Early stopping at epoch 6. Best Val Loss: 0.2412
    Train MAE: 0.4660 | Test MAE: 0.3940 | Gap: -0.0719
    Train RMSE: 0.6922 | Test RMSE: 0.6363 | Ratio: 0.92x

Training final model on full dataset for saving...
Initializing CNN-LSTM Regressor with config: {'cnn_filters': [64, 128, 256, 256], 'cnn_kernel_sizes': [64, 5, 3, 3], 'pool_size': 4, 'lstm_hidden_size': 256, 'lstm_num_layers': 3, 'dropout_rate': 0.45, 'learning_rate': 0.001, 'weight_decay': 0.001, 'batch_size': 64, 'epochs': 200, 'balance_weights': False, 'balance_participants': False, 'validation_split': 0.15, 'early_stopping_patience': 5, 'scheduler_patience': 3, 'scheduler_factor': 0.8, 'use_anthropometrics': True, 'random_state': 245, 'scheduler': {'type': 'ReduceLROnPlateau'}}
[CNNLSTMRegressor] Using device: cuda
    [Strict Validation] Holding out 1 participants from final dataset for early stopping: P04
[CNNLSTMRegressor] Using explicitly provided validation set (835 samples).
[Augmenter] Balanced 96 participant-weight combinations to 250 samples each. Total: 24000
[CNNLSTMRegressor] Augmentation: 14897 → 24000 segments (+9103 synthetic)
[CNNLSTMRegressor] Anthropometric conditioning enabled (6 features)

Early stopping at epoch 6. Best Val Loss: 0.3307
Regression plot saved to /home/bwingen/thesis/Thesis/model/model_results/run_20260621_153245_participant_cnn_lstm_s245_t2/regression_plot.png
Loss plot saved to /home/bwingen/thesis/Thesis/model/model_results/run_20260621_153245_participant_cnn_lstm_s245_t2/loss_plot.png

Generating t-SNE plot of CNN feature space...
[t-SNE] Fitting on 15732 samples (perplexity=30)…
[t-SNE] Computing 91 nearest neighbors...
[t-SNE] Indexed 15732 samples in 0.035s...
[t-SNE] Computed neighbors for 15732 samples in 2.287s...
[t-SNE] Computed conditional probabilities for sample 1000 / 15732
[t-SNE] Computed conditional probabilities for sample 2000 / 15732
[t-SNE] Computed conditional probabilities for sample 3000 / 15732
[t-SNE] Computed conditional probabilities for sample 4000 / 15732
[t-SNE] Computed conditional probabilities for sample 5000 / 15732
[t-SNE] Computed conditional probabilities for sample 6000 / 15732
[t-SNE] Computed conditional probabilities for sample 7000 / 15732
[t-SNE] Computed conditional probabilities for sample 8000 / 15732
[t-SNE] Computed conditional probabilities for sample 9000 / 15732
[t-SNE] Computed conditional probabilities for sample 10000 / 15732
[t-SNE] Computed conditional probabilities for sample 11000 / 15732
[t-SNE] Computed conditional probabilities for sample 12000 / 15732
[t-SNE] Computed conditional probabilities for sample 13000 / 15732
[t-SNE] Computed conditional probabilities for sample 14000 / 15732
[t-SNE] Computed conditional probabilities for sample 15000 / 15732
[t-SNE] Computed conditional probabilities for sample 15732 / 15732
[t-SNE] Mean sigma: 0.075368
[t-SNE] KL divergence after 250 iterations with early exaggeration: 79.535553
[t-SNE] KL divergence after 1000 iterations: 1.566170
t-SNE feature plot saved to /home/bwingen/thesis/Thesis/model/model_results/run_20260621_153245_participant_cnn_lstm_s245_t2/tsne_cnn_features.png
Participant performance plot saved to /home/bwingen/thesis/Thesis/model/model_results/run_20260621_153245_participant_cnn_lstm_s245_t2/participant_performance.png
Sequence-length performance plot saved to /home/bwingen/thesis/Thesis/model/model_results/run_20260621_153245_participant_cnn_lstm_s245_t2/seqlen_performance_plot.png

Performance report saved to /home/bwingen/thesis/Thesis/model/model_results/run_20260621_153245_participant_cnn_lstm_s245_t2/performance_report.txt

============================================================
  BALANCED PERFORMANCE SUMMARY
============================================================
--- MACRO-AVERAGED METRICS (BALANCED) ---
Primary metric: class_participant_macro (equal weight per participant AND per weight class)

View                         | MAE      | RMSE     | R2      
-------------------------------------------------------------
class+participant macro *    | 0.7872   | 0.9110   | 0.6845  
participant macro            | 0.4472   | 0.7679   | 0.8250  
class macro                  | 0.7888   | 0.9685   | 0.6996  
pooled (unbalanced)          | 0.4638   | 0.7940   | 0.8304  

* PRIMARY. R2 under class balancing uses class-balanced sample weights
  (per-class R2 is undefined; a single class has zero target variance).
============================================================


[run_data_exporter] Run data saved to /home/bwingen/thesis/Thesis/model/model_results/run_20260621_153245_participant_cnn_lstm_s245_t2/run_data.json

--------------------------------------------------
LAUNCHING AUTOMATED DEEPSHAP ANALYSIS
--------------------------------------------------
Skipping DeepSHAP analysis (COMPUTE_FEATURE_IMPORTANCE or COMPUTE_DEEPSHAP is False)...
