=================================================================
MULTI-SEED ARCH COMPARISON — array task 8
  Architecture        : cnn_lstm
  Regime              : participant
  Seed                : 1
  Run tag             : cnn_lstm_s1
  Python              : /scratch/bwingen/thesis_env/bin/python
Python 3.10.20
=================================================================
[DataLoader] Weight filter active (applied at training time) — excluding calibrated weights: [0.9, 2.24]
[DataLoader] Loaded blacklist: 545 segments will be skipped.
==============================================================================
ARCHITECTURE COMPARISON — baseline vs st3
  model_type          : cnn_lstm
  CV strategy (regime): participant  [LOPO / cross-subject]
  modalities          : all
  scheduler           : ReduceLROnPlateau  epochs=200  es_patience=5
  feature importance  : OFF
==============================================================================
Results will be saved to: /home/bwingen/thesis/Thesis/model/model_results/run_20260621_164833_participant_cnn_lstm_s1_t8

================================================================================
  RUNNING PIPELINE FOR MODALITY CONFIGURATION: ALL
================================================================================

[DataLoader] Filtered 20 files down to 19 based on PARTICIPANT_CONFIG['include']=['P01', 'P02', 'P03', 'P04', 'P05', 'P06', 'P07', 'P08', 'P09', 'P10', 'P11', 'P12', 'P14', 'P15', 'P16', 'P17', 'P18']
[DataLoader] Skipped 5 blacklisted segments in participant_P02_session_01_segments.h5
[DataLoader] Skipped 5 blacklisted segments in participant_P11_session_01_segments.h5
[DataLoader] Skipped 28 blacklisted segments in participant_P07_session_01_segments.h5
[DataLoader] Skipped 3 blacklisted segments in participant_P01_session_03_segments.h5
[DataLoader] Skipped 16 blacklisted segments in participant_P09_session_01_segments.h5
[DataLoader] Skipped 125 blacklisted segments in participant_P15_session_01_segments.h5
[DataLoader] Skipped 35 blacklisted segments in participant_P08_session_01_segments.h5
[DataLoader] Skipped 19 blacklisted segments in participant_P17_session_01_segments.h5
[DataLoader] Skipped 35 blacklisted segments in participant_P06_session_01_segments.h5
[DataLoader] Skipped 25 blacklisted segments in participant_P16_session_01_segments.h5
[DataLoader] Skipped 16 blacklisted segments in participant_P10_session_01_segments.h5
[DataLoader] Skipped 5 blacklisted segments in participant_P12_session_01_segments.h5
[DataLoader] Skipped 21 blacklisted segments in participant_P14_session_01_segments.h5
[DataLoader] Skipped 10 blacklisted segments in participant_P01_session_02_segments.h5
[DataLoader] Skipped 42 blacklisted segments in participant_P03_session_01_segments.h5
[DataLoader] Skipped 50 blacklisted segments in participant_P05_session_01_segments.h5
[DataLoader] Skipped 28 blacklisted segments in participant_P18_session_01_segments.h5
[DataLoader] Skipped 25 blacklisted segments in participant_P04_session_01_segments.h5
[DataLoader] Skipped 9 blacklisted segments in participant_P01_session_01_segments.h5
[DataLoader] Loaded 18314 raw segments (20 channels each)
[DataLoader] Dropped 2582 segments with excluded weight classes.
Raw Segment Data Summary:
  - Total Segments: 15732
  - Channels (EMG + IMU): 20
  - Avg Segment Length: 2601 samples
  - Min / Max Segment Length: 1001 / 6996 samples
Label vector (y) shape: (15732,) (Target: weight)

Starting 17-Fold Cross-Participant Validation...
--- Fold 1/17 (Left out Participants: P01) ---
Initializing CNN-LSTM Regressor with config: {'cnn_filters': [64, 128, 256, 256], 'cnn_kernel_sizes': [64, 5, 3, 3], 'pool_size': 4, 'lstm_hidden_size': 256, 'lstm_num_layers': 3, 'dropout_rate': 0.45, 'learning_rate': 0.001, 'weight_decay': 0.001, 'batch_size': 64, 'epochs': 200, 'balance_weights': False, 'balance_participants': False, 'validation_split': 0.15, 'early_stopping_patience': 5, 'scheduler_patience': 3, 'scheduler_factor': 0.8, 'use_anthropometrics': True, 'random_state': 1, 'scheduler': {'type': 'ReduceLROnPlateau'}}
[CNNLSTMRegressor] Using device: cuda
    [Strict Validation] Holding out 1 participants for early stopping: P15
[CNNLSTMRegressor] Using explicitly provided validation set (746 samples).
[Augmenter] Balanced 90 participant-weight combinations to 250 samples each. Total: 22500
[CNNLSTMRegressor] Augmentation: 11208 → 22500 segments (+11292 synthetic)
[CNNLSTMRegressor] Anthropometric conditioning enabled (6 features)

Early stopping at epoch 11. Best Val Loss: 0.1835
    Train MAE: 0.3674 | Test MAE: 0.5556 | Gap: 0.1882
    Train RMSE: 0.6044 | Test RMSE: 0.7046 | Ratio: 1.17x
--- Fold 2/17 (Left out Participants: P02) ---
Initializing CNN-LSTM Regressor with config: {'cnn_filters': [64, 128, 256, 256], 'cnn_kernel_sizes': [64, 5, 3, 3], 'pool_size': 4, 'lstm_hidden_size': 256, 'lstm_num_layers': 3, 'dropout_rate': 0.45, 'learning_rate': 0.001, 'weight_decay': 0.001, 'batch_size': 64, 'epochs': 200, 'balance_weights': False, 'balance_participants': False, 'validation_split': 0.15, 'early_stopping_patience': 5, 'scheduler_patience': 3, 'scheduler_factor': 0.8, 'use_anthropometrics': True, 'random_state': 1, 'scheduler': {'type': 'ReduceLROnPlateau'}}
[CNNLSTMRegressor] Using device: cuda
    [Strict Validation] Holding out 1 participants for early stopping: P09
[CNNLSTMRegressor] Using explicitly provided validation set (847 samples).
[Augmenter] Balanced 90 participant-weight combinations to 250 samples each. Total: 22500
[CNNLSTMRegressor] Augmentation: 13666 → 22500 segments (+8834 synthetic)
[CNNLSTMRegressor] Anthropometric conditioning enabled (6 features)

Early stopping at epoch 12. Best Val Loss: 0.1850
    Train MAE: 0.4471 | Test MAE: 0.3561 | Gap: -0.0911
    Train RMSE: 0.7849 | Test RMSE: 0.6213 | Ratio: 0.79x
--- Fold 3/17 (Left out Participants: P12) ---
Initializing CNN-LSTM Regressor with config: {'cnn_filters': [64, 128, 256, 256], 'cnn_kernel_sizes': [64, 5, 3, 3], 'pool_size': 4, 'lstm_hidden_size': 256, 'lstm_num_layers': 3, 'dropout_rate': 0.45, 'learning_rate': 0.001, 'weight_decay': 0.001, 'batch_size': 64, 'epochs': 200, 'balance_weights': False, 'balance_participants': False, 'validation_split': 0.15, 'early_stopping_patience': 5, 'scheduler_patience': 3, 'scheduler_factor': 0.8, 'use_anthropometrics': True, 'random_state': 1, 'scheduler': {'type': 'ReduceLROnPlateau'}}
[CNNLSTMRegressor] Using device: cuda
    [Strict Validation] Holding out 1 participants for early stopping: P15
[CNNLSTMRegressor] Using explicitly provided validation set (746 samples).
[Augmenter] Balanced 90 participant-weight combinations to 250 samples each. Total: 22500
[CNNLSTMRegressor] Augmentation: 14135 → 22500 segments (+8365 synthetic)
[CNNLSTMRegressor] Anthropometric conditioning enabled (6 features)

Early stopping at epoch 9. Best Val Loss: 0.1944
    Train MAE: 0.3965 | Test MAE: 0.3638 | Gap: -0.0327
    Train RMSE: 0.6639 | Test RMSE: 0.5566 | Ratio: 0.84x
--- Fold 4/17 (Left out Participants: P11) ---
Initializing CNN-LSTM Regressor with config: {'cnn_filters': [64, 128, 256, 256], 'cnn_kernel_sizes': [64, 5, 3, 3], 'pool_size': 4, 'lstm_hidden_size': 256, 'lstm_num_layers': 3, 'dropout_rate': 0.45, 'learning_rate': 0.001, 'weight_decay': 0.001, 'batch_size': 64, 'epochs': 200, 'balance_weights': False, 'balance_participants': False, 'validation_split': 0.15, 'early_stopping_patience': 5, 'scheduler_patience': 3, 'scheduler_factor': 0.8, 'use_anthropometrics': True, 'random_state': 1, 'scheduler': {'type': 'ReduceLROnPlateau'}}
[CNNLSTMRegressor] Using device: cuda
    [Strict Validation] Holding out 1 participants for early stopping: P06
[CNNLSTMRegressor] Using explicitly provided validation set (826 samples).
[Augmenter] Balanced 90 participant-weight combinations to 250 samples each. Total: 22500
[CNNLSTMRegressor] Augmentation: 14056 → 22500 segments (+8444 synthetic)
[CNNLSTMRegressor] Anthropometric conditioning enabled (6 features)

Early stopping at epoch 7. Best Val Loss: 1.1649
    Train MAE: 0.4947 | Test MAE: 0.6764 | Gap: 0.1817
    Train RMSE: 0.8333 | Test RMSE: 1.1480 | Ratio: 1.38x
--- Fold 5/17 (Left out Participants: P09) ---
Initializing CNN-LSTM Regressor with config: {'cnn_filters': [64, 128, 256, 256], 'cnn_kernel_sizes': [64, 5, 3, 3], 'pool_size': 4, 'lstm_hidden_size': 256, 'lstm_num_layers': 3, 'dropout_rate': 0.45, 'learning_rate': 0.001, 'weight_decay': 0.001, 'batch_size': 64, 'epochs': 200, 'balance_weights': False, 'balance_participants': False, 'validation_split': 0.15, 'early_stopping_patience': 5, 'scheduler_patience': 3, 'scheduler_factor': 0.8, 'use_anthropometrics': True, 'random_state': 1, 'scheduler': {'type': 'ReduceLROnPlateau'}}
[CNNLSTMRegressor] Using device: cuda
    [Strict Validation] Holding out 1 participants for early stopping: P15
[CNNLSTMRegressor] Using explicitly provided validation set (746 samples).
[Augmenter] Balanced 90 participant-weight combinations to 250 samples each. Total: 22500
[CNNLSTMRegressor] Augmentation: 14139 → 22500 segments (+8361 synthetic)
[CNNLSTMRegressor] Anthropometric conditioning enabled (6 features)

Early stopping at epoch 9. Best Val Loss: 0.1643
    Train MAE: 0.3646 | Test MAE: 0.2055 | Gap: -0.1591
    Train RMSE: 0.6152 | Test RMSE: 0.4150 | Ratio: 0.67x
--- Fold 6/17 (Left out Participants: P17) ---
Initializing CNN-LSTM Regressor with config: {'cnn_filters': [64, 128, 256, 256], 'cnn_kernel_sizes': [64, 5, 3, 3], 'pool_size': 4, 'lstm_hidden_size': 256, 'lstm_num_layers': 3, 'dropout_rate': 0.45, 'learning_rate': 0.001, 'weight_decay': 0.001, 'batch_size': 64, 'epochs': 200, 'balance_weights': False, 'balance_participants': False, 'validation_split': 0.15, 'early_stopping_patience': 5, 'scheduler_patience': 3, 'scheduler_factor': 0.8, 'use_anthropometrics': True, 'random_state': 1, 'scheduler': {'type': 'ReduceLROnPlateau'}}
[CNNLSTMRegressor] Using device: cuda
    [Strict Validation] Holding out 1 participants for early stopping: P09
[CNNLSTMRegressor] Using explicitly provided validation set (847 samples).
[Augmenter] Balanced 90 participant-weight combinations to 250 samples each. Total: 22500
[CNNLSTMRegressor] Augmentation: 14043 → 22500 segments (+8457 synthetic)
[CNNLSTMRegressor] Anthropometric conditioning enabled (6 features)

Early stopping at epoch 15. Best Val Loss: 0.1641
    Train MAE: 0.5017 | Test MAE: 0.7411 | Gap: 0.2394
    Train RMSE: 0.8198 | Test RMSE: 1.1982 | Ratio: 1.46x
--- Fold 7/17 (Left out Participants: P04) ---
Initializing CNN-LSTM Regressor with config: {'cnn_filters': [64, 128, 256, 256], 'cnn_kernel_sizes': [64, 5, 3, 3], 'pool_size': 4, 'lstm_hidden_size': 256, 'lstm_num_layers': 3, 'dropout_rate': 0.45, 'learning_rate': 0.001, 'weight_decay': 0.001, 'batch_size': 64, 'epochs': 200, 'balance_weights': False, 'balance_participants': False, 'validation_split': 0.15, 'early_stopping_patience': 5, 'scheduler_patience': 3, 'scheduler_factor': 0.8, 'use_anthropometrics': True, 'random_state': 1, 'scheduler': {'type': 'ReduceLROnPlateau'}}
[CNNLSTMRegressor] Using device: cuda
    [Strict Validation] Holding out 1 participants for early stopping: P08
[CNNLSTMRegressor] Using explicitly provided validation set (834 samples).
[Augmenter] Balanced 90 participant-weight combinations to 250 samples each. Total: 22500
[CNNLSTMRegressor] Augmentation: 14063 → 22500 segments (+8437 synthetic)
[CNNLSTMRegressor] Anthropometric conditioning enabled (6 features)

Early stopping at epoch 7. Best Val Loss: 0.8982
    Train MAE: 0.5738 | Test MAE: 0.5655 | Gap: -0.0083
    Train RMSE: 0.7419 | Test RMSE: 0.7253 | Ratio: 0.98x
--- Fold 8/17 (Left out Participants: P08) ---
Initializing CNN-LSTM Regressor with config: {'cnn_filters': [64, 128, 256, 256], 'cnn_kernel_sizes': [64, 5, 3, 3], 'pool_size': 4, 'lstm_hidden_size': 256, 'lstm_num_layers': 3, 'dropout_rate': 0.45, 'learning_rate': 0.001, 'weight_decay': 0.001, 'batch_size': 64, 'epochs': 200, 'balance_weights': False, 'balance_participants': False, 'validation_split': 0.15, 'early_stopping_patience': 5, 'scheduler_patience': 3, 'scheduler_factor': 0.8, 'use_anthropometrics': True, 'random_state': 1, 'scheduler': {'type': 'ReduceLROnPlateau'}}
[CNNLSTMRegressor] Using device: cuda
    [Strict Validation] Holding out 1 participants for early stopping: P09
[CNNLSTMRegressor] Using explicitly provided validation set (847 samples).
[Augmenter] Balanced 90 participant-weight combinations to 250 samples each. Total: 22500
[CNNLSTMRegressor] Augmentation: 14051 → 22500 segments (+8449 synthetic)
[CNNLSTMRegressor] Anthropometric conditioning enabled (6 features)

Early stopping at epoch 11. Best Val Loss: 0.1654
    Train MAE: 0.4036 | Test MAE: 0.5304 | Gap: 0.1268
    Train RMSE: 0.6935 | Test RMSE: 1.0254 | Ratio: 1.48x
--- Fold 9/17 (Left out Participants: P07) ---
Initializing CNN-LSTM Regressor with config: {'cnn_filters': [64, 128, 256, 256], 'cnn_kernel_sizes': [64, 5, 3, 3], 'pool_size': 4, 'lstm_hidden_size': 256, 'lstm_num_layers': 3, 'dropout_rate': 0.45, 'learning_rate': 0.001, 'weight_decay': 0.001, 'batch_size': 64, 'epochs': 200, 'balance_weights': False, 'balance_participants': False, 'validation_split': 0.15, 'early_stopping_patience': 5, 'scheduler_patience': 3, 'scheduler_factor': 0.8, 'use_anthropometrics': True, 'random_state': 1, 'scheduler': {'type': 'ReduceLROnPlateau'}}
[CNNLSTMRegressor] Using device: cuda
    [Strict Validation] Holding out 1 participants for early stopping: P06
[CNNLSTMRegressor] Using explicitly provided validation set (826 samples).
[Augmenter] Balanced 90 participant-weight combinations to 250 samples each. Total: 22500
[CNNLSTMRegressor] Augmentation: 14073 → 22500 segments (+8427 synthetic)
[CNNLSTMRegressor] Anthropometric conditioning enabled (6 features)

Early stopping at epoch 7. Best Val Loss: 1.0074
    Train MAE: 0.3635 | Test MAE: 0.6768 | Gap: 0.3133
    Train RMSE: 0.6165 | Test RMSE: 1.2447 | Ratio: 2.02x
--- Fold 10/17 (Left out Participants: P16) ---
Initializing CNN-LSTM Regressor with config: {'cnn_filters': [64, 128, 256, 256], 'cnn_kernel_sizes': [64, 5, 3, 3], 'pool_size': 4, 'lstm_hidden_size': 256, 'lstm_num_layers': 3, 'dropout_rate': 0.45, 'learning_rate': 0.001, 'weight_decay': 0.001, 'batch_size': 64, 'epochs': 200, 'balance_weights': False, 'balance_participants': False, 'validation_split': 0.15, 'early_stopping_patience': 5, 'scheduler_patience': 3, 'scheduler_factor': 0.8, 'use_anthropometrics': True, 'random_state': 1, 'scheduler': {'type': 'ReduceLROnPlateau'}}
[CNNLSTMRegressor] Using device: cuda
    [Strict Validation] Holding out 1 participants for early stopping: P09
[CNNLSTMRegressor] Using explicitly provided validation set (847 samples).
[Augmenter] Balanced 90 participant-weight combinations to 250 samples each. Total: 22500
[CNNLSTMRegressor] Augmentation: 14053 → 22500 segments (+8447 synthetic)
[CNNLSTMRegressor] Anthropometric conditioning enabled (6 features)

Early stopping at epoch 8. Best Val Loss: 0.2210
    Train MAE: 0.4295 | Test MAE: 0.2854 | Gap: -0.1441
    Train RMSE: 0.7351 | Test RMSE: 0.5620 | Ratio: 0.76x
--- Fold 11/17 (Left out Participants: P06) ---
Initializing CNN-LSTM Regressor with config: {'cnn_filters': [64, 128, 256, 256], 'cnn_kernel_sizes': [64, 5, 3, 3], 'pool_size': 4, 'lstm_hidden_size': 256, 'lstm_num_layers': 3, 'dropout_rate': 0.45, 'learning_rate': 0.001, 'weight_decay': 0.001, 'batch_size': 64, 'epochs': 200, 'balance_weights': False, 'balance_participants': False, 'validation_split': 0.15, 'early_stopping_patience': 5, 'scheduler_patience': 3, 'scheduler_factor': 0.8, 'use_anthropometrics': True, 'random_state': 1, 'scheduler': {'type': 'ReduceLROnPlateau'}}
[CNNLSTMRegressor] Using device: cuda
    [Strict Validation] Holding out 1 participants for early stopping: P07
[CNNLSTMRegressor] Using explicitly provided validation set (833 samples).
[Augmenter] Balanced 90 participant-weight combinations to 250 samples each. Total: 22500
[CNNLSTMRegressor] Augmentation: 14073 → 22500 segments (+8427 synthetic)
[CNNLSTMRegressor] Anthropometric conditioning enabled (6 features)

Early stopping at epoch 9. Best Val Loss: 1.6858
    Train MAE: 0.3653 | Test MAE: 0.6813 | Gap: 0.3160
    Train RMSE: 0.5807 | Test RMSE: 1.0625 | Ratio: 1.83x
--- Fold 12/17 (Left out Participants: P03) ---
Initializing CNN-LSTM Regressor with config: {'cnn_filters': [64, 128, 256, 256], 'cnn_kernel_sizes': [64, 5, 3, 3], 'pool_size': 4, 'lstm_hidden_size': 256, 'lstm_num_layers': 3, 'dropout_rate': 0.45, 'learning_rate': 0.001, 'weight_decay': 0.001, 'batch_size': 64, 'epochs': 200, 'balance_weights': False, 'balance_participants': False, 'validation_split': 0.15, 'early_stopping_patience': 5, 'scheduler_patience': 3, 'scheduler_factor': 0.8, 'use_anthropometrics': True, 'random_state': 1, 'scheduler': {'type': 'ReduceLROnPlateau'}}
[CNNLSTMRegressor] Using device: cuda
    [Strict Validation] Holding out 1 participants for early stopping: P10
[CNNLSTMRegressor] Using explicitly provided validation set (414 samples).
[Augmenter] Balanced 90 participant-weight combinations to 250 samples each. Total: 22500
[CNNLSTMRegressor] Augmentation: 14498 → 22500 segments (+8002 synthetic)
[CNNLSTMRegressor] Anthropometric conditioning enabled (6 features)

Early stopping at epoch 11. Best Val Loss: 0.6227
    Train MAE: 0.2967 | Test MAE: 0.2286 | Gap: -0.0681
    Train RMSE: 0.5217 | Test RMSE: 0.4277 | Ratio: 0.82x
--- Fold 13/17 (Left out Participants: P15) ---
Initializing CNN-LSTM Regressor with config: {'cnn_filters': [64, 128, 256, 256], 'cnn_kernel_sizes': [64, 5, 3, 3], 'pool_size': 4, 'lstm_hidden_size': 256, 'lstm_num_layers': 3, 'dropout_rate': 0.45, 'learning_rate': 0.001, 'weight_decay': 0.001, 'batch_size': 64, 'epochs': 200, 'balance_weights': False, 'balance_participants': False, 'validation_split': 0.15, 'early_stopping_patience': 5, 'scheduler_patience': 3, 'scheduler_factor': 0.8, 'use_anthropometrics': True, 'random_state': 1, 'scheduler': {'type': 'ReduceLROnPlateau'}}
[CNNLSTMRegressor] Using device: cuda
    [Strict Validation] Holding out 1 participants for early stopping: P11
[CNNLSTMRegressor] Using explicitly provided validation set (850 samples).
[Augmenter] Balanced 90 participant-weight combinations to 250 samples each. Total: 22500
[CNNLSTMRegressor] Augmentation: 14136 → 22500 segments (+8364 synthetic)
[CNNLSTMRegressor] Anthropometric conditioning enabled (6 features)

Early stopping at epoch 7. Best Val Loss: 0.7609
    Train MAE: 0.5504 | Test MAE: 0.3470 | Gap: -0.2033
    Train RMSE: 0.8136 | Test RMSE: 0.5997 | Ratio: 0.74x
--- Fold 14/17 (Left out Participants: P10) ---
Initializing CNN-LSTM Regressor with config: {'cnn_filters': [64, 128, 256, 256], 'cnn_kernel_sizes': [64, 5, 3, 3], 'pool_size': 4, 'lstm_hidden_size': 256, 'lstm_num_layers': 3, 'dropout_rate': 0.45, 'learning_rate': 0.001, 'weight_decay': 0.001, 'batch_size': 64, 'epochs': 200, 'balance_weights': False, 'balance_participants': False, 'validation_split': 0.15, 'early_stopping_patience': 5, 'scheduler_patience': 3, 'scheduler_factor': 0.8, 'use_anthropometrics': True, 'random_state': 1, 'scheduler': {'type': 'ReduceLROnPlateau'}}
[CNNLSTMRegressor] Using device: cuda
    [Strict Validation] Holding out 1 participants for early stopping: P05
[CNNLSTMRegressor] Using explicitly provided validation set (387 samples).
[Augmenter] Balanced 90 participant-weight combinations to 250 samples each. Total: 22500
[CNNLSTMRegressor] Augmentation: 14931 → 22500 segments (+7569 synthetic)
[CNNLSTMRegressor] Anthropometric conditioning enabled (6 features)

Early stopping at epoch 13. Best Val Loss: 0.2079
    Train MAE: 0.4731 | Test MAE: 0.6317 | Gap: 0.1586
    Train RMSE: 0.8013 | Test RMSE: 1.1388 | Ratio: 1.42x
--- Fold 15/17 (Left out Participants: P14) ---
Initializing CNN-LSTM Regressor with config: {'cnn_filters': [64, 128, 256, 256], 'cnn_kernel_sizes': [64, 5, 3, 3], 'pool_size': 4, 'lstm_hidden_size': 256, 'lstm_num_layers': 3, 'dropout_rate': 0.45, 'learning_rate': 0.001, 'weight_decay': 0.001, 'batch_size': 64, 'epochs': 200, 'balance_weights': False, 'balance_participants': False, 'validation_split': 0.15, 'early_stopping_patience': 5, 'scheduler_patience': 3, 'scheduler_factor': 0.8, 'use_anthropometrics': True, 'random_state': 1, 'scheduler': {'type': 'ReduceLROnPlateau'}}
[CNNLSTMRegressor] Using device: cuda
    [Strict Validation] Holding out 1 participants for early stopping: P12
[CNNLSTMRegressor] Using explicitly provided validation set (851 samples).
[Augmenter] Balanced 90 participant-weight combinations to 250 samples each. Total: 22500
[CNNLSTMRegressor] Augmentation: 14468 → 22500 segments (+8032 synthetic)
[CNNLSTMRegressor] Anthropometric conditioning enabled (6 features)

Early stopping at epoch 7. Best Val Loss: 0.2197
    Train MAE: 0.3779 | Test MAE: 0.4958 | Gap: 0.1178
    Train RMSE: 0.5890 | Test RMSE: 0.8507 | Ratio: 1.44x
--- Fold 16/17 (Left out Participants: P18) ---
Initializing CNN-LSTM Regressor with config: {'cnn_filters': [64, 128, 256, 256], 'cnn_kernel_sizes': [64, 5, 3, 3], 'pool_size': 4, 'lstm_hidden_size': 256, 'lstm_num_layers': 3, 'dropout_rate': 0.45, 'learning_rate': 0.001, 'weight_decay': 0.001, 'batch_size': 64, 'epochs': 200, 'balance_weights': False, 'balance_participants': False, 'validation_split': 0.15, 'early_stopping_patience': 5, 'scheduler_patience': 3, 'scheduler_factor': 0.8, 'use_anthropometrics': True, 'random_state': 1, 'scheduler': {'type': 'ReduceLROnPlateau'}}
[CNNLSTMRegressor] Using device: cuda
    [Strict Validation] Holding out 1 participants for early stopping: P11
[CNNLSTMRegressor] Using explicitly provided validation set (850 samples).
[Augmenter] Balanced 90 participant-weight combinations to 250 samples each. Total: 22500
[CNNLSTMRegressor] Augmentation: 14477 → 22500 segments (+8023 synthetic)
[CNNLSTMRegressor] Anthropometric conditioning enabled (6 features)

Early stopping at epoch 12. Best Val Loss: 0.6940
    Train MAE: 0.3484 | Test MAE: 0.3280 | Gap: -0.0204
    Train RMSE: 0.6035 | Test RMSE: 0.6829 | Ratio: 1.13x
--- Fold 17/17 (Left out Participants: P05) ---
Initializing CNN-LSTM Regressor with config: {'cnn_filters': [64, 128, 256, 256], 'cnn_kernel_sizes': [64, 5, 3, 3], 'pool_size': 4, 'lstm_hidden_size': 256, 'lstm_num_layers': 3, 'dropout_rate': 0.45, 'learning_rate': 0.001, 'weight_decay': 0.001, 'batch_size': 64, 'epochs': 200, 'balance_weights': False, 'balance_participants': False, 'validation_split': 0.15, 'early_stopping_patience': 5, 'scheduler_patience': 3, 'scheduler_factor': 0.8, 'use_anthropometrics': True, 'random_state': 1, 'scheduler': {'type': 'ReduceLROnPlateau'}}
[CNNLSTMRegressor] Using device: cuda
    [Strict Validation] Holding out 1 participants for early stopping: P17
[CNNLSTMRegressor] Using explicitly provided validation set (842 samples).
[Augmenter] Balanced 90 participant-weight combinations to 250 samples each. Total: 22500
[CNNLSTMRegressor] Augmentation: 14503 → 22500 segments (+7997 synthetic)
[CNNLSTMRegressor] Anthropometric conditioning enabled (6 features)

Early stopping at epoch 9. Best Val Loss: 0.6846
    Train MAE: 0.2969 | Test MAE: 0.5331 | Gap: 0.2362
    Train RMSE: 0.5195 | Test RMSE: 0.9590 | Ratio: 1.85x

Training final model on full dataset for saving...
Initializing CNN-LSTM Regressor with config: {'cnn_filters': [64, 128, 256, 256], 'cnn_kernel_sizes': [64, 5, 3, 3], 'pool_size': 4, 'lstm_hidden_size': 256, 'lstm_num_layers': 3, 'dropout_rate': 0.45, 'learning_rate': 0.001, 'weight_decay': 0.001, 'batch_size': 64, 'epochs': 200, 'balance_weights': False, 'balance_participants': False, 'validation_split': 0.15, 'early_stopping_patience': 5, 'scheduler_patience': 3, 'scheduler_factor': 0.8, 'use_anthropometrics': True, 'random_state': 1, 'scheduler': {'type': 'ReduceLROnPlateau'}}
[CNNLSTMRegressor] Using device: cuda
    [Strict Validation] Holding out 1 participants from final dataset for early stopping: P04
[CNNLSTMRegressor] Using explicitly provided validation set (835 samples).
[Augmenter] Balanced 96 participant-weight combinations to 250 samples each. Total: 24000
[CNNLSTMRegressor] Augmentation: 14897 → 24000 segments (+9103 synthetic)
[CNNLSTMRegressor] Anthropometric conditioning enabled (6 features)

Early stopping at epoch 11. Best Val Loss: 0.3048
Regression plot saved to /home/bwingen/thesis/Thesis/model/model_results/run_20260621_164833_participant_cnn_lstm_s1_t8/regression_plot.png
Loss plot saved to /home/bwingen/thesis/Thesis/model/model_results/run_20260621_164833_participant_cnn_lstm_s1_t8/loss_plot.png

Generating t-SNE plot of CNN feature space...
[t-SNE] Fitting on 15732 samples (perplexity=30)…
[t-SNE] Computing 91 nearest neighbors...
[t-SNE] Indexed 15732 samples in 0.064s...
[t-SNE] Computed neighbors for 15732 samples in 2.075s...
[t-SNE] Computed conditional probabilities for sample 1000 / 15732
[t-SNE] Computed conditional probabilities for sample 2000 / 15732
[t-SNE] Computed conditional probabilities for sample 3000 / 15732
[t-SNE] Computed conditional probabilities for sample 4000 / 15732
[t-SNE] Computed conditional probabilities for sample 5000 / 15732
[t-SNE] Computed conditional probabilities for sample 6000 / 15732
[t-SNE] Computed conditional probabilities for sample 7000 / 15732
[t-SNE] Computed conditional probabilities for sample 8000 / 15732
[t-SNE] Computed conditional probabilities for sample 9000 / 15732
[t-SNE] Computed conditional probabilities for sample 10000 / 15732
[t-SNE] Computed conditional probabilities for sample 11000 / 15732
[t-SNE] Computed conditional probabilities for sample 12000 / 15732
[t-SNE] Computed conditional probabilities for sample 13000 / 15732
[t-SNE] Computed conditional probabilities for sample 14000 / 15732
[t-SNE] Computed conditional probabilities for sample 15000 / 15732
[t-SNE] Computed conditional probabilities for sample 15732 / 15732
[t-SNE] Mean sigma: 0.133870
[t-SNE] KL divergence after 250 iterations with early exaggeration: 81.012344
[t-SNE] KL divergence after 1000 iterations: 1.729476
t-SNE feature plot saved to /home/bwingen/thesis/Thesis/model/model_results/run_20260621_164833_participant_cnn_lstm_s1_t8/tsne_cnn_features.png
Participant performance plot saved to /home/bwingen/thesis/Thesis/model/model_results/run_20260621_164833_participant_cnn_lstm_s1_t8/participant_performance.png
Sequence-length performance plot saved to /home/bwingen/thesis/Thesis/model/model_results/run_20260621_164833_participant_cnn_lstm_s1_t8/seqlen_performance_plot.png

Performance report saved to /home/bwingen/thesis/Thesis/model/model_results/run_20260621_164833_participant_cnn_lstm_s1_t8/performance_report.txt

============================================================
  BALANCED PERFORMANCE SUMMARY
============================================================
--- MACRO-AVERAGED METRICS (BALANCED) ---
Primary metric: class_participant_macro (equal weight per participant AND per weight class)

View                         | MAE      | RMSE     | R2      
-------------------------------------------------------------
class+participant macro *    | 0.8365   | 0.9579   | 0.6477  
participant macro            | 0.4825   | 0.8190   | 0.8005  
class macro                  | 0.7984   | 0.9926   | 0.6880  
pooled (unbalanced)          | 0.4924   | 0.8241   | 0.8173  

* PRIMARY. R2 under class balancing uses class-balanced sample weights
  (per-class R2 is undefined; a single class has zero target variance).
============================================================


[run_data_exporter] Run data saved to /home/bwingen/thesis/Thesis/model/model_results/run_20260621_164833_participant_cnn_lstm_s1_t8/run_data.json

--------------------------------------------------
LAUNCHING AUTOMATED DEEPSHAP ANALYSIS
--------------------------------------------------
Skipping DeepSHAP analysis (COMPUTE_FEATURE_IMPORTANCE or COMPUTE_DEEPSHAP is False)...
