Database found at /scratch/bwingen/thesis/database
Using Python: /scratch/bwingen/thesis_env/bin/python
Python 3.10.20
Results will be saved to: /home/bwingen/thesis/Thesis/model/model_results/run_20260404_094041
Found 9 segment file(s).
Extracting features from HDF5 files. This may take a moment...
[DataLoader] Loaded 10341 raw segments (26 channels each)
Extracted features dataframe shape: (10341, 9)
Raw Segment Data Summary:
  - Total Segments: 10341
  - Channels (EMG + IMU): 26
  - Avg Segment Length: 2619 samples
  - Min / Max Segment Length: 470 / 135696 samples
Label vector (y) shape: (10341,) (Target: weight)

Training on 8272 samples, testing on 2069 samples.
Initializing CNN-LSTM Regressor with config: {'cnn_filters': [128, 256, 512], 'cnn_kernel_sizes': [7, 5, 3], 'pool_size': 4, 'lstm_hidden_size': 512, 'lstm_num_layers': 4, 'dropout_rate': 0.4, 'learning_rate': 0.001, 'weight_decay': 1e-05, 'batch_size': 64, 'epochs': 1000, 'validation_split': 0.2, 'early_stopping_patience': 100, 'scheduler_patience': 50, 'scheduler_factor': 0.5, 'random_state': 245}
[CNNLSTMRegressor] Using device: cuda

Early stopping at epoch 273. Best Val Loss: 0.0676

Evaluating CNN_LSTM Model on unseen test set...
=======================================================
Regression Metrics:
Mean Absolute Error: 0.0916
Mean Squared Error: 0.0981
Root Mean Squared Error: 0.3132
R-squared Score: 0.9698

Training Time: 1756.35s
Inference Time (per sample): 0.7739ms
=======================================================
Regression plot saved to /home/bwingen/thesis/Thesis/model/model_results/run_20260404_094041/regression_plot.png
Loss plot saved to /home/bwingen/thesis/Thesis/model/model_results/run_20260404_094041/loss_plot.png
Loss plot saved to /home/bwingen/thesis/Thesis/model/model_results/run_20260404_094041/loss_plot.png

Generating t-SNE plot of CNN feature space...
[WARN] t-SNE plot failed: TSNE.__init__() got an unexpected keyword argument 'n_iter'
Sequence-length performance plot saved to /home/bwingen/thesis/Thesis/model/model_results/run_20260404_094041/seqlen_performance_plot.png

Performance report saved to /home/bwingen/thesis/Thesis/model/model_results/run_20260404_094041/performance_report.txt
