=================================================================
ARCH COMPARISON — array task 0
  Architecture        : lstm
  Regime              : participant
  Database            : /scratch/bwingen/thesis/database
  Python              : /scratch/bwingen/thesis_env/bin/python
Python 3.10.20
  Extra args          : 
=================================================================
[DataLoader] Weight filter active (applied at training time) — excluding calibrated weights: [0.9, 2.24]
[DataLoader] Loaded blacklist: 545 segments will be skipped.
==============================================================================
ARCHITECTURE COMPARISON — baseline vs st3
  model_type          : lstm
  CV strategy (regime): participant  [LOPO / cross-subject]
  modalities          : all
  scheduler           : ReduceLROnPlateau  epochs=200  es_patience=5
  feature importance  : OFF
==============================================================================
Results will be saved to: /home/bwingen/thesis/Thesis/model/model_results/run_20260621_110726_participant_t0

================================================================================
  RUNNING PIPELINE FOR MODALITY CONFIGURATION: ALL
================================================================================

[DataLoader] Filtered 20 files down to 19 based on PARTICIPANT_CONFIG['include']=['P01', 'P02', 'P03', 'P04', 'P05', 'P06', 'P07', 'P08', 'P09', 'P10', 'P11', 'P12', 'P14', 'P15', 'P16', 'P17', 'P18']
[DataLoader] Skipped 5 blacklisted segments in participant_P02_session_01_segments.h5
[DataLoader] Skipped 5 blacklisted segments in participant_P11_session_01_segments.h5
[DataLoader] Skipped 28 blacklisted segments in participant_P07_session_01_segments.h5
[DataLoader] Skipped 3 blacklisted segments in participant_P01_session_03_segments.h5
[DataLoader] Skipped 15 blacklisted segments in participant_P09_session_01_segments.h5
[DataLoader] Skipped 125 blacklisted segments in participant_P15_session_01_segments.h5
[DataLoader] Skipped 35 blacklisted segments in participant_P08_session_01_segments.h5
[DataLoader] Skipped 19 blacklisted segments in participant_P17_session_01_segments.h5
[DataLoader] Skipped 35 blacklisted segments in participant_P06_session_01_segments.h5
[DataLoader] Skipped 25 blacklisted segments in participant_P16_session_01_segments.h5
[DataLoader] Skipped 16 blacklisted segments in participant_P10_session_01_segments.h5
[DataLoader] Skipped 4 blacklisted segments in participant_P12_session_01_segments.h5
[DataLoader] Skipped 20 blacklisted segments in participant_P14_session_01_segments.h5
[DataLoader] Skipped 10 blacklisted segments in participant_P01_session_02_segments.h5
[DataLoader] Skipped 42 blacklisted segments in participant_P03_session_01_segments.h5
[DataLoader] Skipped 50 blacklisted segments in participant_P05_session_01_segments.h5
[DataLoader] Skipped 28 blacklisted segments in participant_P18_session_01_segments.h5
[DataLoader] Skipped 25 blacklisted segments in participant_P04_session_01_segments.h5
[DataLoader] Skipped 9 blacklisted segments in participant_P01_session_01_segments.h5
[DataLoader] Filter active: removed 96 features from disabled channels/feature-types.
[DataLoader] Dropped 2582 segments with excluded weight classes.
Sequence Data Summary:
  - Total Lifts (Sequences): 15732
  - Average Windows per Lift: 11.5
  - Features per Window: 208
Label vector (y) shape: (15732,) (Target: weight)

Starting 17-Fold Cross-Participant Validation...
--- Fold 1/17 (Left out Participants: P01) ---
Initializing LSTM Regressor with config: {'hidden_size': 512, 'num_layers': 3, 'dropout_rate': 0.2, 'learning_rate': 0.0005, 'weight_decay': 0.001, 'batch_size': 64, 'epochs': 200, 'validation_split': 0.1, 'early_stopping_patience': 5, 'scheduler_patience': 3, 'scheduler_factor': 0.8, 'random_state': 245, 'scheduler': {'type': 'ReduceLROnPlateau'}}
[LSTMRegressor] Using device: cuda
    [Strict Validation] Holding out 1 participants for early stopping: P08
[LSTMRegressor] Using explicitly provided validation set (834 samples).
[Augmenter] Balanced 90 participant-weight combinations to 250 samples each. Total: 22500
[LSTMRegressor] Augmentation: 11120 → 22500 sequences (+11380 synthetic)

Early stopping triggered at epoch 11. Best Val Loss: 0.3227
    Train MAE: 0.0408 | Test MAE: 0.2161 | Gap: 0.1753
    Train RMSE: 0.1129 | Test RMSE: 0.4777 | Ratio: 4.23x
--- Fold 2/17 (Left out Participants: P02) ---
Initializing LSTM Regressor with config: {'hidden_size': 512, 'num_layers': 3, 'dropout_rate': 0.2, 'learning_rate': 0.0005, 'weight_decay': 0.001, 'batch_size': 64, 'epochs': 200, 'validation_split': 0.1, 'early_stopping_patience': 5, 'scheduler_patience': 3, 'scheduler_factor': 0.8, 'random_state': 245, 'scheduler': {'type': 'ReduceLROnPlateau'}}
[LSTMRegressor] Using device: cuda
    [Strict Validation] Holding out 1 participants for early stopping: P07
[LSTMRegressor] Using explicitly provided validation set (833 samples).
[Augmenter] Balanced 90 participant-weight combinations to 250 samples each. Total: 22500
[LSTMRegressor] Augmentation: 13680 → 22500 sequences (+8820 synthetic)

Early stopping triggered at epoch 6. Best Val Loss: 0.5809
    Train MAE: 0.1912 | Test MAE: 0.1710 | Gap: -0.0202
    Train RMSE: 0.3425 | Test RMSE: 0.3300 | Ratio: 0.96x
--- Fold 3/17 (Left out Participants: P12) ---
Initializing LSTM Regressor with config: {'hidden_size': 512, 'num_layers': 3, 'dropout_rate': 0.2, 'learning_rate': 0.0005, 'weight_decay': 0.001, 'batch_size': 64, 'epochs': 200, 'validation_split': 0.1, 'early_stopping_patience': 5, 'scheduler_patience': 3, 'scheduler_factor': 0.8, 'random_state': 245, 'scheduler': {'type': 'ReduceLROnPlateau'}}
[LSTMRegressor] Using device: cuda
    [Strict Validation] Holding out 1 participants for early stopping: P03
[LSTMRegressor] Using explicitly provided validation set (820 samples).
[Augmenter] Balanced 90 participant-weight combinations to 250 samples each. Total: 22500
[LSTMRegressor] Augmentation: 14061 → 22500 sequences (+8439 synthetic)

Early stopping triggered at epoch 6. Best Val Loss: 0.2091
    Train MAE: 0.2348 | Test MAE: 0.3078 | Gap: 0.0731
    Train RMSE: 0.3507 | Test RMSE: 0.4952 | Ratio: 1.41x
--- Fold 4/17 (Left out Participants: P11) ---
Initializing LSTM Regressor with config: {'hidden_size': 512, 'num_layers': 3, 'dropout_rate': 0.2, 'learning_rate': 0.0005, 'weight_decay': 0.001, 'batch_size': 64, 'epochs': 200, 'validation_split': 0.1, 'early_stopping_patience': 5, 'scheduler_patience': 3, 'scheduler_factor': 0.8, 'random_state': 245, 'scheduler': {'type': 'ReduceLROnPlateau'}}
[LSTMRegressor] Using device: cuda
    [Strict Validation] Holding out 1 participants for early stopping: P09
[LSTMRegressor] Using explicitly provided validation set (847 samples).
[Augmenter] Balanced 90 participant-weight combinations to 250 samples each. Total: 22500
[LSTMRegressor] Augmentation: 14035 → 22500 sequences (+8465 synthetic)

Early stopping triggered at epoch 15. Best Val Loss: 0.2010
    Train MAE: 0.0244 | Test MAE: 0.1676 | Gap: 0.1432
    Train RMSE: 0.1091 | Test RMSE: 0.4326 | Ratio: 3.97x
--- Fold 5/17 (Left out Participants: P09) ---
Initializing LSTM Regressor with config: {'hidden_size': 512, 'num_layers': 3, 'dropout_rate': 0.2, 'learning_rate': 0.0005, 'weight_decay': 0.001, 'batch_size': 64, 'epochs': 200, 'validation_split': 0.1, 'early_stopping_patience': 5, 'scheduler_patience': 3, 'scheduler_factor': 0.8, 'random_state': 245, 'scheduler': {'type': 'ReduceLROnPlateau'}}
[LSTMRegressor] Using device: cuda
    [Strict Validation] Holding out 1 participants for early stopping: P18
[LSTMRegressor] Using explicitly provided validation set (405 samples).
[Augmenter] Balanced 90 participant-weight combinations to 250 samples each. Total: 22500
[LSTMRegressor] Augmentation: 14480 → 22500 sequences (+8020 synthetic)

Early stopping triggered at epoch 7. Best Val Loss: 0.4182
    Train MAE: 0.1469 | Test MAE: 0.2439 | Gap: 0.0970
    Train RMSE: 0.2664 | Test RMSE: 0.4747 | Ratio: 1.78x
--- Fold 6/17 (Left out Participants: P17) ---
Initializing LSTM Regressor with config: {'hidden_size': 512, 'num_layers': 3, 'dropout_rate': 0.2, 'learning_rate': 0.0005, 'weight_decay': 0.001, 'batch_size': 64, 'epochs': 200, 'validation_split': 0.1, 'early_stopping_patience': 5, 'scheduler_patience': 3, 'scheduler_factor': 0.8, 'random_state': 245, 'scheduler': {'type': 'ReduceLROnPlateau'}}
[LSTMRegressor] Using device: cuda
    [Strict Validation] Holding out 1 participants for early stopping: P11
[LSTMRegressor] Using explicitly provided validation set (850 samples).
[Augmenter] Balanced 90 participant-weight combinations to 250 samples each. Total: 22500
[LSTMRegressor] Augmentation: 14040 → 22500 sequences (+8460 synthetic)

Early stopping triggered at epoch 14. Best Val Loss: 0.1741
    Train MAE: 0.0190 | Test MAE: 0.3092 | Gap: 0.2903
    Train RMSE: 0.1133 | Test RMSE: 0.7304 | Ratio: 6.44x
--- Fold 7/17 (Left out Participants: P04) ---
Initializing LSTM Regressor with config: {'hidden_size': 512, 'num_layers': 3, 'dropout_rate': 0.2, 'learning_rate': 0.0005, 'weight_decay': 0.001, 'batch_size': 64, 'epochs': 200, 'validation_split': 0.1, 'early_stopping_patience': 5, 'scheduler_patience': 3, 'scheduler_factor': 0.8, 'random_state': 245, 'scheduler': {'type': 'ReduceLROnPlateau'}}
[LSTMRegressor] Using device: cuda
    [Strict Validation] Holding out 1 participants for early stopping: P01
[LSTMRegressor] Using explicitly provided validation set (3778 samples).
[Augmenter] Balanced 90 participant-weight combinations to 250 samples each. Total: 22500
[LSTMRegressor] Augmentation: 11119 → 22500 sequences (+11381 synthetic)

Early stopping triggered at epoch 9. Best Val Loss: 0.2087
    Train MAE: 0.0462 | Test MAE: 0.1715 | Gap: 0.1253
    Train RMSE: 0.1587 | Test RMSE: 0.3855 | Ratio: 2.43x
--- Fold 8/17 (Left out Participants: P08) ---
Initializing LSTM Regressor with config: {'hidden_size': 512, 'num_layers': 3, 'dropout_rate': 0.2, 'learning_rate': 0.0005, 'weight_decay': 0.001, 'batch_size': 64, 'epochs': 200, 'validation_split': 0.1, 'early_stopping_patience': 5, 'scheduler_patience': 3, 'scheduler_factor': 0.8, 'random_state': 245, 'scheduler': {'type': 'ReduceLROnPlateau'}}
[LSTMRegressor] Using device: cuda
    [Strict Validation] Holding out 1 participants for early stopping: P10
[LSTMRegressor] Using explicitly provided validation set (414 samples).
[Augmenter] Balanced 90 participant-weight combinations to 250 samples each. Total: 22500
[LSTMRegressor] Augmentation: 14484 → 22500 sequences (+8016 synthetic)

Early stopping triggered at epoch 11. Best Val Loss: 0.3420
    Train MAE: 0.0395 | Test MAE: 0.2771 | Gap: 0.2375
    Train RMSE: 0.1400 | Test RMSE: 0.5881 | Ratio: 4.20x
--- Fold 9/17 (Left out Participants: P07) ---
Initializing LSTM Regressor with config: {'hidden_size': 512, 'num_layers': 3, 'dropout_rate': 0.2, 'learning_rate': 0.0005, 'weight_decay': 0.001, 'batch_size': 64, 'epochs': 200, 'validation_split': 0.1, 'early_stopping_patience': 5, 'scheduler_patience': 3, 'scheduler_factor': 0.8, 'random_state': 245, 'scheduler': {'type': 'ReduceLROnPlateau'}}
[LSTMRegressor] Using device: cuda
    [Strict Validation] Holding out 1 participants for early stopping: P06
[LSTMRegressor] Using explicitly provided validation set (826 samples).
[Augmenter] Balanced 90 participant-weight combinations to 250 samples each. Total: 22500
[LSTMRegressor] Augmentation: 14073 → 22500 sequences (+8427 synthetic)

Early stopping triggered at epoch 8. Best Val Loss: 0.2439
    Train MAE: 0.0855 | Test MAE: 0.3602 | Gap: 0.2747
    Train RMSE: 0.2091 | Test RMSE: 0.7045 | Ratio: 3.37x
--- Fold 10/17 (Left out Participants: P16) ---
Initializing LSTM Regressor with config: {'hidden_size': 512, 'num_layers': 3, 'dropout_rate': 0.2, 'learning_rate': 0.0005, 'weight_decay': 0.001, 'batch_size': 64, 'epochs': 200, 'validation_split': 0.1, 'early_stopping_patience': 5, 'scheduler_patience': 3, 'scheduler_factor': 0.8, 'random_state': 245, 'scheduler': {'type': 'ReduceLROnPlateau'}}
[LSTMRegressor] Using device: cuda
    [Strict Validation] Holding out 1 participants for early stopping: P15
[LSTMRegressor] Using explicitly provided validation set (746 samples).
[Augmenter] Balanced 90 participant-weight combinations to 250 samples each. Total: 22500
[LSTMRegressor] Augmentation: 14154 → 22500 sequences (+8346 synthetic)

Early stopping triggered at epoch 8. Best Val Loss: 0.4021
    Train MAE: 0.0846 | Test MAE: 0.3620 | Gap: 0.2774
    Train RMSE: 0.1886 | Test RMSE: 0.7063 | Ratio: 3.75x
--- Fold 11/17 (Left out Participants: P06) ---
Initializing LSTM Regressor with config: {'hidden_size': 512, 'num_layers': 3, 'dropout_rate': 0.2, 'learning_rate': 0.0005, 'weight_decay': 0.001, 'batch_size': 64, 'epochs': 200, 'validation_split': 0.1, 'early_stopping_patience': 5, 'scheduler_patience': 3, 'scheduler_factor': 0.8, 'random_state': 245, 'scheduler': {'type': 'ReduceLROnPlateau'}}
[LSTMRegressor] Using device: cuda
    [Strict Validation] Holding out 1 participants for early stopping: P17
[LSTMRegressor] Using explicitly provided validation set (842 samples).
[Augmenter] Balanced 90 participant-weight combinations to 250 samples each. Total: 22500
[LSTMRegressor] Augmentation: 14064 → 22500 sequences (+8436 synthetic)

Early stopping triggered at epoch 12. Best Val Loss: 0.4186
    Train MAE: 0.0274 | Test MAE: 0.3123 | Gap: 0.2849
    Train RMSE: 0.1115 | Test RMSE: 0.6448 | Ratio: 5.78x
--- Fold 12/17 (Left out Participants: P03) ---
Initializing LSTM Regressor with config: {'hidden_size': 512, 'num_layers': 3, 'dropout_rate': 0.2, 'learning_rate': 0.0005, 'weight_decay': 0.001, 'batch_size': 64, 'epochs': 200, 'validation_split': 0.1, 'early_stopping_patience': 5, 'scheduler_patience': 3, 'scheduler_factor': 0.8, 'random_state': 245, 'scheduler': {'type': 'ReduceLROnPlateau'}}
[LSTMRegressor] Using device: cuda
    [Strict Validation] Holding out 1 participants for early stopping: P15
[LSTMRegressor] Using explicitly provided validation set (746 samples).
[Augmenter] Balanced 90 participant-weight combinations to 250 samples each. Total: 22500
[LSTMRegressor] Augmentation: 14166 → 22500 sequences (+8334 synthetic)

Early stopping triggered at epoch 7. Best Val Loss: 0.2079
    Train MAE: 0.1192 | Test MAE: 0.2806 | Gap: 0.1614
    Train RMSE: 0.2434 | Test RMSE: 0.4757 | Ratio: 1.95x
--- Fold 13/17 (Left out Participants: P15) ---
Initializing LSTM Regressor with config: {'hidden_size': 512, 'num_layers': 3, 'dropout_rate': 0.2, 'learning_rate': 0.0005, 'weight_decay': 0.001, 'batch_size': 64, 'epochs': 200, 'validation_split': 0.1, 'early_stopping_patience': 5, 'scheduler_patience': 3, 'scheduler_factor': 0.8, 'random_state': 245, 'scheduler': {'type': 'ReduceLROnPlateau'}}
[LSTMRegressor] Using device: cuda
    [Strict Validation] Holding out 1 participants for early stopping: P18
[LSTMRegressor] Using explicitly provided validation set (405 samples).
[Augmenter] Balanced 90 participant-weight combinations to 250 samples each. Total: 22500
[LSTMRegressor] Augmentation: 14581 → 22500 sequences (+7919 synthetic)

Early stopping triggered at epoch 7. Best Val Loss: 0.4416
    Train MAE: 0.1229 | Test MAE: 0.2843 | Gap: 0.1614
    Train RMSE: 0.2517 | Test RMSE: 0.6011 | Ratio: 2.39x
--- Fold 14/17 (Left out Participants: P10) ---
Initializing LSTM Regressor with config: {'hidden_size': 512, 'num_layers': 3, 'dropout_rate': 0.2, 'learning_rate': 0.0005, 'weight_decay': 0.001, 'batch_size': 64, 'epochs': 200, 'validation_split': 0.1, 'early_stopping_patience': 5, 'scheduler_patience': 3, 'scheduler_factor': 0.8, 'random_state': 245, 'scheduler': {'type': 'ReduceLROnPlateau'}}
[LSTMRegressor] Using device: cuda
    [Strict Validation] Holding out 1 participants for early stopping: P16
[LSTMRegressor] Using explicitly provided validation set (832 samples).
[Augmenter] Balanced 90 participant-weight combinations to 250 samples each. Total: 22500
[LSTMRegressor] Augmentation: 14486 → 22500 sequences (+8014 synthetic)

Early stopping triggered at epoch 6. Best Val Loss: 0.2667
    Train MAE: 0.1789 | Test MAE: 0.3063 | Gap: 0.1275
    Train RMSE: 0.3166 | Test RMSE: 0.6135 | Ratio: 1.94x
--- Fold 15/17 (Left out Participants: P14) ---
Initializing LSTM Regressor with config: {'hidden_size': 512, 'num_layers': 3, 'dropout_rate': 0.2, 'learning_rate': 0.0005, 'weight_decay': 0.001, 'batch_size': 64, 'epochs': 200, 'validation_split': 0.1, 'early_stopping_patience': 5, 'scheduler_patience': 3, 'scheduler_factor': 0.8, 'random_state': 245, 'scheduler': {'type': 'ReduceLROnPlateau'}}
[LSTMRegressor] Using device: cuda
    [Strict Validation] Holding out 1 participants for early stopping: P16
[LSTMRegressor] Using explicitly provided validation set (832 samples).
[Augmenter] Balanced 90 participant-weight combinations to 250 samples each. Total: 22500
[LSTMRegressor] Augmentation: 14487 → 22500 sequences (+8013 synthetic)

Early stopping triggered at epoch 16. Best Val Loss: 0.2709
    Train MAE: 0.0138 | Test MAE: 0.2749 | Gap: 0.2611
    Train RMSE: 0.0832 | Test RMSE: 0.6946 | Ratio: 8.35x
--- Fold 16/17 (Left out Participants: P18) ---
Initializing LSTM Regressor with config: {'hidden_size': 512, 'num_layers': 3, 'dropout_rate': 0.2, 'learning_rate': 0.0005, 'weight_decay': 0.001, 'batch_size': 64, 'epochs': 200, 'validation_split': 0.1, 'early_stopping_patience': 5, 'scheduler_patience': 3, 'scheduler_factor': 0.8, 'random_state': 245, 'scheduler': {'type': 'ReduceLROnPlateau'}}
[LSTMRegressor] Using device: cuda
    [Strict Validation] Holding out 1 participants for early stopping: P12
[LSTMRegressor] Using explicitly provided validation set (851 samples).
[Augmenter] Balanced 90 participant-weight combinations to 250 samples each. Total: 22500
[LSTMRegressor] Augmentation: 14476 → 22500 sequences (+8024 synthetic)

Early stopping triggered at epoch 14. Best Val Loss: 0.1009
    Train MAE: 0.0240 | Test MAE: 0.2827 | Gap: 0.2587
    Train RMSE: 0.0994 | Test RMSE: 0.6665 | Ratio: 6.70x
--- Fold 17/17 (Left out Participants: P05) ---
Initializing LSTM Regressor with config: {'hidden_size': 512, 'num_layers': 3, 'dropout_rate': 0.2, 'learning_rate': 0.0005, 'weight_decay': 0.001, 'batch_size': 64, 'epochs': 200, 'validation_split': 0.1, 'early_stopping_patience': 5, 'scheduler_patience': 3, 'scheduler_factor': 0.8, 'random_state': 245, 'scheduler': {'type': 'ReduceLROnPlateau'}}
[LSTMRegressor] Using device: cuda
    [Strict Validation] Holding out 1 participants for early stopping: P15
[LSTMRegressor] Using explicitly provided validation set (746 samples).
[Augmenter] Balanced 90 participant-weight combinations to 250 samples each. Total: 22500
[LSTMRegressor] Augmentation: 14599 → 22500 sequences (+7901 synthetic)

Early stopping triggered at epoch 6. Best Val Loss: 0.2680
    Train MAE: 0.2170 | Test MAE: 0.3969 | Gap: 0.1799
    Train RMSE: 0.3606 | Test RMSE: 0.6184 | Ratio: 1.71x

Training final model on full dataset for saving...
Initializing LSTM Regressor with config: {'hidden_size': 512, 'num_layers': 3, 'dropout_rate': 0.2, 'learning_rate': 0.0005, 'weight_decay': 0.001, 'batch_size': 64, 'epochs': 200, 'validation_split': 0.1, 'early_stopping_patience': 5, 'scheduler_patience': 3, 'scheduler_factor': 0.8, 'random_state': 245, 'scheduler': {'type': 'ReduceLROnPlateau'}}
[LSTMRegressor] Using device: cuda
    [Strict Validation] Holding out 1 participants from final dataset for early stopping: P04
[LSTMRegressor] Using explicitly provided validation set (835 samples).
[Augmenter] Balanced 96 participant-weight combinations to 250 samples each. Total: 24000
[LSTMRegressor] Augmentation: 14897 → 24000 sequences (+9103 synthetic)

Early stopping triggered at epoch 9. Best Val Loss: 0.1138
Regression plot saved to /home/bwingen/thesis/Thesis/model/model_results/run_20260621_110726_participant_t0/regression_plot.png
Loss plot saved to /home/bwingen/thesis/Thesis/model/model_results/run_20260621_110726_participant_t0/loss_plot.png
Participant performance plot saved to /home/bwingen/thesis/Thesis/model/model_results/run_20260621_110726_participant_t0/participant_performance.png
Sequence-length performance plot saved to /home/bwingen/thesis/Thesis/model/model_results/run_20260621_110726_participant_t0/seqlen_performance_plot.png

Performance report saved to /home/bwingen/thesis/Thesis/model/model_results/run_20260621_110726_participant_t0/performance_report.txt

============================================================
  BALANCED PERFORMANCE SUMMARY
============================================================
--- MACRO-AVERAGED METRICS (BALANCED) ---
Primary metric: class_participant_macro (equal weight per participant AND per weight class)

View                         | MAE      | RMSE     | R2      
-------------------------------------------------------------
class+participant macro *    | 0.4885   | 0.6688   | 0.8458  
participant macro            | 0.2779   | 0.5670   | 0.9096  
class macro                  | 0.4572   | 0.6876   | 0.8626  
pooled (unbalanced)          | 0.2594   | 0.5480   | 0.9192  

* PRIMARY. R2 under class balancing uses class-balanced sample weights
  (per-class R2 is undefined; a single class has zero target variance).
============================================================


[run_data_exporter] Run data saved to /home/bwingen/thesis/Thesis/model/model_results/run_20260621_110726_participant_t0/run_data.json
