=================================================================
MULTI-SEED ARCH COMPARISON — array task 49
  Architecture        : gru
  Regime              : kfold
  Seed                : 3
  Run tag             : gru_s3
  Python              : /scratch/bwingen/thesis_env/bin/python
Python 3.10.20
=================================================================
[DataLoader] Weight filter active (applied at training time) — excluding calibrated weights: [0.9, 2.24]
[DataLoader] Loaded blacklist: 545 segments will be skipped.
==============================================================================
ARCHITECTURE COMPARISON — baseline vs st3
  model_type          : gru
  CV strategy (regime): kfold  [pooled k-fold / par-spec]
  modalities          : all
  scheduler           : OneCycleLR  epochs=200  es_patience=200
  feature importance  : OFF
==============================================================================
Results will be saved to: /home/bwingen/thesis/Thesis/model/model_results/run_20260622_080814_kfold_gru_s3_t49

================================================================================
  RUNNING PIPELINE FOR MODALITY CONFIGURATION: ALL
================================================================================

[DataLoader] Filtered 20 files down to 19 based on PARTICIPANT_CONFIG['include']=['P01', 'P02', 'P03', 'P04', 'P05', 'P06', 'P07', 'P08', 'P09', 'P10', 'P11', 'P12', 'P14', 'P15', 'P16', 'P17', 'P18']
[DataLoader] Skipped 5 blacklisted segments in participant_P02_session_01_segments.h5
[DataLoader] Skipped 5 blacklisted segments in participant_P11_session_01_segments.h5
[DataLoader] Skipped 28 blacklisted segments in participant_P07_session_01_segments.h5
[DataLoader] Skipped 3 blacklisted segments in participant_P01_session_03_segments.h5
[DataLoader] Skipped 15 blacklisted segments in participant_P09_session_01_segments.h5
[DataLoader] Skipped 125 blacklisted segments in participant_P15_session_01_segments.h5
[DataLoader] Skipped 35 blacklisted segments in participant_P08_session_01_segments.h5
[DataLoader] Skipped 19 blacklisted segments in participant_P17_session_01_segments.h5
[DataLoader] Skipped 35 blacklisted segments in participant_P06_session_01_segments.h5
[DataLoader] Skipped 25 blacklisted segments in participant_P16_session_01_segments.h5
[DataLoader] Skipped 16 blacklisted segments in participant_P10_session_01_segments.h5
[DataLoader] Skipped 4 blacklisted segments in participant_P12_session_01_segments.h5
[DataLoader] Skipped 20 blacklisted segments in participant_P14_session_01_segments.h5
[DataLoader] Skipped 10 blacklisted segments in participant_P01_session_02_segments.h5
[DataLoader] Skipped 42 blacklisted segments in participant_P03_session_01_segments.h5
[DataLoader] Skipped 50 blacklisted segments in participant_P05_session_01_segments.h5
[DataLoader] Skipped 28 blacklisted segments in participant_P18_session_01_segments.h5
[DataLoader] Skipped 25 blacklisted segments in participant_P04_session_01_segments.h5
[DataLoader] Skipped 9 blacklisted segments in participant_P01_session_01_segments.h5
[DataLoader] Filter active: removed 144 features from disabled channels/feature-types.
[DataLoader] Dropped 2582 segments with excluded weight classes.
Sequence Data Summary:
  - Total Lifts (Sequences): 15732
  - Average Windows per Lift: 11.5
  - Features per Window: 160
Label vector (y) shape: (15732,) (Target: weight)

Starting 5-Fold Stratified Cross-Validation...
--- Fold 1/5 ---
Initializing GRU Regressor with config: {'hidden_size': 512, 'num_layers': 2, 'dropout_rate': 0.5, 'learning_rate': 0.0005, 'weight_decay': 0.0001, 'batch_size': 32, 'epochs': 200, 'validation_split': 0.1, 'early_stopping_patience': 200, 'scheduler_patience': 10, 'scheduler_factor': 0.5, 'random_state': 3, 'scheduler': {'type': 'OneCycleLR', 'pct_start': 0.4}}
[GRURegressor] Using device: cuda
[Augmenter] Balanced 102 participant-weight combinations to 100 samples each. Total: 10200
[GRURegressor] Augmentation: 11326 → 10200 sequences (+-1126 synthetic)
    Train MAE: 0.0502 | Test MAE: 0.1095 | Gap: 0.0593
    Train RMSE: 0.1583 | Test RMSE: 0.3004 | Ratio: 1.90x
--- Fold 2/5 ---
Initializing GRU Regressor with config: {'hidden_size': 512, 'num_layers': 2, 'dropout_rate': 0.5, 'learning_rate': 0.0005, 'weight_decay': 0.0001, 'batch_size': 32, 'epochs': 200, 'validation_split': 0.1, 'early_stopping_patience': 200, 'scheduler_patience': 10, 'scheduler_factor': 0.5, 'random_state': 3, 'scheduler': {'type': 'OneCycleLR', 'pct_start': 0.4}}
[GRURegressor] Using device: cuda
[Augmenter] Balanced 102 participant-weight combinations to 100 samples each. Total: 10200
[GRURegressor] Augmentation: 11326 → 10200 sequences (+-1126 synthetic)
    Train MAE: 0.0353 | Test MAE: 0.0964 | Gap: 0.0611
    Train RMSE: 0.1317 | Test RMSE: 0.3178 | Ratio: 2.41x
--- Fold 3/5 ---
Initializing GRU Regressor with config: {'hidden_size': 512, 'num_layers': 2, 'dropout_rate': 0.5, 'learning_rate': 0.0005, 'weight_decay': 0.0001, 'batch_size': 32, 'epochs': 200, 'validation_split': 0.1, 'early_stopping_patience': 200, 'scheduler_patience': 10, 'scheduler_factor': 0.5, 'random_state': 3, 'scheduler': {'type': 'OneCycleLR', 'pct_start': 0.4}}
[GRURegressor] Using device: cuda
[Augmenter] Balanced 102 participant-weight combinations to 100 samples each. Total: 10200
[GRURegressor] Augmentation: 11327 → 10200 sequences (+-1127 synthetic)
    Train MAE: 0.0424 | Test MAE: 0.1012 | Gap: 0.0588
    Train RMSE: 0.1516 | Test RMSE: 0.3219 | Ratio: 2.12x
--- Fold 4/5 ---
Initializing GRU Regressor with config: {'hidden_size': 512, 'num_layers': 2, 'dropout_rate': 0.5, 'learning_rate': 0.0005, 'weight_decay': 0.0001, 'batch_size': 32, 'epochs': 200, 'validation_split': 0.1, 'early_stopping_patience': 200, 'scheduler_patience': 10, 'scheduler_factor': 0.5, 'random_state': 3, 'scheduler': {'type': 'OneCycleLR', 'pct_start': 0.4}}
[GRURegressor] Using device: cuda
[Augmenter] Balanced 102 participant-weight combinations to 100 samples each. Total: 10200
[GRURegressor] Augmentation: 11327 → 10200 sequences (+-1127 synthetic)
    Train MAE: 0.0628 | Test MAE: 0.1234 | Gap: 0.0606
    Train RMSE: 0.1641 | Test RMSE: 0.3263 | Ratio: 1.99x
--- Fold 5/5 ---
Initializing GRU Regressor with config: {'hidden_size': 512, 'num_layers': 2, 'dropout_rate': 0.5, 'learning_rate': 0.0005, 'weight_decay': 0.0001, 'batch_size': 32, 'epochs': 200, 'validation_split': 0.1, 'early_stopping_patience': 200, 'scheduler_patience': 10, 'scheduler_factor': 0.5, 'random_state': 3, 'scheduler': {'type': 'OneCycleLR', 'pct_start': 0.4}}
[GRURegressor] Using device: cuda
[Augmenter] Balanced 102 participant-weight combinations to 100 samples each. Total: 10200
[GRURegressor] Augmentation: 11327 → 10200 sequences (+-1127 synthetic)
    Train MAE: 0.0358 | Test MAE: 0.0893 | Gap: 0.0535
    Train RMSE: 0.1549 | Test RMSE: 0.3055 | Ratio: 1.97x

Training final model on full dataset for saving...
Initializing GRU Regressor with config: {'hidden_size': 512, 'num_layers': 2, 'dropout_rate': 0.5, 'learning_rate': 0.0005, 'weight_decay': 0.0001, 'batch_size': 32, 'epochs': 200, 'validation_split': 0.1, 'early_stopping_patience': 200, 'scheduler_patience': 10, 'scheduler_factor': 0.5, 'random_state': 3, 'scheduler': {'type': 'OneCycleLR', 'pct_start': 0.4}}
[GRURegressor] Using device: cuda
[Augmenter] Balanced 102 participant-weight combinations to 100 samples each. Total: 10200
[GRURegressor] Augmentation: 14158 → 10200 sequences (+-3958 synthetic)
Regression plot saved to /home/bwingen/thesis/Thesis/model/model_results/run_20260622_080814_kfold_gru_s3_t49/regression_plot.png
Loss plot saved to /home/bwingen/thesis/Thesis/model/model_results/run_20260622_080814_kfold_gru_s3_t49/loss_plot.png
Participant performance plot saved to /home/bwingen/thesis/Thesis/model/model_results/run_20260622_080814_kfold_gru_s3_t49/participant_performance.png
Sequence-length performance plot saved to /home/bwingen/thesis/Thesis/model/model_results/run_20260622_080814_kfold_gru_s3_t49/seqlen_performance_plot.png

Performance report saved to /home/bwingen/thesis/Thesis/model/model_results/run_20260622_080814_kfold_gru_s3_t49/performance_report.txt

============================================================
  BALANCED PERFORMANCE SUMMARY
============================================================
--- MACRO-AVERAGED METRICS (BALANCED) ---
Primary metric: class_participant_macro (equal weight per participant AND per weight class)

View                         | MAE      | RMSE     | R2      
-------------------------------------------------------------
class+participant macro *    | 0.2022   | 0.4079   | 0.9416  
participant macro            | 0.1155   | 0.3378   | 0.9672  
class macro                  | 0.1799   | 0.3980   | 0.9527  
pooled (unbalanced)          | 0.1040   | 0.3145   | 0.9734  

* PRIMARY. R2 under class balancing uses class-balanced sample weights
  (per-class R2 is undefined; a single class has zero target variance).
============================================================


[run_data_exporter] Run data saved to /home/bwingen/thesis/Thesis/model/model_results/run_20260622_080814_kfold_gru_s3_t49/run_data.json
