Database found at /scratch/bwingen/thesis/database
Using Python: /scratch/bwingen/thesis_env/bin/python
Python 3.10.20
Results will be saved to: /home/bwingen/thesis/Thesis/model/model_results/run_20260409_095246
Found 9 segment file(s).
Extracting features from HDF5 files. This may take a moment...
[DataLoader] Filtered 9 files down to 8 based on PARTICIPANT_CONFIG['include']=['P01', 'P02', 'P03', 'P04', 'P06', 'P07']
[DataLoader] Loaded 9842 raw segments (26 channels each)
Extracted features dataframe shape: (9842, 9)
Raw Segment Data Summary:
  - Total Segments: 9842
  - Channels (EMG + IMU): 26
  - Avg Segment Length: 2522 samples
  - Min / Max Segment Length: 470 / 135696 samples
Label vector (y) shape: (9842,) (Target: weight)

Starting 6-Fold Leave-One-Participant-Out Cross-Validation...
--- Fold 1/6 (Left out Participant: P01) ---
Initializing CNN-LSTM Regressor with config: {'cnn_filters': [128, 256, 512], 'cnn_kernel_sizes': [7, 5, 3], 'pool_size': 4, 'lstm_hidden_size': 512, 'lstm_num_layers': 4, 'dropout_rate': 0.4, 'learning_rate': 0.001, 'weight_decay': 1e-05, 'batch_size': 64, 'epochs': 1000, 'balance_weights': True, 'validation_split': 0.2, 'early_stopping_patience': 100, 'scheduler_patience': 50, 'scheduler_factor': 0.5, 'random_state': 245}
[CNNLSTMRegressor] Using device: cuda
[CNNLSTMRegressor] Augmentation: 4330 → 10374 segments (+6044 synthetic)
[CNNLSTMRegressor] Sample weighting enabled. Weights assigned to 10374 training samples.

Early stopping at epoch 357. Best Val Loss: 0.1626
--- Fold 2/6 (Left out Participant: P02) ---
Initializing CNN-LSTM Regressor with config: {'cnn_filters': [128, 256, 512], 'cnn_kernel_sizes': [7, 5, 3], 'pool_size': 4, 'lstm_hidden_size': 512, 'lstm_num_layers': 4, 'dropout_rate': 0.4, 'learning_rate': 0.001, 'weight_decay': 1e-05, 'batch_size': 64, 'epochs': 1000, 'balance_weights': True, 'validation_split': 0.2, 'early_stopping_patience': 100, 'scheduler_patience': 50, 'scheduler_factor': 0.5, 'random_state': 245}
[CNNLSTMRegressor] Using device: cuda
[CNNLSTMRegressor] Augmentation: 6731 → 16188 segments (+9457 synthetic)
[CNNLSTMRegressor] Sample weighting enabled. Weights assigned to 16188 training samples.

Early stopping at epoch 210. Best Val Loss: 0.1103
--- Fold 3/6 (Left out Participant: P03) ---
Initializing CNN-LSTM Regressor with config: {'cnn_filters': [128, 256, 512], 'cnn_kernel_sizes': [7, 5, 3], 'pool_size': 4, 'lstm_hidden_size': 512, 'lstm_num_layers': 4, 'dropout_rate': 0.4, 'learning_rate': 0.001, 'weight_decay': 1e-05, 'batch_size': 64, 'epochs': 1000, 'balance_weights': True, 'validation_split': 0.2, 'early_stopping_patience': 100, 'scheduler_patience': 50, 'scheduler_factor': 0.5, 'random_state': 245}
[CNNLSTMRegressor] Using device: cuda
[CNNLSTMRegressor] Augmentation: 7075 → 16861 segments (+9786 synthetic)
[CNNLSTMRegressor] Sample weighting enabled. Weights assigned to 16861 training samples.

Early stopping at epoch 260. Best Val Loss: 0.0969
--- Fold 4/6 (Left out Participant: P04) ---
Initializing CNN-LSTM Regressor with config: {'cnn_filters': [128, 256, 512], 'cnn_kernel_sizes': [7, 5, 3], 'pool_size': 4, 'lstm_hidden_size': 512, 'lstm_num_layers': 4, 'dropout_rate': 0.4, 'learning_rate': 0.001, 'weight_decay': 1e-05, 'batch_size': 64, 'epochs': 1000, 'balance_weights': True, 'validation_split': 0.2, 'early_stopping_patience': 100, 'scheduler_patience': 50, 'scheduler_factor': 0.5, 'random_state': 245}
[CNNLSTMRegressor] Using device: cuda
[CNNLSTMRegressor] Augmentation: 7075 → 17003 segments (+9928 synthetic)
[CNNLSTMRegressor] Sample weighting enabled. Weights assigned to 17003 training samples.

Early stopping at epoch 289. Best Val Loss: 0.0906
--- Fold 5/6 (Left out Participant: P06) ---
Initializing CNN-LSTM Regressor with config: {'cnn_filters': [128, 256, 512], 'cnn_kernel_sizes': [7, 5, 3], 'pool_size': 4, 'lstm_hidden_size': 512, 'lstm_num_layers': 4, 'dropout_rate': 0.4, 'learning_rate': 0.001, 'weight_decay': 1e-05, 'batch_size': 64, 'epochs': 1000, 'balance_weights': True, 'validation_split': 0.2, 'early_stopping_patience': 100, 'scheduler_patience': 50, 'scheduler_factor': 0.5, 'random_state': 245}
[CNNLSTMRegressor] Using device: cuda
[CNNLSTMRegressor] Augmentation: 7080 → 16985 segments (+9905 synthetic)
[CNNLSTMRegressor] Sample weighting enabled. Weights assigned to 16985 training samples.

Early stopping at epoch 269. Best Val Loss: 0.0954
--- Fold 6/6 (Left out Participant: P07) ---
Initializing CNN-LSTM Regressor with config: {'cnn_filters': [128, 256, 512], 'cnn_kernel_sizes': [7, 5, 3], 'pool_size': 4, 'lstm_hidden_size': 512, 'lstm_num_layers': 4, 'dropout_rate': 0.4, 'learning_rate': 0.001, 'weight_decay': 1e-05, 'batch_size': 64, 'epochs': 1000, 'balance_weights': True, 'validation_split': 0.2, 'early_stopping_patience': 100, 'scheduler_patience': 50, 'scheduler_factor': 0.5, 'random_state': 245}
[CNNLSTMRegressor] Using device: cuda
[CNNLSTMRegressor] Augmentation: 7076 → 17096 segments (+10020 synthetic)
[CNNLSTMRegressor] Sample weighting enabled. Weights assigned to 17096 training samples.

Early stopping at epoch 248. Best Val Loss: 0.1065

=======================================================
CROSS-VALIDATION RESULTS (6 Folds)
MAE: 0.4801 (±0.1774)
MSE: 0.5870 (±0.2692)
RMSE: 0.7470 (±0.1705)
R2: 0.8197 (±0.0821)
train_time: 5143.4815 (±615.4430)
inference_time_total: 1.3519 (±0.8648)
inference_time_per_sample: 0.0009 (±0.0003)

=======================================================

Training final model on full dataset for saving...
Initializing CNN-LSTM Regressor with config: {'cnn_filters': [128, 256, 512], 'cnn_kernel_sizes': [7, 5, 3], 'pool_size': 4, 'lstm_hidden_size': 512, 'lstm_num_layers': 4, 'dropout_rate': 0.4, 'learning_rate': 0.001, 'weight_decay': 1e-05, 'batch_size': 64, 'epochs': 1000, 'balance_weights': True, 'validation_split': 0.2, 'early_stopping_patience': 100, 'scheduler_patience': 50, 'scheduler_factor': 0.5, 'random_state': 245}
[CNNLSTMRegressor] Using device: cuda
[CNNLSTMRegressor] Augmentation: 7873 → 18734 segments (+10861 synthetic)
[CNNLSTMRegressor] Sample weighting enabled. Weights assigned to 18734 training samples.

Early stopping at epoch 502. Best Val Loss: 0.1035
Regression plot saved to /home/bwingen/thesis/Thesis/model/model_results/run_20260409_095246/regression_plot.png
Loss plot saved to /home/bwingen/thesis/Thesis/model/model_results/run_20260409_095246/loss_plot.png
Loss plot saved to /home/bwingen/thesis/Thesis/model/model_results/run_20260409_095246/loss_plot.png

Generating t-SNE plot of CNN feature space...
[t-SNE] Fitting on 9842 samples (perplexity=30)…
[t-SNE] Computing 91 nearest neighbors...
[t-SNE] Indexed 9842 samples in 0.002s...
[t-SNE] Computed neighbors for 9842 samples in 1.350s...
[t-SNE] Computed conditional probabilities for sample 1000 / 9842
[t-SNE] Computed conditional probabilities for sample 2000 / 9842
[t-SNE] Computed conditional probabilities for sample 3000 / 9842
[t-SNE] Computed conditional probabilities for sample 4000 / 9842
[t-SNE] Computed conditional probabilities for sample 5000 / 9842
[t-SNE] Computed conditional probabilities for sample 6000 / 9842
[t-SNE] Computed conditional probabilities for sample 7000 / 9842
[t-SNE] Computed conditional probabilities for sample 8000 / 9842
[t-SNE] Computed conditional probabilities for sample 9000 / 9842
[t-SNE] Computed conditional probabilities for sample 9842 / 9842
[t-SNE] Mean sigma: 0.334817
[t-SNE] KL divergence after 250 iterations with early exaggeration: 82.706993
[t-SNE] KL divergence after 1000 iterations: 1.597789
t-SNE feature plot saved to /home/bwingen/thesis/Thesis/model/model_results/run_20260409_095246/tsne_cnn_features.png
t-SNE plot saved to /home/bwingen/thesis/Thesis/model/model_results/run_20260409_095246/tsne_cnn_features.png
Participant performance plot saved to /home/bwingen/thesis/Thesis/model/model_results/run_20260409_095246/participant_performance.png
Sequence-length performance plot saved to /home/bwingen/thesis/Thesis/model/model_results/run_20260409_095246/seqlen_performance_plot.png

Performance report saved to /home/bwingen/thesis/Thesis/model/model_results/run_20260409_095246/performance_report.txt
