=================================================================
GENERALIZED SENSOR-PRACTICALITY ABLATION (LOPO) — array task 6
  Combo               : IMUup-EMGfo  (7/31)
  Regime              : participant  [LOPO / cross-subject]
  Run tag             : ablgen_IMUup-EMGfo
  Python              : /scratch/bwingen/thesis_env/bin/python
Python 3.10.20
=================================================================
[DataLoader] Weight filter active (applied at training time) — excluding calibrated weights: [0.9, 2.24]
[DataLoader] Loaded blacklist: 545 segments will be skipped.
==============================================================================
SENSOR-PRACTICALITY ABLATION — par-spec ST-transformer3
  mode (CV strategy)   : participant  [LOPO / cross-subject]
  limit_folds          : None
  skip_final_full_train: True
  feature importance   : OFF (reuse cross-val2 baseline SHAP/perm)
  DEV_MODE             : False
  # combinations       : 1
  combinations         : ['IMUup-EMGfo']
==============================================================================

[CUSTOM MODALITY PLAN] Enabled. Will run sequentially for: ['IMUup-EMGfo']
Results will be saved to: /home/bwingen/thesis/Thesis/model/model_results/run_20260622_155607_participant_ablgen_IMUup-EMGfo_t6

================================================================================
  RUNNING PIPELINE FOR MODALITY CONFIGURATION: IMUUP-EMGFO
================================================================================

[DataLoader] Filtered 20 files down to 19 based on PARTICIPANT_CONFIG['include']=['P01', 'P02', 'P03', 'P04', 'P05', 'P06', 'P07', 'P08', 'P09', 'P10', 'P11', 'P12', 'P14', 'P15', 'P16', 'P17', 'P18']
[DataLoader] Skipped 5 blacklisted segments in participant_P02_session_01_segments.h5
[DataLoader] Skipped 5 blacklisted segments in participant_P11_session_01_segments.h5
[DataLoader] Skipped 28 blacklisted segments in participant_P07_session_01_segments.h5
[DataLoader] Skipped 3 blacklisted segments in participant_P01_session_03_segments.h5
[DataLoader] Skipped 15 blacklisted segments in participant_P09_session_01_segments.h5
[DataLoader] Skipped 125 blacklisted segments in participant_P15_session_01_segments.h5
[DataLoader] Skipped 35 blacklisted segments in participant_P08_session_01_segments.h5
[DataLoader] Skipped 19 blacklisted segments in participant_P17_session_01_segments.h5
[DataLoader] Skipped 35 blacklisted segments in participant_P06_session_01_segments.h5
[DataLoader] Skipped 25 blacklisted segments in participant_P16_session_01_segments.h5
[DataLoader] Skipped 16 blacklisted segments in participant_P10_session_01_segments.h5
[DataLoader] Skipped 4 blacklisted segments in participant_P12_session_01_segments.h5
[DataLoader] Skipped 20 blacklisted segments in participant_P14_session_01_segments.h5
[DataLoader] Skipped 10 blacklisted segments in participant_P01_session_02_segments.h5
[DataLoader] Skipped 42 blacklisted segments in participant_P03_session_01_segments.h5
[DataLoader] Skipped 50 blacklisted segments in participant_P05_session_01_segments.h5
[DataLoader] Skipped 28 blacklisted segments in participant_P18_session_01_segments.h5
[DataLoader] Skipped 25 blacklisted segments in participant_P04_session_01_segments.h5
[DataLoader] Skipped 9 blacklisted segments in participant_P01_session_01_segments.h5
[DataLoader] Filter active: removed 211 features from disabled channels/feature-types.
[DataLoader] Dropped 2582 segments with excluded weight classes.
Sequence Data Summary:
  - Total Lifts (Sequences): 15732
  - Average Windows per Lift: 11.5
  - Features per Window: 93
Label vector (y) shape: (15732,) (Target: weight)

Starting 17-Fold Cross-Participant Validation...
--- Fold 1/17 (Left out Participants: P01) ---
Initializing Modality-Grouped Spatio-Temporal Transformer Regressor with config: {'d_model': 96, 'nhead_spatial': 8, 'num_layers': 4, 'nhead_temporal': 2, 'dim_feedforward': 512, 'dropout_rate': 0.25, 'learning_rate': 0.0003, 'class_balanced_loss': False, 'weight_decay': 0.005, 'batch_size': 64, 'epochs': 200, 'validation_split': 0.1, 'early_stopping_patience': 5, 'scheduler_patience': 3, 'scheduler_factor': 0.8, 'use_checkpointing': True, 'use_amp': True, 'scheduler': {'type': 'WarmupCosine', 'warmup_epochs': 5, 'min_lr': 1e-06}, 'random_state': 245}
[SpatioTemporalTransformerRegressor3] Using device: cuda
    [Strict Validation] Holding out 1 participants for early stopping: P08
[SpatioTemporalTransformerRegressor3] Using explicitly provided validation set (834 samples).
[SpatioTemporalTransformerRegressor3] Capping sequence length at 24 based on sample distribution (min_count=55).
[SpatioTemporalTransformerRegressor3] Grouped features into 9 spatial channels.
[Augmenter] Balanced 90 participant-weight combinations to 250 samples each. Total: 22500
[SpatioTemporalTransformerNetwork3] Modality groups: {'EMG': 3, 'IMU_Accel': 3, 'IMU_Orient': 3}

Early stopping triggered at epoch 16. Best Val Loss: 0.2426
    Train MAE: 0.1523 | Test MAE: 0.2831 | Gap: 0.1308
    Train RMSE: 0.3077 | Test RMSE: 0.5830 | Ratio: 1.89x
--- Fold 2/17 (Left out Participants: P02) ---
Initializing Modality-Grouped Spatio-Temporal Transformer Regressor with config: {'d_model': 96, 'nhead_spatial': 8, 'num_layers': 4, 'nhead_temporal': 2, 'dim_feedforward': 512, 'dropout_rate': 0.25, 'learning_rate': 0.0003, 'class_balanced_loss': False, 'weight_decay': 0.005, 'batch_size': 64, 'epochs': 200, 'validation_split': 0.1, 'early_stopping_patience': 5, 'scheduler_patience': 3, 'scheduler_factor': 0.8, 'use_checkpointing': True, 'use_amp': True, 'scheduler': {'type': 'WarmupCosine', 'warmup_epochs': 5, 'min_lr': 1e-06}, 'random_state': 245}
[SpatioTemporalTransformerRegressor3] Using device: cuda
    [Strict Validation] Holding out 1 participants for early stopping: P07
[SpatioTemporalTransformerRegressor3] Using explicitly provided validation set (833 samples).
[SpatioTemporalTransformerRegressor3] Capping sequence length at 24 based on sample distribution (min_count=68).
[SpatioTemporalTransformerRegressor3] Grouped features into 9 spatial channels.
[Augmenter] Balanced 90 participant-weight combinations to 250 samples each. Total: 22500
[SpatioTemporalTransformerNetwork3] Modality groups: {'EMG': 3, 'IMU_Accel': 3, 'IMU_Orient': 3}

Early stopping triggered at epoch 17. Best Val Loss: 0.3934
    Train MAE: 0.1684 | Test MAE: 0.1886 | Gap: 0.0202
    Train RMSE: 0.3152 | Test RMSE: 0.3679 | Ratio: 1.17x
--- Fold 3/17 (Left out Participants: P12) ---
Initializing Modality-Grouped Spatio-Temporal Transformer Regressor with config: {'d_model': 96, 'nhead_spatial': 8, 'num_layers': 4, 'nhead_temporal': 2, 'dim_feedforward': 512, 'dropout_rate': 0.25, 'learning_rate': 0.0003, 'class_balanced_loss': False, 'weight_decay': 0.005, 'batch_size': 64, 'epochs': 200, 'validation_split': 0.1, 'early_stopping_patience': 5, 'scheduler_patience': 3, 'scheduler_factor': 0.8, 'use_checkpointing': True, 'use_amp': True, 'scheduler': {'type': 'WarmupCosine', 'warmup_epochs': 5, 'min_lr': 1e-06}, 'random_state': 245}
[SpatioTemporalTransformerRegressor3] Using device: cuda
    [Strict Validation] Holding out 1 participants for early stopping: P03
[SpatioTemporalTransformerRegressor3] Using explicitly provided validation set (820 samples).
[SpatioTemporalTransformerRegressor3] Capping sequence length at 23 based on sample distribution (min_count=70).
[SpatioTemporalTransformerRegressor3] Grouped features into 9 spatial channels.
[Augmenter] Balanced 90 participant-weight combinations to 250 samples each. Total: 22500
[SpatioTemporalTransformerNetwork3] Modality groups: {'EMG': 3, 'IMU_Accel': 3, 'IMU_Orient': 3}

Early stopping triggered at epoch 7. Best Val Loss: 0.2021
    Train MAE: 0.3423 | Test MAE: 0.2283 | Gap: -0.1140
    Train RMSE: 0.5924 | Test RMSE: 0.4000 | Ratio: 0.68x
--- Fold 4/17 (Left out Participants: P11) ---
Initializing Modality-Grouped Spatio-Temporal Transformer Regressor with config: {'d_model': 96, 'nhead_spatial': 8, 'num_layers': 4, 'nhead_temporal': 2, 'dim_feedforward': 512, 'dropout_rate': 0.25, 'learning_rate': 0.0003, 'class_balanced_loss': False, 'weight_decay': 0.005, 'batch_size': 64, 'epochs': 200, 'validation_split': 0.1, 'early_stopping_patience': 5, 'scheduler_patience': 3, 'scheduler_factor': 0.8, 'use_checkpointing': True, 'use_amp': True, 'scheduler': {'type': 'WarmupCosine', 'warmup_epochs': 5, 'min_lr': 1e-06}, 'random_state': 245}
[SpatioTemporalTransformerRegressor3] Using device: cuda
    [Strict Validation] Holding out 1 participants for early stopping: P09
[SpatioTemporalTransformerRegressor3] Using explicitly provided validation set (847 samples).
[SpatioTemporalTransformerRegressor3] Capping sequence length at 23 based on sample distribution (min_count=70).
[SpatioTemporalTransformerRegressor3] Grouped features into 9 spatial channels.
[Augmenter] Balanced 90 participant-weight combinations to 250 samples each. Total: 22500
[SpatioTemporalTransformerNetwork3] Modality groups: {'EMG': 3, 'IMU_Accel': 3, 'IMU_Orient': 3}

Early stopping triggered at epoch 15. Best Val Loss: 0.2984
    Train MAE: 0.1843 | Test MAE: 0.2874 | Gap: 0.1031
    Train RMSE: 0.3645 | Test RMSE: 0.5447 | Ratio: 1.49x
--- Fold 5/17 (Left out Participants: P09) ---
Initializing Modality-Grouped Spatio-Temporal Transformer Regressor with config: {'d_model': 96, 'nhead_spatial': 8, 'num_layers': 4, 'nhead_temporal': 2, 'dim_feedforward': 512, 'dropout_rate': 0.25, 'learning_rate': 0.0003, 'class_balanced_loss': False, 'weight_decay': 0.005, 'batch_size': 64, 'epochs': 200, 'validation_split': 0.1, 'early_stopping_patience': 5, 'scheduler_patience': 3, 'scheduler_factor': 0.8, 'use_checkpointing': True, 'use_amp': True, 'scheduler': {'type': 'WarmupCosine', 'warmup_epochs': 5, 'min_lr': 1e-06}, 'random_state': 245}
[SpatioTemporalTransformerRegressor3] Using device: cuda
    [Strict Validation] Holding out 1 participants for early stopping: P18
[SpatioTemporalTransformerRegressor3] Using explicitly provided validation set (405 samples).
[SpatioTemporalTransformerRegressor3] Capping sequence length at 23 based on sample distribution (min_count=72).
[SpatioTemporalTransformerRegressor3] Grouped features into 9 spatial channels.
[Augmenter] Balanced 90 participant-weight combinations to 250 samples each. Total: 22500
[SpatioTemporalTransformerNetwork3] Modality groups: {'EMG': 3, 'IMU_Accel': 3, 'IMU_Orient': 3}

Early stopping triggered at epoch 12. Best Val Loss: 0.4531
    Train MAE: 0.1954 | Test MAE: 0.2764 | Gap: 0.0810
    Train RMSE: 0.3933 | Test RMSE: 0.5727 | Ratio: 1.46x
--- Fold 6/17 (Left out Participants: P17) ---
Initializing Modality-Grouped Spatio-Temporal Transformer Regressor with config: {'d_model': 96, 'nhead_spatial': 8, 'num_layers': 4, 'nhead_temporal': 2, 'dim_feedforward': 512, 'dropout_rate': 0.25, 'learning_rate': 0.0003, 'class_balanced_loss': False, 'weight_decay': 0.005, 'batch_size': 64, 'epochs': 200, 'validation_split': 0.1, 'early_stopping_patience': 5, 'scheduler_patience': 3, 'scheduler_factor': 0.8, 'use_checkpointing': True, 'use_amp': True, 'scheduler': {'type': 'WarmupCosine', 'warmup_epochs': 5, 'min_lr': 1e-06}, 'random_state': 245}
[SpatioTemporalTransformerRegressor3] Using device: cuda
    [Strict Validation] Holding out 1 participants for early stopping: P11
[SpatioTemporalTransformerRegressor3] Using explicitly provided validation set (850 samples).
[SpatioTemporalTransformerRegressor3] Capping sequence length at 23 based on sample distribution (min_count=70).
[SpatioTemporalTransformerRegressor3] Grouped features into 9 spatial channels.
[Augmenter] Balanced 90 participant-weight combinations to 250 samples each. Total: 22500
[SpatioTemporalTransformerNetwork3] Modality groups: {'EMG': 3, 'IMU_Accel': 3, 'IMU_Orient': 3}

Early stopping triggered at epoch 19. Best Val Loss: 0.2337
    Train MAE: 0.1873 | Test MAE: 0.3577 | Gap: 0.1704
    Train RMSE: 0.3647 | Test RMSE: 0.6894 | Ratio: 1.89x
--- Fold 7/17 (Left out Participants: P04) ---
Initializing Modality-Grouped Spatio-Temporal Transformer Regressor with config: {'d_model': 96, 'nhead_spatial': 8, 'num_layers': 4, 'nhead_temporal': 2, 'dim_feedforward': 512, 'dropout_rate': 0.25, 'learning_rate': 0.0003, 'class_balanced_loss': False, 'weight_decay': 0.005, 'batch_size': 64, 'epochs': 200, 'validation_split': 0.1, 'early_stopping_patience': 5, 'scheduler_patience': 3, 'scheduler_factor': 0.8, 'use_checkpointing': True, 'use_amp': True, 'scheduler': {'type': 'WarmupCosine', 'warmup_epochs': 5, 'min_lr': 1e-06}, 'random_state': 245}
[SpatioTemporalTransformerRegressor3] Using device: cuda
    [Strict Validation] Holding out 1 participants for early stopping: P01
[SpatioTemporalTransformerRegressor3] Using explicitly provided validation set (3778 samples).
[SpatioTemporalTransformerRegressor3] Capping sequence length at 24 based on sample distribution (min_count=55).
[SpatioTemporalTransformerRegressor3] Grouped features into 9 spatial channels.
[Augmenter] Balanced 90 participant-weight combinations to 250 samples each. Total: 22500
[SpatioTemporalTransformerNetwork3] Modality groups: {'EMG': 3, 'IMU_Accel': 3, 'IMU_Orient': 3}

Early stopping triggered at epoch 20. Best Val Loss: 0.2900
    Train MAE: 0.1550 | Test MAE: 0.2571 | Gap: 0.1021
    Train RMSE: 0.3013 | Test RMSE: 0.5144 | Ratio: 1.71x
--- Fold 8/17 (Left out Participants: P08) ---
Initializing Modality-Grouped Spatio-Temporal Transformer Regressor with config: {'d_model': 96, 'nhead_spatial': 8, 'num_layers': 4, 'nhead_temporal': 2, 'dim_feedforward': 512, 'dropout_rate': 0.25, 'learning_rate': 0.0003, 'class_balanced_loss': False, 'weight_decay': 0.005, 'batch_size': 64, 'epochs': 200, 'validation_split': 0.1, 'early_stopping_patience': 5, 'scheduler_patience': 3, 'scheduler_factor': 0.8, 'use_checkpointing': True, 'use_amp': True, 'scheduler': {'type': 'WarmupCosine', 'warmup_epochs': 5, 'min_lr': 1e-06}, 'random_state': 245}
[SpatioTemporalTransformerRegressor3] Using device: cuda
    [Strict Validation] Holding out 1 participants for early stopping: P10
[SpatioTemporalTransformerRegressor3] Using explicitly provided validation set (414 samples).
[SpatioTemporalTransformerRegressor3] Capping sequence length at 24 based on sample distribution (min_count=72).
[SpatioTemporalTransformerRegressor3] Grouped features into 9 spatial channels.
[Augmenter] Balanced 90 participant-weight combinations to 250 samples each. Total: 22500
[SpatioTemporalTransformerNetwork3] Modality groups: {'EMG': 3, 'IMU_Accel': 3, 'IMU_Orient': 3}

Early stopping triggered at epoch 14. Best Val Loss: 0.4970
    Train MAE: 0.1996 | Test MAE: 0.3473 | Gap: 0.1476
    Train RMSE: 0.3687 | Test RMSE: 0.5897 | Ratio: 1.60x
--- Fold 9/17 (Left out Participants: P07) ---
Initializing Modality-Grouped Spatio-Temporal Transformer Regressor with config: {'d_model': 96, 'nhead_spatial': 8, 'num_layers': 4, 'nhead_temporal': 2, 'dim_feedforward': 512, 'dropout_rate': 0.25, 'learning_rate': 0.0003, 'class_balanced_loss': False, 'weight_decay': 0.005, 'batch_size': 64, 'epochs': 200, 'validation_split': 0.1, 'early_stopping_patience': 5, 'scheduler_patience': 3, 'scheduler_factor': 0.8, 'use_checkpointing': True, 'use_amp': True, 'scheduler': {'type': 'WarmupCosine', 'warmup_epochs': 5, 'min_lr': 1e-06}, 'random_state': 245}
[SpatioTemporalTransformerRegressor3] Using device: cuda
    [Strict Validation] Holding out 1 participants for early stopping: P06
[SpatioTemporalTransformerRegressor3] Using explicitly provided validation set (826 samples).
[SpatioTemporalTransformerRegressor3] Capping sequence length at 24 based on sample distribution (min_count=70).
[SpatioTemporalTransformerRegressor3] Grouped features into 9 spatial channels.
[Augmenter] Balanced 90 participant-weight combinations to 250 samples each. Total: 22500
[SpatioTemporalTransformerNetwork3] Modality groups: {'EMG': 3, 'IMU_Accel': 3, 'IMU_Orient': 3}

Early stopping triggered at epoch 9. Best Val Loss: 0.1825
    Train MAE: 0.3140 | Test MAE: 0.4117 | Gap: 0.0977
    Train RMSE: 0.5324 | Test RMSE: 0.6734 | Ratio: 1.26x
--- Fold 10/17 (Left out Participants: P16) ---
Initializing Modality-Grouped Spatio-Temporal Transformer Regressor with config: {'d_model': 96, 'nhead_spatial': 8, 'num_layers': 4, 'nhead_temporal': 2, 'dim_feedforward': 512, 'dropout_rate': 0.25, 'learning_rate': 0.0003, 'class_balanced_loss': False, 'weight_decay': 0.005, 'batch_size': 64, 'epochs': 200, 'validation_split': 0.1, 'early_stopping_patience': 5, 'scheduler_patience': 3, 'scheduler_factor': 0.8, 'use_checkpointing': True, 'use_amp': True, 'scheduler': {'type': 'WarmupCosine', 'warmup_epochs': 5, 'min_lr': 1e-06}, 'random_state': 245}
[SpatioTemporalTransformerRegressor3] Using device: cuda
    [Strict Validation] Holding out 1 participants for early stopping: P15
[SpatioTemporalTransformerRegressor3] Using explicitly provided validation set (746 samples).
[SpatioTemporalTransformerRegressor3] Capping sequence length at 23 based on sample distribution (min_count=70).
[SpatioTemporalTransformerRegressor3] Grouped features into 9 spatial channels.
[Augmenter] Balanced 90 participant-weight combinations to 250 samples each. Total: 22500
[SpatioTemporalTransformerNetwork3] Modality groups: {'EMG': 3, 'IMU_Accel': 3, 'IMU_Orient': 3}

Early stopping triggered at epoch 12. Best Val Loss: 0.6478
    Train MAE: 0.2091 | Test MAE: 0.5374 | Gap: 0.3283
    Train RMSE: 0.4205 | Test RMSE: 0.9847 | Ratio: 2.34x
--- Fold 11/17 (Left out Participants: P06) ---
Initializing Modality-Grouped Spatio-Temporal Transformer Regressor with config: {'d_model': 96, 'nhead_spatial': 8, 'num_layers': 4, 'nhead_temporal': 2, 'dim_feedforward': 512, 'dropout_rate': 0.25, 'learning_rate': 0.0003, 'class_balanced_loss': False, 'weight_decay': 0.005, 'batch_size': 64, 'epochs': 200, 'validation_split': 0.1, 'early_stopping_patience': 5, 'scheduler_patience': 3, 'scheduler_factor': 0.8, 'use_checkpointing': True, 'use_amp': True, 'scheduler': {'type': 'WarmupCosine', 'warmup_epochs': 5, 'min_lr': 1e-06}, 'random_state': 245}
[SpatioTemporalTransformerRegressor3] Using device: cuda
    [Strict Validation] Holding out 1 participants for early stopping: P17
[SpatioTemporalTransformerRegressor3] Using explicitly provided validation set (842 samples).
[SpatioTemporalTransformerRegressor3] Capping sequence length at 24 based on sample distribution (min_count=70).
[SpatioTemporalTransformerRegressor3] Grouped features into 9 spatial channels.
[Augmenter] Balanced 90 participant-weight combinations to 250 samples each. Total: 22500
[SpatioTemporalTransformerNetwork3] Modality groups: {'EMG': 3, 'IMU_Accel': 3, 'IMU_Orient': 3}

Early stopping triggered at epoch 21. Best Val Loss: 0.2811
    Train MAE: 0.1835 | Test MAE: 0.2210 | Gap: 0.0374
    Train RMSE: 0.3526 | Test RMSE: 0.4508 | Ratio: 1.28x
--- Fold 12/17 (Left out Participants: P03) ---
Initializing Modality-Grouped Spatio-Temporal Transformer Regressor with config: {'d_model': 96, 'nhead_spatial': 8, 'num_layers': 4, 'nhead_temporal': 2, 'dim_feedforward': 512, 'dropout_rate': 0.25, 'learning_rate': 0.0003, 'class_balanced_loss': False, 'weight_decay': 0.005, 'batch_size': 64, 'epochs': 200, 'validation_split': 0.1, 'early_stopping_patience': 5, 'scheduler_patience': 3, 'scheduler_factor': 0.8, 'use_checkpointing': True, 'use_amp': True, 'scheduler': {'type': 'WarmupCosine', 'warmup_epochs': 5, 'min_lr': 1e-06}, 'random_state': 245}
[SpatioTemporalTransformerRegressor3] Using device: cuda
    [Strict Validation] Holding out 1 participants for early stopping: P15
[SpatioTemporalTransformerRegressor3] Using explicitly provided validation set (746 samples).
[SpatioTemporalTransformerRegressor3] Capping sequence length at 23 based on sample distribution (min_count=70).
[SpatioTemporalTransformerRegressor3] Grouped features into 9 spatial channels.
[Augmenter] Balanced 90 participant-weight combinations to 250 samples each. Total: 22500
[SpatioTemporalTransformerNetwork3] Modality groups: {'EMG': 3, 'IMU_Accel': 3, 'IMU_Orient': 3}

Early stopping triggered at epoch 10. Best Val Loss: 0.4755
    Train MAE: 0.2218 | Test MAE: 0.2508 | Gap: 0.0290
    Train RMSE: 0.4462 | Test RMSE: 0.4733 | Ratio: 1.06x
--- Fold 13/17 (Left out Participants: P15) ---
Initializing Modality-Grouped Spatio-Temporal Transformer Regressor with config: {'d_model': 96, 'nhead_spatial': 8, 'num_layers': 4, 'nhead_temporal': 2, 'dim_feedforward': 512, 'dropout_rate': 0.25, 'learning_rate': 0.0003, 'class_balanced_loss': False, 'weight_decay': 0.005, 'batch_size': 64, 'epochs': 200, 'validation_split': 0.1, 'early_stopping_patience': 5, 'scheduler_patience': 3, 'scheduler_factor': 0.8, 'use_checkpointing': True, 'use_amp': True, 'scheduler': {'type': 'WarmupCosine', 'warmup_epochs': 5, 'min_lr': 1e-06}, 'random_state': 245}
[SpatioTemporalTransformerRegressor3] Using device: cuda
    [Strict Validation] Holding out 1 participants for early stopping: P18
[SpatioTemporalTransformerRegressor3] Using explicitly provided validation set (405 samples).
[SpatioTemporalTransformerRegressor3] Capping sequence length at 23 based on sample distribution (min_count=72).
[SpatioTemporalTransformerRegressor3] Grouped features into 9 spatial channels.
[Augmenter] Balanced 90 participant-weight combinations to 250 samples each. Total: 22500
[SpatioTemporalTransformerNetwork3] Modality groups: {'EMG': 3, 'IMU_Accel': 3, 'IMU_Orient': 3}

Early stopping triggered at epoch 9. Best Val Loss: 0.3499
    Train MAE: 0.2622 | Test MAE: 0.3403 | Gap: 0.0781
    Train RMSE: 0.4747 | Test RMSE: 0.6437 | Ratio: 1.36x
--- Fold 14/17 (Left out Participants: P10) ---
Initializing Modality-Grouped Spatio-Temporal Transformer Regressor with config: {'d_model': 96, 'nhead_spatial': 8, 'num_layers': 4, 'nhead_temporal': 2, 'dim_feedforward': 512, 'dropout_rate': 0.25, 'learning_rate': 0.0003, 'class_balanced_loss': False, 'weight_decay': 0.005, 'batch_size': 64, 'epochs': 200, 'validation_split': 0.1, 'early_stopping_patience': 5, 'scheduler_patience': 3, 'scheduler_factor': 0.8, 'use_checkpointing': True, 'use_amp': True, 'scheduler': {'type': 'WarmupCosine', 'warmup_epochs': 5, 'min_lr': 1e-06}, 'random_state': 245}
[SpatioTemporalTransformerRegressor3] Using device: cuda
    [Strict Validation] Holding out 1 participants for early stopping: P16
[SpatioTemporalTransformerRegressor3] Using explicitly provided validation set (832 samples).
[SpatioTemporalTransformerRegressor3] Capping sequence length at 24 based on sample distribution (min_count=72).
[SpatioTemporalTransformerRegressor3] Grouped features into 9 spatial channels.
[Augmenter] Balanced 90 participant-weight combinations to 250 samples each. Total: 22500
[SpatioTemporalTransformerNetwork3] Modality groups: {'EMG': 3, 'IMU_Accel': 3, 'IMU_Orient': 3}

Early stopping triggered at epoch 13. Best Val Loss: 0.6203
    Train MAE: 0.2071 | Test MAE: 0.3411 | Gap: 0.1340
    Train RMSE: 0.4025 | Test RMSE: 0.6692 | Ratio: 1.66x
--- Fold 15/17 (Left out Participants: P14) ---
Initializing Modality-Grouped Spatio-Temporal Transformer Regressor with config: {'d_model': 96, 'nhead_spatial': 8, 'num_layers': 4, 'nhead_temporal': 2, 'dim_feedforward': 512, 'dropout_rate': 0.25, 'learning_rate': 0.0003, 'class_balanced_loss': False, 'weight_decay': 0.005, 'batch_size': 64, 'epochs': 200, 'validation_split': 0.1, 'early_stopping_patience': 5, 'scheduler_patience': 3, 'scheduler_factor': 0.8, 'use_checkpointing': True, 'use_amp': True, 'scheduler': {'type': 'WarmupCosine', 'warmup_epochs': 5, 'min_lr': 1e-06}, 'random_state': 245}
[SpatioTemporalTransformerRegressor3] Using device: cuda
    [Strict Validation] Holding out 1 participants for early stopping: P16
[SpatioTemporalTransformerRegressor3] Using explicitly provided validation set (832 samples).
[SpatioTemporalTransformerRegressor3] Capping sequence length at 23 based on sample distribution (min_count=72).
[SpatioTemporalTransformerRegressor3] Grouped features into 9 spatial channels.
[Augmenter] Balanced 90 participant-weight combinations to 250 samples each. Total: 22500
[SpatioTemporalTransformerNetwork3] Modality groups: {'EMG': 3, 'IMU_Accel': 3, 'IMU_Orient': 3}

Early stopping triggered at epoch 20. Best Val Loss: 0.6483
    Train MAE: 0.1525 | Test MAE: 0.3936 | Gap: 0.2411
    Train RMSE: 0.3072 | Test RMSE: 0.8373 | Ratio: 2.73x
--- Fold 16/17 (Left out Participants: P18) ---
Initializing Modality-Grouped Spatio-Temporal Transformer Regressor with config: {'d_model': 96, 'nhead_spatial': 8, 'num_layers': 4, 'nhead_temporal': 2, 'dim_feedforward': 512, 'dropout_rate': 0.25, 'learning_rate': 0.0003, 'class_balanced_loss': False, 'weight_decay': 0.005, 'batch_size': 64, 'epochs': 200, 'validation_split': 0.1, 'early_stopping_patience': 5, 'scheduler_patience': 3, 'scheduler_factor': 0.8, 'use_checkpointing': True, 'use_amp': True, 'scheduler': {'type': 'WarmupCosine', 'warmup_epochs': 5, 'min_lr': 1e-06}, 'random_state': 245}
[SpatioTemporalTransformerRegressor3] Using device: cuda
    [Strict Validation] Holding out 1 participants for early stopping: P12
[SpatioTemporalTransformerRegressor3] Using explicitly provided validation set (851 samples).
[SpatioTemporalTransformerRegressor3] Capping sequence length at 23 based on sample distribution (min_count=72).
[SpatioTemporalTransformerRegressor3] Grouped features into 9 spatial channels.
[Augmenter] Balanced 90 participant-weight combinations to 250 samples each. Total: 22500
[SpatioTemporalTransformerNetwork3] Modality groups: {'EMG': 3, 'IMU_Accel': 3, 'IMU_Orient': 3}

Early stopping triggered at epoch 15. Best Val Loss: 0.1204
    Train MAE: 0.1871 | Test MAE: 0.3548 | Gap: 0.1676
    Train RMSE: 0.3565 | Test RMSE: 0.7458 | Ratio: 2.09x
--- Fold 17/17 (Left out Participants: P05) ---
Initializing Modality-Grouped Spatio-Temporal Transformer Regressor with config: {'d_model': 96, 'nhead_spatial': 8, 'num_layers': 4, 'nhead_temporal': 2, 'dim_feedforward': 512, 'dropout_rate': 0.25, 'learning_rate': 0.0003, 'class_balanced_loss': False, 'weight_decay': 0.005, 'batch_size': 64, 'epochs': 200, 'validation_split': 0.1, 'early_stopping_patience': 5, 'scheduler_patience': 3, 'scheduler_factor': 0.8, 'use_checkpointing': True, 'use_amp': True, 'scheduler': {'type': 'WarmupCosine', 'warmup_epochs': 5, 'min_lr': 1e-06}, 'random_state': 245}
[SpatioTemporalTransformerRegressor3] Using device: cuda
    [Strict Validation] Holding out 1 participants for early stopping: P15
[SpatioTemporalTransformerRegressor3] Using explicitly provided validation set (746 samples).
[SpatioTemporalTransformerRegressor3] Capping sequence length at 22 based on sample distribution (min_count=72).
[SpatioTemporalTransformerRegressor3] Grouped features into 9 spatial channels.
[Augmenter] Balanced 90 participant-weight combinations to 250 samples each. Total: 22500
[SpatioTemporalTransformerNetwork3] Modality groups: {'EMG': 3, 'IMU_Accel': 3, 'IMU_Orient': 3}

Early stopping triggered at epoch 8. Best Val Loss: 0.4280
    Train MAE: 0.2522 | Test MAE: 0.3907 | Gap: 0.1386
    Train RMSE: 0.4874 | Test RMSE: 0.5735 | Ratio: 1.18x

[INFO] Skipping final full-dataset training (skip_final_full_train/DEV_MODE); reusing the last evaluated fold model for SHAP/saving.
Regression plot saved to /home/bwingen/thesis/Thesis/model/model_results/run_20260622_155607_participant_ablgen_IMUup-EMGfo_t6/IMUup-EMGfo/regression_plot.png
Loss plot saved to /home/bwingen/thesis/Thesis/model/model_results/run_20260622_155607_participant_ablgen_IMUup-EMGfo_t6/IMUup-EMGfo/loss_plot.png
Participant performance plot saved to /home/bwingen/thesis/Thesis/model/model_results/run_20260622_155607_participant_ablgen_IMUup-EMGfo_t6/IMUup-EMGfo/participant_performance.png
Sequence-length performance plot saved to /home/bwingen/thesis/Thesis/model/model_results/run_20260622_155607_participant_ablgen_IMUup-EMGfo_t6/IMUup-EMGfo/seqlen_performance_plot.png

Performance report saved to /home/bwingen/thesis/Thesis/model/model_results/run_20260622_155607_participant_ablgen_IMUup-EMGfo_t6/IMUup-EMGfo/performance_report.txt

============================================================
  BALANCED PERFORMANCE SUMMARY
============================================================
--- MACRO-AVERAGED METRICS (BALANCED) ---
Primary metric: class_participant_macro (equal weight per participant AND per weight class)

View                         | MAE      | RMSE     | R2      
-------------------------------------------------------------
class+participant macro *    | 0.5788   | 0.7373   | 0.8140  
participant macro            | 0.3216   | 0.6067   | 0.8945  
class macro                  | 0.5465   | 0.7634   | 0.8337  
pooled (unbalanced)          | 0.3056   | 0.6019   | 0.9026  

* PRIMARY. R2 under class balancing uses class-balanced sample weights
  (per-class R2 is undefined; a single class has zero target variance).
============================================================


[run_data_exporter] Run data saved to /home/bwingen/thesis/Thesis/model/model_results/run_20260622_155607_participant_ablgen_IMUup-EMGfo_t6/IMUup-EMGfo/run_data.json

--------------------------------------------------
LAUNCHING AUTOMATED DEEPSHAP ANALYSIS
--------------------------------------------------
Skipping DeepSHAP analysis (COMPUTE_FEATURE_IMPORTANCE or COMPUTE_DEEPSHAP is False)...

[Master Serializer] Consolidated modality ablation data saved to /home/bwingen/thesis/Thesis/model/model_results/run_20260622_155607_participant_ablgen_IMUup-EMGfo_t6/run_data.json
