=================================================================
MULTI-SEED ARCH COMPARISON — array task 58
  Architecture        : transformer
  Regime              : kfold
  Seed                : 4
  Run tag             : transformer_s4
  Python              : /scratch/bwingen/thesis_env/bin/python
Python 3.10.20
=================================================================
[DataLoader] Weight filter active (applied at training time) — excluding calibrated weights: [0.9, 2.24]
[DataLoader] Loaded blacklist: 545 segments will be skipped.
==============================================================================
ARCHITECTURE COMPARISON — baseline vs st3
  model_type          : transformer
  CV strategy (regime): kfold  [pooled k-fold / par-spec]
  modalities          : all
  scheduler           : OneCycleLR  epochs=200  es_patience=200
  feature importance  : OFF
==============================================================================
Results will be saved to: /home/bwingen/thesis/Thesis/model/model_results/run_20260622_114743_kfold_transformer_s4_t58

================================================================================
  RUNNING PIPELINE FOR MODALITY CONFIGURATION: ALL
================================================================================

[DataLoader] Filtered 20 files down to 19 based on PARTICIPANT_CONFIG['include']=['P01', 'P02', 'P03', 'P04', 'P05', 'P06', 'P07', 'P08', 'P09', 'P10', 'P11', 'P12', 'P14', 'P15', 'P16', 'P17', 'P18']
[DataLoader] Skipped 5 blacklisted segments in participant_P02_session_01_segments.h5
[DataLoader] Skipped 5 blacklisted segments in participant_P11_session_01_segments.h5
[DataLoader] Skipped 28 blacklisted segments in participant_P07_session_01_segments.h5
[DataLoader] Skipped 3 blacklisted segments in participant_P01_session_03_segments.h5
[DataLoader] Skipped 15 blacklisted segments in participant_P09_session_01_segments.h5
[DataLoader] Skipped 125 blacklisted segments in participant_P15_session_01_segments.h5
[DataLoader] Skipped 35 blacklisted segments in participant_P08_session_01_segments.h5
[DataLoader] Skipped 19 blacklisted segments in participant_P17_session_01_segments.h5
[DataLoader] Skipped 35 blacklisted segments in participant_P06_session_01_segments.h5
[DataLoader] Skipped 25 blacklisted segments in participant_P16_session_01_segments.h5
[DataLoader] Skipped 16 blacklisted segments in participant_P10_session_01_segments.h5
[DataLoader] Skipped 4 blacklisted segments in participant_P12_session_01_segments.h5
[DataLoader] Skipped 20 blacklisted segments in participant_P14_session_01_segments.h5
[DataLoader] Skipped 10 blacklisted segments in participant_P01_session_02_segments.h5
[DataLoader] Skipped 42 blacklisted segments in participant_P03_session_01_segments.h5
[DataLoader] Skipped 50 blacklisted segments in participant_P05_session_01_segments.h5
[DataLoader] Skipped 28 blacklisted segments in participant_P18_session_01_segments.h5
[DataLoader] Skipped 25 blacklisted segments in participant_P04_session_01_segments.h5
[DataLoader] Skipped 9 blacklisted segments in participant_P01_session_01_segments.h5
[DataLoader] Filter active: removed 144 features from disabled channels/feature-types.
[DataLoader] Dropped 2582 segments with excluded weight classes.
Sequence Data Summary:
  - Total Lifts (Sequences): 15732
  - Average Windows per Lift: 11.5
  - Features per Window: 160
Label vector (y) shape: (15732,) (Target: weight)

Starting 5-Fold Stratified Cross-Validation...
--- Fold 1/5 ---
Initializing Transformer Regressor with config: {'d_model': 64, 'nhead': 4, 'num_layers': 3, 'dim_feedforward': 128, 'dropout_rate': 0.4, 'learning_rate': 0.005, 'weight_decay': 0.0001, 'batch_size': 128, 'epochs': 200, 'validation_split': 0.1, 'early_stopping_patience': 200, 'scheduler_patience': 5, 'scheduler_factor': 0.5, 'random_state': 4, 'scheduler': {'type': 'OneCycleLR', 'pct_start': 0.4}}
[TimeSeriesTransformerRegressor] Using device: cuda
[Augmenter] Balanced 102 participant-weight combinations to 100 samples each. Total: 10200
[TimeSeriesTransformerRegressor] Augmentation: 11326 → 10200 sequences (+-1126 synthetic)
    Train MAE: 0.0960 | Test MAE: 0.1442 | Gap: 0.0482
    Train RMSE: 0.2342 | Test RMSE: 0.3608 | Ratio: 1.54x
--- Fold 2/5 ---
Initializing Transformer Regressor with config: {'d_model': 64, 'nhead': 4, 'num_layers': 3, 'dim_feedforward': 128, 'dropout_rate': 0.4, 'learning_rate': 0.005, 'weight_decay': 0.0001, 'batch_size': 128, 'epochs': 200, 'validation_split': 0.1, 'early_stopping_patience': 200, 'scheduler_patience': 5, 'scheduler_factor': 0.5, 'random_state': 4, 'scheduler': {'type': 'OneCycleLR', 'pct_start': 0.4}}
[TimeSeriesTransformerRegressor] Using device: cuda
[Augmenter] Balanced 102 participant-weight combinations to 100 samples each. Total: 10200
[TimeSeriesTransformerRegressor] Augmentation: 11326 → 10200 sequences (+-1126 synthetic)
    Train MAE: 0.1070 | Test MAE: 0.1446 | Gap: 0.0376
    Train RMSE: 0.2456 | Test RMSE: 0.3513 | Ratio: 1.43x
--- Fold 3/5 ---
Initializing Transformer Regressor with config: {'d_model': 64, 'nhead': 4, 'num_layers': 3, 'dim_feedforward': 128, 'dropout_rate': 0.4, 'learning_rate': 0.005, 'weight_decay': 0.0001, 'batch_size': 128, 'epochs': 200, 'validation_split': 0.1, 'early_stopping_patience': 200, 'scheduler_patience': 5, 'scheduler_factor': 0.5, 'random_state': 4, 'scheduler': {'type': 'OneCycleLR', 'pct_start': 0.4}}
[TimeSeriesTransformerRegressor] Using device: cuda
[Augmenter] Balanced 102 participant-weight combinations to 100 samples each. Total: 10200
[TimeSeriesTransformerRegressor] Augmentation: 11327 → 10200 sequences (+-1127 synthetic)
    Train MAE: 0.1387 | Test MAE: 0.1674 | Gap: 0.0287
    Train RMSE: 0.3131 | Test RMSE: 0.3943 | Ratio: 1.26x
--- Fold 4/5 ---
Initializing Transformer Regressor with config: {'d_model': 64, 'nhead': 4, 'num_layers': 3, 'dim_feedforward': 128, 'dropout_rate': 0.4, 'learning_rate': 0.005, 'weight_decay': 0.0001, 'batch_size': 128, 'epochs': 200, 'validation_split': 0.1, 'early_stopping_patience': 200, 'scheduler_patience': 5, 'scheduler_factor': 0.5, 'random_state': 4, 'scheduler': {'type': 'OneCycleLR', 'pct_start': 0.4}}
[TimeSeriesTransformerRegressor] Using device: cuda
[Augmenter] Balanced 102 participant-weight combinations to 100 samples each. Total: 10200
[TimeSeriesTransformerRegressor] Augmentation: 11327 → 10200 sequences (+-1127 synthetic)
    Train MAE: 0.1623 | Test MAE: 0.2050 | Gap: 0.0427
    Train RMSE: 0.3314 | Test RMSE: 0.4441 | Ratio: 1.34x
--- Fold 5/5 ---
Initializing Transformer Regressor with config: {'d_model': 64, 'nhead': 4, 'num_layers': 3, 'dim_feedforward': 128, 'dropout_rate': 0.4, 'learning_rate': 0.005, 'weight_decay': 0.0001, 'batch_size': 128, 'epochs': 200, 'validation_split': 0.1, 'early_stopping_patience': 200, 'scheduler_patience': 5, 'scheduler_factor': 0.5, 'random_state': 4, 'scheduler': {'type': 'OneCycleLR', 'pct_start': 0.4}}
[TimeSeriesTransformerRegressor] Using device: cuda
[Augmenter] Balanced 102 participant-weight combinations to 100 samples each. Total: 10200
[TimeSeriesTransformerRegressor] Augmentation: 11327 → 10200 sequences (+-1127 synthetic)
    Train MAE: 0.1291 | Test MAE: 0.1613 | Gap: 0.0321
    Train RMSE: 0.2895 | Test RMSE: 0.3791 | Ratio: 1.31x

Training final model on full dataset for saving...
Initializing Transformer Regressor with config: {'d_model': 64, 'nhead': 4, 'num_layers': 3, 'dim_feedforward': 128, 'dropout_rate': 0.4, 'learning_rate': 0.005, 'weight_decay': 0.0001, 'batch_size': 128, 'epochs': 200, 'validation_split': 0.1, 'early_stopping_patience': 200, 'scheduler_patience': 5, 'scheduler_factor': 0.5, 'random_state': 4, 'scheduler': {'type': 'OneCycleLR', 'pct_start': 0.4}}
[TimeSeriesTransformerRegressor] Using device: cuda
[Augmenter] Balanced 102 participant-weight combinations to 100 samples each. Total: 10200
[TimeSeriesTransformerRegressor] Augmentation: 14158 → 10200 sequences (+-3958 synthetic)
Regression plot saved to /home/bwingen/thesis/Thesis/model/model_results/run_20260622_114743_kfold_transformer_s4_t58/regression_plot.png
Loss plot saved to /home/bwingen/thesis/Thesis/model/model_results/run_20260622_114743_kfold_transformer_s4_t58/loss_plot.png
Participant performance plot saved to /home/bwingen/thesis/Thesis/model/model_results/run_20260622_114743_kfold_transformer_s4_t58/participant_performance.png
Sequence-length performance plot saved to /home/bwingen/thesis/Thesis/model/model_results/run_20260622_114743_kfold_transformer_s4_t58/seqlen_performance_plot.png

Performance report saved to /home/bwingen/thesis/Thesis/model/model_results/run_20260622_114743_kfold_transformer_s4_t58/performance_report.txt

============================================================
  BALANCED PERFORMANCE SUMMARY
============================================================
--- MACRO-AVERAGED METRICS (BALANCED) ---
Primary metric: class_participant_macro (equal weight per participant AND per weight class)

View                         | MAE      | RMSE     | R2      
-------------------------------------------------------------
class+participant macro *    | 0.3292   | 0.4879   | 0.9197  
participant macro            | 0.1707   | 0.4027   | 0.9544  
class macro                  | 0.3150   | 0.4847   | 0.9299  
pooled (unbalanced)          | 0.1645   | 0.3873   | 0.9597  

* PRIMARY. R2 under class balancing uses class-balanced sample weights
  (per-class R2 is undefined; a single class has zero target variance).
============================================================


[run_data_exporter] Run data saved to /home/bwingen/thesis/Thesis/model/model_results/run_20260622_114743_kfold_transformer_s4_t58/run_data.json
