Database found at /scratch/bwingen/thesis/database
Using Python: /scratch/bwingen/thesis_env/bin/python
Python 3.10.20
Results will be saved to: /home/bwingen/thesis/Thesis/model/model_results/run_20260411_065608
[DataLoader] Loaded 13831 raw segments (26 channels each)
Raw Segment Data Summary:
  - Total Segments: 13831
  - Channels (EMG + IMU): 26
  - Avg Segment Length: 2639 samples
  - Min / Max Segment Length: 21 / 142433 samples
Label vector (y) shape: (13831,) (Target: weight)

Starting 11-Fold Leave-One-Participant-Out Cross-Validation...
--- Fold 1/11 (Left out Participant: P01) ---
Initializing CNN-LSTM Regressor with config: {'cnn_filters': [64, 128, 256, 256], 'cnn_kernel_sizes': [7, 5, 3, 3], 'pool_size': 4, 'lstm_hidden_size': 256, 'lstm_num_layers': 3, 'dropout_rate': 0.4, 'learning_rate': 0.001, 'weight_decay': 1e-05, 'batch_size': 64, 'epochs': 1000, 'balance_weights': False, 'validation_split': 0.15, 'early_stopping_patience': 100, 'scheduler_patience': 50, 'scheduler_factor': 0.5, 'random_state': 245}
[CNNLSTMRegressor] Using device: cuda
[CNNLSTMRegressor] Augmentation: 7991 → 16090 segments (+8099 synthetic)

Early stopping at epoch 240. Best Val Loss: 0.0863
--- Fold 2/11 (Left out Participant: P02) ---
Initializing CNN-LSTM Regressor with config: {'cnn_filters': [64, 128, 256, 256], 'cnn_kernel_sizes': [7, 5, 3, 3], 'pool_size': 4, 'lstm_hidden_size': 256, 'lstm_num_layers': 3, 'dropout_rate': 0.4, 'learning_rate': 0.001, 'weight_decay': 1e-05, 'batch_size': 64, 'epochs': 1000, 'balance_weights': False, 'validation_split': 0.15, 'early_stopping_patience': 100, 'scheduler_patience': 50, 'scheduler_factor': 0.5, 'random_state': 245}
[CNNLSTMRegressor] Using device: cuda
[CNNLSTMRegressor] Augmentation: 10542 → 21126 segments (+10584 synthetic)

Early stopping at epoch 221. Best Val Loss: 0.0921
--- Fold 3/11 (Left out Participant: P03) ---
Initializing CNN-LSTM Regressor with config: {'cnn_filters': [64, 128, 256, 256], 'cnn_kernel_sizes': [7, 5, 3, 3], 'pool_size': 4, 'lstm_hidden_size': 256, 'lstm_num_layers': 3, 'dropout_rate': 0.4, 'learning_rate': 0.001, 'weight_decay': 1e-05, 'batch_size': 64, 'epochs': 1000, 'balance_weights': False, 'validation_split': 0.15, 'early_stopping_patience': 100, 'scheduler_patience': 50, 'scheduler_factor': 0.5, 'random_state': 245}
[CNNLSTMRegressor] Using device: cuda
[CNNLSTMRegressor] Augmentation: 10908 → 21889 segments (+10981 synthetic)

Early stopping at epoch 278. Best Val Loss: 0.0990
--- Fold 4/11 (Left out Participant: P04) ---
Initializing CNN-LSTM Regressor with config: {'cnn_filters': [64, 128, 256, 256], 'cnn_kernel_sizes': [7, 5, 3, 3], 'pool_size': 4, 'lstm_hidden_size': 256, 'lstm_num_layers': 3, 'dropout_rate': 0.4, 'learning_rate': 0.001, 'weight_decay': 1e-05, 'batch_size': 64, 'epochs': 1000, 'balance_weights': False, 'validation_split': 0.15, 'early_stopping_patience': 100, 'scheduler_patience': 50, 'scheduler_factor': 0.5, 'random_state': 245}
[CNNLSTMRegressor] Using device: cuda
[CNNLSTMRegressor] Augmentation: 10908 → 21804 segments (+10896 synthetic)

Early stopping at epoch 218. Best Val Loss: 0.0953
--- Fold 5/11 (Left out Participant: P05) ---
Initializing CNN-LSTM Regressor with config: {'cnn_filters': [64, 128, 256, 256], 'cnn_kernel_sizes': [7, 5, 3, 3], 'pool_size': 4, 'lstm_hidden_size': 256, 'lstm_num_layers': 3, 'dropout_rate': 0.4, 'learning_rate': 0.001, 'weight_decay': 1e-05, 'batch_size': 64, 'epochs': 1000, 'balance_weights': False, 'validation_split': 0.15, 'early_stopping_patience': 100, 'scheduler_patience': 50, 'scheduler_factor': 0.5, 'random_state': 245}
[CNNLSTMRegressor] Using device: cuda
[CNNLSTMRegressor] Augmentation: 11332 → 22637 segments (+11305 synthetic)

Early stopping at epoch 163. Best Val Loss: 0.1126
--- Fold 6/11 (Left out Participant: P06) ---
Initializing CNN-LSTM Regressor with config: {'cnn_filters': [64, 128, 256, 256], 'cnn_kernel_sizes': [7, 5, 3, 3], 'pool_size': 4, 'lstm_hidden_size': 256, 'lstm_num_layers': 3, 'dropout_rate': 0.4, 'learning_rate': 0.001, 'weight_decay': 1e-05, 'batch_size': 64, 'epochs': 1000, 'balance_weights': False, 'validation_split': 0.15, 'early_stopping_patience': 100, 'scheduler_patience': 50, 'scheduler_factor': 0.5, 'random_state': 245}
[CNNLSTMRegressor] Using device: cuda
[CNNLSTMRegressor] Augmentation: 10913 → 21875 segments (+10962 synthetic)

Early stopping at epoch 245. Best Val Loss: 0.0697
--- Fold 7/11 (Left out Participant: P07) ---
Initializing CNN-LSTM Regressor with config: {'cnn_filters': [64, 128, 256, 256], 'cnn_kernel_sizes': [7, 5, 3, 3], 'pool_size': 4, 'lstm_hidden_size': 256, 'lstm_num_layers': 3, 'dropout_rate': 0.4, 'learning_rate': 0.001, 'weight_decay': 1e-05, 'batch_size': 64, 'epochs': 1000, 'balance_weights': False, 'validation_split': 0.15, 'early_stopping_patience': 100, 'scheduler_patience': 50, 'scheduler_factor': 0.5, 'random_state': 245}
[CNNLSTMRegressor] Using device: cuda
[CNNLSTMRegressor] Augmentation: 10908 → 21950 segments (+11042 synthetic)

Early stopping at epoch 335. Best Val Loss: 0.0760
--- Fold 8/11 (Left out Participant: P08) ---
Initializing CNN-LSTM Regressor with config: {'cnn_filters': [64, 128, 256, 256], 'cnn_kernel_sizes': [7, 5, 3, 3], 'pool_size': 4, 'lstm_hidden_size': 256, 'lstm_num_layers': 3, 'dropout_rate': 0.4, 'learning_rate': 0.001, 'weight_decay': 1e-05, 'batch_size': 64, 'epochs': 1000, 'balance_weights': False, 'validation_split': 0.15, 'early_stopping_patience': 100, 'scheduler_patience': 50, 'scheduler_factor': 0.5, 'random_state': 245}
[CNNLSTMRegressor] Using device: cuda
[CNNLSTMRegressor] Augmentation: 10908 → 21832 segments (+10924 synthetic)

Early stopping at epoch 294. Best Val Loss: 0.0762
--- Fold 9/11 (Left out Participant: P09) ---
Initializing CNN-LSTM Regressor with config: {'cnn_filters': [64, 128, 256, 256], 'cnn_kernel_sizes': [7, 5, 3, 3], 'pool_size': 4, 'lstm_hidden_size': 256, 'lstm_num_layers': 3, 'dropout_rate': 0.4, 'learning_rate': 0.001, 'weight_decay': 1e-05, 'batch_size': 64, 'epochs': 1000, 'balance_weights': False, 'validation_split': 0.15, 'early_stopping_patience': 100, 'scheduler_patience': 50, 'scheduler_factor': 0.5, 'random_state': 245}
[CNNLSTMRegressor] Using device: cuda
[CNNLSTMRegressor] Augmentation: 10908 → 21753 segments (+10845 synthetic)

Early stopping at epoch 359. Best Val Loss: 0.0924
--- Fold 10/11 (Left out Participant: P10) ---
Initializing CNN-LSTM Regressor with config: {'cnn_filters': [64, 128, 256, 256], 'cnn_kernel_sizes': [7, 5, 3, 3], 'pool_size': 4, 'lstm_hidden_size': 256, 'lstm_num_layers': 3, 'dropout_rate': 0.4, 'learning_rate': 0.001, 'weight_decay': 1e-05, 'batch_size': 64, 'epochs': 1000, 'balance_weights': False, 'validation_split': 0.15, 'early_stopping_patience': 100, 'scheduler_patience': 50, 'scheduler_factor': 0.5, 'random_state': 245}
[CNNLSTMRegressor] Using device: cuda
[CNNLSTMRegressor] Augmentation: 11333 → 22713 segments (+11380 synthetic)

Early stopping at epoch 317. Best Val Loss: 0.0850
--- Fold 11/11 (Left out Participant: P11) ---
Initializing CNN-LSTM Regressor with config: {'cnn_filters': [64, 128, 256, 256], 'cnn_kernel_sizes': [7, 5, 3, 3], 'pool_size': 4, 'lstm_hidden_size': 256, 'lstm_num_layers': 3, 'dropout_rate': 0.4, 'learning_rate': 0.001, 'weight_decay': 1e-05, 'batch_size': 64, 'epochs': 1000, 'balance_weights': False, 'validation_split': 0.15, 'early_stopping_patience': 100, 'scheduler_patience': 50, 'scheduler_factor': 0.5, 'random_state': 245}
[CNNLSTMRegressor] Using device: cuda
[CNNLSTMRegressor] Augmentation: 10908 → 21907 segments (+10999 synthetic)

Early stopping at epoch 267. Best Val Loss: 0.1125

Training final model on full dataset for saving...
Initializing CNN-LSTM Regressor with config: {'cnn_filters': [64, 128, 256, 256], 'cnn_kernel_sizes': [7, 5, 3, 3], 'pool_size': 4, 'lstm_hidden_size': 256, 'lstm_num_layers': 3, 'dropout_rate': 0.4, 'learning_rate': 0.001, 'weight_decay': 1e-05, 'batch_size': 64, 'epochs': 1000, 'balance_weights': False, 'validation_split': 0.15, 'early_stopping_patience': 100, 'scheduler_patience': 50, 'scheduler_factor': 0.5, 'random_state': 245}
[CNNLSTMRegressor] Using device: cuda
[CNNLSTMRegressor] Augmentation: 11756 → 23538 segments (+11782 synthetic)

Early stopping at epoch 203. Best Val Loss: 0.0883
Regression plot saved to /home/bwingen/thesis/Thesis/model/model_results/run_20260411_065608/regression_plot.png
Loss plot saved to /home/bwingen/thesis/Thesis/model/model_results/run_20260411_065608/loss_plot.png

Generating t-SNE plot of CNN feature space...
[t-SNE] Fitting on 13831 samples (perplexity=30)…
[t-SNE] Computing 91 nearest neighbors...
[t-SNE] Indexed 13831 samples in 0.002s...
[t-SNE] Computed neighbors for 13831 samples in 1.155s...
[t-SNE] Computed conditional probabilities for sample 1000 / 13831
[t-SNE] Computed conditional probabilities for sample 2000 / 13831
[t-SNE] Computed conditional probabilities for sample 3000 / 13831
[t-SNE] Computed conditional probabilities for sample 4000 / 13831
[t-SNE] Computed conditional probabilities for sample 5000 / 13831
[t-SNE] Computed conditional probabilities for sample 6000 / 13831
[t-SNE] Computed conditional probabilities for sample 7000 / 13831
[t-SNE] Computed conditional probabilities for sample 8000 / 13831
[t-SNE] Computed conditional probabilities for sample 9000 / 13831
[t-SNE] Computed conditional probabilities for sample 10000 / 13831
[t-SNE] Computed conditional probabilities for sample 11000 / 13831
[t-SNE] Computed conditional probabilities for sample 12000 / 13831
[t-SNE] Computed conditional probabilities for sample 13000 / 13831
[t-SNE] Computed conditional probabilities for sample 13831 / 13831
[t-SNE] Mean sigma: 0.302980
[t-SNE] KL divergence after 250 iterations with early exaggeration: 84.916382
[t-SNE] KL divergence after 1000 iterations: 2.155832
t-SNE feature plot saved to /home/bwingen/thesis/Thesis/model/model_results/run_20260411_065608/tsne_cnn_features.png
Participant performance plot saved to /home/bwingen/thesis/Thesis/model/model_results/run_20260411_065608/participant_performance.png
Sequence-length performance plot saved to /home/bwingen/thesis/Thesis/model/model_results/run_20260411_065608/seqlen_performance_plot.png

Performance report saved to /home/bwingen/thesis/Thesis/model/model_results/run_20260411_065608/performance_report.txt
