Database found at /scratch/bwingen/thesis/database
Using Python: /scratch/bwingen/thesis_env/bin/python
Python 3.10.20
[DataLoader] Weight filter active (applied at training time) — excluding calibrated weights: [0.9, 2.24]
[DataLoader] Loaded blacklist: 545 segments will be skipped.

[MACRO ABLATION LOOP] Enabled. Will run sequentially for: ['all', 'emg_only', 'imu_only']
Results will be saved to: /home/bwingen/thesis/Thesis/model/model_results/run_20260528_082637

================================================================================
  RUNNING PIPELINE FOR MODALITY CONFIGURATION: ALL
================================================================================

[DataLoader] Filtered 20 files down to 19 based on PARTICIPANT_CONFIG['include']=['P01', 'P02', 'P03', 'P04', 'P05', 'P06', 'P07', 'P08', 'P09', 'P10', 'P11', 'P12', 'P14', 'P15', 'P16', 'P17', 'P18']
[DataLoader] Skipped 5 blacklisted segments in participant_P02_session_01_segments.h5
[DataLoader] Skipped 5 blacklisted segments in participant_P11_session_01_segments.h5
[DataLoader] Skipped 28 blacklisted segments in participant_P07_session_01_segments.h5
[DataLoader] Skipped 3 blacklisted segments in participant_P01_session_03_segments.h5
[DataLoader] Skipped 15 blacklisted segments in participant_P09_session_01_segments.h5
[DataLoader] Skipped 125 blacklisted segments in participant_P15_session_01_segments.h5
[DataLoader] Skipped 35 blacklisted segments in participant_P08_session_01_segments.h5
[DataLoader] Skipped 19 blacklisted segments in participant_P17_session_01_segments.h5
[DataLoader] Skipped 35 blacklisted segments in participant_P06_session_01_segments.h5
[DataLoader] Skipped 25 blacklisted segments in participant_P16_session_01_segments.h5
[DataLoader] Skipped 16 blacklisted segments in participant_P10_session_01_segments.h5
[DataLoader] Skipped 4 blacklisted segments in participant_P12_session_01_segments.h5
[DataLoader] Skipped 20 blacklisted segments in participant_P14_session_01_segments.h5
[DataLoader] Skipped 10 blacklisted segments in participant_P01_session_02_segments.h5
[DataLoader] Skipped 42 blacklisted segments in participant_P03_session_01_segments.h5
[DataLoader] Skipped 50 blacklisted segments in participant_P05_session_01_segments.h5
[DataLoader] Skipped 28 blacklisted segments in participant_P18_session_01_segments.h5
[DataLoader] Skipped 25 blacklisted segments in participant_P04_session_01_segments.h5
[DataLoader] Skipped 9 blacklisted segments in participant_P01_session_01_segments.h5
[DataLoader] Filter active: removed 168 features from disabled channels/feature-types.
[DataLoader] Dropped 2582 segments with excluded weight classes.
Sequence Data Summary:
  - Total Lifts (Sequences): 15732
  - Average Windows per Lift: 11.5
  - Features per Window: 208
Label vector (y) shape: (15732,) (Target: weight)

Starting 17-Fold Cross-Participant Validation...
--- Fold 1/17 (Left out Participants: P01) ---
Initializing Modality-Grouped Spatio-Temporal Transformer Regressor with config: {'d_model': 96, 'nhead_spatial': 8, 'num_layers': 4, 'nhead_temporal': 2, 'dim_feedforward': 512, 'dropout_rate': 0.25, 'learning_rate': 0.0003, 'weight_decay': 0.005, 'batch_size': 64, 'epochs': 200, 'validation_split': 0.1, 'early_stopping_patience': 5, 'scheduler_patience': 3, 'scheduler_factor': 0.8, 'use_checkpointing': True, 'use_amp': True, 'scheduler': {'type': 'ReduceLROnPlateau'}, 'random_state': 245}
[SpatioTemporalTransformerRegressor3] Using device: cuda
    [Strict Validation] Holding out 1 participants for early stopping: P05
[SpatioTemporalTransformerRegressor3] Using explicitly provided validation set (387 samples).
[SpatioTemporalTransformerRegressor3] Capping sequence length at 23 based on sample distribution (min_count=57).
[SpatioTemporalTransformerRegressor3] Grouped features into 20 spatial channels.
[Augmenter] Balanced 6 weight classes to 2000 samples each. Total: 12000
[SpatioTemporalTransformerNetwork3] Modality groups: {'EMG': 8, 'IMU_Accel': 6, 'IMU_Orient': 6}

Early stopping triggered at epoch 17. Best Val Loss: 0.3302
    Train MAE: 0.1269 | Test MAE: 0.4293 | Gap: 0.3024
    Train RMSE: 0.2620 | Test RMSE: 0.7416 | Ratio: 2.83x
Computing permutation importance for fold (channel)...
Computing permutation importance for fold (feature)...
Computing permutation importance for fold (individual feature)...
--- Fold 2/17 (Left out Participants: P02) ---
Initializing Modality-Grouped Spatio-Temporal Transformer Regressor with config: {'d_model': 96, 'nhead_spatial': 8, 'num_layers': 4, 'nhead_temporal': 2, 'dim_feedforward': 512, 'dropout_rate': 0.25, 'learning_rate': 0.0003, 'weight_decay': 0.005, 'batch_size': 64, 'epochs': 200, 'validation_split': 0.1, 'early_stopping_patience': 5, 'scheduler_patience': 3, 'scheduler_factor': 0.8, 'use_checkpointing': True, 'use_amp': True, 'scheduler': {'type': 'ReduceLROnPlateau'}, 'random_state': 245}
[SpatioTemporalTransformerRegressor3] Using device: cuda
    [Strict Validation] Holding out 1 participants for early stopping: P05
[SpatioTemporalTransformerRegressor3] Using explicitly provided validation set (387 samples).
[SpatioTemporalTransformerRegressor3] Capping sequence length at 23 based on sample distribution (min_count=70).
[SpatioTemporalTransformerRegressor3] Grouped features into 20 spatial channels.
[Augmenter] Balanced 6 weight classes to 2000 samples each. Total: 12000
[SpatioTemporalTransformerNetwork3] Modality groups: {'EMG': 8, 'IMU_Accel': 6, 'IMU_Orient': 6}

Early stopping triggered at epoch 12. Best Val Loss: 0.2662
    Train MAE: 0.1550 | Test MAE: 0.2036 | Gap: 0.0486
    Train RMSE: 0.3129 | Test RMSE: 0.4019 | Ratio: 1.28x
Computing permutation importance for fold (channel)...
Computing permutation importance for fold (feature)...
Computing permutation importance for fold (individual feature)...
--- Fold 3/17 (Left out Participants: P12) ---
Initializing Modality-Grouped Spatio-Temporal Transformer Regressor with config: {'d_model': 96, 'nhead_spatial': 8, 'num_layers': 4, 'nhead_temporal': 2, 'dim_feedforward': 512, 'dropout_rate': 0.25, 'learning_rate': 0.0003, 'weight_decay': 0.005, 'batch_size': 64, 'epochs': 200, 'validation_split': 0.1, 'early_stopping_patience': 5, 'scheduler_patience': 3, 'scheduler_factor': 0.8, 'use_checkpointing': True, 'use_amp': True, 'scheduler': {'type': 'ReduceLROnPlateau'}, 'random_state': 245}
[SpatioTemporalTransformerRegressor3] Using device: cuda
    [Strict Validation] Holding out 1 participants for early stopping: P04
[SpatioTemporalTransformerRegressor3] Using explicitly provided validation set (835 samples).
[SpatioTemporalTransformerRegressor3] Capping sequence length at 24 based on sample distribution (min_count=70).
[SpatioTemporalTransformerRegressor3] Grouped features into 20 spatial channels.
[Augmenter] Balanced 6 weight classes to 2000 samples each. Total: 12000
[SpatioTemporalTransformerNetwork3] Modality groups: {'EMG': 8, 'IMU_Accel': 6, 'IMU_Orient': 6}

Early stopping triggered at epoch 20. Best Val Loss: 0.1487
    Train MAE: 0.1386 | Test MAE: 0.1485 | Gap: 0.0098
    Train RMSE: 0.2865 | Test RMSE: 0.3281 | Ratio: 1.15x
Computing permutation importance for fold (channel)...
Computing permutation importance for fold (feature)...
Computing permutation importance for fold (individual feature)...
--- Fold 4/17 (Left out Participants: P11) ---
Initializing Modality-Grouped Spatio-Temporal Transformer Regressor with config: {'d_model': 96, 'nhead_spatial': 8, 'num_layers': 4, 'nhead_temporal': 2, 'dim_feedforward': 512, 'dropout_rate': 0.25, 'learning_rate': 0.0003, 'weight_decay': 0.005, 'batch_size': 64, 'epochs': 200, 'validation_split': 0.1, 'early_stopping_patience': 5, 'scheduler_patience': 3, 'scheduler_factor': 0.8, 'use_checkpointing': True, 'use_amp': True, 'scheduler': {'type': 'ReduceLROnPlateau'}, 'random_state': 245}
[SpatioTemporalTransformerRegressor3] Using device: cuda
    [Strict Validation] Holding out 1 participants for early stopping: P04
[SpatioTemporalTransformerRegressor3] Using explicitly provided validation set (835 samples).
[SpatioTemporalTransformerRegressor3] Capping sequence length at 24 based on sample distribution (min_count=70).
[SpatioTemporalTransformerRegressor3] Grouped features into 20 spatial channels.
[Augmenter] Balanced 6 weight classes to 2000 samples each. Total: 12000
[SpatioTemporalTransformerNetwork3] Modality groups: {'EMG': 8, 'IMU_Accel': 6, 'IMU_Orient': 6}

Early stopping triggered at epoch 11. Best Val Loss: 0.1402
    Train MAE: 0.1969 | Test MAE: 0.3861 | Gap: 0.1892
    Train RMSE: 0.3326 | Test RMSE: 0.5028 | Ratio: 1.51x
Computing permutation importance for fold (channel)...
Computing permutation importance for fold (feature)...
Computing permutation importance for fold (individual feature)...
--- Fold 5/17 (Left out Participants: P09) ---
Initializing Modality-Grouped Spatio-Temporal Transformer Regressor with config: {'d_model': 96, 'nhead_spatial': 8, 'num_layers': 4, 'nhead_temporal': 2, 'dim_feedforward': 512, 'dropout_rate': 0.25, 'learning_rate': 0.0003, 'weight_decay': 0.005, 'batch_size': 64, 'epochs': 200, 'validation_split': 0.1, 'early_stopping_patience': 5, 'scheduler_patience': 3, 'scheduler_factor': 0.8, 'use_checkpointing': True, 'use_amp': True, 'scheduler': {'type': 'ReduceLROnPlateau'}, 'random_state': 245}
[SpatioTemporalTransformerRegressor3] Using device: cuda
    [Strict Validation] Holding out 1 participants for early stopping: P04
[SpatioTemporalTransformerRegressor3] Using explicitly provided validation set (835 samples).
[SpatioTemporalTransformerRegressor3] Capping sequence length at 24 based on sample distribution (min_count=70).
[SpatioTemporalTransformerRegressor3] Grouped features into 20 spatial channels.
[Augmenter] Balanced 6 weight classes to 2000 samples each. Total: 12000
[SpatioTemporalTransformerNetwork3] Modality groups: {'EMG': 8, 'IMU_Accel': 6, 'IMU_Orient': 6}

Early stopping triggered at epoch 12. Best Val Loss: 0.1570
    Train MAE: 0.1878 | Test MAE: 0.4337 | Gap: 0.2459
    Train RMSE: 0.3635 | Test RMSE: 0.7782 | Ratio: 2.14x
Computing permutation importance for fold (channel)...
Computing permutation importance for fold (feature)...
Computing permutation importance for fold (individual feature)...
--- Fold 6/17 (Left out Participants: P17) ---
Initializing Modality-Grouped Spatio-Temporal Transformer Regressor with config: {'d_model': 96, 'nhead_spatial': 8, 'num_layers': 4, 'nhead_temporal': 2, 'dim_feedforward': 512, 'dropout_rate': 0.25, 'learning_rate': 0.0003, 'weight_decay': 0.005, 'batch_size': 64, 'epochs': 200, 'validation_split': 0.1, 'early_stopping_patience': 5, 'scheduler_patience': 3, 'scheduler_factor': 0.8, 'use_checkpointing': True, 'use_amp': True, 'scheduler': {'type': 'ReduceLROnPlateau'}, 'random_state': 245}
[SpatioTemporalTransformerRegressor3] Using device: cuda
    [Strict Validation] Holding out 1 participants for early stopping: P04
[SpatioTemporalTransformerRegressor3] Using explicitly provided validation set (835 samples).
[SpatioTemporalTransformerRegressor3] Capping sequence length at 24 based on sample distribution (min_count=70).
[SpatioTemporalTransformerRegressor3] Grouped features into 20 spatial channels.
[Augmenter] Balanced 6 weight classes to 2000 samples each. Total: 12000
[SpatioTemporalTransformerNetwork3] Modality groups: {'EMG': 8, 'IMU_Accel': 6, 'IMU_Orient': 6}

Early stopping triggered at epoch 20. Best Val Loss: 0.1321
    Train MAE: 0.1589 | Test MAE: 0.2840 | Gap: 0.1251
    Train RMSE: 0.2882 | Test RMSE: 0.5380 | Ratio: 1.87x
Computing permutation importance for fold (channel)...
Computing permutation importance for fold (feature)...
Computing permutation importance for fold (individual feature)...
--- Fold 7/17 (Left out Participants: P04) ---
Initializing Modality-Grouped Spatio-Temporal Transformer Regressor with config: {'d_model': 96, 'nhead_spatial': 8, 'num_layers': 4, 'nhead_temporal': 2, 'dim_feedforward': 512, 'dropout_rate': 0.25, 'learning_rate': 0.0003, 'weight_decay': 0.005, 'batch_size': 64, 'epochs': 200, 'validation_split': 0.1, 'early_stopping_patience': 5, 'scheduler_patience': 3, 'scheduler_factor': 0.8, 'use_checkpointing': True, 'use_amp': True, 'scheduler': {'type': 'ReduceLROnPlateau'}, 'random_state': 245}
[SpatioTemporalTransformerRegressor3] Using device: cuda
    [Strict Validation] Holding out 1 participants for early stopping: P05
[SpatioTemporalTransformerRegressor3] Using explicitly provided validation set (387 samples).
[SpatioTemporalTransformerRegressor3] Capping sequence length at 22 based on sample distribution (min_count=72).
[SpatioTemporalTransformerRegressor3] Grouped features into 20 spatial channels.
[Augmenter] Balanced 6 weight classes to 2000 samples each. Total: 12000
[SpatioTemporalTransformerNetwork3] Modality groups: {'EMG': 8, 'IMU_Accel': 6, 'IMU_Orient': 6}

Early stopping triggered at epoch 10. Best Val Loss: 0.2901
    Train MAE: 0.1941 | Test MAE: 0.2663 | Gap: 0.0722
    Train RMSE: 0.3800 | Test RMSE: 0.5105 | Ratio: 1.34x
Computing permutation importance for fold (channel)...
Computing permutation importance for fold (feature)...
Computing permutation importance for fold (individual feature)...
--- Fold 8/17 (Left out Participants: P08) ---
Initializing Modality-Grouped Spatio-Temporal Transformer Regressor with config: {'d_model': 96, 'nhead_spatial': 8, 'num_layers': 4, 'nhead_temporal': 2, 'dim_feedforward': 512, 'dropout_rate': 0.25, 'learning_rate': 0.0003, 'weight_decay': 0.005, 'batch_size': 64, 'epochs': 200, 'validation_split': 0.1, 'early_stopping_patience': 5, 'scheduler_patience': 3, 'scheduler_factor': 0.8, 'use_checkpointing': True, 'use_amp': True, 'scheduler': {'type': 'ReduceLROnPlateau'}, 'random_state': 245}
[SpatioTemporalTransformerRegressor3] Using device: cuda
    [Strict Validation] Holding out 1 participants for early stopping: P04
[SpatioTemporalTransformerRegressor3] Using explicitly provided validation set (835 samples).
[SpatioTemporalTransformerRegressor3] Capping sequence length at 24 based on sample distribution (min_count=70).
[SpatioTemporalTransformerRegressor3] Grouped features into 20 spatial channels.
[Augmenter] Balanced 6 weight classes to 2000 samples each. Total: 12000
[SpatioTemporalTransformerNetwork3] Modality groups: {'EMG': 8, 'IMU_Accel': 6, 'IMU_Orient': 6}

Early stopping triggered at epoch 12. Best Val Loss: 0.1653
    Train MAE: 0.1656 | Test MAE: 0.4432 | Gap: 0.2775
    Train RMSE: 0.3058 | Test RMSE: 0.6246 | Ratio: 2.04x
Computing permutation importance for fold (channel)...
Computing permutation importance for fold (feature)...
Computing permutation importance for fold (individual feature)...
--- Fold 9/17 (Left out Participants: P07) ---
Initializing Modality-Grouped Spatio-Temporal Transformer Regressor with config: {'d_model': 96, 'nhead_spatial': 8, 'num_layers': 4, 'nhead_temporal': 2, 'dim_feedforward': 512, 'dropout_rate': 0.25, 'learning_rate': 0.0003, 'weight_decay': 0.005, 'batch_size': 64, 'epochs': 200, 'validation_split': 0.1, 'early_stopping_patience': 5, 'scheduler_patience': 3, 'scheduler_factor': 0.8, 'use_checkpointing': True, 'use_amp': True, 'scheduler': {'type': 'ReduceLROnPlateau'}, 'random_state': 245}
[SpatioTemporalTransformerRegressor3] Using device: cuda
    [Strict Validation] Holding out 1 participants for early stopping: P04
[SpatioTemporalTransformerRegressor3] Using explicitly provided validation set (835 samples).
[SpatioTemporalTransformerRegressor3] Capping sequence length at 24 based on sample distribution (min_count=70).
[SpatioTemporalTransformerRegressor3] Grouped features into 20 spatial channels.
[Augmenter] Balanced 6 weight classes to 2000 samples each. Total: 12000
[SpatioTemporalTransformerNetwork3] Modality groups: {'EMG': 8, 'IMU_Accel': 6, 'IMU_Orient': 6}

Early stopping triggered at epoch 15. Best Val Loss: 0.1486
    Train MAE: 0.1561 | Test MAE: 0.3610 | Gap: 0.2049
    Train RMSE: 0.3108 | Test RMSE: 0.6253 | Ratio: 2.01x
Computing permutation importance for fold (channel)...
Computing permutation importance for fold (feature)...
Computing permutation importance for fold (individual feature)...
--- Fold 10/17 (Left out Participants: P16) ---
Initializing Modality-Grouped Spatio-Temporal Transformer Regressor with config: {'d_model': 96, 'nhead_spatial': 8, 'num_layers': 4, 'nhead_temporal': 2, 'dim_feedforward': 512, 'dropout_rate': 0.25, 'learning_rate': 0.0003, 'weight_decay': 0.005, 'batch_size': 64, 'epochs': 200, 'validation_split': 0.1, 'early_stopping_patience': 5, 'scheduler_patience': 3, 'scheduler_factor': 0.8, 'use_checkpointing': True, 'use_amp': True, 'scheduler': {'type': 'ReduceLROnPlateau'}, 'random_state': 245}
[SpatioTemporalTransformerRegressor3] Using device: cuda
    [Strict Validation] Holding out 1 participants for early stopping: P04
[SpatioTemporalTransformerRegressor3] Using explicitly provided validation set (835 samples).
[SpatioTemporalTransformerRegressor3] Capping sequence length at 24 based on sample distribution (min_count=70).
[SpatioTemporalTransformerRegressor3] Grouped features into 20 spatial channels.
[Augmenter] Balanced 6 weight classes to 2000 samples each. Total: 12000
[SpatioTemporalTransformerNetwork3] Modality groups: {'EMG': 8, 'IMU_Accel': 6, 'IMU_Orient': 6}

Early stopping triggered at epoch 9. Best Val Loss: 0.1495
    Train MAE: 0.2241 | Test MAE: 0.4186 | Gap: 0.1945
    Train RMSE: 0.3914 | Test RMSE: 0.7217 | Ratio: 1.84x
Computing permutation importance for fold (channel)...
Computing permutation importance for fold (feature)...
Computing permutation importance for fold (individual feature)...
--- Fold 11/17 (Left out Participants: P06) ---
Initializing Modality-Grouped Spatio-Temporal Transformer Regressor with config: {'d_model': 96, 'nhead_spatial': 8, 'num_layers': 4, 'nhead_temporal': 2, 'dim_feedforward': 512, 'dropout_rate': 0.25, 'learning_rate': 0.0003, 'weight_decay': 0.005, 'batch_size': 64, 'epochs': 200, 'validation_split': 0.1, 'early_stopping_patience': 5, 'scheduler_patience': 3, 'scheduler_factor': 0.8, 'use_checkpointing': True, 'use_amp': True, 'scheduler': {'type': 'ReduceLROnPlateau'}, 'random_state': 245}
[SpatioTemporalTransformerRegressor3] Using device: cuda
    [Strict Validation] Holding out 1 participants for early stopping: P04
[SpatioTemporalTransformerRegressor3] Using explicitly provided validation set (835 samples).
[SpatioTemporalTransformerRegressor3] Capping sequence length at 24 based on sample distribution (min_count=70).
[SpatioTemporalTransformerRegressor3] Grouped features into 20 spatial channels.
[Augmenter] Balanced 6 weight classes to 2000 samples each. Total: 12000
[SpatioTemporalTransformerNetwork3] Modality groups: {'EMG': 8, 'IMU_Accel': 6, 'IMU_Orient': 6}

Early stopping triggered at epoch 11. Best Val Loss: 0.1568
    Train MAE: 0.1591 | Test MAE: 0.2665 | Gap: 0.1074
    Train RMSE: 0.3136 | Test RMSE: 0.4876 | Ratio: 1.55x
Computing permutation importance for fold (channel)...
Computing permutation importance for fold (feature)...
Computing permutation importance for fold (individual feature)...
--- Fold 12/17 (Left out Participants: P03) ---
Initializing Modality-Grouped Spatio-Temporal Transformer Regressor with config: {'d_model': 96, 'nhead_spatial': 8, 'num_layers': 4, 'nhead_temporal': 2, 'dim_feedforward': 512, 'dropout_rate': 0.25, 'learning_rate': 0.0003, 'weight_decay': 0.005, 'batch_size': 64, 'epochs': 200, 'validation_split': 0.1, 'early_stopping_patience': 5, 'scheduler_patience': 3, 'scheduler_factor': 0.8, 'use_checkpointing': True, 'use_amp': True, 'scheduler': {'type': 'ReduceLROnPlateau'}, 'random_state': 245}
[SpatioTemporalTransformerRegressor3] Using device: cuda
    [Strict Validation] Holding out 1 participants for early stopping: P05
[SpatioTemporalTransformerRegressor3] Using explicitly provided validation set (387 samples).
[SpatioTemporalTransformerRegressor3] Capping sequence length at 22 based on sample distribution (min_count=72).
[SpatioTemporalTransformerRegressor3] Grouped features into 20 spatial channels.
[Augmenter] Balanced 6 weight classes to 2000 samples each. Total: 12000
[SpatioTemporalTransformerNetwork3] Modality groups: {'EMG': 8, 'IMU_Accel': 6, 'IMU_Orient': 6}

Early stopping triggered at epoch 7. Best Val Loss: 0.4309
    Train MAE: 0.2139 | Test MAE: 0.2053 | Gap: -0.0086
    Train RMSE: 0.4228 | Test RMSE: 0.3746 | Ratio: 0.89x
Computing permutation importance for fold (channel)...
Computing permutation importance for fold (feature)...
Computing permutation importance for fold (individual feature)...
--- Fold 13/17 (Left out Participants: P15) ---
Initializing Modality-Grouped Spatio-Temporal Transformer Regressor with config: {'d_model': 96, 'nhead_spatial': 8, 'num_layers': 4, 'nhead_temporal': 2, 'dim_feedforward': 512, 'dropout_rate': 0.25, 'learning_rate': 0.0003, 'weight_decay': 0.005, 'batch_size': 64, 'epochs': 200, 'validation_split': 0.1, 'early_stopping_patience': 5, 'scheduler_patience': 3, 'scheduler_factor': 0.8, 'use_checkpointing': True, 'use_amp': True, 'scheduler': {'type': 'ReduceLROnPlateau'}, 'random_state': 245}
[SpatioTemporalTransformerRegressor3] Using device: cuda
    [Strict Validation] Holding out 1 participants for early stopping: P04
[SpatioTemporalTransformerRegressor3] Using explicitly provided validation set (835 samples).
[SpatioTemporalTransformerRegressor3] Capping sequence length at 24 based on sample distribution (min_count=70).
[SpatioTemporalTransformerRegressor3] Grouped features into 20 spatial channels.
[Augmenter] Balanced 6 weight classes to 2000 samples each. Total: 12000
[SpatioTemporalTransformerNetwork3] Modality groups: {'EMG': 8, 'IMU_Accel': 6, 'IMU_Orient': 6}

Early stopping triggered at epoch 9. Best Val Loss: 0.1469
    Train MAE: 0.1977 | Test MAE: 0.2268 | Gap: 0.0292
    Train RMSE: 0.3769 | Test RMSE: 0.4719 | Ratio: 1.25x
Computing permutation importance for fold (channel)...
Computing permutation importance for fold (feature)...
Computing permutation importance for fold (individual feature)...
--- Fold 14/17 (Left out Participants: P10) ---
Initializing Modality-Grouped Spatio-Temporal Transformer Regressor with config: {'d_model': 96, 'nhead_spatial': 8, 'num_layers': 4, 'nhead_temporal': 2, 'dim_feedforward': 512, 'dropout_rate': 0.25, 'learning_rate': 0.0003, 'weight_decay': 0.005, 'batch_size': 64, 'epochs': 200, 'validation_split': 0.1, 'early_stopping_patience': 5, 'scheduler_patience': 3, 'scheduler_factor': 0.8, 'use_checkpointing': True, 'use_amp': True, 'scheduler': {'type': 'ReduceLROnPlateau'}, 'random_state': 245}
[SpatioTemporalTransformerRegressor3] Using device: cuda
    [Strict Validation] Holding out 1 participants for early stopping: P04
[SpatioTemporalTransformerRegressor3] Using explicitly provided validation set (835 samples).
[SpatioTemporalTransformerRegressor3] Capping sequence length at 24 based on sample distribution (min_count=72).
[SpatioTemporalTransformerRegressor3] Grouped features into 20 spatial channels.
[Augmenter] Balanced 6 weight classes to 2000 samples each. Total: 12000
[SpatioTemporalTransformerNetwork3] Modality groups: {'EMG': 8, 'IMU_Accel': 6, 'IMU_Orient': 6}

Early stopping triggered at epoch 19. Best Val Loss: 0.1522
    Train MAE: 0.1469 | Test MAE: 0.2763 | Gap: 0.1294
    Train RMSE: 0.2716 | Test RMSE: 0.5544 | Ratio: 2.04x
Computing permutation importance for fold (channel)...
Computing permutation importance for fold (feature)...
Computing permutation importance for fold (individual feature)...
--- Fold 15/17 (Left out Participants: P14) ---
Initializing Modality-Grouped Spatio-Temporal Transformer Regressor with config: {'d_model': 96, 'nhead_spatial': 8, 'num_layers': 4, 'nhead_temporal': 2, 'dim_feedforward': 512, 'dropout_rate': 0.25, 'learning_rate': 0.0003, 'weight_decay': 0.005, 'batch_size': 64, 'epochs': 200, 'validation_split': 0.1, 'early_stopping_patience': 5, 'scheduler_patience': 3, 'scheduler_factor': 0.8, 'use_checkpointing': True, 'use_amp': True, 'scheduler': {'type': 'ReduceLROnPlateau'}, 'random_state': 245}
[SpatioTemporalTransformerRegressor3] Using device: cuda
    [Strict Validation] Holding out 1 participants for early stopping: P04
[SpatioTemporalTransformerRegressor3] Using explicitly provided validation set (835 samples).
[SpatioTemporalTransformerRegressor3] Capping sequence length at 24 based on sample distribution (min_count=72).
[SpatioTemporalTransformerRegressor3] Grouped features into 20 spatial channels.
[Augmenter] Balanced 6 weight classes to 2000 samples each. Total: 12000
[SpatioTemporalTransformerNetwork3] Modality groups: {'EMG': 8, 'IMU_Accel': 6, 'IMU_Orient': 6}

Early stopping triggered at epoch 14. Best Val Loss: 0.1451
    Train MAE: 0.1781 | Test MAE: 0.2718 | Gap: 0.0937
    Train RMSE: 0.3223 | Test RMSE: 0.6246 | Ratio: 1.94x
Computing permutation importance for fold (channel)...
Computing permutation importance for fold (feature)...
Computing permutation importance for fold (individual feature)...
--- Fold 16/17 (Left out Participants: P18) ---
Initializing Modality-Grouped Spatio-Temporal Transformer Regressor with config: {'d_model': 96, 'nhead_spatial': 8, 'num_layers': 4, 'nhead_temporal': 2, 'dim_feedforward': 512, 'dropout_rate': 0.25, 'learning_rate': 0.0003, 'weight_decay': 0.005, 'batch_size': 64, 'epochs': 200, 'validation_split': 0.1, 'early_stopping_patience': 5, 'scheduler_patience': 3, 'scheduler_factor': 0.8, 'use_checkpointing': True, 'use_amp': True, 'scheduler': {'type': 'ReduceLROnPlateau'}, 'random_state': 245}
[SpatioTemporalTransformerRegressor3] Using device: cuda
    [Strict Validation] Holding out 1 participants for early stopping: P04
[SpatioTemporalTransformerRegressor3] Using explicitly provided validation set (835 samples).
[SpatioTemporalTransformerRegressor3] Capping sequence length at 23 based on sample distribution (min_count=72).
[SpatioTemporalTransformerRegressor3] Grouped features into 20 spatial channels.
[Augmenter] Balanced 6 weight classes to 2000 samples each. Total: 12000
[SpatioTemporalTransformerNetwork3] Modality groups: {'EMG': 8, 'IMU_Accel': 6, 'IMU_Orient': 6}

Early stopping triggered at epoch 11. Best Val Loss: 0.1458
    Train MAE: 0.2597 | Test MAE: 0.5897 | Gap: 0.3301
    Train RMSE: 0.4265 | Test RMSE: 1.0360 | Ratio: 2.43x
Computing permutation importance for fold (channel)...
Computing permutation importance for fold (feature)...
Computing permutation importance for fold (individual feature)...
--- Fold 17/17 (Left out Participants: P05) ---
Initializing Modality-Grouped Spatio-Temporal Transformer Regressor with config: {'d_model': 96, 'nhead_spatial': 8, 'num_layers': 4, 'nhead_temporal': 2, 'dim_feedforward': 512, 'dropout_rate': 0.25, 'learning_rate': 0.0003, 'weight_decay': 0.005, 'batch_size': 64, 'epochs': 200, 'validation_split': 0.1, 'early_stopping_patience': 5, 'scheduler_patience': 3, 'scheduler_factor': 0.8, 'use_checkpointing': True, 'use_amp': True, 'scheduler': {'type': 'ReduceLROnPlateau'}, 'random_state': 245}
[SpatioTemporalTransformerRegressor3] Using device: cuda
    [Strict Validation] Holding out 1 participants for early stopping: P04
[SpatioTemporalTransformerRegressor3] Using explicitly provided validation set (835 samples).
[SpatioTemporalTransformerRegressor3] Capping sequence length at 22 based on sample distribution (min_count=72).
[SpatioTemporalTransformerRegressor3] Grouped features into 20 spatial channels.
[Augmenter] Balanced 6 weight classes to 2000 samples each. Total: 12000
[SpatioTemporalTransformerNetwork3] Modality groups: {'EMG': 8, 'IMU_Accel': 6, 'IMU_Orient': 6}

Early stopping triggered at epoch 18. Best Val Loss: 0.1390
    Train MAE: 0.1625 | Test MAE: 0.4329 | Gap: 0.2704
    Train RMSE: 0.3244 | Test RMSE: 0.6878 | Ratio: 2.12x
Computing permutation importance for fold (channel)...
Computing permutation importance for fold (feature)...
Computing permutation importance for fold (individual feature)...

Training final model on full dataset for saving...
Initializing Modality-Grouped Spatio-Temporal Transformer Regressor with config: {'d_model': 96, 'nhead_spatial': 8, 'num_layers': 4, 'nhead_temporal': 2, 'dim_feedforward': 512, 'dropout_rate': 0.25, 'learning_rate': 0.0003, 'weight_decay': 0.005, 'batch_size': 64, 'epochs': 200, 'validation_split': 0.1, 'early_stopping_patience': 5, 'scheduler_patience': 3, 'scheduler_factor': 0.8, 'use_checkpointing': True, 'use_amp': True, 'scheduler': {'type': 'ReduceLROnPlateau'}, 'random_state': 245}
[SpatioTemporalTransformerRegressor3] Using device: cuda
    [Strict Validation] Holding out 1 participants from final dataset for early stopping: P04
[SpatioTemporalTransformerRegressor3] Using explicitly provided validation set (835 samples).
[SpatioTemporalTransformerRegressor3] Capping sequence length at 24 based on sample distribution (min_count=74).
[SpatioTemporalTransformerRegressor3] Grouped features into 20 spatial channels.
[Augmenter] Balanced 6 weight classes to 2000 samples each. Total: 12000
[SpatioTemporalTransformerNetwork3] Modality groups: {'EMG': 8, 'IMU_Accel': 6, 'IMU_Orient': 6}

Early stopping triggered at epoch 9. Best Val Loss: 0.1401
Regression plot saved to /home/bwingen/thesis/Thesis/model/model_results/run_20260528_082637/all/regression_plot.png
Loss plot saved to /home/bwingen/thesis/Thesis/model/model_results/run_20260528_082637/all/loss_plot.png
Participant performance plot saved to /home/bwingen/thesis/Thesis/model/model_results/run_20260528_082637/all/participant_performance.png
Sequence-length performance plot saved to /home/bwingen/thesis/Thesis/model/model_results/run_20260528_082637/all/seqlen_performance_plot.png
Permutation importance plot saved to /home/bwingen/thesis/Thesis/model/model_results/run_20260528_082637/all/permutation_importance_channel.png
Permutation importance plot saved to /home/bwingen/thesis/Thesis/model/model_results/run_20260528_082637/all/permutation_importance_feature.png

Performance report saved to /home/bwingen/thesis/Thesis/model/model_results/run_20260528_082637/all/performance_report.txt

[run_data_exporter] Run data saved to /home/bwingen/thesis/Thesis/model/model_results/run_20260528_082637/all/run_data.json

--------------------------------------------------
LAUNCHING AUTOMATED DEEPSHAP ANALYSIS
--------------------------------------------------
[DeepSHAP] Starting attribution with n_bg=100, n_exp=50 (DEV_MODE=False)...

Running DeepExplainer (100 bg, 50 test) ...
[DeepSHAP] Results saved to /home/bwingen/thesis/Thesis/model/model_results/run_20260528_082637/all

[run_data_exporter] Run data saved to /home/bwingen/thesis/Thesis/model/model_results/run_20260528_082637/all/run_data.json

================================================================================
  RUNNING PIPELINE FOR MODALITY CONFIGURATION: EMG_ONLY
================================================================================


[MACRO ABLATION] Overriding config: Disabling all IMU channels.
[DataLoader] Filtered 20 files down to 19 based on PARTICIPANT_CONFIG['include']=['P01', 'P02', 'P03', 'P04', 'P05', 'P06', 'P07', 'P08', 'P09', 'P10', 'P11', 'P12', 'P14', 'P15', 'P16', 'P17', 'P18']
[DataLoader] Skipped 5 blacklisted segments in participant_P02_session_01_segments.h5
[DataLoader] Skipped 5 blacklisted segments in participant_P11_session_01_segments.h5
[DataLoader] Skipped 28 blacklisted segments in participant_P07_session_01_segments.h5
[DataLoader] Skipped 3 blacklisted segments in participant_P01_session_03_segments.h5
[DataLoader] Skipped 15 blacklisted segments in participant_P09_session_01_segments.h5
[DataLoader] Skipped 125 blacklisted segments in participant_P15_session_01_segments.h5
[DataLoader] Skipped 35 blacklisted segments in participant_P08_session_01_segments.h5
[DataLoader] Skipped 19 blacklisted segments in participant_P17_session_01_segments.h5
[DataLoader] Skipped 35 blacklisted segments in participant_P06_session_01_segments.h5
[DataLoader] Skipped 25 blacklisted segments in participant_P16_session_01_segments.h5
[DataLoader] Skipped 16 blacklisted segments in participant_P10_session_01_segments.h5
[DataLoader] Skipped 4 blacklisted segments in participant_P12_session_01_segments.h5
[DataLoader] Skipped 20 blacklisted segments in participant_P14_session_01_segments.h5
[DataLoader] Skipped 10 blacklisted segments in participant_P01_session_02_segments.h5
[DataLoader] Skipped 42 blacklisted segments in participant_P03_session_01_segments.h5
[DataLoader] Skipped 50 blacklisted segments in participant_P05_session_01_segments.h5
[DataLoader] Skipped 28 blacklisted segments in participant_P18_session_01_segments.h5
[DataLoader] Skipped 25 blacklisted segments in participant_P04_session_01_segments.h5
[DataLoader] Skipped 9 blacklisted segments in participant_P01_session_01_segments.h5
[DataLoader] Filter active: removed 288 features from disabled channels/feature-types.
[DataLoader] Dropped 2582 segments with excluded weight classes.
Sequence Data Summary:
  - Total Lifts (Sequences): 15732
  - Average Windows per Lift: 11.5
  - Features per Window: 88
Label vector (y) shape: (15732,) (Target: weight)

Starting 17-Fold Cross-Participant Validation...
--- Fold 1/17 (Left out Participants: P01) ---
Initializing Modality-Grouped Spatio-Temporal Transformer Regressor with config: {'d_model': 96, 'nhead_spatial': 8, 'num_layers': 4, 'nhead_temporal': 2, 'dim_feedforward': 512, 'dropout_rate': 0.25, 'learning_rate': 0.0003, 'weight_decay': 0.005, 'batch_size': 64, 'epochs': 200, 'validation_split': 0.1, 'early_stopping_patience': 5, 'scheduler_patience': 3, 'scheduler_factor': 0.8, 'use_checkpointing': True, 'use_amp': True, 'scheduler': {'type': 'ReduceLROnPlateau'}, 'random_state': 245}
[SpatioTemporalTransformerRegressor3] Using device: cuda
    [Strict Validation] Holding out 1 participants for early stopping: P05
[SpatioTemporalTransformerRegressor3] Using explicitly provided validation set (387 samples).
[SpatioTemporalTransformerRegressor3] Capping sequence length at 23 based on sample distribution (min_count=57).
[SpatioTemporalTransformerRegressor3] Grouped features into 8 spatial channels.
[Augmenter] Balanced 6 weight classes to 2000 samples each. Total: 12000
[SpatioTemporalTransformerNetwork3] Modality groups: {'EMG': 8}

Early stopping triggered at epoch 12. Best Val Loss: 0.3166
    Train MAE: 0.2010 | Test MAE: 0.3745 | Gap: 0.1734
    Train RMSE: 0.3977 | Test RMSE: 0.6181 | Ratio: 1.55x
Computing permutation importance for fold (channel)...
Computing permutation importance for fold (feature)...
Computing permutation importance for fold (individual feature)...
--- Fold 2/17 (Left out Participants: P02) ---
Initializing Modality-Grouped Spatio-Temporal Transformer Regressor with config: {'d_model': 96, 'nhead_spatial': 8, 'num_layers': 4, 'nhead_temporal': 2, 'dim_feedforward': 512, 'dropout_rate': 0.25, 'learning_rate': 0.0003, 'weight_decay': 0.005, 'batch_size': 64, 'epochs': 200, 'validation_split': 0.1, 'early_stopping_patience': 5, 'scheduler_patience': 3, 'scheduler_factor': 0.8, 'use_checkpointing': True, 'use_amp': True, 'scheduler': {'type': 'ReduceLROnPlateau'}, 'random_state': 245}
[SpatioTemporalTransformerRegressor3] Using device: cuda
    [Strict Validation] Holding out 1 participants for early stopping: P05
[SpatioTemporalTransformerRegressor3] Using explicitly provided validation set (387 samples).
[SpatioTemporalTransformerRegressor3] Capping sequence length at 23 based on sample distribution (min_count=70).
[SpatioTemporalTransformerRegressor3] Grouped features into 8 spatial channels.
[Augmenter] Balanced 6 weight classes to 2000 samples each. Total: 12000
[SpatioTemporalTransformerNetwork3] Modality groups: {'EMG': 8}

Early stopping triggered at epoch 8. Best Val Loss: 0.2587
    Train MAE: 0.2393 | Test MAE: 0.2292 | Gap: -0.0101
    Train RMSE: 0.4733 | Test RMSE: 0.4533 | Ratio: 0.96x
Computing permutation importance for fold (channel)...
Computing permutation importance for fold (feature)...
Computing permutation importance for fold (individual feature)...
--- Fold 3/17 (Left out Participants: P12) ---
Initializing Modality-Grouped Spatio-Temporal Transformer Regressor with config: {'d_model': 96, 'nhead_spatial': 8, 'num_layers': 4, 'nhead_temporal': 2, 'dim_feedforward': 512, 'dropout_rate': 0.25, 'learning_rate': 0.0003, 'weight_decay': 0.005, 'batch_size': 64, 'epochs': 200, 'validation_split': 0.1, 'early_stopping_patience': 5, 'scheduler_patience': 3, 'scheduler_factor': 0.8, 'use_checkpointing': True, 'use_amp': True, 'scheduler': {'type': 'ReduceLROnPlateau'}, 'random_state': 245}
[SpatioTemporalTransformerRegressor3] Using device: cuda
    [Strict Validation] Holding out 1 participants for early stopping: P04
[SpatioTemporalTransformerRegressor3] Using explicitly provided validation set (835 samples).
[SpatioTemporalTransformerRegressor3] Capping sequence length at 24 based on sample distribution (min_count=70).
[SpatioTemporalTransformerRegressor3] Grouped features into 8 spatial channels.
[Augmenter] Balanced 6 weight classes to 2000 samples each. Total: 12000
[SpatioTemporalTransformerNetwork3] Modality groups: {'EMG': 8}

Early stopping triggered at epoch 10. Best Val Loss: 0.2013
    Train MAE: 0.2057 | Test MAE: 0.1630 | Gap: -0.0427
    Train RMSE: 0.4191 | Test RMSE: 0.3385 | Ratio: 0.81x
Computing permutation importance for fold (channel)...
Computing permutation importance for fold (feature)...
Computing permutation importance for fold (individual feature)...
--- Fold 4/17 (Left out Participants: P11) ---
Initializing Modality-Grouped Spatio-Temporal Transformer Regressor with config: {'d_model': 96, 'nhead_spatial': 8, 'num_layers': 4, 'nhead_temporal': 2, 'dim_feedforward': 512, 'dropout_rate': 0.25, 'learning_rate': 0.0003, 'weight_decay': 0.005, 'batch_size': 64, 'epochs': 200, 'validation_split': 0.1, 'early_stopping_patience': 5, 'scheduler_patience': 3, 'scheduler_factor': 0.8, 'use_checkpointing': True, 'use_amp': True, 'scheduler': {'type': 'ReduceLROnPlateau'}, 'random_state': 245}
[SpatioTemporalTransformerRegressor3] Using device: cuda
    [Strict Validation] Holding out 1 participants for early stopping: P04
[SpatioTemporalTransformerRegressor3] Using explicitly provided validation set (835 samples).
[SpatioTemporalTransformerRegressor3] Capping sequence length at 24 based on sample distribution (min_count=70).
[SpatioTemporalTransformerRegressor3] Grouped features into 8 spatial channels.
[Augmenter] Balanced 6 weight classes to 2000 samples each. Total: 12000
[SpatioTemporalTransformerNetwork3] Modality groups: {'EMG': 8}

Early stopping triggered at epoch 12. Best Val Loss: 0.1891
    Train MAE: 0.1909 | Test MAE: 0.3068 | Gap: 0.1159
    Train RMSE: 0.3907 | Test RMSE: 0.5542 | Ratio: 1.42x
Computing permutation importance for fold (channel)...
Computing permutation importance for fold (feature)...
Computing permutation importance for fold (individual feature)...
--- Fold 5/17 (Left out Participants: P09) ---
Initializing Modality-Grouped Spatio-Temporal Transformer Regressor with config: {'d_model': 96, 'nhead_spatial': 8, 'num_layers': 4, 'nhead_temporal': 2, 'dim_feedforward': 512, 'dropout_rate': 0.25, 'learning_rate': 0.0003, 'weight_decay': 0.005, 'batch_size': 64, 'epochs': 200, 'validation_split': 0.1, 'early_stopping_patience': 5, 'scheduler_patience': 3, 'scheduler_factor': 0.8, 'use_checkpointing': True, 'use_amp': True, 'scheduler': {'type': 'ReduceLROnPlateau'}, 'random_state': 245}
[SpatioTemporalTransformerRegressor3] Using device: cuda
    [Strict Validation] Holding out 1 participants for early stopping: P04
[SpatioTemporalTransformerRegressor3] Using explicitly provided validation set (835 samples).
[SpatioTemporalTransformerRegressor3] Capping sequence length at 24 based on sample distribution (min_count=70).
[SpatioTemporalTransformerRegressor3] Grouped features into 8 spatial channels.
[Augmenter] Balanced 6 weight classes to 2000 samples each. Total: 12000
[SpatioTemporalTransformerNetwork3] Modality groups: {'EMG': 8}

Early stopping triggered at epoch 11. Best Val Loss: 0.1793
    Train MAE: 0.2082 | Test MAE: 0.3233 | Gap: 0.1151
    Train RMSE: 0.4131 | Test RMSE: 0.6549 | Ratio: 1.59x
Computing permutation importance for fold (channel)...
Computing permutation importance for fold (feature)...
Computing permutation importance for fold (individual feature)...
--- Fold 6/17 (Left out Participants: P17) ---
Initializing Modality-Grouped Spatio-Temporal Transformer Regressor with config: {'d_model': 96, 'nhead_spatial': 8, 'num_layers': 4, 'nhead_temporal': 2, 'dim_feedforward': 512, 'dropout_rate': 0.25, 'learning_rate': 0.0003, 'weight_decay': 0.005, 'batch_size': 64, 'epochs': 200, 'validation_split': 0.1, 'early_stopping_patience': 5, 'scheduler_patience': 3, 'scheduler_factor': 0.8, 'use_checkpointing': True, 'use_amp': True, 'scheduler': {'type': 'ReduceLROnPlateau'}, 'random_state': 245}
[SpatioTemporalTransformerRegressor3] Using device: cuda
    [Strict Validation] Holding out 1 participants for early stopping: P04
[SpatioTemporalTransformerRegressor3] Using explicitly provided validation set (835 samples).
[SpatioTemporalTransformerRegressor3] Capping sequence length at 24 based on sample distribution (min_count=70).
[SpatioTemporalTransformerRegressor3] Grouped features into 8 spatial channels.
[Augmenter] Balanced 6 weight classes to 2000 samples each. Total: 12000
[SpatioTemporalTransformerNetwork3] Modality groups: {'EMG': 8}

Early stopping triggered at epoch 12. Best Val Loss: 0.1861
    Train MAE: 0.2084 | Test MAE: 0.3407 | Gap: 0.1323
    Train RMSE: 0.4109 | Test RMSE: 0.6182 | Ratio: 1.50x
Computing permutation importance for fold (channel)...
Computing permutation importance for fold (feature)...
Computing permutation importance for fold (individual feature)...
--- Fold 7/17 (Left out Participants: P04) ---
Initializing Modality-Grouped Spatio-Temporal Transformer Regressor with config: {'d_model': 96, 'nhead_spatial': 8, 'num_layers': 4, 'nhead_temporal': 2, 'dim_feedforward': 512, 'dropout_rate': 0.25, 'learning_rate': 0.0003, 'weight_decay': 0.005, 'batch_size': 64, 'epochs': 200, 'validation_split': 0.1, 'early_stopping_patience': 5, 'scheduler_patience': 3, 'scheduler_factor': 0.8, 'use_checkpointing': True, 'use_amp': True, 'scheduler': {'type': 'ReduceLROnPlateau'}, 'random_state': 245}
[SpatioTemporalTransformerRegressor3] Using device: cuda
    [Strict Validation] Holding out 1 participants for early stopping: P05
[SpatioTemporalTransformerRegressor3] Using explicitly provided validation set (387 samples).
[SpatioTemporalTransformerRegressor3] Capping sequence length at 22 based on sample distribution (min_count=72).
[SpatioTemporalTransformerRegressor3] Grouped features into 8 spatial channels.
[Augmenter] Balanced 6 weight classes to 2000 samples each. Total: 12000
[SpatioTemporalTransformerNetwork3] Modality groups: {'EMG': 8}

Early stopping triggered at epoch 12. Best Val Loss: 0.2073
    Train MAE: 0.2048 | Test MAE: 0.2149 | Gap: 0.0101
    Train RMSE: 0.4246 | Test RMSE: 0.4338 | Ratio: 1.02x
Computing permutation importance for fold (channel)...
Computing permutation importance for fold (feature)...
Computing permutation importance for fold (individual feature)...
--- Fold 8/17 (Left out Participants: P08) ---
Initializing Modality-Grouped Spatio-Temporal Transformer Regressor with config: {'d_model': 96, 'nhead_spatial': 8, 'num_layers': 4, 'nhead_temporal': 2, 'dim_feedforward': 512, 'dropout_rate': 0.25, 'learning_rate': 0.0003, 'weight_decay': 0.005, 'batch_size': 64, 'epochs': 200, 'validation_split': 0.1, 'early_stopping_patience': 5, 'scheduler_patience': 3, 'scheduler_factor': 0.8, 'use_checkpointing': True, 'use_amp': True, 'scheduler': {'type': 'ReduceLROnPlateau'}, 'random_state': 245}
[SpatioTemporalTransformerRegressor3] Using device: cuda
    [Strict Validation] Holding out 1 participants for early stopping: P04
[SpatioTemporalTransformerRegressor3] Using explicitly provided validation set (835 samples).
[SpatioTemporalTransformerRegressor3] Capping sequence length at 24 based on sample distribution (min_count=70).
[SpatioTemporalTransformerRegressor3] Grouped features into 8 spatial channels.
[Augmenter] Balanced 6 weight classes to 2000 samples each. Total: 12000
[SpatioTemporalTransformerNetwork3] Modality groups: {'EMG': 8}

Early stopping triggered at epoch 11. Best Val Loss: 0.2128
    Train MAE: 0.1907 | Test MAE: 0.3271 | Gap: 0.1364
    Train RMSE: 0.3960 | Test RMSE: 0.6012 | Ratio: 1.52x
Computing permutation importance for fold (channel)...
Computing permutation importance for fold (feature)...
Computing permutation importance for fold (individual feature)...
--- Fold 9/17 (Left out Participants: P07) ---
Initializing Modality-Grouped Spatio-Temporal Transformer Regressor with config: {'d_model': 96, 'nhead_spatial': 8, 'num_layers': 4, 'nhead_temporal': 2, 'dim_feedforward': 512, 'dropout_rate': 0.25, 'learning_rate': 0.0003, 'weight_decay': 0.005, 'batch_size': 64, 'epochs': 200, 'validation_split': 0.1, 'early_stopping_patience': 5, 'scheduler_patience': 3, 'scheduler_factor': 0.8, 'use_checkpointing': True, 'use_amp': True, 'scheduler': {'type': 'ReduceLROnPlateau'}, 'random_state': 245}
[SpatioTemporalTransformerRegressor3] Using device: cuda
    [Strict Validation] Holding out 1 participants for early stopping: P04
[SpatioTemporalTransformerRegressor3] Using explicitly provided validation set (835 samples).
[SpatioTemporalTransformerRegressor3] Capping sequence length at 24 based on sample distribution (min_count=70).
[SpatioTemporalTransformerRegressor3] Grouped features into 8 spatial channels.
[Augmenter] Balanced 6 weight classes to 2000 samples each. Total: 12000
[SpatioTemporalTransformerNetwork3] Modality groups: {'EMG': 8}

Early stopping triggered at epoch 21. Best Val Loss: 0.1905
    Train MAE: 0.1640 | Test MAE: 0.5197 | Gap: 0.3557
    Train RMSE: 0.3411 | Test RMSE: 0.9669 | Ratio: 2.83x
Computing permutation importance for fold (channel)...
Computing permutation importance for fold (feature)...
Computing permutation importance for fold (individual feature)...
--- Fold 10/17 (Left out Participants: P16) ---
Initializing Modality-Grouped Spatio-Temporal Transformer Regressor with config: {'d_model': 96, 'nhead_spatial': 8, 'num_layers': 4, 'nhead_temporal': 2, 'dim_feedforward': 512, 'dropout_rate': 0.25, 'learning_rate': 0.0003, 'weight_decay': 0.005, 'batch_size': 64, 'epochs': 200, 'validation_split': 0.1, 'early_stopping_patience': 5, 'scheduler_patience': 3, 'scheduler_factor': 0.8, 'use_checkpointing': True, 'use_amp': True, 'scheduler': {'type': 'ReduceLROnPlateau'}, 'random_state': 245}
[SpatioTemporalTransformerRegressor3] Using device: cuda
    [Strict Validation] Holding out 1 participants for early stopping: P04
[SpatioTemporalTransformerRegressor3] Using explicitly provided validation set (835 samples).
[SpatioTemporalTransformerRegressor3] Capping sequence length at 24 based on sample distribution (min_count=70).
[SpatioTemporalTransformerRegressor3] Grouped features into 8 spatial channels.
[Augmenter] Balanced 6 weight classes to 2000 samples each. Total: 12000
[SpatioTemporalTransformerNetwork3] Modality groups: {'EMG': 8}

Early stopping triggered at epoch 9. Best Val Loss: 0.2040
    Train MAE: 0.2215 | Test MAE: 0.3716 | Gap: 0.1501
    Train RMSE: 0.4343 | Test RMSE: 0.7006 | Ratio: 1.61x
Computing permutation importance for fold (channel)...
Computing permutation importance for fold (feature)...
Computing permutation importance for fold (individual feature)...
--- Fold 11/17 (Left out Participants: P06) ---
Initializing Modality-Grouped Spatio-Temporal Transformer Regressor with config: {'d_model': 96, 'nhead_spatial': 8, 'num_layers': 4, 'nhead_temporal': 2, 'dim_feedforward': 512, 'dropout_rate': 0.25, 'learning_rate': 0.0003, 'weight_decay': 0.005, 'batch_size': 64, 'epochs': 200, 'validation_split': 0.1, 'early_stopping_patience': 5, 'scheduler_patience': 3, 'scheduler_factor': 0.8, 'use_checkpointing': True, 'use_amp': True, 'scheduler': {'type': 'ReduceLROnPlateau'}, 'random_state': 245}
[SpatioTemporalTransformerRegressor3] Using device: cuda
    [Strict Validation] Holding out 1 participants for early stopping: P04
[SpatioTemporalTransformerRegressor3] Using explicitly provided validation set (835 samples).
[SpatioTemporalTransformerRegressor3] Capping sequence length at 24 based on sample distribution (min_count=70).
[SpatioTemporalTransformerRegressor3] Grouped features into 8 spatial channels.
[Augmenter] Balanced 6 weight classes to 2000 samples each. Total: 12000
[SpatioTemporalTransformerNetwork3] Modality groups: {'EMG': 8}

Early stopping triggered at epoch 17. Best Val Loss: 0.2018
    Train MAE: 0.1811 | Test MAE: 0.1985 | Gap: 0.0175
    Train RMSE: 0.3749 | Test RMSE: 0.4067 | Ratio: 1.08x
Computing permutation importance for fold (channel)...
Computing permutation importance for fold (feature)...
Computing permutation importance for fold (individual feature)...
--- Fold 12/17 (Left out Participants: P03) ---
Initializing Modality-Grouped Spatio-Temporal Transformer Regressor with config: {'d_model': 96, 'nhead_spatial': 8, 'num_layers': 4, 'nhead_temporal': 2, 'dim_feedforward': 512, 'dropout_rate': 0.25, 'learning_rate': 0.0003, 'weight_decay': 0.005, 'batch_size': 64, 'epochs': 200, 'validation_split': 0.1, 'early_stopping_patience': 5, 'scheduler_patience': 3, 'scheduler_factor': 0.8, 'use_checkpointing': True, 'use_amp': True, 'scheduler': {'type': 'ReduceLROnPlateau'}, 'random_state': 245}
[SpatioTemporalTransformerRegressor3] Using device: cuda
    [Strict Validation] Holding out 1 participants for early stopping: P05
[SpatioTemporalTransformerRegressor3] Using explicitly provided validation set (387 samples).
[SpatioTemporalTransformerRegressor3] Capping sequence length at 22 based on sample distribution (min_count=72).
[SpatioTemporalTransformerRegressor3] Grouped features into 8 spatial channels.
[Augmenter] Balanced 6 weight classes to 2000 samples each. Total: 12000
[SpatioTemporalTransformerNetwork3] Modality groups: {'EMG': 8}

Early stopping triggered at epoch 11. Best Val Loss: 0.3161
    Train MAE: 0.2141 | Test MAE: 0.2000 | Gap: -0.0141
    Train RMSE: 0.4366 | Test RMSE: 0.3971 | Ratio: 0.91x
Computing permutation importance for fold (channel)...
Computing permutation importance for fold (feature)...
Computing permutation importance for fold (individual feature)...
--- Fold 13/17 (Left out Participants: P15) ---
Initializing Modality-Grouped Spatio-Temporal Transformer Regressor with config: {'d_model': 96, 'nhead_spatial': 8, 'num_layers': 4, 'nhead_temporal': 2, 'dim_feedforward': 512, 'dropout_rate': 0.25, 'learning_rate': 0.0003, 'weight_decay': 0.005, 'batch_size': 64, 'epochs': 200, 'validation_split': 0.1, 'early_stopping_patience': 5, 'scheduler_patience': 3, 'scheduler_factor': 0.8, 'use_checkpointing': True, 'use_amp': True, 'scheduler': {'type': 'ReduceLROnPlateau'}, 'random_state': 245}
[SpatioTemporalTransformerRegressor3] Using device: cuda
    [Strict Validation] Holding out 1 participants for early stopping: P04
[SpatioTemporalTransformerRegressor3] Using explicitly provided validation set (835 samples).
[SpatioTemporalTransformerRegressor3] Capping sequence length at 24 based on sample distribution (min_count=70).
[SpatioTemporalTransformerRegressor3] Grouped features into 8 spatial channels.
[Augmenter] Balanced 6 weight classes to 2000 samples each. Total: 12000
[SpatioTemporalTransformerNetwork3] Modality groups: {'EMG': 8}

Early stopping triggered at epoch 12. Best Val Loss: 0.1944
    Train MAE: 0.2049 | Test MAE: 0.2570 | Gap: 0.0521
    Train RMSE: 0.4183 | Test RMSE: 0.5563 | Ratio: 1.33x
Computing permutation importance for fold (channel)...
Computing permutation importance for fold (feature)...
Computing permutation importance for fold (individual feature)...
--- Fold 14/17 (Left out Participants: P10) ---
Initializing Modality-Grouped Spatio-Temporal Transformer Regressor with config: {'d_model': 96, 'nhead_spatial': 8, 'num_layers': 4, 'nhead_temporal': 2, 'dim_feedforward': 512, 'dropout_rate': 0.25, 'learning_rate': 0.0003, 'weight_decay': 0.005, 'batch_size': 64, 'epochs': 200, 'validation_split': 0.1, 'early_stopping_patience': 5, 'scheduler_patience': 3, 'scheduler_factor': 0.8, 'use_checkpointing': True, 'use_amp': True, 'scheduler': {'type': 'ReduceLROnPlateau'}, 'random_state': 245}
[SpatioTemporalTransformerRegressor3] Using device: cuda
    [Strict Validation] Holding out 1 participants for early stopping: P04
[SpatioTemporalTransformerRegressor3] Using explicitly provided validation set (835 samples).
[SpatioTemporalTransformerRegressor3] Capping sequence length at 24 based on sample distribution (min_count=72).
[SpatioTemporalTransformerRegressor3] Grouped features into 8 spatial channels.
[Augmenter] Balanced 6 weight classes to 2000 samples each. Total: 12000
[SpatioTemporalTransformerNetwork3] Modality groups: {'EMG': 8}

Early stopping triggered at epoch 18. Best Val Loss: 0.2025
    Train MAE: 0.1825 | Test MAE: 0.3115 | Gap: 0.1290
    Train RMSE: 0.3774 | Test RMSE: 0.6121 | Ratio: 1.62x
Computing permutation importance for fold (channel)...
Computing permutation importance for fold (feature)...
Computing permutation importance for fold (individual feature)...
--- Fold 15/17 (Left out Participants: P14) ---
Initializing Modality-Grouped Spatio-Temporal Transformer Regressor with config: {'d_model': 96, 'nhead_spatial': 8, 'num_layers': 4, 'nhead_temporal': 2, 'dim_feedforward': 512, 'dropout_rate': 0.25, 'learning_rate': 0.0003, 'weight_decay': 0.005, 'batch_size': 64, 'epochs': 200, 'validation_split': 0.1, 'early_stopping_patience': 5, 'scheduler_patience': 3, 'scheduler_factor': 0.8, 'use_checkpointing': True, 'use_amp': True, 'scheduler': {'type': 'ReduceLROnPlateau'}, 'random_state': 245}
[SpatioTemporalTransformerRegressor3] Using device: cuda
    [Strict Validation] Holding out 1 participants for early stopping: P04
[SpatioTemporalTransformerRegressor3] Using explicitly provided validation set (835 samples).
[SpatioTemporalTransformerRegressor3] Capping sequence length at 24 based on sample distribution (min_count=72).
[SpatioTemporalTransformerRegressor3] Grouped features into 8 spatial channels.
[Augmenter] Balanced 6 weight classes to 2000 samples each. Total: 12000
[SpatioTemporalTransformerNetwork3] Modality groups: {'EMG': 8}

Early stopping triggered at epoch 12. Best Val Loss: 0.1729
    Train MAE: 0.1937 | Test MAE: 0.2664 | Gap: 0.0726
    Train RMSE: 0.3867 | Test RMSE: 0.6368 | Ratio: 1.65x
Computing permutation importance for fold (channel)...
Computing permutation importance for fold (feature)...
Computing permutation importance for fold (individual feature)...
--- Fold 16/17 (Left out Participants: P18) ---
Initializing Modality-Grouped Spatio-Temporal Transformer Regressor with config: {'d_model': 96, 'nhead_spatial': 8, 'num_layers': 4, 'nhead_temporal': 2, 'dim_feedforward': 512, 'dropout_rate': 0.25, 'learning_rate': 0.0003, 'weight_decay': 0.005, 'batch_size': 64, 'epochs': 200, 'validation_split': 0.1, 'early_stopping_patience': 5, 'scheduler_patience': 3, 'scheduler_factor': 0.8, 'use_checkpointing': True, 'use_amp': True, 'scheduler': {'type': 'ReduceLROnPlateau'}, 'random_state': 245}
[SpatioTemporalTransformerRegressor3] Using device: cuda
    [Strict Validation] Holding out 1 participants for early stopping: P04
[SpatioTemporalTransformerRegressor3] Using explicitly provided validation set (835 samples).
[SpatioTemporalTransformerRegressor3] Capping sequence length at 23 based on sample distribution (min_count=72).
[SpatioTemporalTransformerRegressor3] Grouped features into 8 spatial channels.
[Augmenter] Balanced 6 weight classes to 2000 samples each. Total: 12000
[SpatioTemporalTransformerNetwork3] Modality groups: {'EMG': 8}

Early stopping triggered at epoch 12. Best Val Loss: 0.1997
    Train MAE: 0.1988 | Test MAE: 0.3284 | Gap: 0.1297
    Train RMSE: 0.4013 | Test RMSE: 0.6701 | Ratio: 1.67x
Computing permutation importance for fold (channel)...
Computing permutation importance for fold (feature)...
Computing permutation importance for fold (individual feature)...
--- Fold 17/17 (Left out Participants: P05) ---
Initializing Modality-Grouped Spatio-Temporal Transformer Regressor with config: {'d_model': 96, 'nhead_spatial': 8, 'num_layers': 4, 'nhead_temporal': 2, 'dim_feedforward': 512, 'dropout_rate': 0.25, 'learning_rate': 0.0003, 'weight_decay': 0.005, 'batch_size': 64, 'epochs': 200, 'validation_split': 0.1, 'early_stopping_patience': 5, 'scheduler_patience': 3, 'scheduler_factor': 0.8, 'use_checkpointing': True, 'use_amp': True, 'scheduler': {'type': 'ReduceLROnPlateau'}, 'random_state': 245}
[SpatioTemporalTransformerRegressor3] Using device: cuda
    [Strict Validation] Holding out 1 participants for early stopping: P04
[SpatioTemporalTransformerRegressor3] Using explicitly provided validation set (835 samples).
[SpatioTemporalTransformerRegressor3] Capping sequence length at 22 based on sample distribution (min_count=72).
[SpatioTemporalTransformerRegressor3] Grouped features into 8 spatial channels.
[Augmenter] Balanced 6 weight classes to 2000 samples each. Total: 12000
[SpatioTemporalTransformerNetwork3] Modality groups: {'EMG': 8}

Early stopping triggered at epoch 13. Best Val Loss: 0.1804
    Train MAE: 0.1848 | Test MAE: 0.3050 | Gap: 0.1202
    Train RMSE: 0.3877 | Test RMSE: 0.5614 | Ratio: 1.45x
Computing permutation importance for fold (channel)...
Computing permutation importance for fold (feature)...
Computing permutation importance for fold (individual feature)...

Training final model on full dataset for saving...
Initializing Modality-Grouped Spatio-Temporal Transformer Regressor with config: {'d_model': 96, 'nhead_spatial': 8, 'num_layers': 4, 'nhead_temporal': 2, 'dim_feedforward': 512, 'dropout_rate': 0.25, 'learning_rate': 0.0003, 'weight_decay': 0.005, 'batch_size': 64, 'epochs': 200, 'validation_split': 0.1, 'early_stopping_patience': 5, 'scheduler_patience': 3, 'scheduler_factor': 0.8, 'use_checkpointing': True, 'use_amp': True, 'scheduler': {'type': 'ReduceLROnPlateau'}, 'random_state': 245}
[SpatioTemporalTransformerRegressor3] Using device: cuda
    [Strict Validation] Holding out 1 participants from final dataset for early stopping: P04
[SpatioTemporalTransformerRegressor3] Using explicitly provided validation set (835 samples).
[SpatioTemporalTransformerRegressor3] Capping sequence length at 24 based on sample distribution (min_count=74).
[SpatioTemporalTransformerRegressor3] Grouped features into 8 spatial channels.
[Augmenter] Balanced 6 weight classes to 2000 samples each. Total: 12000
[SpatioTemporalTransformerNetwork3] Modality groups: {'EMG': 8}

Early stopping triggered at epoch 14. Best Val Loss: 0.1818
Regression plot saved to /home/bwingen/thesis/Thesis/model/model_results/run_20260528_082637/emg_only/regression_plot.png
Loss plot saved to /home/bwingen/thesis/Thesis/model/model_results/run_20260528_082637/emg_only/loss_plot.png
Participant performance plot saved to /home/bwingen/thesis/Thesis/model/model_results/run_20260528_082637/emg_only/participant_performance.png
Sequence-length performance plot saved to /home/bwingen/thesis/Thesis/model/model_results/run_20260528_082637/emg_only/seqlen_performance_plot.png
Permutation importance plot saved to /home/bwingen/thesis/Thesis/model/model_results/run_20260528_082637/emg_only/permutation_importance_channel.png
Permutation importance plot saved to /home/bwingen/thesis/Thesis/model/model_results/run_20260528_082637/emg_only/permutation_importance_feature.png

Performance report saved to /home/bwingen/thesis/Thesis/model/model_results/run_20260528_082637/emg_only/performance_report.txt

[run_data_exporter] Run data saved to /home/bwingen/thesis/Thesis/model/model_results/run_20260528_082637/emg_only/run_data.json

--------------------------------------------------
LAUNCHING AUTOMATED DEEPSHAP ANALYSIS
--------------------------------------------------
[DeepSHAP] Starting attribution with n_bg=100, n_exp=50 (DEV_MODE=False)...

Running DeepExplainer (100 bg, 50 test) ...
[DeepSHAP] Results saved to /home/bwingen/thesis/Thesis/model/model_results/run_20260528_082637/emg_only

[run_data_exporter] Run data saved to /home/bwingen/thesis/Thesis/model/model_results/run_20260528_082637/emg_only/run_data.json

================================================================================
  RUNNING PIPELINE FOR MODALITY CONFIGURATION: IMU_ONLY
================================================================================


[MACRO ABLATION] Overriding config: Disabling all EMG channels.
[DataLoader] Filtered 20 files down to 19 based on PARTICIPANT_CONFIG['include']=['P01', 'P02', 'P03', 'P04', 'P05', 'P06', 'P07', 'P08', 'P09', 'P10', 'P11', 'P12', 'P14', 'P15', 'P16', 'P17', 'P18']
[DataLoader] Skipped 5 blacklisted segments in participant_P02_session_01_segments.h5
[DataLoader] Skipped 5 blacklisted segments in participant_P11_session_01_segments.h5
[DataLoader] Skipped 28 blacklisted segments in participant_P07_session_01_segments.h5
[DataLoader] Skipped 3 blacklisted segments in participant_P01_session_03_segments.h5
[DataLoader] Skipped 15 blacklisted segments in participant_P09_session_01_segments.h5
[DataLoader] Skipped 125 blacklisted segments in participant_P15_session_01_segments.h5
[DataLoader] Skipped 35 blacklisted segments in participant_P08_session_01_segments.h5
[DataLoader] Skipped 19 blacklisted segments in participant_P17_session_01_segments.h5
[DataLoader] Skipped 35 blacklisted segments in participant_P06_session_01_segments.h5
[DataLoader] Skipped 25 blacklisted segments in participant_P16_session_01_segments.h5
[DataLoader] Skipped 16 blacklisted segments in participant_P10_session_01_segments.h5
[DataLoader] Skipped 4 blacklisted segments in participant_P12_session_01_segments.h5
[DataLoader] Skipped 20 blacklisted segments in participant_P14_session_01_segments.h5
[DataLoader] Skipped 10 blacklisted segments in participant_P01_session_02_segments.h5
[DataLoader] Skipped 42 blacklisted segments in participant_P03_session_01_segments.h5
[DataLoader] Skipped 50 blacklisted segments in participant_P05_session_01_segments.h5
[DataLoader] Skipped 28 blacklisted segments in participant_P18_session_01_segments.h5
[DataLoader] Skipped 25 blacklisted segments in participant_P04_session_01_segments.h5
[DataLoader] Skipped 9 blacklisted segments in participant_P01_session_01_segments.h5
[DataLoader] Filter active: removed 256 features from disabled channels/feature-types.
[DataLoader] Dropped 2582 segments with excluded weight classes.
Sequence Data Summary:
  - Total Lifts (Sequences): 15732
  - Average Windows per Lift: 11.5
  - Features per Window: 120
Label vector (y) shape: (15732,) (Target: weight)

Starting 17-Fold Cross-Participant Validation...
--- Fold 1/17 (Left out Participants: P01) ---
Initializing Modality-Grouped Spatio-Temporal Transformer Regressor with config: {'d_model': 96, 'nhead_spatial': 8, 'num_layers': 4, 'nhead_temporal': 2, 'dim_feedforward': 512, 'dropout_rate': 0.25, 'learning_rate': 0.0003, 'weight_decay': 0.005, 'batch_size': 64, 'epochs': 200, 'validation_split': 0.1, 'early_stopping_patience': 5, 'scheduler_patience': 3, 'scheduler_factor': 0.8, 'use_checkpointing': True, 'use_amp': True, 'scheduler': {'type': 'ReduceLROnPlateau'}, 'random_state': 245}
[SpatioTemporalTransformerRegressor3] Using device: cuda
    [Strict Validation] Holding out 1 participants for early stopping: P05
[SpatioTemporalTransformerRegressor3] Using explicitly provided validation set (387 samples).
[SpatioTemporalTransformerRegressor3] Capping sequence length at 23 based on sample distribution (min_count=57).
[SpatioTemporalTransformerRegressor3] Grouped features into 12 spatial channels.
[Augmenter] Balanced 6 weight classes to 2000 samples each. Total: 12000
[SpatioTemporalTransformerNetwork3] Modality groups: {'IMU_Accel': 6, 'IMU_Orient': 6}

Early stopping triggered at epoch 9. Best Val Loss: 1.0569
    Train MAE: 0.6643 | Test MAE: 0.7555 | Gap: 0.0912
    Train RMSE: 1.1005 | Test RMSE: 1.1452 | Ratio: 1.04x
Computing permutation importance for fold (channel)...
Computing permutation importance for fold (feature)...
Computing permutation importance for fold (individual feature)...
--- Fold 2/17 (Left out Participants: P02) ---
Initializing Modality-Grouped Spatio-Temporal Transformer Regressor with config: {'d_model': 96, 'nhead_spatial': 8, 'num_layers': 4, 'nhead_temporal': 2, 'dim_feedforward': 512, 'dropout_rate': 0.25, 'learning_rate': 0.0003, 'weight_decay': 0.005, 'batch_size': 64, 'epochs': 200, 'validation_split': 0.1, 'early_stopping_patience': 5, 'scheduler_patience': 3, 'scheduler_factor': 0.8, 'use_checkpointing': True, 'use_amp': True, 'scheduler': {'type': 'ReduceLROnPlateau'}, 'random_state': 245}
[SpatioTemporalTransformerRegressor3] Using device: cuda
    [Strict Validation] Holding out 1 participants for early stopping: P05
[SpatioTemporalTransformerRegressor3] Using explicitly provided validation set (387 samples).
[SpatioTemporalTransformerRegressor3] Capping sequence length at 23 based on sample distribution (min_count=70).
[SpatioTemporalTransformerRegressor3] Grouped features into 12 spatial channels.
[Augmenter] Balanced 6 weight classes to 2000 samples each. Total: 12000
[SpatioTemporalTransformerNetwork3] Modality groups: {'IMU_Accel': 6, 'IMU_Orient': 6}

Early stopping triggered at epoch 13. Best Val Loss: 0.9455
    Train MAE: 0.4111 | Test MAE: 0.3968 | Gap: -0.0143
    Train RMSE: 0.7486 | Test RMSE: 0.7735 | Ratio: 1.03x
Computing permutation importance for fold (channel)...
Computing permutation importance for fold (feature)...
Computing permutation importance for fold (individual feature)...
--- Fold 3/17 (Left out Participants: P12) ---
Initializing Modality-Grouped Spatio-Temporal Transformer Regressor with config: {'d_model': 96, 'nhead_spatial': 8, 'num_layers': 4, 'nhead_temporal': 2, 'dim_feedforward': 512, 'dropout_rate': 0.25, 'learning_rate': 0.0003, 'weight_decay': 0.005, 'batch_size': 64, 'epochs': 200, 'validation_split': 0.1, 'early_stopping_patience': 5, 'scheduler_patience': 3, 'scheduler_factor': 0.8, 'use_checkpointing': True, 'use_amp': True, 'scheduler': {'type': 'ReduceLROnPlateau'}, 'random_state': 245}
[SpatioTemporalTransformerRegressor3] Using device: cuda
    [Strict Validation] Holding out 1 participants for early stopping: P04
[SpatioTemporalTransformerRegressor3] Using explicitly provided validation set (835 samples).
[SpatioTemporalTransformerRegressor3] Capping sequence length at 24 based on sample distribution (min_count=70).
[SpatioTemporalTransformerRegressor3] Grouped features into 12 spatial channels.
[Augmenter] Balanced 6 weight classes to 2000 samples each. Total: 12000
[SpatioTemporalTransformerNetwork3] Modality groups: {'IMU_Accel': 6, 'IMU_Orient': 6}

Early stopping triggered at epoch 8. Best Val Loss: 1.3181
    Train MAE: 0.5546 | Test MAE: 0.4643 | Gap: -0.0903
    Train RMSE: 0.8965 | Test RMSE: 0.8327 | Ratio: 0.93x
Computing permutation importance for fold (channel)...
Computing permutation importance for fold (feature)...
Computing permutation importance for fold (individual feature)...
--- Fold 4/17 (Left out Participants: P11) ---
Initializing Modality-Grouped Spatio-Temporal Transformer Regressor with config: {'d_model': 96, 'nhead_spatial': 8, 'num_layers': 4, 'nhead_temporal': 2, 'dim_feedforward': 512, 'dropout_rate': 0.25, 'learning_rate': 0.0003, 'weight_decay': 0.005, 'batch_size': 64, 'epochs': 200, 'validation_split': 0.1, 'early_stopping_patience': 5, 'scheduler_patience': 3, 'scheduler_factor': 0.8, 'use_checkpointing': True, 'use_amp': True, 'scheduler': {'type': 'ReduceLROnPlateau'}, 'random_state': 245}
[SpatioTemporalTransformerRegressor3] Using device: cuda
    [Strict Validation] Holding out 1 participants for early stopping: P04
[SpatioTemporalTransformerRegressor3] Using explicitly provided validation set (835 samples).
[SpatioTemporalTransformerRegressor3] Capping sequence length at 24 based on sample distribution (min_count=70).
[SpatioTemporalTransformerRegressor3] Grouped features into 12 spatial channels.
[Augmenter] Balanced 6 weight classes to 2000 samples each. Total: 12000
[SpatioTemporalTransformerNetwork3] Modality groups: {'IMU_Accel': 6, 'IMU_Orient': 6}

Early stopping triggered at epoch 13. Best Val Loss: 1.2452
    Train MAE: 0.4366 | Test MAE: 0.7899 | Gap: 0.3533
    Train RMSE: 0.7461 | Test RMSE: 1.1292 | Ratio: 1.51x
Computing permutation importance for fold (channel)...
Computing permutation importance for fold (feature)...
Computing permutation importance for fold (individual feature)...
--- Fold 5/17 (Left out Participants: P09) ---
Initializing Modality-Grouped Spatio-Temporal Transformer Regressor with config: {'d_model': 96, 'nhead_spatial': 8, 'num_layers': 4, 'nhead_temporal': 2, 'dim_feedforward': 512, 'dropout_rate': 0.25, 'learning_rate': 0.0003, 'weight_decay': 0.005, 'batch_size': 64, 'epochs': 200, 'validation_split': 0.1, 'early_stopping_patience': 5, 'scheduler_patience': 3, 'scheduler_factor': 0.8, 'use_checkpointing': True, 'use_amp': True, 'scheduler': {'type': 'ReduceLROnPlateau'}, 'random_state': 245}
[SpatioTemporalTransformerRegressor3] Using device: cuda
    [Strict Validation] Holding out 1 participants for early stopping: P04
[SpatioTemporalTransformerRegressor3] Using explicitly provided validation set (835 samples).
[SpatioTemporalTransformerRegressor3] Capping sequence length at 24 based on sample distribution (min_count=70).
[SpatioTemporalTransformerRegressor3] Grouped features into 12 spatial channels.
[Augmenter] Balanced 6 weight classes to 2000 samples each. Total: 12000
[SpatioTemporalTransformerNetwork3] Modality groups: {'IMU_Accel': 6, 'IMU_Orient': 6}

Early stopping triggered at epoch 13. Best Val Loss: 1.1884
    Train MAE: 0.4440 | Test MAE: 0.5602 | Gap: 0.1162
    Train RMSE: 0.7391 | Test RMSE: 0.9697 | Ratio: 1.31x
Computing permutation importance for fold (channel)...
Computing permutation importance for fold (feature)...
Computing permutation importance for fold (individual feature)...
--- Fold 6/17 (Left out Participants: P17) ---
Initializing Modality-Grouped Spatio-Temporal Transformer Regressor with config: {'d_model': 96, 'nhead_spatial': 8, 'num_layers': 4, 'nhead_temporal': 2, 'dim_feedforward': 512, 'dropout_rate': 0.25, 'learning_rate': 0.0003, 'weight_decay': 0.005, 'batch_size': 64, 'epochs': 200, 'validation_split': 0.1, 'early_stopping_patience': 5, 'scheduler_patience': 3, 'scheduler_factor': 0.8, 'use_checkpointing': True, 'use_amp': True, 'scheduler': {'type': 'ReduceLROnPlateau'}, 'random_state': 245}
[SpatioTemporalTransformerRegressor3] Using device: cuda
    [Strict Validation] Holding out 1 participants for early stopping: P04
[SpatioTemporalTransformerRegressor3] Using explicitly provided validation set (835 samples).
[SpatioTemporalTransformerRegressor3] Capping sequence length at 24 based on sample distribution (min_count=70).
[SpatioTemporalTransformerRegressor3] Grouped features into 12 spatial channels.
[Augmenter] Balanced 6 weight classes to 2000 samples each. Total: 12000
[SpatioTemporalTransformerNetwork3] Modality groups: {'IMU_Accel': 6, 'IMU_Orient': 6}

Early stopping triggered at epoch 8. Best Val Loss: 1.3906
    Train MAE: 0.5716 | Test MAE: 0.8241 | Gap: 0.2525
    Train RMSE: 0.9517 | Test RMSE: 1.3636 | Ratio: 1.43x
Computing permutation importance for fold (channel)...
Computing permutation importance for fold (feature)...
Computing permutation importance for fold (individual feature)...
--- Fold 7/17 (Left out Participants: P04) ---
Initializing Modality-Grouped Spatio-Temporal Transformer Regressor with config: {'d_model': 96, 'nhead_spatial': 8, 'num_layers': 4, 'nhead_temporal': 2, 'dim_feedforward': 512, 'dropout_rate': 0.25, 'learning_rate': 0.0003, 'weight_decay': 0.005, 'batch_size': 64, 'epochs': 200, 'validation_split': 0.1, 'early_stopping_patience': 5, 'scheduler_patience': 3, 'scheduler_factor': 0.8, 'use_checkpointing': True, 'use_amp': True, 'scheduler': {'type': 'ReduceLROnPlateau'}, 'random_state': 245}
[SpatioTemporalTransformerRegressor3] Using device: cuda
    [Strict Validation] Holding out 1 participants for early stopping: P05
[SpatioTemporalTransformerRegressor3] Using explicitly provided validation set (387 samples).
[SpatioTemporalTransformerRegressor3] Capping sequence length at 22 based on sample distribution (min_count=72).
[SpatioTemporalTransformerRegressor3] Grouped features into 12 spatial channels.
[Augmenter] Balanced 6 weight classes to 2000 samples each. Total: 12000
[SpatioTemporalTransformerNetwork3] Modality groups: {'IMU_Accel': 6, 'IMU_Orient': 6}

Early stopping triggered at epoch 11. Best Val Loss: 0.9052
    Train MAE: 0.4958 | Test MAE: 0.7211 | Gap: 0.2252
    Train RMSE: 0.7923 | Test RMSE: 1.0862 | Ratio: 1.37x
Computing permutation importance for fold (channel)...
Computing permutation importance for fold (feature)...
Computing permutation importance for fold (individual feature)...
--- Fold 8/17 (Left out Participants: P08) ---
Initializing Modality-Grouped Spatio-Temporal Transformer Regressor with config: {'d_model': 96, 'nhead_spatial': 8, 'num_layers': 4, 'nhead_temporal': 2, 'dim_feedforward': 512, 'dropout_rate': 0.25, 'learning_rate': 0.0003, 'weight_decay': 0.005, 'batch_size': 64, 'epochs': 200, 'validation_split': 0.1, 'early_stopping_patience': 5, 'scheduler_patience': 3, 'scheduler_factor': 0.8, 'use_checkpointing': True, 'use_amp': True, 'scheduler': {'type': 'ReduceLROnPlateau'}, 'random_state': 245}
[SpatioTemporalTransformerRegressor3] Using device: cuda
    [Strict Validation] Holding out 1 participants for early stopping: P04
[SpatioTemporalTransformerRegressor3] Using explicitly provided validation set (835 samples).
[SpatioTemporalTransformerRegressor3] Capping sequence length at 24 based on sample distribution (min_count=70).
[SpatioTemporalTransformerRegressor3] Grouped features into 12 spatial channels.
[Augmenter] Balanced 6 weight classes to 2000 samples each. Total: 12000
[SpatioTemporalTransformerNetwork3] Modality groups: {'IMU_Accel': 6, 'IMU_Orient': 6}

Early stopping triggered at epoch 20. Best Val Loss: 0.9488
    Train MAE: 0.3408 | Test MAE: 2.1428 | Gap: 1.8020
    Train RMSE: 0.6101 | Test RMSE: 2.8634 | Ratio: 4.69x
Computing permutation importance for fold (channel)...
Computing permutation importance for fold (feature)...
Computing permutation importance for fold (individual feature)...
--- Fold 9/17 (Left out Participants: P07) ---
Initializing Modality-Grouped Spatio-Temporal Transformer Regressor with config: {'d_model': 96, 'nhead_spatial': 8, 'num_layers': 4, 'nhead_temporal': 2, 'dim_feedforward': 512, 'dropout_rate': 0.25, 'learning_rate': 0.0003, 'weight_decay': 0.005, 'batch_size': 64, 'epochs': 200, 'validation_split': 0.1, 'early_stopping_patience': 5, 'scheduler_patience': 3, 'scheduler_factor': 0.8, 'use_checkpointing': True, 'use_amp': True, 'scheduler': {'type': 'ReduceLROnPlateau'}, 'random_state': 245}
[SpatioTemporalTransformerRegressor3] Using device: cuda
    [Strict Validation] Holding out 1 participants for early stopping: P04
[SpatioTemporalTransformerRegressor3] Using explicitly provided validation set (835 samples).
[SpatioTemporalTransformerRegressor3] Capping sequence length at 24 based on sample distribution (min_count=70).
[SpatioTemporalTransformerRegressor3] Grouped features into 12 spatial channels.
[Augmenter] Balanced 6 weight classes to 2000 samples each. Total: 12000
[SpatioTemporalTransformerNetwork3] Modality groups: {'IMU_Accel': 6, 'IMU_Orient': 6}

Early stopping triggered at epoch 12. Best Val Loss: 1.5491
    Train MAE: 0.4157 | Test MAE: 2.7114 | Gap: 2.2957
    Train RMSE: 0.7170 | Test RMSE: 3.2586 | Ratio: 4.54x
Computing permutation importance for fold (channel)...
Computing permutation importance for fold (feature)...
Computing permutation importance for fold (individual feature)...
--- Fold 10/17 (Left out Participants: P16) ---
Initializing Modality-Grouped Spatio-Temporal Transformer Regressor with config: {'d_model': 96, 'nhead_spatial': 8, 'num_layers': 4, 'nhead_temporal': 2, 'dim_feedforward': 512, 'dropout_rate': 0.25, 'learning_rate': 0.0003, 'weight_decay': 0.005, 'batch_size': 64, 'epochs': 200, 'validation_split': 0.1, 'early_stopping_patience': 5, 'scheduler_patience': 3, 'scheduler_factor': 0.8, 'use_checkpointing': True, 'use_amp': True, 'scheduler': {'type': 'ReduceLROnPlateau'}, 'random_state': 245}
[SpatioTemporalTransformerRegressor3] Using device: cuda
    [Strict Validation] Holding out 1 participants for early stopping: P04
[SpatioTemporalTransformerRegressor3] Using explicitly provided validation set (835 samples).
[SpatioTemporalTransformerRegressor3] Capping sequence length at 24 based on sample distribution (min_count=70).
[SpatioTemporalTransformerRegressor3] Grouped features into 12 spatial channels.
[Augmenter] Balanced 6 weight classes to 2000 samples each. Total: 12000
[SpatioTemporalTransformerNetwork3] Modality groups: {'IMU_Accel': 6, 'IMU_Orient': 6}

Early stopping triggered at epoch 16. Best Val Loss: 1.0018
    Train MAE: 0.3717 | Test MAE: 0.5057 | Gap: 0.1340
    Train RMSE: 0.6766 | Test RMSE: 0.8944 | Ratio: 1.32x
Computing permutation importance for fold (channel)...
Computing permutation importance for fold (feature)...
Computing permutation importance for fold (individual feature)...
--- Fold 11/17 (Left out Participants: P06) ---
Initializing Modality-Grouped Spatio-Temporal Transformer Regressor with config: {'d_model': 96, 'nhead_spatial': 8, 'num_layers': 4, 'nhead_temporal': 2, 'dim_feedforward': 512, 'dropout_rate': 0.25, 'learning_rate': 0.0003, 'weight_decay': 0.005, 'batch_size': 64, 'epochs': 200, 'validation_split': 0.1, 'early_stopping_patience': 5, 'scheduler_patience': 3, 'scheduler_factor': 0.8, 'use_checkpointing': True, 'use_amp': True, 'scheduler': {'type': 'ReduceLROnPlateau'}, 'random_state': 245}
[SpatioTemporalTransformerRegressor3] Using device: cuda
    [Strict Validation] Holding out 1 participants for early stopping: P04
[SpatioTemporalTransformerRegressor3] Using explicitly provided validation set (835 samples).
[SpatioTemporalTransformerRegressor3] Capping sequence length at 24 based on sample distribution (min_count=70).
[SpatioTemporalTransformerRegressor3] Grouped features into 12 spatial channels.
[Augmenter] Balanced 6 weight classes to 2000 samples each. Total: 12000
[SpatioTemporalTransformerNetwork3] Modality groups: {'IMU_Accel': 6, 'IMU_Orient': 6}

Early stopping triggered at epoch 16. Best Val Loss: 1.0503
    Train MAE: 0.3245 | Test MAE: 1.3191 | Gap: 0.9945
    Train RMSE: 0.6329 | Test RMSE: 1.8895 | Ratio: 2.99x
Computing permutation importance for fold (channel)...
Computing permutation importance for fold (feature)...
Computing permutation importance for fold (individual feature)...
--- Fold 12/17 (Left out Participants: P03) ---
Initializing Modality-Grouped Spatio-Temporal Transformer Regressor with config: {'d_model': 96, 'nhead_spatial': 8, 'num_layers': 4, 'nhead_temporal': 2, 'dim_feedforward': 512, 'dropout_rate': 0.25, 'learning_rate': 0.0003, 'weight_decay': 0.005, 'batch_size': 64, 'epochs': 200, 'validation_split': 0.1, 'early_stopping_patience': 5, 'scheduler_patience': 3, 'scheduler_factor': 0.8, 'use_checkpointing': True, 'use_amp': True, 'scheduler': {'type': 'ReduceLROnPlateau'}, 'random_state': 245}
[SpatioTemporalTransformerRegressor3] Using device: cuda
    [Strict Validation] Holding out 1 participants for early stopping: P05
[SpatioTemporalTransformerRegressor3] Using explicitly provided validation set (387 samples).
[SpatioTemporalTransformerRegressor3] Capping sequence length at 22 based on sample distribution (min_count=72).
[SpatioTemporalTransformerRegressor3] Grouped features into 12 spatial channels.
[Augmenter] Balanced 6 weight classes to 2000 samples each. Total: 12000
[SpatioTemporalTransformerNetwork3] Modality groups: {'IMU_Accel': 6, 'IMU_Orient': 6}

Early stopping triggered at epoch 8. Best Val Loss: 0.9795
    Train MAE: 0.5682 | Test MAE: 0.6942 | Gap: 0.1260
    Train RMSE: 0.9052 | Test RMSE: 1.1579 | Ratio: 1.28x
Computing permutation importance for fold (channel)...
Computing permutation importance for fold (feature)...
Computing permutation importance for fold (individual feature)...
--- Fold 13/17 (Left out Participants: P15) ---
Initializing Modality-Grouped Spatio-Temporal Transformer Regressor with config: {'d_model': 96, 'nhead_spatial': 8, 'num_layers': 4, 'nhead_temporal': 2, 'dim_feedforward': 512, 'dropout_rate': 0.25, 'learning_rate': 0.0003, 'weight_decay': 0.005, 'batch_size': 64, 'epochs': 200, 'validation_split': 0.1, 'early_stopping_patience': 5, 'scheduler_patience': 3, 'scheduler_factor': 0.8, 'use_checkpointing': True, 'use_amp': True, 'scheduler': {'type': 'ReduceLROnPlateau'}, 'random_state': 245}
[SpatioTemporalTransformerRegressor3] Using device: cuda
    [Strict Validation] Holding out 1 participants for early stopping: P04
[SpatioTemporalTransformerRegressor3] Using explicitly provided validation set (835 samples).
[SpatioTemporalTransformerRegressor3] Capping sequence length at 24 based on sample distribution (min_count=70).
[SpatioTemporalTransformerRegressor3] Grouped features into 12 spatial channels.
[Augmenter] Balanced 6 weight classes to 2000 samples each. Total: 12000
[SpatioTemporalTransformerNetwork3] Modality groups: {'IMU_Accel': 6, 'IMU_Orient': 6}

Early stopping triggered at epoch 11. Best Val Loss: 1.1017
    Train MAE: 0.4517 | Test MAE: 0.6355 | Gap: 0.1837
    Train RMSE: 0.7905 | Test RMSE: 1.0303 | Ratio: 1.30x
Computing permutation importance for fold (channel)...
Computing permutation importance for fold (feature)...
Computing permutation importance for fold (individual feature)...
--- Fold 14/17 (Left out Participants: P10) ---
Initializing Modality-Grouped Spatio-Temporal Transformer Regressor with config: {'d_model': 96, 'nhead_spatial': 8, 'num_layers': 4, 'nhead_temporal': 2, 'dim_feedforward': 512, 'dropout_rate': 0.25, 'learning_rate': 0.0003, 'weight_decay': 0.005, 'batch_size': 64, 'epochs': 200, 'validation_split': 0.1, 'early_stopping_patience': 5, 'scheduler_patience': 3, 'scheduler_factor': 0.8, 'use_checkpointing': True, 'use_amp': True, 'scheduler': {'type': 'ReduceLROnPlateau'}, 'random_state': 245}
[SpatioTemporalTransformerRegressor3] Using device: cuda
    [Strict Validation] Holding out 1 participants for early stopping: P04
[SpatioTemporalTransformerRegressor3] Using explicitly provided validation set (835 samples).
[SpatioTemporalTransformerRegressor3] Capping sequence length at 24 based on sample distribution (min_count=72).
[SpatioTemporalTransformerRegressor3] Grouped features into 12 spatial channels.
[Augmenter] Balanced 6 weight classes to 2000 samples each. Total: 12000
[SpatioTemporalTransformerNetwork3] Modality groups: {'IMU_Accel': 6, 'IMU_Orient': 6}

Early stopping triggered at epoch 8. Best Val Loss: 1.4379
    Train MAE: 0.6043 | Test MAE: 0.9962 | Gap: 0.3919
    Train RMSE: 0.9152 | Test RMSE: 1.5006 | Ratio: 1.64x
Computing permutation importance for fold (channel)...
Computing permutation importance for fold (feature)...
Computing permutation importance for fold (individual feature)...
--- Fold 15/17 (Left out Participants: P14) ---
Initializing Modality-Grouped Spatio-Temporal Transformer Regressor with config: {'d_model': 96, 'nhead_spatial': 8, 'num_layers': 4, 'nhead_temporal': 2, 'dim_feedforward': 512, 'dropout_rate': 0.25, 'learning_rate': 0.0003, 'weight_decay': 0.005, 'batch_size': 64, 'epochs': 200, 'validation_split': 0.1, 'early_stopping_patience': 5, 'scheduler_patience': 3, 'scheduler_factor': 0.8, 'use_checkpointing': True, 'use_amp': True, 'scheduler': {'type': 'ReduceLROnPlateau'}, 'random_state': 245}
[SpatioTemporalTransformerRegressor3] Using device: cuda
    [Strict Validation] Holding out 1 participants for early stopping: P04
[SpatioTemporalTransformerRegressor3] Using explicitly provided validation set (835 samples).
[SpatioTemporalTransformerRegressor3] Capping sequence length at 24 based on sample distribution (min_count=72).
[SpatioTemporalTransformerRegressor3] Grouped features into 12 spatial channels.
[Augmenter] Balanced 6 weight classes to 2000 samples each. Total: 12000
[SpatioTemporalTransformerNetwork3] Modality groups: {'IMU_Accel': 6, 'IMU_Orient': 6}

Early stopping triggered at epoch 16. Best Val Loss: 0.9881
    Train MAE: 0.3974 | Test MAE: 0.6823 | Gap: 0.2849
    Train RMSE: 0.6894 | Test RMSE: 1.1019 | Ratio: 1.60x
Computing permutation importance for fold (channel)...
Computing permutation importance for fold (feature)...
Computing permutation importance for fold (individual feature)...
--- Fold 16/17 (Left out Participants: P18) ---
Initializing Modality-Grouped Spatio-Temporal Transformer Regressor with config: {'d_model': 96, 'nhead_spatial': 8, 'num_layers': 4, 'nhead_temporal': 2, 'dim_feedforward': 512, 'dropout_rate': 0.25, 'learning_rate': 0.0003, 'weight_decay': 0.005, 'batch_size': 64, 'epochs': 200, 'validation_split': 0.1, 'early_stopping_patience': 5, 'scheduler_patience': 3, 'scheduler_factor': 0.8, 'use_checkpointing': True, 'use_amp': True, 'scheduler': {'type': 'ReduceLROnPlateau'}, 'random_state': 245}
[SpatioTemporalTransformerRegressor3] Using device: cuda
    [Strict Validation] Holding out 1 participants for early stopping: P04
[SpatioTemporalTransformerRegressor3] Using explicitly provided validation set (835 samples).
[SpatioTemporalTransformerRegressor3] Capping sequence length at 23 based on sample distribution (min_count=72).
[SpatioTemporalTransformerRegressor3] Grouped features into 12 spatial channels.
[Augmenter] Balanced 6 weight classes to 2000 samples each. Total: 12000
[SpatioTemporalTransformerNetwork3] Modality groups: {'IMU_Accel': 6, 'IMU_Orient': 6}

Early stopping triggered at epoch 11. Best Val Loss: 1.0822
    Train MAE: 0.4109 | Test MAE: 0.6183 | Gap: 0.2074
    Train RMSE: 0.7554 | Test RMSE: 1.0622 | Ratio: 1.41x
Computing permutation importance for fold (channel)...
Computing permutation importance for fold (feature)...
Computing permutation importance for fold (individual feature)...
--- Fold 17/17 (Left out Participants: P05) ---
Initializing Modality-Grouped Spatio-Temporal Transformer Regressor with config: {'d_model': 96, 'nhead_spatial': 8, 'num_layers': 4, 'nhead_temporal': 2, 'dim_feedforward': 512, 'dropout_rate': 0.25, 'learning_rate': 0.0003, 'weight_decay': 0.005, 'batch_size': 64, 'epochs': 200, 'validation_split': 0.1, 'early_stopping_patience': 5, 'scheduler_patience': 3, 'scheduler_factor': 0.8, 'use_checkpointing': True, 'use_amp': True, 'scheduler': {'type': 'ReduceLROnPlateau'}, 'random_state': 245}
[SpatioTemporalTransformerRegressor3] Using device: cuda
    [Strict Validation] Holding out 1 participants for early stopping: P04
[SpatioTemporalTransformerRegressor3] Using explicitly provided validation set (835 samples).
[SpatioTemporalTransformerRegressor3] Capping sequence length at 22 based on sample distribution (min_count=72).
[SpatioTemporalTransformerRegressor3] Grouped features into 12 spatial channels.
[Augmenter] Balanced 6 weight classes to 2000 samples each. Total: 12000
[SpatioTemporalTransformerNetwork3] Modality groups: {'IMU_Accel': 6, 'IMU_Orient': 6}

Early stopping triggered at epoch 14. Best Val Loss: 1.0941
    Train MAE: 0.4351 | Test MAE: 0.6303 | Gap: 0.1952
    Train RMSE: 0.6979 | Test RMSE: 1.0110 | Ratio: 1.45x
Computing permutation importance for fold (channel)...
Computing permutation importance for fold (feature)...
Computing permutation importance for fold (individual feature)...

Training final model on full dataset for saving...
Initializing Modality-Grouped Spatio-Temporal Transformer Regressor with config: {'d_model': 96, 'nhead_spatial': 8, 'num_layers': 4, 'nhead_temporal': 2, 'dim_feedforward': 512, 'dropout_rate': 0.25, 'learning_rate': 0.0003, 'weight_decay': 0.005, 'batch_size': 64, 'epochs': 200, 'validation_split': 0.1, 'early_stopping_patience': 5, 'scheduler_patience': 3, 'scheduler_factor': 0.8, 'use_checkpointing': True, 'use_amp': True, 'scheduler': {'type': 'ReduceLROnPlateau'}, 'random_state': 245}
[SpatioTemporalTransformerRegressor3] Using device: cuda
    [Strict Validation] Holding out 1 participants from final dataset for early stopping: P04
[SpatioTemporalTransformerRegressor3] Using explicitly provided validation set (835 samples).
[SpatioTemporalTransformerRegressor3] Capping sequence length at 24 based on sample distribution (min_count=74).
[SpatioTemporalTransformerRegressor3] Grouped features into 12 spatial channels.
[Augmenter] Balanced 6 weight classes to 2000 samples each. Total: 12000
[SpatioTemporalTransformerNetwork3] Modality groups: {'IMU_Accel': 6, 'IMU_Orient': 6}

Early stopping triggered at epoch 17. Best Val Loss: 1.0074
Regression plot saved to /home/bwingen/thesis/Thesis/model/model_results/run_20260528_082637/imu_only/regression_plot.png
Loss plot saved to /home/bwingen/thesis/Thesis/model/model_results/run_20260528_082637/imu_only/loss_plot.png
Participant performance plot saved to /home/bwingen/thesis/Thesis/model/model_results/run_20260528_082637/imu_only/participant_performance.png
Sequence-length performance plot saved to /home/bwingen/thesis/Thesis/model/model_results/run_20260528_082637/imu_only/seqlen_performance_plot.png
Permutation importance plot saved to /home/bwingen/thesis/Thesis/model/model_results/run_20260528_082637/imu_only/permutation_importance_channel.png
Permutation importance plot saved to /home/bwingen/thesis/Thesis/model/model_results/run_20260528_082637/imu_only/permutation_importance_feature.png

Performance report saved to /home/bwingen/thesis/Thesis/model/model_results/run_20260528_082637/imu_only/performance_report.txt

[run_data_exporter] Run data saved to /home/bwingen/thesis/Thesis/model/model_results/run_20260528_082637/imu_only/run_data.json

--------------------------------------------------
LAUNCHING AUTOMATED DEEPSHAP ANALYSIS
--------------------------------------------------
[DeepSHAP] Starting attribution with n_bg=100, n_exp=50 (DEV_MODE=False)...

Running DeepExplainer (100 bg, 50 test) ...
[DeepSHAP] Results saved to /home/bwingen/thesis/Thesis/model/model_results/run_20260528_082637/imu_only

[run_data_exporter] Run data saved to /home/bwingen/thesis/Thesis/model/model_results/run_20260528_082637/imu_only/run_data.json

[Master Serializer] Consolidated modality ablation data saved to /home/bwingen/thesis/Thesis/model/model_results/run_20260528_082637/run_data.json
