=================================================================
MULTI-SEED ARCH COMPARISON — array task 20
  Architecture        : cnn_lstm
  Regime              : participant
  Seed                : 3
  Run tag             : cnn_lstm_s3
  Python              : /scratch/bwingen/thesis_env/bin/python
Python 3.10.20
=================================================================
[DataLoader] Weight filter active (applied at training time) — excluding calibrated weights: [0.9, 2.24]
[DataLoader] Loaded blacklist: 545 segments will be skipped.
==============================================================================
ARCHITECTURE COMPARISON — baseline vs st3
  model_type          : cnn_lstm
  CV strategy (regime): participant  [LOPO / cross-subject]
  modalities          : all
  scheduler           : ReduceLROnPlateau  epochs=200  es_patience=5
  feature importance  : OFF
==============================================================================
Results will be saved to: /home/bwingen/thesis/Thesis/model/model_results/run_20260621_192742_participant_cnn_lstm_s3_t20

================================================================================
  RUNNING PIPELINE FOR MODALITY CONFIGURATION: ALL
================================================================================

[DataLoader] Filtered 20 files down to 19 based on PARTICIPANT_CONFIG['include']=['P01', 'P02', 'P03', 'P04', 'P05', 'P06', 'P07', 'P08', 'P09', 'P10', 'P11', 'P12', 'P14', 'P15', 'P16', 'P17', 'P18']
[DataLoader] Skipped 5 blacklisted segments in participant_P02_session_01_segments.h5
[DataLoader] Skipped 5 blacklisted segments in participant_P11_session_01_segments.h5
[DataLoader] Skipped 28 blacklisted segments in participant_P07_session_01_segments.h5
[DataLoader] Skipped 3 blacklisted segments in participant_P01_session_03_segments.h5
[DataLoader] Skipped 16 blacklisted segments in participant_P09_session_01_segments.h5
[DataLoader] Skipped 125 blacklisted segments in participant_P15_session_01_segments.h5
[DataLoader] Skipped 35 blacklisted segments in participant_P08_session_01_segments.h5
[DataLoader] Skipped 19 blacklisted segments in participant_P17_session_01_segments.h5
[DataLoader] Skipped 35 blacklisted segments in participant_P06_session_01_segments.h5
[DataLoader] Skipped 25 blacklisted segments in participant_P16_session_01_segments.h5
[DataLoader] Skipped 16 blacklisted segments in participant_P10_session_01_segments.h5
[DataLoader] Skipped 5 blacklisted segments in participant_P12_session_01_segments.h5
[DataLoader] Skipped 21 blacklisted segments in participant_P14_session_01_segments.h5
[DataLoader] Skipped 10 blacklisted segments in participant_P01_session_02_segments.h5
[DataLoader] Skipped 42 blacklisted segments in participant_P03_session_01_segments.h5
[DataLoader] Skipped 50 blacklisted segments in participant_P05_session_01_segments.h5
[DataLoader] Skipped 28 blacklisted segments in participant_P18_session_01_segments.h5
[DataLoader] Skipped 25 blacklisted segments in participant_P04_session_01_segments.h5
[DataLoader] Skipped 9 blacklisted segments in participant_P01_session_01_segments.h5
[DataLoader] Loaded 18314 raw segments (20 channels each)
[DataLoader] Dropped 2582 segments with excluded weight classes.
Raw Segment Data Summary:
  - Total Segments: 15732
  - Channels (EMG + IMU): 20
  - Avg Segment Length: 2601 samples
  - Min / Max Segment Length: 1001 / 6996 samples
Label vector (y) shape: (15732,) (Target: weight)

Starting 17-Fold Cross-Participant Validation...
--- Fold 1/17 (Left out Participants: P01) ---
Initializing CNN-LSTM Regressor with config: {'cnn_filters': [64, 128, 256, 256], 'cnn_kernel_sizes': [64, 5, 3, 3], 'pool_size': 4, 'lstm_hidden_size': 256, 'lstm_num_layers': 3, 'dropout_rate': 0.45, 'learning_rate': 0.001, 'weight_decay': 0.001, 'batch_size': 64, 'epochs': 200, 'balance_weights': False, 'balance_participants': False, 'validation_split': 0.15, 'early_stopping_patience': 5, 'scheduler_patience': 3, 'scheduler_factor': 0.8, 'use_anthropometrics': True, 'random_state': 3, 'scheduler': {'type': 'ReduceLROnPlateau'}}
[CNNLSTMRegressor] Using device: cuda
    [Strict Validation] Holding out 1 participants for early stopping: P15
[CNNLSTMRegressor] Using explicitly provided validation set (746 samples).
[Augmenter] Balanced 90 participant-weight combinations to 250 samples each. Total: 22500
[CNNLSTMRegressor] Augmentation: 11208 → 22500 segments (+11292 synthetic)
[CNNLSTMRegressor] Anthropometric conditioning enabled (6 features)

Early stopping at epoch 7. Best Val Loss: 0.1563
    Train MAE: 0.3616 | Test MAE: 0.5675 | Gap: 0.2059
    Train RMSE: 0.6316 | Test RMSE: 0.8191 | Ratio: 1.30x
--- Fold 2/17 (Left out Participants: P02) ---
Initializing CNN-LSTM Regressor with config: {'cnn_filters': [64, 128, 256, 256], 'cnn_kernel_sizes': [64, 5, 3, 3], 'pool_size': 4, 'lstm_hidden_size': 256, 'lstm_num_layers': 3, 'dropout_rate': 0.45, 'learning_rate': 0.001, 'weight_decay': 0.001, 'batch_size': 64, 'epochs': 200, 'balance_weights': False, 'balance_participants': False, 'validation_split': 0.15, 'early_stopping_patience': 5, 'scheduler_patience': 3, 'scheduler_factor': 0.8, 'use_anthropometrics': True, 'random_state': 3, 'scheduler': {'type': 'ReduceLROnPlateau'}}
[CNNLSTMRegressor] Using device: cuda
    [Strict Validation] Holding out 1 participants for early stopping: P07
[CNNLSTMRegressor] Using explicitly provided validation set (833 samples).
[Augmenter] Balanced 90 participant-weight combinations to 250 samples each. Total: 22500
[CNNLSTMRegressor] Augmentation: 13680 → 22500 segments (+8820 synthetic)
[CNNLSTMRegressor] Anthropometric conditioning enabled (6 features)

Early stopping at epoch 9. Best Val Loss: 1.1963
    Train MAE: 0.4208 | Test MAE: 0.3199 | Gap: -0.1009
    Train RMSE: 0.6081 | Test RMSE: 0.4474 | Ratio: 0.74x
--- Fold 3/17 (Left out Participants: P12) ---
Initializing CNN-LSTM Regressor with config: {'cnn_filters': [64, 128, 256, 256], 'cnn_kernel_sizes': [64, 5, 3, 3], 'pool_size': 4, 'lstm_hidden_size': 256, 'lstm_num_layers': 3, 'dropout_rate': 0.45, 'learning_rate': 0.001, 'weight_decay': 0.001, 'batch_size': 64, 'epochs': 200, 'balance_weights': False, 'balance_participants': False, 'validation_split': 0.15, 'early_stopping_patience': 5, 'scheduler_patience': 3, 'scheduler_factor': 0.8, 'use_anthropometrics': True, 'random_state': 3, 'scheduler': {'type': 'ReduceLROnPlateau'}}
[CNNLSTMRegressor] Using device: cuda
    [Strict Validation] Holding out 1 participants for early stopping: P15
[CNNLSTMRegressor] Using explicitly provided validation set (746 samples).
[Augmenter] Balanced 90 participant-weight combinations to 250 samples each. Total: 22500
[CNNLSTMRegressor] Augmentation: 14135 → 22500 segments (+8365 synthetic)
[CNNLSTMRegressor] Anthropometric conditioning enabled (6 features)

Early stopping at epoch 6. Best Val Loss: 0.1966
    Train MAE: 0.4022 | Test MAE: 0.3220 | Gap: -0.0803
    Train RMSE: 0.6423 | Test RMSE: 0.4430 | Ratio: 0.69x
--- Fold 4/17 (Left out Participants: P11) ---
Initializing CNN-LSTM Regressor with config: {'cnn_filters': [64, 128, 256, 256], 'cnn_kernel_sizes': [64, 5, 3, 3], 'pool_size': 4, 'lstm_hidden_size': 256, 'lstm_num_layers': 3, 'dropout_rate': 0.45, 'learning_rate': 0.001, 'weight_decay': 0.001, 'batch_size': 64, 'epochs': 200, 'balance_weights': False, 'balance_participants': False, 'validation_split': 0.15, 'early_stopping_patience': 5, 'scheduler_patience': 3, 'scheduler_factor': 0.8, 'use_anthropometrics': True, 'random_state': 3, 'scheduler': {'type': 'ReduceLROnPlateau'}}
[CNNLSTMRegressor] Using device: cuda
    [Strict Validation] Holding out 1 participants for early stopping: P09
[CNNLSTMRegressor] Using explicitly provided validation set (847 samples).
[Augmenter] Balanced 90 participant-weight combinations to 250 samples each. Total: 22500
[CNNLSTMRegressor] Augmentation: 14035 → 22500 segments (+8465 synthetic)
[CNNLSTMRegressor] Anthropometric conditioning enabled (6 features)

Early stopping at epoch 12. Best Val Loss: 0.1774
    Train MAE: 0.4899 | Test MAE: 0.5364 | Gap: 0.0465
    Train RMSE: 0.7758 | Test RMSE: 0.7250 | Ratio: 0.93x
--- Fold 5/17 (Left out Participants: P09) ---
Initializing CNN-LSTM Regressor with config: {'cnn_filters': [64, 128, 256, 256], 'cnn_kernel_sizes': [64, 5, 3, 3], 'pool_size': 4, 'lstm_hidden_size': 256, 'lstm_num_layers': 3, 'dropout_rate': 0.45, 'learning_rate': 0.001, 'weight_decay': 0.001, 'batch_size': 64, 'epochs': 200, 'balance_weights': False, 'balance_participants': False, 'validation_split': 0.15, 'early_stopping_patience': 5, 'scheduler_patience': 3, 'scheduler_factor': 0.8, 'use_anthropometrics': True, 'random_state': 3, 'scheduler': {'type': 'ReduceLROnPlateau'}}
[CNNLSTMRegressor] Using device: cuda
    [Strict Validation] Holding out 1 participants for early stopping: P07
[CNNLSTMRegressor] Using explicitly provided validation set (833 samples).
[Augmenter] Balanced 90 participant-weight combinations to 250 samples each. Total: 22500
[CNNLSTMRegressor] Augmentation: 14052 → 22500 segments (+8448 synthetic)
[CNNLSTMRegressor] Anthropometric conditioning enabled (6 features)

Early stopping at epoch 12. Best Val Loss: 0.9585
    Train MAE: 0.3133 | Test MAE: 0.2241 | Gap: -0.0891
    Train RMSE: 0.5572 | Test RMSE: 0.4374 | Ratio: 0.79x
--- Fold 6/17 (Left out Participants: P17) ---
Initializing CNN-LSTM Regressor with config: {'cnn_filters': [64, 128, 256, 256], 'cnn_kernel_sizes': [64, 5, 3, 3], 'pool_size': 4, 'lstm_hidden_size': 256, 'lstm_num_layers': 3, 'dropout_rate': 0.45, 'learning_rate': 0.001, 'weight_decay': 0.001, 'batch_size': 64, 'epochs': 200, 'balance_weights': False, 'balance_participants': False, 'validation_split': 0.15, 'early_stopping_patience': 5, 'scheduler_patience': 3, 'scheduler_factor': 0.8, 'use_anthropometrics': True, 'random_state': 3, 'scheduler': {'type': 'ReduceLROnPlateau'}}
[CNNLSTMRegressor] Using device: cuda
    [Strict Validation] Holding out 1 participants for early stopping: P08
[CNNLSTMRegressor] Using explicitly provided validation set (834 samples).
[Augmenter] Balanced 90 participant-weight combinations to 250 samples each. Total: 22500
[CNNLSTMRegressor] Augmentation: 14056 → 22500 segments (+8444 synthetic)
[CNNLSTMRegressor] Anthropometric conditioning enabled (6 features)

Early stopping at epoch 12. Best Val Loss: 0.5669
    Train MAE: 0.2512 | Test MAE: 0.4809 | Gap: 0.2297
    Train RMSE: 0.4701 | Test RMSE: 0.9080 | Ratio: 1.93x
--- Fold 7/17 (Left out Participants: P04) ---
Initializing CNN-LSTM Regressor with config: {'cnn_filters': [64, 128, 256, 256], 'cnn_kernel_sizes': [64, 5, 3, 3], 'pool_size': 4, 'lstm_hidden_size': 256, 'lstm_num_layers': 3, 'dropout_rate': 0.45, 'learning_rate': 0.001, 'weight_decay': 0.001, 'batch_size': 64, 'epochs': 200, 'balance_weights': False, 'balance_participants': False, 'validation_split': 0.15, 'early_stopping_patience': 5, 'scheduler_patience': 3, 'scheduler_factor': 0.8, 'use_anthropometrics': True, 'random_state': 3, 'scheduler': {'type': 'ReduceLROnPlateau'}}
[CNNLSTMRegressor] Using device: cuda
    [Strict Validation] Holding out 1 participants for early stopping: P07
[CNNLSTMRegressor] Using explicitly provided validation set (833 samples).
[Augmenter] Balanced 90 participant-weight combinations to 250 samples each. Total: 22500
[CNNLSTMRegressor] Augmentation: 14064 → 22500 segments (+8436 synthetic)
[CNNLSTMRegressor] Anthropometric conditioning enabled (6 features)

Early stopping at epoch 11. Best Val Loss: 1.2024
    Train MAE: 0.3538 | Test MAE: 0.3209 | Gap: -0.0329
    Train RMSE: 0.5622 | Test RMSE: 0.5213 | Ratio: 0.93x
--- Fold 8/17 (Left out Participants: P08) ---
Initializing CNN-LSTM Regressor with config: {'cnn_filters': [64, 128, 256, 256], 'cnn_kernel_sizes': [64, 5, 3, 3], 'pool_size': 4, 'lstm_hidden_size': 256, 'lstm_num_layers': 3, 'dropout_rate': 0.45, 'learning_rate': 0.001, 'weight_decay': 0.001, 'batch_size': 64, 'epochs': 200, 'balance_weights': False, 'balance_participants': False, 'validation_split': 0.15, 'early_stopping_patience': 5, 'scheduler_patience': 3, 'scheduler_factor': 0.8, 'use_anthropometrics': True, 'random_state': 3, 'scheduler': {'type': 'ReduceLROnPlateau'}}
[CNNLSTMRegressor] Using device: cuda
    [Strict Validation] Holding out 1 participants for early stopping: P10
[CNNLSTMRegressor] Using explicitly provided validation set (414 samples).
[Augmenter] Balanced 90 participant-weight combinations to 250 samples each. Total: 22500
[CNNLSTMRegressor] Augmentation: 14484 → 22500 segments (+8016 synthetic)
[CNNLSTMRegressor] Anthropometric conditioning enabled (6 features)

Early stopping at epoch 12. Best Val Loss: 0.6992
    Train MAE: 0.3052 | Test MAE: 0.4370 | Gap: 0.1318
    Train RMSE: 0.5412 | Test RMSE: 0.7946 | Ratio: 1.47x
--- Fold 9/17 (Left out Participants: P07) ---
Initializing CNN-LSTM Regressor with config: {'cnn_filters': [64, 128, 256, 256], 'cnn_kernel_sizes': [64, 5, 3, 3], 'pool_size': 4, 'lstm_hidden_size': 256, 'lstm_num_layers': 3, 'dropout_rate': 0.45, 'learning_rate': 0.001, 'weight_decay': 0.001, 'batch_size': 64, 'epochs': 200, 'balance_weights': False, 'balance_participants': False, 'validation_split': 0.15, 'early_stopping_patience': 5, 'scheduler_patience': 3, 'scheduler_factor': 0.8, 'use_anthropometrics': True, 'random_state': 3, 'scheduler': {'type': 'ReduceLROnPlateau'}}
[CNNLSTMRegressor] Using device: cuda
    [Strict Validation] Holding out 1 participants for early stopping: P06
[CNNLSTMRegressor] Using explicitly provided validation set (826 samples).
[Augmenter] Balanced 90 participant-weight combinations to 250 samples each. Total: 22500
[CNNLSTMRegressor] Augmentation: 14073 → 22500 segments (+8427 synthetic)
[CNNLSTMRegressor] Anthropometric conditioning enabled (6 features)

Early stopping at epoch 7. Best Val Loss: 1.0713
    Train MAE: 0.3785 | Test MAE: 0.7412 | Gap: 0.3626
    Train RMSE: 0.6394 | Test RMSE: 1.3586 | Ratio: 2.12x
--- Fold 10/17 (Left out Participants: P16) ---
Initializing CNN-LSTM Regressor with config: {'cnn_filters': [64, 128, 256, 256], 'cnn_kernel_sizes': [64, 5, 3, 3], 'pool_size': 4, 'lstm_hidden_size': 256, 'lstm_num_layers': 3, 'dropout_rate': 0.45, 'learning_rate': 0.001, 'weight_decay': 0.001, 'batch_size': 64, 'epochs': 200, 'balance_weights': False, 'balance_participants': False, 'validation_split': 0.15, 'early_stopping_patience': 5, 'scheduler_patience': 3, 'scheduler_factor': 0.8, 'use_anthropometrics': True, 'random_state': 3, 'scheduler': {'type': 'ReduceLROnPlateau'}}
[CNNLSTMRegressor] Using device: cuda
    [Strict Validation] Holding out 1 participants for early stopping: P09
[CNNLSTMRegressor] Using explicitly provided validation set (847 samples).
[Augmenter] Balanced 90 participant-weight combinations to 250 samples each. Total: 22500
[CNNLSTMRegressor] Augmentation: 14053 → 22500 segments (+8447 synthetic)
[CNNLSTMRegressor] Anthropometric conditioning enabled (6 features)

Early stopping at epoch 7. Best Val Loss: 0.2217
    Train MAE: 0.5612 | Test MAE: 0.3057 | Gap: -0.2555
    Train RMSE: 0.8849 | Test RMSE: 0.5196 | Ratio: 0.59x
--- Fold 11/17 (Left out Participants: P06) ---
Initializing CNN-LSTM Regressor with config: {'cnn_filters': [64, 128, 256, 256], 'cnn_kernel_sizes': [64, 5, 3, 3], 'pool_size': 4, 'lstm_hidden_size': 256, 'lstm_num_layers': 3, 'dropout_rate': 0.45, 'learning_rate': 0.001, 'weight_decay': 0.001, 'batch_size': 64, 'epochs': 200, 'balance_weights': False, 'balance_participants': False, 'validation_split': 0.15, 'early_stopping_patience': 5, 'scheduler_patience': 3, 'scheduler_factor': 0.8, 'use_anthropometrics': True, 'random_state': 3, 'scheduler': {'type': 'ReduceLROnPlateau'}}
[CNNLSTMRegressor] Using device: cuda
    [Strict Validation] Holding out 1 participants for early stopping: P12
[CNNLSTMRegressor] Using explicitly provided validation set (851 samples).
[Augmenter] Balanced 90 participant-weight combinations to 250 samples each. Total: 22500
[CNNLSTMRegressor] Augmentation: 14055 → 22500 segments (+8445 synthetic)
[CNNLSTMRegressor] Anthropometric conditioning enabled (6 features)

Early stopping at epoch 8. Best Val Loss: 0.3790
    Train MAE: 0.4157 | Test MAE: 0.6462 | Gap: 0.2306
    Train RMSE: 0.6357 | Test RMSE: 0.9994 | Ratio: 1.57x
--- Fold 12/17 (Left out Participants: P03) ---
Initializing CNN-LSTM Regressor with config: {'cnn_filters': [64, 128, 256, 256], 'cnn_kernel_sizes': [64, 5, 3, 3], 'pool_size': 4, 'lstm_hidden_size': 256, 'lstm_num_layers': 3, 'dropout_rate': 0.45, 'learning_rate': 0.001, 'weight_decay': 0.001, 'batch_size': 64, 'epochs': 200, 'balance_weights': False, 'balance_participants': False, 'validation_split': 0.15, 'early_stopping_patience': 5, 'scheduler_patience': 3, 'scheduler_factor': 0.8, 'use_anthropometrics': True, 'random_state': 3, 'scheduler': {'type': 'ReduceLROnPlateau'}}
[CNNLSTMRegressor] Using device: cuda
    [Strict Validation] Holding out 1 participants for early stopping: P06
[CNNLSTMRegressor] Using explicitly provided validation set (826 samples).
[Augmenter] Balanced 90 participant-weight combinations to 250 samples each. Total: 22500
[CNNLSTMRegressor] Augmentation: 14086 → 22500 segments (+8414 synthetic)
[CNNLSTMRegressor] Anthropometric conditioning enabled (6 features)

Early stopping at epoch 13. Best Val Loss: 1.1761
    Train MAE: 0.3368 | Test MAE: 0.2334 | Gap: -0.1034
    Train RMSE: 0.6035 | Test RMSE: 0.4335 | Ratio: 0.72x
--- Fold 13/17 (Left out Participants: P15) ---
Initializing CNN-LSTM Regressor with config: {'cnn_filters': [64, 128, 256, 256], 'cnn_kernel_sizes': [64, 5, 3, 3], 'pool_size': 4, 'lstm_hidden_size': 256, 'lstm_num_layers': 3, 'dropout_rate': 0.45, 'learning_rate': 0.001, 'weight_decay': 0.001, 'batch_size': 64, 'epochs': 200, 'balance_weights': False, 'balance_participants': False, 'validation_split': 0.15, 'early_stopping_patience': 5, 'scheduler_patience': 3, 'scheduler_factor': 0.8, 'use_anthropometrics': True, 'random_state': 3, 'scheduler': {'type': 'ReduceLROnPlateau'}}
[CNNLSTMRegressor] Using device: cuda
    [Strict Validation] Holding out 1 participants for early stopping: P12
[CNNLSTMRegressor] Using explicitly provided validation set (851 samples).
[Augmenter] Balanced 90 participant-weight combinations to 250 samples each. Total: 22500
[CNNLSTMRegressor] Augmentation: 14135 → 22500 segments (+8365 synthetic)
[CNNLSTMRegressor] Anthropometric conditioning enabled (6 features)

Early stopping at epoch 10. Best Val Loss: 0.1707
    Train MAE: 0.3063 | Test MAE: 0.1898 | Gap: -0.1165
    Train RMSE: 0.5691 | Test RMSE: 0.4016 | Ratio: 0.71x
--- Fold 14/17 (Left out Participants: P10) ---
Initializing CNN-LSTM Regressor with config: {'cnn_filters': [64, 128, 256, 256], 'cnn_kernel_sizes': [64, 5, 3, 3], 'pool_size': 4, 'lstm_hidden_size': 256, 'lstm_num_layers': 3, 'dropout_rate': 0.45, 'learning_rate': 0.001, 'weight_decay': 0.001, 'batch_size': 64, 'epochs': 200, 'balance_weights': False, 'balance_participants': False, 'validation_split': 0.15, 'early_stopping_patience': 5, 'scheduler_patience': 3, 'scheduler_factor': 0.8, 'use_anthropometrics': True, 'random_state': 3, 'scheduler': {'type': 'ReduceLROnPlateau'}}
[CNNLSTMRegressor] Using device: cuda
    [Strict Validation] Holding out 1 participants for early stopping: P12
[CNNLSTMRegressor] Using explicitly provided validation set (851 samples).
[Augmenter] Balanced 90 participant-weight combinations to 250 samples each. Total: 22500
[CNNLSTMRegressor] Augmentation: 14467 → 22500 segments (+8033 synthetic)
[CNNLSTMRegressor] Anthropometric conditioning enabled (6 features)

Early stopping at epoch 12. Best Val Loss: 0.1966
    Train MAE: 0.3114 | Test MAE: 0.4772 | Gap: 0.1658
    Train RMSE: 0.5460 | Test RMSE: 0.9007 | Ratio: 1.65x
--- Fold 15/17 (Left out Participants: P14) ---
Initializing CNN-LSTM Regressor with config: {'cnn_filters': [64, 128, 256, 256], 'cnn_kernel_sizes': [64, 5, 3, 3], 'pool_size': 4, 'lstm_hidden_size': 256, 'lstm_num_layers': 3, 'dropout_rate': 0.45, 'learning_rate': 0.001, 'weight_decay': 0.001, 'batch_size': 64, 'epochs': 200, 'balance_weights': False, 'balance_participants': False, 'validation_split': 0.15, 'early_stopping_patience': 5, 'scheduler_patience': 3, 'scheduler_factor': 0.8, 'use_anthropometrics': True, 'random_state': 3, 'scheduler': {'type': 'ReduceLROnPlateau'}}
[CNNLSTMRegressor] Using device: cuda
    [Strict Validation] Holding out 1 participants for early stopping: P17
[CNNLSTMRegressor] Using explicitly provided validation set (842 samples).
[Augmenter] Balanced 90 participant-weight combinations to 250 samples each. Total: 22500
[CNNLSTMRegressor] Augmentation: 14477 → 22500 segments (+8023 synthetic)
[CNNLSTMRegressor] Anthropometric conditioning enabled (6 features)

Early stopping at epoch 9. Best Val Loss: 0.7073
    Train MAE: 0.3260 | Test MAE: 0.5003 | Gap: 0.1743
    Train RMSE: 0.5685 | Test RMSE: 0.9462 | Ratio: 1.66x
--- Fold 16/17 (Left out Participants: P18) ---
Initializing CNN-LSTM Regressor with config: {'cnn_filters': [64, 128, 256, 256], 'cnn_kernel_sizes': [64, 5, 3, 3], 'pool_size': 4, 'lstm_hidden_size': 256, 'lstm_num_layers': 3, 'dropout_rate': 0.45, 'learning_rate': 0.001, 'weight_decay': 0.001, 'batch_size': 64, 'epochs': 200, 'balance_weights': False, 'balance_participants': False, 'validation_split': 0.15, 'early_stopping_patience': 5, 'scheduler_patience': 3, 'scheduler_factor': 0.8, 'use_anthropometrics': True, 'random_state': 3, 'scheduler': {'type': 'ReduceLROnPlateau'}}
[CNNLSTMRegressor] Using device: cuda
    [Strict Validation] Holding out 1 participants for early stopping: P10
[CNNLSTMRegressor] Using explicitly provided validation set (414 samples).
[Augmenter] Balanced 90 participant-weight combinations to 250 samples each. Total: 22500
[CNNLSTMRegressor] Augmentation: 14913 → 22500 segments (+7587 synthetic)
[CNNLSTMRegressor] Anthropometric conditioning enabled (6 features)

Early stopping at epoch 7. Best Val Loss: 0.6517
    Train MAE: 0.3101 | Test MAE: 0.2746 | Gap: -0.0355
    Train RMSE: 0.5655 | Test RMSE: 0.5854 | Ratio: 1.04x
--- Fold 17/17 (Left out Participants: P05) ---
Initializing CNN-LSTM Regressor with config: {'cnn_filters': [64, 128, 256, 256], 'cnn_kernel_sizes': [64, 5, 3, 3], 'pool_size': 4, 'lstm_hidden_size': 256, 'lstm_num_layers': 3, 'dropout_rate': 0.45, 'learning_rate': 0.001, 'weight_decay': 0.001, 'batch_size': 64, 'epochs': 200, 'balance_weights': False, 'balance_participants': False, 'validation_split': 0.15, 'early_stopping_patience': 5, 'scheduler_patience': 3, 'scheduler_factor': 0.8, 'use_anthropometrics': True, 'random_state': 3, 'scheduler': {'type': 'ReduceLROnPlateau'}}
[CNNLSTMRegressor] Using device: cuda
    [Strict Validation] Holding out 1 participants for early stopping: P18
[CNNLSTMRegressor] Using explicitly provided validation set (405 samples).
[Augmenter] Balanced 90 participant-weight combinations to 250 samples each. Total: 22500
[CNNLSTMRegressor] Augmentation: 14940 → 22500 segments (+7560 synthetic)
[CNNLSTMRegressor] Anthropometric conditioning enabled (6 features)

Early stopping at epoch 11. Best Val Loss: 0.3367
    Train MAE: 0.4020 | Test MAE: 0.3727 | Gap: -0.0293
    Train RMSE: 0.6732 | Test RMSE: 0.5903 | Ratio: 0.88x

Training final model on full dataset for saving...
Initializing CNN-LSTM Regressor with config: {'cnn_filters': [64, 128, 256, 256], 'cnn_kernel_sizes': [64, 5, 3, 3], 'pool_size': 4, 'lstm_hidden_size': 256, 'lstm_num_layers': 3, 'dropout_rate': 0.45, 'learning_rate': 0.001, 'weight_decay': 0.001, 'batch_size': 64, 'epochs': 200, 'balance_weights': False, 'balance_participants': False, 'validation_split': 0.15, 'early_stopping_patience': 5, 'scheduler_patience': 3, 'scheduler_factor': 0.8, 'use_anthropometrics': True, 'random_state': 3, 'scheduler': {'type': 'ReduceLROnPlateau'}}
[CNNLSTMRegressor] Using device: cuda
    [Strict Validation] Holding out 1 participants from final dataset for early stopping: P18
[CNNLSTMRegressor] Using explicitly provided validation set (405 samples).
[Augmenter] Balanced 96 participant-weight combinations to 250 samples each. Total: 24000
[CNNLSTMRegressor] Augmentation: 15327 → 24000 segments (+8673 synthetic)
[CNNLSTMRegressor] Anthropometric conditioning enabled (6 features)

Early stopping at epoch 15. Best Val Loss: 0.2964
Regression plot saved to /home/bwingen/thesis/Thesis/model/model_results/run_20260621_192742_participant_cnn_lstm_s3_t20/regression_plot.png
Loss plot saved to /home/bwingen/thesis/Thesis/model/model_results/run_20260621_192742_participant_cnn_lstm_s3_t20/loss_plot.png

Generating t-SNE plot of CNN feature space...
[t-SNE] Fitting on 15732 samples (perplexity=30)…
[t-SNE] Computing 91 nearest neighbors...
[t-SNE] Indexed 15732 samples in 0.066s...
[t-SNE] Computed neighbors for 15732 samples in 3.217s...
[t-SNE] Computed conditional probabilities for sample 1000 / 15732
[t-SNE] Computed conditional probabilities for sample 2000 / 15732
[t-SNE] Computed conditional probabilities for sample 3000 / 15732
[t-SNE] Computed conditional probabilities for sample 4000 / 15732
[t-SNE] Computed conditional probabilities for sample 5000 / 15732
[t-SNE] Computed conditional probabilities for sample 6000 / 15732
[t-SNE] Computed conditional probabilities for sample 7000 / 15732
[t-SNE] Computed conditional probabilities for sample 8000 / 15732
[t-SNE] Computed conditional probabilities for sample 9000 / 15732
[t-SNE] Computed conditional probabilities for sample 10000 / 15732
[t-SNE] Computed conditional probabilities for sample 11000 / 15732
[t-SNE] Computed conditional probabilities for sample 12000 / 15732
[t-SNE] Computed conditional probabilities for sample 13000 / 15732
[t-SNE] Computed conditional probabilities for sample 14000 / 15732
[t-SNE] Computed conditional probabilities for sample 15000 / 15732
[t-SNE] Computed conditional probabilities for sample 15732 / 15732
[t-SNE] Mean sigma: 0.170873
[t-SNE] KL divergence after 250 iterations with early exaggeration: 86.301117
[t-SNE] KL divergence after 1000 iterations: 1.966301
t-SNE feature plot saved to /home/bwingen/thesis/Thesis/model/model_results/run_20260621_192742_participant_cnn_lstm_s3_t20/tsne_cnn_features.png
Participant performance plot saved to /home/bwingen/thesis/Thesis/model/model_results/run_20260621_192742_participant_cnn_lstm_s3_t20/participant_performance.png
Sequence-length performance plot saved to /home/bwingen/thesis/Thesis/model/model_results/run_20260621_192742_participant_cnn_lstm_s3_t20/seqlen_performance_plot.png

Performance report saved to /home/bwingen/thesis/Thesis/model/model_results/run_20260621_192742_participant_cnn_lstm_s3_t20/performance_report.txt

============================================================
  BALANCED PERFORMANCE SUMMARY
============================================================
--- MACRO-AVERAGED METRICS (BALANCED) ---
Primary metric: class_participant_macro (equal weight per participant AND per weight class)

View                         | MAE      | RMSE     | R2      
-------------------------------------------------------------
class+participant macro *    | 0.6861   | 0.8185   | 0.7406  
participant macro            | 0.4088   | 0.6959   | 0.8517  
class macro                  | 0.7027   | 0.8988   | 0.7457  
pooled (unbalanced)          | 0.4379   | 0.7497   | 0.8488  

* PRIMARY. R2 under class balancing uses class-balanced sample weights
  (per-class R2 is undefined; a single class has zero target variance).
============================================================


[run_data_exporter] Run data saved to /home/bwingen/thesis/Thesis/model/model_results/run_20260621_192742_participant_cnn_lstm_s3_t20/run_data.json

--------------------------------------------------
LAUNCHING AUTOMATED DEEPSHAP ANALYSIS
--------------------------------------------------
Skipping DeepSHAP analysis (COMPUTE_FEATURE_IMPORTANCE or COMPUTE_DEEPSHAP is False)...
