=================================================================
MULTI-SEED ARCH COMPARISON — array task 9
  Architecture        : cnn_gru
  Regime              : participant
  Seed                : 1
  Run tag             : cnn_gru_s1
  Python              : /scratch/bwingen/thesis_env/bin/python
Python 3.10.20
=================================================================
[DataLoader] Weight filter active (applied at training time) — excluding calibrated weights: [0.9, 2.24]
[DataLoader] Loaded blacklist: 545 segments will be skipped.
==============================================================================
ARCHITECTURE COMPARISON — baseline vs st3
  model_type          : cnn_gru
  CV strategy (regime): participant  [LOPO / cross-subject]
  modalities          : all
  scheduler           : ReduceLROnPlateau  epochs=200  es_patience=5
  feature importance  : OFF
==============================================================================
Results will be saved to: /home/bwingen/thesis/Thesis/model/model_results/run_20260621_170214_participant_cnn_gru_s1_t9

================================================================================
  RUNNING PIPELINE FOR MODALITY CONFIGURATION: ALL
================================================================================

[DataLoader] Filtered 20 files down to 19 based on PARTICIPANT_CONFIG['include']=['P01', 'P02', 'P03', 'P04', 'P05', 'P06', 'P07', 'P08', 'P09', 'P10', 'P11', 'P12', 'P14', 'P15', 'P16', 'P17', 'P18']
[DataLoader] Skipped 5 blacklisted segments in participant_P02_session_01_segments.h5
[DataLoader] Skipped 5 blacklisted segments in participant_P11_session_01_segments.h5
[DataLoader] Skipped 28 blacklisted segments in participant_P07_session_01_segments.h5
[DataLoader] Skipped 3 blacklisted segments in participant_P01_session_03_segments.h5
[DataLoader] Skipped 16 blacklisted segments in participant_P09_session_01_segments.h5
[DataLoader] Skipped 125 blacklisted segments in participant_P15_session_01_segments.h5
[DataLoader] Skipped 35 blacklisted segments in participant_P08_session_01_segments.h5
[DataLoader] Skipped 19 blacklisted segments in participant_P17_session_01_segments.h5
[DataLoader] Skipped 35 blacklisted segments in participant_P06_session_01_segments.h5
[DataLoader] Skipped 25 blacklisted segments in participant_P16_session_01_segments.h5
[DataLoader] Skipped 16 blacklisted segments in participant_P10_session_01_segments.h5
[DataLoader] Skipped 5 blacklisted segments in participant_P12_session_01_segments.h5
[DataLoader] Skipped 21 blacklisted segments in participant_P14_session_01_segments.h5
[DataLoader] Skipped 10 blacklisted segments in participant_P01_session_02_segments.h5
[DataLoader] Skipped 42 blacklisted segments in participant_P03_session_01_segments.h5
[DataLoader] Skipped 50 blacklisted segments in participant_P05_session_01_segments.h5
[DataLoader] Skipped 28 blacklisted segments in participant_P18_session_01_segments.h5
[DataLoader] Skipped 25 blacklisted segments in participant_P04_session_01_segments.h5
[DataLoader] Skipped 9 blacklisted segments in participant_P01_session_01_segments.h5
[DataLoader] Loaded 18314 raw segments (20 channels each)
[DataLoader] Dropped 2582 segments with excluded weight classes.
Raw Segment Data Summary:
  - Total Segments: 15732
  - Channels (EMG + IMU): 20
  - Avg Segment Length: 2601 samples
  - Min / Max Segment Length: 1001 / 6996 samples
Label vector (y) shape: (15732,) (Target: weight)

Starting 17-Fold Cross-Participant Validation...
--- Fold 1/17 (Left out Participants: P01) ---
Initializing CNN-GRU Regressor with config: {'cnn_filters': [32, 64, 128], 'cnn_kernel_sizes': [32, 5, 3], 'pool_size': 4, 'gru_hidden_size': 256, 'gru_num_layers': 2, 'dropout_rate': 0.5, 'learning_rate': 0.002, 'weight_decay': 0.0005, 'batch_size': 128, 'epochs': 200, 'target_transform': 'none', 'balance_weights': False, 'balance_participants': False, 'validation_split': 0.15, 'early_stopping_patience': 5, 'scheduler_patience': 3, 'scheduler_factor': 0.8, 'use_anthropometrics': True, 'random_state': 1, 'scheduler': {'type': 'ReduceLROnPlateau'}}
[CNNGRURegressor] Using device: cuda
    [Strict Validation] Holding out 1 participants for early stopping: P15
[CNNGRURegressor] Using explicitly provided validation set (746 samples).
[Augmenter] Balanced 90 participant-weight combinations to 250 samples each. Total: 22500
[CNNGRURegressor] Augmentation: 11208 → 22500 segments (+11292 synthetic)
[CNNGRURegressor] Anthropometric conditioning enabled (6 features)

Early stopping at epoch 11. Best Val Loss: 0.1550
    Train MAE: 0.4003 | Test MAE: 0.5710 | Gap: 0.1707
    Train RMSE: 0.5937 | Test RMSE: 0.6917 | Ratio: 1.16x
--- Fold 2/17 (Left out Participants: P02) ---
Initializing CNN-GRU Regressor with config: {'cnn_filters': [32, 64, 128], 'cnn_kernel_sizes': [32, 5, 3], 'pool_size': 4, 'gru_hidden_size': 256, 'gru_num_layers': 2, 'dropout_rate': 0.5, 'learning_rate': 0.002, 'weight_decay': 0.0005, 'batch_size': 128, 'epochs': 200, 'target_transform': 'none', 'balance_weights': False, 'balance_participants': False, 'validation_split': 0.15, 'early_stopping_patience': 5, 'scheduler_patience': 3, 'scheduler_factor': 0.8, 'use_anthropometrics': True, 'random_state': 1, 'scheduler': {'type': 'ReduceLROnPlateau'}}
[CNNGRURegressor] Using device: cuda
    [Strict Validation] Holding out 1 participants for early stopping: P09
[CNNGRURegressor] Using explicitly provided validation set (847 samples).
[Augmenter] Balanced 90 participant-weight combinations to 250 samples each. Total: 22500
[CNNGRURegressor] Augmentation: 13666 → 22500 segments (+8834 synthetic)
[CNNGRURegressor] Anthropometric conditioning enabled (6 features)

Early stopping at epoch 11. Best Val Loss: 0.1888
    Train MAE: 0.3772 | Test MAE: 0.3006 | Gap: -0.0766
    Train RMSE: 0.6078 | Test RMSE: 0.4675 | Ratio: 0.77x
--- Fold 3/17 (Left out Participants: P12) ---
Initializing CNN-GRU Regressor with config: {'cnn_filters': [32, 64, 128], 'cnn_kernel_sizes': [32, 5, 3], 'pool_size': 4, 'gru_hidden_size': 256, 'gru_num_layers': 2, 'dropout_rate': 0.5, 'learning_rate': 0.002, 'weight_decay': 0.0005, 'batch_size': 128, 'epochs': 200, 'target_transform': 'none', 'balance_weights': False, 'balance_participants': False, 'validation_split': 0.15, 'early_stopping_patience': 5, 'scheduler_patience': 3, 'scheduler_factor': 0.8, 'use_anthropometrics': True, 'random_state': 1, 'scheduler': {'type': 'ReduceLROnPlateau'}}
[CNNGRURegressor] Using device: cuda
    [Strict Validation] Holding out 1 participants for early stopping: P15
[CNNGRURegressor] Using explicitly provided validation set (746 samples).
[Augmenter] Balanced 90 participant-weight combinations to 250 samples each. Total: 22500
[CNNGRURegressor] Augmentation: 14135 → 22500 segments (+8365 synthetic)
[CNNGRURegressor] Anthropometric conditioning enabled (6 features)

Early stopping at epoch 9. Best Val Loss: 0.1474
    Train MAE: 0.4023 | Test MAE: 0.3718 | Gap: -0.0305
    Train RMSE: 0.6076 | Test RMSE: 0.4913 | Ratio: 0.81x
--- Fold 4/17 (Left out Participants: P11) ---
Initializing CNN-GRU Regressor with config: {'cnn_filters': [32, 64, 128], 'cnn_kernel_sizes': [32, 5, 3], 'pool_size': 4, 'gru_hidden_size': 256, 'gru_num_layers': 2, 'dropout_rate': 0.5, 'learning_rate': 0.002, 'weight_decay': 0.0005, 'batch_size': 128, 'epochs': 200, 'target_transform': 'none', 'balance_weights': False, 'balance_participants': False, 'validation_split': 0.15, 'early_stopping_patience': 5, 'scheduler_patience': 3, 'scheduler_factor': 0.8, 'use_anthropometrics': True, 'random_state': 1, 'scheduler': {'type': 'ReduceLROnPlateau'}}
[CNNGRURegressor] Using device: cuda
    [Strict Validation] Holding out 1 participants for early stopping: P06
[CNNGRURegressor] Using explicitly provided validation set (826 samples).
[Augmenter] Balanced 90 participant-weight combinations to 250 samples each. Total: 22500
[CNNGRURegressor] Augmentation: 14056 → 22500 segments (+8444 synthetic)
[CNNGRURegressor] Anthropometric conditioning enabled (6 features)

Early stopping at epoch 9. Best Val Loss: 1.1308
    Train MAE: 0.4719 | Test MAE: 0.5633 | Gap: 0.0914
    Train RMSE: 0.6888 | Test RMSE: 0.9775 | Ratio: 1.42x
--- Fold 5/17 (Left out Participants: P09) ---
Initializing CNN-GRU Regressor with config: {'cnn_filters': [32, 64, 128], 'cnn_kernel_sizes': [32, 5, 3], 'pool_size': 4, 'gru_hidden_size': 256, 'gru_num_layers': 2, 'dropout_rate': 0.5, 'learning_rate': 0.002, 'weight_decay': 0.0005, 'batch_size': 128, 'epochs': 200, 'target_transform': 'none', 'balance_weights': False, 'balance_participants': False, 'validation_split': 0.15, 'early_stopping_patience': 5, 'scheduler_patience': 3, 'scheduler_factor': 0.8, 'use_anthropometrics': True, 'random_state': 1, 'scheduler': {'type': 'ReduceLROnPlateau'}}
[CNNGRURegressor] Using device: cuda
    [Strict Validation] Holding out 1 participants for early stopping: P15
[CNNGRURegressor] Using explicitly provided validation set (746 samples).
[Augmenter] Balanced 90 participant-weight combinations to 250 samples each. Total: 22500
[CNNGRURegressor] Augmentation: 14139 → 22500 segments (+8361 synthetic)
[CNNGRURegressor] Anthropometric conditioning enabled (6 features)

Early stopping at epoch 9. Best Val Loss: 0.1665
    Train MAE: 0.4717 | Test MAE: 0.2604 | Gap: -0.2113
    Train RMSE: 0.7618 | Test RMSE: 0.4863 | Ratio: 0.64x
--- Fold 6/17 (Left out Participants: P17) ---
Initializing CNN-GRU Regressor with config: {'cnn_filters': [32, 64, 128], 'cnn_kernel_sizes': [32, 5, 3], 'pool_size': 4, 'gru_hidden_size': 256, 'gru_num_layers': 2, 'dropout_rate': 0.5, 'learning_rate': 0.002, 'weight_decay': 0.0005, 'batch_size': 128, 'epochs': 200, 'target_transform': 'none', 'balance_weights': False, 'balance_participants': False, 'validation_split': 0.15, 'early_stopping_patience': 5, 'scheduler_patience': 3, 'scheduler_factor': 0.8, 'use_anthropometrics': True, 'random_state': 1, 'scheduler': {'type': 'ReduceLROnPlateau'}}
[CNNGRURegressor] Using device: cuda
    [Strict Validation] Holding out 1 participants for early stopping: P09
[CNNGRURegressor] Using explicitly provided validation set (847 samples).
[Augmenter] Balanced 90 participant-weight combinations to 250 samples each. Total: 22500
[CNNGRURegressor] Augmentation: 14043 → 22500 segments (+8457 synthetic)
[CNNGRURegressor] Anthropometric conditioning enabled (6 features)

Early stopping at epoch 13. Best Val Loss: 0.1642
    Train MAE: 0.3924 | Test MAE: 0.5869 | Gap: 0.1945
    Train RMSE: 0.7022 | Test RMSE: 1.0195 | Ratio: 1.45x
--- Fold 7/17 (Left out Participants: P04) ---
Initializing CNN-GRU Regressor with config: {'cnn_filters': [32, 64, 128], 'cnn_kernel_sizes': [32, 5, 3], 'pool_size': 4, 'gru_hidden_size': 256, 'gru_num_layers': 2, 'dropout_rate': 0.5, 'learning_rate': 0.002, 'weight_decay': 0.0005, 'batch_size': 128, 'epochs': 200, 'target_transform': 'none', 'balance_weights': False, 'balance_participants': False, 'validation_split': 0.15, 'early_stopping_patience': 5, 'scheduler_patience': 3, 'scheduler_factor': 0.8, 'use_anthropometrics': True, 'random_state': 1, 'scheduler': {'type': 'ReduceLROnPlateau'}}
[CNNGRURegressor] Using device: cuda
    [Strict Validation] Holding out 1 participants for early stopping: P08
[CNNGRURegressor] Using explicitly provided validation set (834 samples).
[Augmenter] Balanced 90 participant-weight combinations to 250 samples each. Total: 22500
[CNNGRURegressor] Augmentation: 14063 → 22500 segments (+8437 synthetic)
[CNNGRURegressor] Anthropometric conditioning enabled (6 features)

Early stopping at epoch 6. Best Val Loss: 0.8614
    Train MAE: 0.4980 | Test MAE: 0.4648 | Gap: -0.0333
    Train RMSE: 0.7291 | Test RMSE: 0.6699 | Ratio: 0.92x
--- Fold 8/17 (Left out Participants: P08) ---
Initializing CNN-GRU Regressor with config: {'cnn_filters': [32, 64, 128], 'cnn_kernel_sizes': [32, 5, 3], 'pool_size': 4, 'gru_hidden_size': 256, 'gru_num_layers': 2, 'dropout_rate': 0.5, 'learning_rate': 0.002, 'weight_decay': 0.0005, 'batch_size': 128, 'epochs': 200, 'target_transform': 'none', 'balance_weights': False, 'balance_participants': False, 'validation_split': 0.15, 'early_stopping_patience': 5, 'scheduler_patience': 3, 'scheduler_factor': 0.8, 'use_anthropometrics': True, 'random_state': 1, 'scheduler': {'type': 'ReduceLROnPlateau'}}
[CNNGRURegressor] Using device: cuda
    [Strict Validation] Holding out 1 participants for early stopping: P09
[CNNGRURegressor] Using explicitly provided validation set (847 samples).
[Augmenter] Balanced 90 participant-weight combinations to 250 samples each. Total: 22500
[CNNGRURegressor] Augmentation: 14051 → 22500 segments (+8449 synthetic)
[CNNGRURegressor] Anthropometric conditioning enabled (6 features)

Early stopping at epoch 14. Best Val Loss: 0.1849
    Train MAE: 0.3747 | Test MAE: 0.5195 | Gap: 0.1448
    Train RMSE: 0.6485 | Test RMSE: 0.9650 | Ratio: 1.49x
--- Fold 9/17 (Left out Participants: P07) ---
Initializing CNN-GRU Regressor with config: {'cnn_filters': [32, 64, 128], 'cnn_kernel_sizes': [32, 5, 3], 'pool_size': 4, 'gru_hidden_size': 256, 'gru_num_layers': 2, 'dropout_rate': 0.5, 'learning_rate': 0.002, 'weight_decay': 0.0005, 'batch_size': 128, 'epochs': 200, 'target_transform': 'none', 'balance_weights': False, 'balance_participants': False, 'validation_split': 0.15, 'early_stopping_patience': 5, 'scheduler_patience': 3, 'scheduler_factor': 0.8, 'use_anthropometrics': True, 'random_state': 1, 'scheduler': {'type': 'ReduceLROnPlateau'}}
[CNNGRURegressor] Using device: cuda
    [Strict Validation] Holding out 1 participants for early stopping: P06
[CNNGRURegressor] Using explicitly provided validation set (826 samples).
[Augmenter] Balanced 90 participant-weight combinations to 250 samples each. Total: 22500
[CNNGRURegressor] Augmentation: 14073 → 22500 segments (+8427 synthetic)
[CNNGRURegressor] Anthropometric conditioning enabled (6 features)

Early stopping at epoch 9. Best Val Loss: 1.1170
    Train MAE: 0.3567 | Test MAE: 0.6867 | Gap: 0.3301
    Train RMSE: 0.6062 | Test RMSE: 1.2355 | Ratio: 2.04x
--- Fold 10/17 (Left out Participants: P16) ---
Initializing CNN-GRU Regressor with config: {'cnn_filters': [32, 64, 128], 'cnn_kernel_sizes': [32, 5, 3], 'pool_size': 4, 'gru_hidden_size': 256, 'gru_num_layers': 2, 'dropout_rate': 0.5, 'learning_rate': 0.002, 'weight_decay': 0.0005, 'batch_size': 128, 'epochs': 200, 'target_transform': 'none', 'balance_weights': False, 'balance_participants': False, 'validation_split': 0.15, 'early_stopping_patience': 5, 'scheduler_patience': 3, 'scheduler_factor': 0.8, 'use_anthropometrics': True, 'random_state': 1, 'scheduler': {'type': 'ReduceLROnPlateau'}}
[CNNGRURegressor] Using device: cuda
    [Strict Validation] Holding out 1 participants for early stopping: P09
[CNNGRURegressor] Using explicitly provided validation set (847 samples).
[Augmenter] Balanced 90 participant-weight combinations to 250 samples each. Total: 22500
[CNNGRURegressor] Augmentation: 14053 → 22500 segments (+8447 synthetic)
[CNNGRURegressor] Anthropometric conditioning enabled (6 features)

Early stopping at epoch 11. Best Val Loss: 0.1874
    Train MAE: 0.3871 | Test MAE: 0.2929 | Gap: -0.0943
    Train RMSE: 0.6503 | Test RMSE: 0.5669 | Ratio: 0.87x
--- Fold 11/17 (Left out Participants: P06) ---
Initializing CNN-GRU Regressor with config: {'cnn_filters': [32, 64, 128], 'cnn_kernel_sizes': [32, 5, 3], 'pool_size': 4, 'gru_hidden_size': 256, 'gru_num_layers': 2, 'dropout_rate': 0.5, 'learning_rate': 0.002, 'weight_decay': 0.0005, 'batch_size': 128, 'epochs': 200, 'target_transform': 'none', 'balance_weights': False, 'balance_participants': False, 'validation_split': 0.15, 'early_stopping_patience': 5, 'scheduler_patience': 3, 'scheduler_factor': 0.8, 'use_anthropometrics': True, 'random_state': 1, 'scheduler': {'type': 'ReduceLROnPlateau'}}
[CNNGRURegressor] Using device: cuda
    [Strict Validation] Holding out 1 participants for early stopping: P07
[CNNGRURegressor] Using explicitly provided validation set (833 samples).
[Augmenter] Balanced 90 participant-weight combinations to 250 samples each. Total: 22500
[CNNGRURegressor] Augmentation: 14073 → 22500 segments (+8427 synthetic)
[CNNGRURegressor] Anthropometric conditioning enabled (6 features)

Early stopping at epoch 11. Best Val Loss: 1.8702
    Train MAE: 0.4313 | Test MAE: 0.7312 | Gap: 0.2999
    Train RMSE: 0.7527 | Test RMSE: 1.2397 | Ratio: 1.65x
--- Fold 12/17 (Left out Participants: P03) ---
Initializing CNN-GRU Regressor with config: {'cnn_filters': [32, 64, 128], 'cnn_kernel_sizes': [32, 5, 3], 'pool_size': 4, 'gru_hidden_size': 256, 'gru_num_layers': 2, 'dropout_rate': 0.5, 'learning_rate': 0.002, 'weight_decay': 0.0005, 'batch_size': 128, 'epochs': 200, 'target_transform': 'none', 'balance_weights': False, 'balance_participants': False, 'validation_split': 0.15, 'early_stopping_patience': 5, 'scheduler_patience': 3, 'scheduler_factor': 0.8, 'use_anthropometrics': True, 'random_state': 1, 'scheduler': {'type': 'ReduceLROnPlateau'}}
[CNNGRURegressor] Using device: cuda
    [Strict Validation] Holding out 1 participants for early stopping: P10
[CNNGRURegressor] Using explicitly provided validation set (414 samples).
[Augmenter] Balanced 90 participant-weight combinations to 250 samples each. Total: 22500
[CNNGRURegressor] Augmentation: 14498 → 22500 segments (+8002 synthetic)
[CNNGRURegressor] Anthropometric conditioning enabled (6 features)

Early stopping at epoch 6. Best Val Loss: 0.9643
    Train MAE: 0.4218 | Test MAE: 0.2878 | Gap: -0.1340
    Train RMSE: 0.6792 | Test RMSE: 0.4678 | Ratio: 0.69x
--- Fold 13/17 (Left out Participants: P15) ---
Initializing CNN-GRU Regressor with config: {'cnn_filters': [32, 64, 128], 'cnn_kernel_sizes': [32, 5, 3], 'pool_size': 4, 'gru_hidden_size': 256, 'gru_num_layers': 2, 'dropout_rate': 0.5, 'learning_rate': 0.002, 'weight_decay': 0.0005, 'batch_size': 128, 'epochs': 200, 'target_transform': 'none', 'balance_weights': False, 'balance_participants': False, 'validation_split': 0.15, 'early_stopping_patience': 5, 'scheduler_patience': 3, 'scheduler_factor': 0.8, 'use_anthropometrics': True, 'random_state': 1, 'scheduler': {'type': 'ReduceLROnPlateau'}}
[CNNGRURegressor] Using device: cuda
    [Strict Validation] Holding out 1 participants for early stopping: P11
[CNNGRURegressor] Using explicitly provided validation set (850 samples).
[Augmenter] Balanced 90 participant-weight combinations to 250 samples each. Total: 22500
[CNNGRURegressor] Augmentation: 14136 → 22500 segments (+8364 synthetic)
[CNNGRURegressor] Anthropometric conditioning enabled (6 features)

Early stopping at epoch 13. Best Val Loss: 0.4863
    Train MAE: 0.3584 | Test MAE: 0.2059 | Gap: -0.1525
    Train RMSE: 0.6198 | Test RMSE: 0.3926 | Ratio: 0.63x
--- Fold 14/17 (Left out Participants: P10) ---
Initializing CNN-GRU Regressor with config: {'cnn_filters': [32, 64, 128], 'cnn_kernel_sizes': [32, 5, 3], 'pool_size': 4, 'gru_hidden_size': 256, 'gru_num_layers': 2, 'dropout_rate': 0.5, 'learning_rate': 0.002, 'weight_decay': 0.0005, 'batch_size': 128, 'epochs': 200, 'target_transform': 'none', 'balance_weights': False, 'balance_participants': False, 'validation_split': 0.15, 'early_stopping_patience': 5, 'scheduler_patience': 3, 'scheduler_factor': 0.8, 'use_anthropometrics': True, 'random_state': 1, 'scheduler': {'type': 'ReduceLROnPlateau'}}
[CNNGRURegressor] Using device: cuda
    [Strict Validation] Holding out 1 participants for early stopping: P05
[CNNGRURegressor] Using explicitly provided validation set (387 samples).
[Augmenter] Balanced 90 participant-weight combinations to 250 samples each. Total: 22500
[CNNGRURegressor] Augmentation: 14931 → 22500 segments (+7569 synthetic)
[CNNGRURegressor] Anthropometric conditioning enabled (6 features)

Early stopping at epoch 16. Best Val Loss: 0.1863
    Train MAE: 0.4573 | Test MAE: 0.5695 | Gap: 0.1122
    Train RMSE: 0.8108 | Test RMSE: 1.0816 | Ratio: 1.33x
--- Fold 15/17 (Left out Participants: P14) ---
Initializing CNN-GRU Regressor with config: {'cnn_filters': [32, 64, 128], 'cnn_kernel_sizes': [32, 5, 3], 'pool_size': 4, 'gru_hidden_size': 256, 'gru_num_layers': 2, 'dropout_rate': 0.5, 'learning_rate': 0.002, 'weight_decay': 0.0005, 'batch_size': 128, 'epochs': 200, 'target_transform': 'none', 'balance_weights': False, 'balance_participants': False, 'validation_split': 0.15, 'early_stopping_patience': 5, 'scheduler_patience': 3, 'scheduler_factor': 0.8, 'use_anthropometrics': True, 'random_state': 1, 'scheduler': {'type': 'ReduceLROnPlateau'}}
[CNNGRURegressor] Using device: cuda
    [Strict Validation] Holding out 1 participants for early stopping: P12
[CNNGRURegressor] Using explicitly provided validation set (851 samples).
[Augmenter] Balanced 90 participant-weight combinations to 250 samples each. Total: 22500
[CNNGRURegressor] Augmentation: 14468 → 22500 segments (+8032 synthetic)
[CNNGRURegressor] Anthropometric conditioning enabled (6 features)

Early stopping at epoch 6. Best Val Loss: 0.2901
    Train MAE: 0.4130 | Test MAE: 0.5859 | Gap: 0.1729
    Train RMSE: 0.6841 | Test RMSE: 1.0028 | Ratio: 1.47x
--- Fold 16/17 (Left out Participants: P18) ---
Initializing CNN-GRU Regressor with config: {'cnn_filters': [32, 64, 128], 'cnn_kernel_sizes': [32, 5, 3], 'pool_size': 4, 'gru_hidden_size': 256, 'gru_num_layers': 2, 'dropout_rate': 0.5, 'learning_rate': 0.002, 'weight_decay': 0.0005, 'batch_size': 128, 'epochs': 200, 'target_transform': 'none', 'balance_weights': False, 'balance_participants': False, 'validation_split': 0.15, 'early_stopping_patience': 5, 'scheduler_patience': 3, 'scheduler_factor': 0.8, 'use_anthropometrics': True, 'random_state': 1, 'scheduler': {'type': 'ReduceLROnPlateau'}}
[CNNGRURegressor] Using device: cuda
    [Strict Validation] Holding out 1 participants for early stopping: P11
[CNNGRURegressor] Using explicitly provided validation set (850 samples).
[Augmenter] Balanced 90 participant-weight combinations to 250 samples each. Total: 22500
[CNNGRURegressor] Augmentation: 14477 → 22500 segments (+8023 synthetic)
[CNNGRURegressor] Anthropometric conditioning enabled (6 features)

Early stopping at epoch 9. Best Val Loss: 0.9213
    Train MAE: 0.4215 | Test MAE: 0.3199 | Gap: -0.1015
    Train RMSE: 0.6943 | Test RMSE: 0.6404 | Ratio: 0.92x
--- Fold 17/17 (Left out Participants: P05) ---
Initializing CNN-GRU Regressor with config: {'cnn_filters': [32, 64, 128], 'cnn_kernel_sizes': [32, 5, 3], 'pool_size': 4, 'gru_hidden_size': 256, 'gru_num_layers': 2, 'dropout_rate': 0.5, 'learning_rate': 0.002, 'weight_decay': 0.0005, 'batch_size': 128, 'epochs': 200, 'target_transform': 'none', 'balance_weights': False, 'balance_participants': False, 'validation_split': 0.15, 'early_stopping_patience': 5, 'scheduler_patience': 3, 'scheduler_factor': 0.8, 'use_anthropometrics': True, 'random_state': 1, 'scheduler': {'type': 'ReduceLROnPlateau'}}
[CNNGRURegressor] Using device: cuda
    [Strict Validation] Holding out 1 participants for early stopping: P17
[CNNGRURegressor] Using explicitly provided validation set (842 samples).
[Augmenter] Balanced 90 participant-weight combinations to 250 samples each. Total: 22500
[CNNGRURegressor] Augmentation: 14503 → 22500 segments (+7997 synthetic)
[CNNGRURegressor] Anthropometric conditioning enabled (6 features)

Early stopping at epoch 6. Best Val Loss: 0.6873
    Train MAE: 0.4883 | Test MAE: 0.4194 | Gap: -0.0689
    Train RMSE: 0.6974 | Test RMSE: 0.5963 | Ratio: 0.86x

Training final model on full dataset for saving...
Initializing CNN-GRU Regressor with config: {'cnn_filters': [32, 64, 128], 'cnn_kernel_sizes': [32, 5, 3], 'pool_size': 4, 'gru_hidden_size': 256, 'gru_num_layers': 2, 'dropout_rate': 0.5, 'learning_rate': 0.002, 'weight_decay': 0.0005, 'batch_size': 128, 'epochs': 200, 'target_transform': 'none', 'balance_weights': False, 'balance_participants': False, 'validation_split': 0.15, 'early_stopping_patience': 5, 'scheduler_patience': 3, 'scheduler_factor': 0.8, 'use_anthropometrics': True, 'random_state': 1, 'scheduler': {'type': 'ReduceLROnPlateau'}}
[CNNGRURegressor] Using device: cuda
    [Strict Validation] Holding out 1 participants from final dataset for early stopping: P04
[CNNGRURegressor] Using explicitly provided validation set (835 samples).
[Augmenter] Balanced 96 participant-weight combinations to 250 samples each. Total: 24000
[CNNGRURegressor] Augmentation: 14897 → 24000 segments (+9103 synthetic)
[CNNGRURegressor] Anthropometric conditioning enabled (6 features)

Early stopping at epoch 6. Best Val Loss: 0.5331
Regression plot saved to /home/bwingen/thesis/Thesis/model/model_results/run_20260621_170214_participant_cnn_gru_s1_t9/regression_plot.png
Loss plot saved to /home/bwingen/thesis/Thesis/model/model_results/run_20260621_170214_participant_cnn_gru_s1_t9/loss_plot.png

Generating t-SNE plot of CNN feature space...
[t-SNE] Fitting on 15732 samples (perplexity=30)…
[t-SNE] Computing 91 nearest neighbors...
[t-SNE] Indexed 15732 samples in 0.034s...
[t-SNE] Computed neighbors for 15732 samples in 0.777s...
[t-SNE] Computed conditional probabilities for sample 1000 / 15732
[t-SNE] Computed conditional probabilities for sample 2000 / 15732
[t-SNE] Computed conditional probabilities for sample 3000 / 15732
[t-SNE] Computed conditional probabilities for sample 4000 / 15732
[t-SNE] Computed conditional probabilities for sample 5000 / 15732
[t-SNE] Computed conditional probabilities for sample 6000 / 15732
[t-SNE] Computed conditional probabilities for sample 7000 / 15732
[t-SNE] Computed conditional probabilities for sample 8000 / 15732
[t-SNE] Computed conditional probabilities for sample 9000 / 15732
[t-SNE] Computed conditional probabilities for sample 10000 / 15732
[t-SNE] Computed conditional probabilities for sample 11000 / 15732
[t-SNE] Computed conditional probabilities for sample 12000 / 15732
[t-SNE] Computed conditional probabilities for sample 13000 / 15732
[t-SNE] Computed conditional probabilities for sample 14000 / 15732
[t-SNE] Computed conditional probabilities for sample 15000 / 15732
[t-SNE] Computed conditional probabilities for sample 15732 / 15732
[t-SNE] Mean sigma: 0.060660
[t-SNE] KL divergence after 250 iterations with early exaggeration: 83.092361
[t-SNE] KL divergence after 1000 iterations: 1.795133
t-SNE feature plot saved to /home/bwingen/thesis/Thesis/model/model_results/run_20260621_170214_participant_cnn_gru_s1_t9/tsne_cnn_features.png
Participant performance plot saved to /home/bwingen/thesis/Thesis/model/model_results/run_20260621_170214_participant_cnn_gru_s1_t9/participant_performance.png
Sequence-length performance plot saved to /home/bwingen/thesis/Thesis/model/model_results/run_20260621_170214_participant_cnn_gru_s1_t9/seqlen_performance_plot.png

Performance report saved to /home/bwingen/thesis/Thesis/model/model_results/run_20260621_170214_participant_cnn_gru_s1_t9/performance_report.txt

============================================================
  BALANCED PERFORMANCE SUMMARY
============================================================
--- MACRO-AVERAGED METRICS (BALANCED) ---
Primary metric: class_participant_macro (equal weight per participant AND per weight class)

View                         | MAE      | RMSE     | R2      
-------------------------------------------------------------
class+participant macro *    | 0.7811   | 0.8873   | 0.6785  
participant macro            | 0.4551   | 0.7643   | 0.8221  
class macro                  | 0.7431   | 0.9225   | 0.7177  
pooled (unbalanced)          | 0.4725   | 0.7822   | 0.8355  

* PRIMARY. R2 under class balancing uses class-balanced sample weights
  (per-class R2 is undefined; a single class has zero target variance).
============================================================


[run_data_exporter] Run data saved to /home/bwingen/thesis/Thesis/model/model_results/run_20260621_170214_participant_cnn_gru_s1_t9/run_data.json
