Database found at /scratch/bwingen/thesis/database
Using Python: /scratch/bwingen/thesis_env/bin/python
Python 3.10.20
Results will be saved to: /home/bwingen/thesis/Thesis/model/model_results/run_20260419_165127
[DataLoader] Loaded 16820 raw segments (26 channels each)
Raw Segment Data Summary:
  - Total Segments: 16820
  - Channels (EMG + IMU): 26
  - Avg Segment Length: 2697 samples
  - Min / Max Segment Length: 21 / 142433 samples
Label vector (y) shape: (16820,) (Target: weight)

Starting 8-Fold Cross-Participant Validation (approx 2 participants per fold)...
--- Fold 1/8 (Left out Participants: P01) ---
Initializing CNN-LSTM Regressor with config: {'cnn_filters': [64, 128, 256, 256], 'cnn_kernel_sizes': [64, 5, 3, 3], 'pool_size': 4, 'lstm_hidden_size': 256, 'lstm_num_layers': 3, 'dropout_rate': 0.4, 'learning_rate': 0.001, 'weight_decay': 0.001, 'batch_size': 64, 'epochs': 400, 'balance_weights': True, 'balance_participants': True, 'validation_split': 0.15, 'early_stopping_patience': 200, 'scheduler_patience': 10, 'scheduler_factor': 0.5, 'random_state': 245}
[CNNLSTMRegressor] Using device: cuda
[CNNLSTMRegressor] Augmentation: 10532 → 21099 segments (+10567 synthetic)
[CNNLSTMRegressor] Hybrid sample weighting enabled (Target Class * Participants). Weights assigned to 21099 training samples.

Early stopping at epoch 284. Best Val Loss: 0.1745
Computing permutation importance for fold...
--- Fold 2/8 (Left out Participants: P02, P10) ---
Initializing CNN-LSTM Regressor with config: {'cnn_filters': [64, 128, 256, 256], 'cnn_kernel_sizes': [64, 5, 3, 3], 'pool_size': 4, 'lstm_hidden_size': 256, 'lstm_num_layers': 3, 'dropout_rate': 0.4, 'learning_rate': 0.001, 'weight_decay': 0.001, 'batch_size': 64, 'epochs': 400, 'balance_weights': True, 'balance_participants': True, 'validation_split': 0.15, 'early_stopping_patience': 200, 'scheduler_patience': 10, 'scheduler_factor': 0.5, 'random_state': 245}
[CNNLSTMRegressor] Using device: cuda
[CNNLSTMRegressor] Augmentation: 12660 → 25339 segments (+12679 synthetic)
[CNNLSTMRegressor] Hybrid sample weighting enabled (Target Class * Participants). Weights assigned to 25339 training samples.

Early stopping at epoch 339. Best Val Loss: 0.1508
Computing permutation importance for fold...
--- Fold 3/8 (Left out Participants: P06, P11) ---
Initializing CNN-LSTM Regressor with config: {'cnn_filters': [64, 128, 256, 256], 'cnn_kernel_sizes': [64, 5, 3, 3], 'pool_size': 4, 'lstm_hidden_size': 256, 'lstm_num_layers': 3, 'dropout_rate': 0.4, 'learning_rate': 0.001, 'weight_decay': 0.001, 'batch_size': 64, 'epochs': 400, 'balance_weights': True, 'balance_participants': True, 'validation_split': 0.15, 'early_stopping_patience': 200, 'scheduler_patience': 10, 'scheduler_factor': 0.5, 'random_state': 245}
[CNNLSTMRegressor] Using device: cuda
[CNNLSTMRegressor] Augmentation: 12605 → 25306 segments (+12701 synthetic)
[CNNLSTMRegressor] Hybrid sample weighting enabled (Target Class * Participants). Weights assigned to 25306 training samples.

Early stopping at epoch 292. Best Val Loss: 0.2002
Computing permutation importance for fold...
--- Fold 4/8 (Left out Participants: P09, P14) ---
Initializing CNN-LSTM Regressor with config: {'cnn_filters': [64, 128, 256, 256], 'cnn_kernel_sizes': [64, 5, 3, 3], 'pool_size': 4, 'lstm_hidden_size': 256, 'lstm_num_layers': 3, 'dropout_rate': 0.4, 'learning_rate': 0.001, 'weight_decay': 0.001, 'batch_size': 64, 'epochs': 400, 'balance_weights': True, 'balance_participants': True, 'validation_split': 0.15, 'early_stopping_patience': 200, 'scheduler_patience': 10, 'scheduler_factor': 0.5, 'random_state': 245}
[CNNLSTMRegressor] Using device: cuda
[CNNLSTMRegressor] Augmentation: 13024 → 25914 segments (+12890 synthetic)
[CNNLSTMRegressor] Hybrid sample weighting enabled (Target Class * Participants). Weights assigned to 25914 training samples.

Early stopping at epoch 268. Best Val Loss: 0.1611
Computing permutation importance for fold...
--- Fold 5/8 (Left out Participants: P03, P05) ---
Initializing CNN-LSTM Regressor with config: {'cnn_filters': [64, 128, 256, 256], 'cnn_kernel_sizes': [64, 5, 3, 3], 'pool_size': 4, 'lstm_hidden_size': 256, 'lstm_num_layers': 3, 'dropout_rate': 0.4, 'learning_rate': 0.001, 'weight_decay': 0.001, 'batch_size': 64, 'epochs': 400, 'balance_weights': True, 'balance_participants': True, 'validation_split': 0.15, 'early_stopping_patience': 200, 'scheduler_patience': 10, 'scheduler_factor': 0.5, 'random_state': 245}
[CNNLSTMRegressor] Using device: cuda
[CNNLSTMRegressor] Augmentation: 13024 → 26177 segments (+13153 synthetic)
[CNNLSTMRegressor] Hybrid sample weighting enabled (Target Class * Participants). Weights assigned to 26177 training samples.

Early stopping at epoch 343. Best Val Loss: 0.1512
Computing permutation importance for fold...
--- Fold 6/8 (Left out Participants: P04, P13, P16) ---
Initializing CNN-LSTM Regressor with config: {'cnn_filters': [64, 128, 256, 256], 'cnn_kernel_sizes': [64, 5, 3, 3], 'pool_size': 4, 'lstm_hidden_size': 256, 'lstm_num_layers': 3, 'dropout_rate': 0.4, 'learning_rate': 0.001, 'weight_decay': 0.001, 'batch_size': 64, 'epochs': 400, 'balance_weights': True, 'balance_participants': True, 'validation_split': 0.15, 'early_stopping_patience': 200, 'scheduler_patience': 10, 'scheduler_factor': 0.5, 'random_state': 245}
[CNNLSTMRegressor] Using device: cuda
[CNNLSTMRegressor] Augmentation: 12603 → 25283 segments (+12680 synthetic)
[CNNLSTMRegressor] Hybrid sample weighting enabled (Target Class * Participants). Weights assigned to 25283 training samples.

Early stopping at epoch 250. Best Val Loss: 0.1762
Computing permutation importance for fold...
--- Fold 7/8 (Left out Participants: P12, P15) ---
Initializing CNN-LSTM Regressor with config: {'cnn_filters': [64, 128, 256, 256], 'cnn_kernel_sizes': [64, 5, 3, 3], 'pool_size': 4, 'lstm_hidden_size': 256, 'lstm_num_layers': 3, 'dropout_rate': 0.4, 'learning_rate': 0.001, 'weight_decay': 0.001, 'batch_size': 64, 'epochs': 400, 'balance_weights': True, 'balance_participants': True, 'validation_split': 0.15, 'early_stopping_patience': 200, 'scheduler_patience': 10, 'scheduler_factor': 0.5, 'random_state': 245}
[CNNLSTMRegressor] Using device: cuda
[CNNLSTMRegressor] Augmentation: 13025 → 26060 segments (+13035 synthetic)
[CNNLSTMRegressor] Hybrid sample weighting enabled (Target Class * Participants). Weights assigned to 26060 training samples.

Early stopping at epoch 274. Best Val Loss: 0.1670
Computing permutation importance for fold...
--- Fold 8/8 (Left out Participants: P07, P08) ---
Initializing CNN-LSTM Regressor with config: {'cnn_filters': [64, 128, 256, 256], 'cnn_kernel_sizes': [64, 5, 3, 3], 'pool_size': 4, 'lstm_hidden_size': 256, 'lstm_num_layers': 3, 'dropout_rate': 0.4, 'learning_rate': 0.001, 'weight_decay': 0.001, 'batch_size': 64, 'epochs': 400, 'balance_weights': True, 'balance_participants': True, 'validation_split': 0.15, 'early_stopping_patience': 200, 'scheduler_patience': 10, 'scheduler_factor': 0.5, 'random_state': 245}
[CNNLSTMRegressor] Using device: cuda
[CNNLSTMRegressor] Augmentation: 12602 → 25142 segments (+12540 synthetic)
[CNNLSTMRegressor] Hybrid sample weighting enabled (Target Class * Participants). Weights assigned to 25142 training samples.

Early stopping at epoch 320. Best Val Loss: 0.1222
Computing permutation importance for fold...

Training final model on full dataset for saving...
Initializing CNN-LSTM Regressor with config: {'cnn_filters': [64, 128, 256, 256], 'cnn_kernel_sizes': [64, 5, 3, 3], 'pool_size': 4, 'lstm_hidden_size': 256, 'lstm_num_layers': 3, 'dropout_rate': 0.4, 'learning_rate': 0.001, 'weight_decay': 0.001, 'batch_size': 64, 'epochs': 400, 'balance_weights': True, 'balance_participants': True, 'validation_split': 0.15, 'early_stopping_patience': 200, 'scheduler_patience': 10, 'scheduler_factor': 0.5, 'random_state': 245}
[CNNLSTMRegressor] Using device: cuda
[CNNLSTMRegressor] Augmentation: 14297 → 28541 segments (+14244 synthetic)
[CNNLSTMRegressor] Hybrid sample weighting enabled (Target Class * Participants). Weights assigned to 28541 training samples.

Early stopping at epoch 319. Best Val Loss: 0.1477
Regression plot saved to /home/bwingen/thesis/Thesis/model/model_results/run_20260419_165127/regression_plot.png
Loss plot saved to /home/bwingen/thesis/Thesis/model/model_results/run_20260419_165127/loss_plot.png

Generating t-SNE plot of CNN feature space...
[t-SNE] Fitting on 16820 samples (perplexity=30)…
[t-SNE] Computing 91 nearest neighbors...
[t-SNE] Indexed 16820 samples in 0.052s...
[t-SNE] Computed neighbors for 16820 samples in 1.221s...
[t-SNE] Computed conditional probabilities for sample 1000 / 16820
[t-SNE] Computed conditional probabilities for sample 2000 / 16820
[t-SNE] Computed conditional probabilities for sample 3000 / 16820
[t-SNE] Computed conditional probabilities for sample 4000 / 16820
[t-SNE] Computed conditional probabilities for sample 5000 / 16820
[t-SNE] Computed conditional probabilities for sample 6000 / 16820
[t-SNE] Computed conditional probabilities for sample 7000 / 16820
[t-SNE] Computed conditional probabilities for sample 8000 / 16820
[t-SNE] Computed conditional probabilities for sample 9000 / 16820
[t-SNE] Computed conditional probabilities for sample 10000 / 16820
[t-SNE] Computed conditional probabilities for sample 11000 / 16820
[t-SNE] Computed conditional probabilities for sample 12000 / 16820
[t-SNE] Computed conditional probabilities for sample 13000 / 16820
[t-SNE] Computed conditional probabilities for sample 14000 / 16820
[t-SNE] Computed conditional probabilities for sample 15000 / 16820
[t-SNE] Computed conditional probabilities for sample 16000 / 16820
[t-SNE] Computed conditional probabilities for sample 16820 / 16820
[t-SNE] Mean sigma: 0.326208
[t-SNE] KL divergence after 250 iterations with early exaggeration: 91.154305
[t-SNE] KL divergence after 1000 iterations: 2.466332
t-SNE feature plot saved to /home/bwingen/thesis/Thesis/model/model_results/run_20260419_165127/tsne_cnn_features.png
Participant performance plot saved to /home/bwingen/thesis/Thesis/model/model_results/run_20260419_165127/participant_performance.png
Sequence-length performance plot saved to /home/bwingen/thesis/Thesis/model/model_results/run_20260419_165127/seqlen_performance_plot.png
Permutation importance plot saved to /home/bwingen/thesis/Thesis/model/model_results/run_20260419_165127/permutation_importance.png

Performance report saved to /home/bwingen/thesis/Thesis/model/model_results/run_20260419_165127/performance_report.txt
