=================================================================
MULTI-SEED ARCH COMPARISON — array task 26
  Architecture        : cnn_lstm
  Regime              : participant
  Seed                : 4
  Run tag             : cnn_lstm_s4
  Python              : /scratch/bwingen/thesis_env/bin/python
Python 3.10.20
=================================================================
[DataLoader] Weight filter active (applied at training time) — excluding calibrated weights: [0.9, 2.24]
[DataLoader] Loaded blacklist: 545 segments will be skipped.
==============================================================================
ARCHITECTURE COMPARISON — baseline vs st3
  model_type          : cnn_lstm
  CV strategy (regime): participant  [LOPO / cross-subject]
  modalities          : all
  scheduler           : ReduceLROnPlateau  epochs=200  es_patience=5
  feature importance  : OFF
==============================================================================
Results will be saved to: /home/bwingen/thesis/Thesis/model/model_results/run_20260621_205435_participant_cnn_lstm_s4_t26

================================================================================
  RUNNING PIPELINE FOR MODALITY CONFIGURATION: ALL
================================================================================

[DataLoader] Filtered 20 files down to 19 based on PARTICIPANT_CONFIG['include']=['P01', 'P02', 'P03', 'P04', 'P05', 'P06', 'P07', 'P08', 'P09', 'P10', 'P11', 'P12', 'P14', 'P15', 'P16', 'P17', 'P18']
[DataLoader] Skipped 5 blacklisted segments in participant_P02_session_01_segments.h5
[DataLoader] Skipped 5 blacklisted segments in participant_P11_session_01_segments.h5
[DataLoader] Skipped 28 blacklisted segments in participant_P07_session_01_segments.h5
[DataLoader] Skipped 3 blacklisted segments in participant_P01_session_03_segments.h5
[DataLoader] Skipped 16 blacklisted segments in participant_P09_session_01_segments.h5
[DataLoader] Skipped 125 blacklisted segments in participant_P15_session_01_segments.h5
[DataLoader] Skipped 35 blacklisted segments in participant_P08_session_01_segments.h5
[DataLoader] Skipped 19 blacklisted segments in participant_P17_session_01_segments.h5
[DataLoader] Skipped 35 blacklisted segments in participant_P06_session_01_segments.h5
[DataLoader] Skipped 25 blacklisted segments in participant_P16_session_01_segments.h5
[DataLoader] Skipped 16 blacklisted segments in participant_P10_session_01_segments.h5
[DataLoader] Skipped 5 blacklisted segments in participant_P12_session_01_segments.h5
[DataLoader] Skipped 21 blacklisted segments in participant_P14_session_01_segments.h5
[DataLoader] Skipped 10 blacklisted segments in participant_P01_session_02_segments.h5
[DataLoader] Skipped 42 blacklisted segments in participant_P03_session_01_segments.h5
[DataLoader] Skipped 50 blacklisted segments in participant_P05_session_01_segments.h5
[DataLoader] Skipped 28 blacklisted segments in participant_P18_session_01_segments.h5
[DataLoader] Skipped 25 blacklisted segments in participant_P04_session_01_segments.h5
[DataLoader] Skipped 9 blacklisted segments in participant_P01_session_01_segments.h5
[DataLoader] Loaded 18314 raw segments (20 channels each)
[DataLoader] Dropped 2582 segments with excluded weight classes.
Raw Segment Data Summary:
  - Total Segments: 15732
  - Channels (EMG + IMU): 20
  - Avg Segment Length: 2601 samples
  - Min / Max Segment Length: 1001 / 6996 samples
Label vector (y) shape: (15732,) (Target: weight)

Starting 17-Fold Cross-Participant Validation...
--- Fold 1/17 (Left out Participants: P01) ---
Initializing CNN-LSTM Regressor with config: {'cnn_filters': [64, 128, 256, 256], 'cnn_kernel_sizes': [64, 5, 3, 3], 'pool_size': 4, 'lstm_hidden_size': 256, 'lstm_num_layers': 3, 'dropout_rate': 0.45, 'learning_rate': 0.001, 'weight_decay': 0.001, 'batch_size': 64, 'epochs': 200, 'balance_weights': False, 'balance_participants': False, 'validation_split': 0.15, 'early_stopping_patience': 5, 'scheduler_patience': 3, 'scheduler_factor': 0.8, 'use_anthropometrics': True, 'random_state': 4, 'scheduler': {'type': 'ReduceLROnPlateau'}}
[CNNLSTMRegressor] Using device: cuda
    [Strict Validation] Holding out 1 participants for early stopping: P07
[CNNLSTMRegressor] Using explicitly provided validation set (833 samples).
[Augmenter] Balanced 90 participant-weight combinations to 250 samples each. Total: 22500
[CNNLSTMRegressor] Augmentation: 11121 → 22500 segments (+11379 synthetic)
[CNNLSTMRegressor] Anthropometric conditioning enabled (6 features)

Early stopping at epoch 8. Best Val Loss: 1.3791
    Train MAE: 0.3868 | Test MAE: 0.5181 | Gap: 0.1313
    Train RMSE: 0.6360 | Test RMSE: 0.8276 | Ratio: 1.30x
--- Fold 2/17 (Left out Participants: P02) ---
Initializing CNN-LSTM Regressor with config: {'cnn_filters': [64, 128, 256, 256], 'cnn_kernel_sizes': [64, 5, 3, 3], 'pool_size': 4, 'lstm_hidden_size': 256, 'lstm_num_layers': 3, 'dropout_rate': 0.45, 'learning_rate': 0.001, 'weight_decay': 0.001, 'batch_size': 64, 'epochs': 200, 'balance_weights': False, 'balance_participants': False, 'validation_split': 0.15, 'early_stopping_patience': 5, 'scheduler_patience': 3, 'scheduler_factor': 0.8, 'use_anthropometrics': True, 'random_state': 4, 'scheduler': {'type': 'ReduceLROnPlateau'}}
[CNNLSTMRegressor] Using device: cuda
    [Strict Validation] Holding out 1 participants for early stopping: P15
[CNNLSTMRegressor] Using explicitly provided validation set (746 samples).
[Augmenter] Balanced 90 participant-weight combinations to 250 samples each. Total: 22500
[CNNLSTMRegressor] Augmentation: 13767 → 22500 segments (+8733 synthetic)
[CNNLSTMRegressor] Anthropometric conditioning enabled (6 features)

Early stopping at epoch 7. Best Val Loss: 0.1894
    Train MAE: 0.3165 | Test MAE: 0.2442 | Gap: -0.0723
    Train RMSE: 0.5544 | Test RMSE: 0.4194 | Ratio: 0.76x
--- Fold 3/17 (Left out Participants: P12) ---
Initializing CNN-LSTM Regressor with config: {'cnn_filters': [64, 128, 256, 256], 'cnn_kernel_sizes': [64, 5, 3, 3], 'pool_size': 4, 'lstm_hidden_size': 256, 'lstm_num_layers': 3, 'dropout_rate': 0.45, 'learning_rate': 0.001, 'weight_decay': 0.001, 'batch_size': 64, 'epochs': 200, 'balance_weights': False, 'balance_participants': False, 'validation_split': 0.15, 'early_stopping_patience': 5, 'scheduler_patience': 3, 'scheduler_factor': 0.8, 'use_anthropometrics': True, 'random_state': 4, 'scheduler': {'type': 'ReduceLROnPlateau'}}
[CNNLSTMRegressor] Using device: cuda
    [Strict Validation] Holding out 1 participants for early stopping: P09
[CNNLSTMRegressor] Using explicitly provided validation set (847 samples).
[Augmenter] Balanced 90 participant-weight combinations to 250 samples each. Total: 22500
[CNNLSTMRegressor] Augmentation: 14034 → 22500 segments (+8466 synthetic)
[CNNLSTMRegressor] Anthropometric conditioning enabled (6 features)

Early stopping at epoch 7. Best Val Loss: 0.2000
    Train MAE: 0.4722 | Test MAE: 0.3035 | Gap: -0.1687
    Train RMSE: 0.8116 | Test RMSE: 0.5560 | Ratio: 0.69x
--- Fold 4/17 (Left out Participants: P11) ---
Initializing CNN-LSTM Regressor with config: {'cnn_filters': [64, 128, 256, 256], 'cnn_kernel_sizes': [64, 5, 3, 3], 'pool_size': 4, 'lstm_hidden_size': 256, 'lstm_num_layers': 3, 'dropout_rate': 0.45, 'learning_rate': 0.001, 'weight_decay': 0.001, 'batch_size': 64, 'epochs': 200, 'balance_weights': False, 'balance_participants': False, 'validation_split': 0.15, 'early_stopping_patience': 5, 'scheduler_patience': 3, 'scheduler_factor': 0.8, 'use_anthropometrics': True, 'random_state': 4, 'scheduler': {'type': 'ReduceLROnPlateau'}}
[CNNLSTMRegressor] Using device: cuda
    [Strict Validation] Holding out 1 participants for early stopping: P07
[CNNLSTMRegressor] Using explicitly provided validation set (833 samples).
[Augmenter] Balanced 90 participant-weight combinations to 250 samples each. Total: 22500
[CNNLSTMRegressor] Augmentation: 14049 → 22500 segments (+8451 synthetic)
[CNNLSTMRegressor] Anthropometric conditioning enabled (6 features)

Early stopping at epoch 7. Best Val Loss: 1.3693
    Train MAE: 0.3587 | Test MAE: 0.4812 | Gap: 0.1225
    Train RMSE: 0.6086 | Test RMSE: 0.7096 | Ratio: 1.17x
--- Fold 5/17 (Left out Participants: P09) ---
Initializing CNN-LSTM Regressor with config: {'cnn_filters': [64, 128, 256, 256], 'cnn_kernel_sizes': [64, 5, 3, 3], 'pool_size': 4, 'lstm_hidden_size': 256, 'lstm_num_layers': 3, 'dropout_rate': 0.45, 'learning_rate': 0.001, 'weight_decay': 0.001, 'batch_size': 64, 'epochs': 200, 'balance_weights': False, 'balance_participants': False, 'validation_split': 0.15, 'early_stopping_patience': 5, 'scheduler_patience': 3, 'scheduler_factor': 0.8, 'use_anthropometrics': True, 'random_state': 4, 'scheduler': {'type': 'ReduceLROnPlateau'}}
[CNNLSTMRegressor] Using device: cuda
    [Strict Validation] Holding out 1 participants for early stopping: P08
[CNNLSTMRegressor] Using explicitly provided validation set (834 samples).
[Augmenter] Balanced 90 participant-weight combinations to 250 samples each. Total: 22500
[CNNLSTMRegressor] Augmentation: 14051 → 22500 segments (+8449 synthetic)
[CNNLSTMRegressor] Anthropometric conditioning enabled (6 features)

Early stopping at epoch 11. Best Val Loss: 0.5467
    Train MAE: 0.2701 | Test MAE: 0.2811 | Gap: 0.0110
    Train RMSE: 0.4752 | Test RMSE: 0.5772 | Ratio: 1.21x
--- Fold 6/17 (Left out Participants: P17) ---
Initializing CNN-LSTM Regressor with config: {'cnn_filters': [64, 128, 256, 256], 'cnn_kernel_sizes': [64, 5, 3, 3], 'pool_size': 4, 'lstm_hidden_size': 256, 'lstm_num_layers': 3, 'dropout_rate': 0.45, 'learning_rate': 0.001, 'weight_decay': 0.001, 'batch_size': 64, 'epochs': 200, 'balance_weights': False, 'balance_participants': False, 'validation_split': 0.15, 'early_stopping_patience': 5, 'scheduler_patience': 3, 'scheduler_factor': 0.8, 'use_anthropometrics': True, 'random_state': 4, 'scheduler': {'type': 'ReduceLROnPlateau'}}
[CNNLSTMRegressor] Using device: cuda
    [Strict Validation] Holding out 1 participants for early stopping: P06
[CNNLSTMRegressor] Using explicitly provided validation set (826 samples).
[Augmenter] Balanced 90 participant-weight combinations to 250 samples each. Total: 22500
[CNNLSTMRegressor] Augmentation: 14064 → 22500 segments (+8436 synthetic)
[CNNLSTMRegressor] Anthropometric conditioning enabled (6 features)

Early stopping at epoch 6. Best Val Loss: 0.9932
    Train MAE: 0.3834 | Test MAE: 0.5128 | Gap: 0.1294
    Train RMSE: 0.6970 | Test RMSE: 0.8910 | Ratio: 1.28x
--- Fold 7/17 (Left out Participants: P04) ---
Initializing CNN-LSTM Regressor with config: {'cnn_filters': [64, 128, 256, 256], 'cnn_kernel_sizes': [64, 5, 3, 3], 'pool_size': 4, 'lstm_hidden_size': 256, 'lstm_num_layers': 3, 'dropout_rate': 0.45, 'learning_rate': 0.001, 'weight_decay': 0.001, 'batch_size': 64, 'epochs': 200, 'balance_weights': False, 'balance_participants': False, 'validation_split': 0.15, 'early_stopping_patience': 5, 'scheduler_patience': 3, 'scheduler_factor': 0.8, 'use_anthropometrics': True, 'random_state': 4, 'scheduler': {'type': 'ReduceLROnPlateau'}}
[CNNLSTMRegressor] Using device: cuda
    [Strict Validation] Holding out 1 participants for early stopping: P10
[CNNLSTMRegressor] Using explicitly provided validation set (414 samples).
[Augmenter] Balanced 90 participant-weight combinations to 250 samples each. Total: 22500
[CNNLSTMRegressor] Augmentation: 14483 → 22500 segments (+8017 synthetic)
[CNNLSTMRegressor] Anthropometric conditioning enabled (6 features)

Early stopping at epoch 15. Best Val Loss: 0.8167
    Train MAE: 0.3425 | Test MAE: 0.3075 | Gap: -0.0350
    Train RMSE: 0.5834 | Test RMSE: 0.6047 | Ratio: 1.04x
--- Fold 8/17 (Left out Participants: P08) ---
Initializing CNN-LSTM Regressor with config: {'cnn_filters': [64, 128, 256, 256], 'cnn_kernel_sizes': [64, 5, 3, 3], 'pool_size': 4, 'lstm_hidden_size': 256, 'lstm_num_layers': 3, 'dropout_rate': 0.45, 'learning_rate': 0.001, 'weight_decay': 0.001, 'batch_size': 64, 'epochs': 200, 'balance_weights': False, 'balance_participants': False, 'validation_split': 0.15, 'early_stopping_patience': 5, 'scheduler_patience': 3, 'scheduler_factor': 0.8, 'use_anthropometrics': True, 'random_state': 4, 'scheduler': {'type': 'ReduceLROnPlateau'}}
[CNNLSTMRegressor] Using device: cuda
    [Strict Validation] Holding out 1 participants for early stopping: P06
[CNNLSTMRegressor] Using explicitly provided validation set (826 samples).
[Augmenter] Balanced 90 participant-weight combinations to 250 samples each. Total: 22500
[CNNLSTMRegressor] Augmentation: 14072 → 22500 segments (+8428 synthetic)
[CNNLSTMRegressor] Anthropometric conditioning enabled (6 features)

Early stopping at epoch 6. Best Val Loss: 0.8123
    Train MAE: 0.5362 | Test MAE: 0.6482 | Gap: 0.1120
    Train RMSE: 0.6665 | Test RMSE: 0.8855 | Ratio: 1.33x
--- Fold 9/17 (Left out Participants: P07) ---
Initializing CNN-LSTM Regressor with config: {'cnn_filters': [64, 128, 256, 256], 'cnn_kernel_sizes': [64, 5, 3, 3], 'pool_size': 4, 'lstm_hidden_size': 256, 'lstm_num_layers': 3, 'dropout_rate': 0.45, 'learning_rate': 0.001, 'weight_decay': 0.001, 'batch_size': 64, 'epochs': 200, 'balance_weights': False, 'balance_participants': False, 'validation_split': 0.15, 'early_stopping_patience': 5, 'scheduler_patience': 3, 'scheduler_factor': 0.8, 'use_anthropometrics': True, 'random_state': 4, 'scheduler': {'type': 'ReduceLROnPlateau'}}
[CNNLSTMRegressor] Using device: cuda
    [Strict Validation] Holding out 1 participants for early stopping: P10
[CNNLSTMRegressor] Using explicitly provided validation set (414 samples).
[Augmenter] Balanced 90 participant-weight combinations to 250 samples each. Total: 22500
[CNNLSTMRegressor] Augmentation: 14485 → 22500 segments (+8015 synthetic)
[CNNLSTMRegressor] Anthropometric conditioning enabled (6 features)

Early stopping at epoch 15. Best Val Loss: 0.9465
    Train MAE: 0.3808 | Test MAE: 0.6395 | Gap: 0.2587
    Train RMSE: 0.6443 | Test RMSE: 1.1500 | Ratio: 1.78x
--- Fold 10/17 (Left out Participants: P16) ---
Initializing CNN-LSTM Regressor with config: {'cnn_filters': [64, 128, 256, 256], 'cnn_kernel_sizes': [64, 5, 3, 3], 'pool_size': 4, 'lstm_hidden_size': 256, 'lstm_num_layers': 3, 'dropout_rate': 0.45, 'learning_rate': 0.001, 'weight_decay': 0.001, 'batch_size': 64, 'epochs': 200, 'balance_weights': False, 'balance_participants': False, 'validation_split': 0.15, 'early_stopping_patience': 5, 'scheduler_patience': 3, 'scheduler_factor': 0.8, 'use_anthropometrics': True, 'random_state': 4, 'scheduler': {'type': 'ReduceLROnPlateau'}}
[CNNLSTMRegressor] Using device: cuda
    [Strict Validation] Holding out 1 participants for early stopping: P11
[CNNLSTMRegressor] Using explicitly provided validation set (850 samples).
[Augmenter] Balanced 90 participant-weight combinations to 250 samples each. Total: 22500
[CNNLSTMRegressor] Augmentation: 14050 → 22500 segments (+8450 synthetic)
[CNNLSTMRegressor] Anthropometric conditioning enabled (6 features)

Early stopping at epoch 6. Best Val Loss: 0.9257
    Train MAE: 0.4578 | Test MAE: 0.3009 | Gap: -0.1570
    Train RMSE: 0.7695 | Test RMSE: 0.5630 | Ratio: 0.73x
--- Fold 11/17 (Left out Participants: P06) ---
Initializing CNN-LSTM Regressor with config: {'cnn_filters': [64, 128, 256, 256], 'cnn_kernel_sizes': [64, 5, 3, 3], 'pool_size': 4, 'lstm_hidden_size': 256, 'lstm_num_layers': 3, 'dropout_rate': 0.45, 'learning_rate': 0.001, 'weight_decay': 0.001, 'batch_size': 64, 'epochs': 200, 'balance_weights': False, 'balance_participants': False, 'validation_split': 0.15, 'early_stopping_patience': 5, 'scheduler_patience': 3, 'scheduler_factor': 0.8, 'use_anthropometrics': True, 'random_state': 4, 'scheduler': {'type': 'ReduceLROnPlateau'}}
[CNNLSTMRegressor] Using device: cuda
    [Strict Validation] Holding out 1 participants for early stopping: P05
[CNNLSTMRegressor] Using explicitly provided validation set (387 samples).
[Augmenter] Balanced 90 participant-weight combinations to 250 samples each. Total: 22500
[CNNLSTMRegressor] Augmentation: 14519 → 22500 segments (+7981 synthetic)
[CNNLSTMRegressor] Anthropometric conditioning enabled (6 features)

Early stopping at epoch 13. Best Val Loss: 0.2171
    Train MAE: 0.4506 | Test MAE: 0.7362 | Gap: 0.2856
    Train RMSE: 0.7893 | Test RMSE: 1.2629 | Ratio: 1.60x
--- Fold 12/17 (Left out Participants: P03) ---
Initializing CNN-LSTM Regressor with config: {'cnn_filters': [64, 128, 256, 256], 'cnn_kernel_sizes': [64, 5, 3, 3], 'pool_size': 4, 'lstm_hidden_size': 256, 'lstm_num_layers': 3, 'dropout_rate': 0.45, 'learning_rate': 0.001, 'weight_decay': 0.001, 'batch_size': 64, 'epochs': 200, 'balance_weights': False, 'balance_participants': False, 'validation_split': 0.15, 'early_stopping_patience': 5, 'scheduler_patience': 3, 'scheduler_factor': 0.8, 'use_anthropometrics': True, 'random_state': 4, 'scheduler': {'type': 'ReduceLROnPlateau'}}
[CNNLSTMRegressor] Using device: cuda
    [Strict Validation] Holding out 1 participants for early stopping: P14
[CNNLSTMRegressor] Using explicitly provided validation set (413 samples).
[Augmenter] Balanced 90 participant-weight combinations to 250 samples each. Total: 22500
[CNNLSTMRegressor] Augmentation: 14499 → 22500 segments (+8001 synthetic)
[CNNLSTMRegressor] Anthropometric conditioning enabled (6 features)

Early stopping at epoch 6. Best Val Loss: 0.7763
    Train MAE: 0.4079 | Test MAE: 0.3351 | Gap: -0.0729
    Train RMSE: 0.6326 | Test RMSE: 0.4989 | Ratio: 0.79x
--- Fold 13/17 (Left out Participants: P15) ---
Initializing CNN-LSTM Regressor with config: {'cnn_filters': [64, 128, 256, 256], 'cnn_kernel_sizes': [64, 5, 3, 3], 'pool_size': 4, 'lstm_hidden_size': 256, 'lstm_num_layers': 3, 'dropout_rate': 0.45, 'learning_rate': 0.001, 'weight_decay': 0.001, 'batch_size': 64, 'epochs': 200, 'balance_weights': False, 'balance_participants': False, 'validation_split': 0.15, 'early_stopping_patience': 5, 'scheduler_patience': 3, 'scheduler_factor': 0.8, 'use_anthropometrics': True, 'random_state': 4, 'scheduler': {'type': 'ReduceLROnPlateau'}}
[CNNLSTMRegressor] Using device: cuda
    [Strict Validation] Holding out 1 participants for early stopping: P11
[CNNLSTMRegressor] Using explicitly provided validation set (850 samples).
[Augmenter] Balanced 90 participant-weight combinations to 250 samples each. Total: 22500
[CNNLSTMRegressor] Augmentation: 14136 → 22500 segments (+8364 synthetic)
[CNNLSTMRegressor] Anthropometric conditioning enabled (6 features)

Early stopping at epoch 11. Best Val Loss: 0.4854
    Train MAE: 0.4031 | Test MAE: 0.2369 | Gap: -0.1662
    Train RMSE: 0.6785 | Test RMSE: 0.4423 | Ratio: 0.65x
--- Fold 14/17 (Left out Participants: P10) ---
Initializing CNN-LSTM Regressor with config: {'cnn_filters': [64, 128, 256, 256], 'cnn_kernel_sizes': [64, 5, 3, 3], 'pool_size': 4, 'lstm_hidden_size': 256, 'lstm_num_layers': 3, 'dropout_rate': 0.45, 'learning_rate': 0.001, 'weight_decay': 0.001, 'batch_size': 64, 'epochs': 200, 'balance_weights': False, 'balance_participants': False, 'validation_split': 0.15, 'early_stopping_patience': 5, 'scheduler_patience': 3, 'scheduler_factor': 0.8, 'use_anthropometrics': True, 'random_state': 4, 'scheduler': {'type': 'ReduceLROnPlateau'}}
[CNNLSTMRegressor] Using device: cuda
    [Strict Validation] Holding out 1 participants for early stopping: P17
[CNNLSTMRegressor] Using explicitly provided validation set (842 samples).
[Augmenter] Balanced 90 participant-weight combinations to 250 samples each. Total: 22500
[CNNLSTMRegressor] Augmentation: 14476 → 22500 segments (+8024 synthetic)
[CNNLSTMRegressor] Anthropometric conditioning enabled (6 features)

Early stopping at epoch 11. Best Val Loss: 0.8654
    Train MAE: 0.4271 | Test MAE: 0.6113 | Gap: 0.1842
    Train RMSE: 0.6626 | Test RMSE: 1.0426 | Ratio: 1.57x
--- Fold 15/17 (Left out Participants: P14) ---
Initializing CNN-LSTM Regressor with config: {'cnn_filters': [64, 128, 256, 256], 'cnn_kernel_sizes': [64, 5, 3, 3], 'pool_size': 4, 'lstm_hidden_size': 256, 'lstm_num_layers': 3, 'dropout_rate': 0.45, 'learning_rate': 0.001, 'weight_decay': 0.001, 'batch_size': 64, 'epochs': 200, 'balance_weights': False, 'balance_participants': False, 'validation_split': 0.15, 'early_stopping_patience': 5, 'scheduler_patience': 3, 'scheduler_factor': 0.8, 'use_anthropometrics': True, 'random_state': 4, 'scheduler': {'type': 'ReduceLROnPlateau'}}
[CNNLSTMRegressor] Using device: cuda
    [Strict Validation] Holding out 1 participants for early stopping: P10
[CNNLSTMRegressor] Using explicitly provided validation set (414 samples).
[Augmenter] Balanced 90 participant-weight combinations to 250 samples each. Total: 22500
[CNNLSTMRegressor] Augmentation: 14905 → 22500 segments (+7595 synthetic)
[CNNLSTMRegressor] Anthropometric conditioning enabled (6 features)

Early stopping at epoch 7. Best Val Loss: 0.7822
    Train MAE: 0.3674 | Test MAE: 0.4673 | Gap: 0.0999
    Train RMSE: 0.5906 | Test RMSE: 0.8485 | Ratio: 1.44x
--- Fold 16/17 (Left out Participants: P18) ---
Initializing CNN-LSTM Regressor with config: {'cnn_filters': [64, 128, 256, 256], 'cnn_kernel_sizes': [64, 5, 3, 3], 'pool_size': 4, 'lstm_hidden_size': 256, 'lstm_num_layers': 3, 'dropout_rate': 0.45, 'learning_rate': 0.001, 'weight_decay': 0.001, 'batch_size': 64, 'epochs': 200, 'balance_weights': False, 'balance_participants': False, 'validation_split': 0.15, 'early_stopping_patience': 5, 'scheduler_patience': 3, 'scheduler_factor': 0.8, 'use_anthropometrics': True, 'random_state': 4, 'scheduler': {'type': 'ReduceLROnPlateau'}}
[CNNLSTMRegressor] Using device: cuda
    [Strict Validation] Holding out 1 participants for early stopping: P17
[CNNLSTMRegressor] Using explicitly provided validation set (842 samples).
[Augmenter] Balanced 90 participant-weight combinations to 250 samples each. Total: 22500
[CNNLSTMRegressor] Augmentation: 14485 → 22500 segments (+8015 synthetic)
[CNNLSTMRegressor] Anthropometric conditioning enabled (6 features)

Early stopping at epoch 9. Best Val Loss: 0.9353
    Train MAE: 0.5031 | Test MAE: 0.3719 | Gap: -0.1312
    Train RMSE: 0.8580 | Test RMSE: 0.7105 | Ratio: 0.83x
--- Fold 17/17 (Left out Participants: P05) ---
Initializing CNN-LSTM Regressor with config: {'cnn_filters': [64, 128, 256, 256], 'cnn_kernel_sizes': [64, 5, 3, 3], 'pool_size': 4, 'lstm_hidden_size': 256, 'lstm_num_layers': 3, 'dropout_rate': 0.45, 'learning_rate': 0.001, 'weight_decay': 0.001, 'batch_size': 64, 'epochs': 200, 'balance_weights': False, 'balance_participants': False, 'validation_split': 0.15, 'early_stopping_patience': 5, 'scheduler_patience': 3, 'scheduler_factor': 0.8, 'use_anthropometrics': True, 'random_state': 4, 'scheduler': {'type': 'ReduceLROnPlateau'}}
[CNNLSTMRegressor] Using device: cuda
    [Strict Validation] Holding out 1 participants for early stopping: P18
[CNNLSTMRegressor] Using explicitly provided validation set (405 samples).
[Augmenter] Balanced 90 participant-weight combinations to 250 samples each. Total: 22500
[CNNLSTMRegressor] Augmentation: 14940 → 22500 segments (+7560 synthetic)
[CNNLSTMRegressor] Anthropometric conditioning enabled (6 features)

Early stopping at epoch 10. Best Val Loss: 0.3099
    Train MAE: 0.4252 | Test MAE: 0.3512 | Gap: -0.0740
    Train RMSE: 0.7084 | Test RMSE: 0.5717 | Ratio: 0.81x

Training final model on full dataset for saving...
Initializing CNN-LSTM Regressor with config: {'cnn_filters': [64, 128, 256, 256], 'cnn_kernel_sizes': [64, 5, 3, 3], 'pool_size': 4, 'lstm_hidden_size': 256, 'lstm_num_layers': 3, 'dropout_rate': 0.45, 'learning_rate': 0.001, 'weight_decay': 0.001, 'batch_size': 64, 'epochs': 200, 'balance_weights': False, 'balance_participants': False, 'validation_split': 0.15, 'early_stopping_patience': 5, 'scheduler_patience': 3, 'scheduler_factor': 0.8, 'use_anthropometrics': True, 'random_state': 4, 'scheduler': {'type': 'ReduceLROnPlateau'}}
[CNNLSTMRegressor] Using device: cuda
    [Strict Validation] Holding out 1 participants from final dataset for early stopping: P11
[CNNLSTMRegressor] Using explicitly provided validation set (850 samples).
[Augmenter] Balanced 96 participant-weight combinations to 250 samples each. Total: 24000
[CNNLSTMRegressor] Augmentation: 14882 → 24000 segments (+9118 synthetic)
[CNNLSTMRegressor] Anthropometric conditioning enabled (6 features)

Early stopping at epoch 7. Best Val Loss: 0.4775
Regression plot saved to /home/bwingen/thesis/Thesis/model/model_results/run_20260621_205435_participant_cnn_lstm_s4_t26/regression_plot.png
Loss plot saved to /home/bwingen/thesis/Thesis/model/model_results/run_20260621_205435_participant_cnn_lstm_s4_t26/loss_plot.png

Generating t-SNE plot of CNN feature space...
[t-SNE] Fitting on 15732 samples (perplexity=30)…
[t-SNE] Computing 91 nearest neighbors...
[t-SNE] Indexed 15732 samples in 0.064s...
[t-SNE] Computed neighbors for 15732 samples in 2.299s...
[t-SNE] Computed conditional probabilities for sample 1000 / 15732
[t-SNE] Computed conditional probabilities for sample 2000 / 15732
[t-SNE] Computed conditional probabilities for sample 3000 / 15732
[t-SNE] Computed conditional probabilities for sample 4000 / 15732
[t-SNE] Computed conditional probabilities for sample 5000 / 15732
[t-SNE] Computed conditional probabilities for sample 6000 / 15732
[t-SNE] Computed conditional probabilities for sample 7000 / 15732
[t-SNE] Computed conditional probabilities for sample 8000 / 15732
[t-SNE] Computed conditional probabilities for sample 9000 / 15732
[t-SNE] Computed conditional probabilities for sample 10000 / 15732
[t-SNE] Computed conditional probabilities for sample 11000 / 15732
[t-SNE] Computed conditional probabilities for sample 12000 / 15732
[t-SNE] Computed conditional probabilities for sample 13000 / 15732
[t-SNE] Computed conditional probabilities for sample 14000 / 15732
[t-SNE] Computed conditional probabilities for sample 15000 / 15732
[t-SNE] Computed conditional probabilities for sample 15732 / 15732
[t-SNE] Mean sigma: 0.091215
[t-SNE] KL divergence after 250 iterations with early exaggeration: 79.424034
[t-SNE] KL divergence after 1000 iterations: 1.575384
t-SNE feature plot saved to /home/bwingen/thesis/Thesis/model/model_results/run_20260621_205435_participant_cnn_lstm_s4_t26/tsne_cnn_features.png
Participant performance plot saved to /home/bwingen/thesis/Thesis/model/model_results/run_20260621_205435_participant_cnn_lstm_s4_t26/participant_performance.png
Sequence-length performance plot saved to /home/bwingen/thesis/Thesis/model/model_results/run_20260621_205435_participant_cnn_lstm_s4_t26/seqlen_performance_plot.png

Performance report saved to /home/bwingen/thesis/Thesis/model/model_results/run_20260621_205435_participant_cnn_lstm_s4_t26/performance_report.txt

============================================================
  BALANCED PERFORMANCE SUMMARY
============================================================
--- MACRO-AVERAGED METRICS (BALANCED) ---
Primary metric: class_participant_macro (equal weight per participant AND per weight class)

View                         | MAE      | RMSE     | R2      
-------------------------------------------------------------
class+participant macro *    | 0.7314   | 0.8619   | 0.7156  
participant macro            | 0.4322   | 0.7389   | 0.8376  
class macro                  | 0.7396   | 0.9349   | 0.7220  
pooled (unbalanced)          | 0.4427   | 0.7777   | 0.8373  

* PRIMARY. R2 under class balancing uses class-balanced sample weights
  (per-class R2 is undefined; a single class has zero target variance).
============================================================


[run_data_exporter] Run data saved to /home/bwingen/thesis/Thesis/model/model_results/run_20260621_205435_participant_cnn_lstm_s4_t26/run_data.json

--------------------------------------------------
LAUNCHING AUTOMATED DEEPSHAP ANALYSIS
--------------------------------------------------
Skipping DeepSHAP analysis (COMPUTE_FEATURE_IMPORTANCE or COMPUTE_DEEPSHAP is False)...
