Database found at /scratch/bwingen/thesis/database
Using Python: /scratch/bwingen/thesis_env/bin/python
Python 3.10.20
Results will be saved to: /home/bwingen/thesis/Thesis/model/model_results/run_20260409_152537
Found 13 segment file(s).
Extracting features from HDF5 files. This may take a moment...
[DataLoader] Loaded 13831 raw segments (26 channels each)
Extracted features dataframe shape: (13831, 9)
Raw Segment Data Summary:
  - Total Segments: 13831
  - Channels (EMG + IMU): 26
  - Avg Segment Length: 2639 samples
  - Min / Max Segment Length: 21 / 142433 samples
Label vector (y) shape: (13831,) (Target: weight)

Starting 11-Fold Leave-One-Participant-Out Cross-Validation...
--- Fold 1/11 (Left out Participant: P01) ---
Initializing CNN-LSTM Regressor with config: {'cnn_filters': [128, 256, 512], 'cnn_kernel_sizes': [7, 5, 3], 'pool_size': 4, 'lstm_hidden_size': 512, 'lstm_num_layers': 4, 'dropout_rate': 0.4, 'learning_rate': 0.001, 'weight_decay': 1e-05, 'batch_size': 64, 'epochs': 1000, 'balance_weights': False, 'validation_split': 0.2, 'early_stopping_patience': 100, 'scheduler_patience': 50, 'scheduler_factor': 0.5, 'random_state': 245}
[CNNLSTMRegressor] Using device: cuda
[CNNLSTMRegressor] Augmentation: 7521 → 14923 segments (+7402 synthetic)

Early stopping at epoch 277. Best Val Loss: 0.0988
--- Fold 2/11 (Left out Participant: P02) ---
Initializing CNN-LSTM Regressor with config: {'cnn_filters': [128, 256, 512], 'cnn_kernel_sizes': [7, 5, 3], 'pool_size': 4, 'lstm_hidden_size': 512, 'lstm_num_layers': 4, 'dropout_rate': 0.4, 'learning_rate': 0.001, 'weight_decay': 1e-05, 'batch_size': 64, 'epochs': 1000, 'balance_weights': False, 'validation_split': 0.2, 'early_stopping_patience': 100, 'scheduler_patience': 50, 'scheduler_factor': 0.5, 'random_state': 245}
[CNNLSTMRegressor] Using device: cuda
[CNNLSTMRegressor] Augmentation: 9922 → 19809 segments (+9887 synthetic)

Early stopping at epoch 275. Best Val Loss: 0.0959
--- Fold 3/11 (Left out Participant: P03) ---
Initializing CNN-LSTM Regressor with config: {'cnn_filters': [128, 256, 512], 'cnn_kernel_sizes': [7, 5, 3], 'pool_size': 4, 'lstm_hidden_size': 512, 'lstm_num_layers': 4, 'dropout_rate': 0.4, 'learning_rate': 0.001, 'weight_decay': 1e-05, 'batch_size': 64, 'epochs': 1000, 'balance_weights': False, 'validation_split': 0.2, 'early_stopping_patience': 100, 'scheduler_patience': 50, 'scheduler_factor': 0.5, 'random_state': 245}
[CNNLSTMRegressor] Using device: cuda
[CNNLSTMRegressor] Augmentation: 10266 → 20565 segments (+10299 synthetic)

Early stopping at epoch 245. Best Val Loss: 0.0780
--- Fold 4/11 (Left out Participant: P04) ---
Initializing CNN-LSTM Regressor with config: {'cnn_filters': [128, 256, 512], 'cnn_kernel_sizes': [7, 5, 3], 'pool_size': 4, 'lstm_hidden_size': 512, 'lstm_num_layers': 4, 'dropout_rate': 0.4, 'learning_rate': 0.001, 'weight_decay': 1e-05, 'batch_size': 64, 'epochs': 1000, 'balance_weights': False, 'validation_split': 0.2, 'early_stopping_patience': 100, 'scheduler_patience': 50, 'scheduler_factor': 0.5, 'random_state': 245}
[CNNLSTMRegressor] Using device: cuda
[CNNLSTMRegressor] Augmentation: 10266 → 20386 segments (+10120 synthetic)

Early stopping at epoch 255. Best Val Loss: 0.0840
--- Fold 5/11 (Left out Participant: P05) ---
Initializing CNN-LSTM Regressor with config: {'cnn_filters': [128, 256, 512], 'cnn_kernel_sizes': [7, 5, 3], 'pool_size': 4, 'lstm_hidden_size': 512, 'lstm_num_layers': 4, 'dropout_rate': 0.4, 'learning_rate': 0.001, 'weight_decay': 1e-05, 'batch_size': 64, 'epochs': 1000, 'balance_weights': False, 'validation_split': 0.2, 'early_stopping_patience': 100, 'scheduler_patience': 50, 'scheduler_factor': 0.5, 'random_state': 245}
[CNNLSTMRegressor] Using device: cuda
[CNNLSTMRegressor] Augmentation: 10665 → 21424 segments (+10759 synthetic)

Early stopping at epoch 265. Best Val Loss: 0.1091
--- Fold 6/11 (Left out Participant: P06) ---
Initializing CNN-LSTM Regressor with config: {'cnn_filters': [128, 256, 512], 'cnn_kernel_sizes': [7, 5, 3], 'pool_size': 4, 'lstm_hidden_size': 512, 'lstm_num_layers': 4, 'dropout_rate': 0.4, 'learning_rate': 0.001, 'weight_decay': 1e-05, 'batch_size': 64, 'epochs': 1000, 'balance_weights': False, 'validation_split': 0.2, 'early_stopping_patience': 100, 'scheduler_patience': 50, 'scheduler_factor': 0.5, 'random_state': 245}
[CNNLSTMRegressor] Using device: cuda
[CNNLSTMRegressor] Augmentation: 10271 → 20452 segments (+10181 synthetic)

Early stopping at epoch 168. Best Val Loss: 0.0796
--- Fold 7/11 (Left out Participant: P07) ---
Initializing CNN-LSTM Regressor with config: {'cnn_filters': [128, 256, 512], 'cnn_kernel_sizes': [7, 5, 3], 'pool_size': 4, 'lstm_hidden_size': 512, 'lstm_num_layers': 4, 'dropout_rate': 0.4, 'learning_rate': 0.001, 'weight_decay': 1e-05, 'batch_size': 64, 'epochs': 1000, 'balance_weights': False, 'validation_split': 0.2, 'early_stopping_patience': 100, 'scheduler_patience': 50, 'scheduler_factor': 0.5, 'random_state': 245}
[CNNLSTMRegressor] Using device: cuda
[CNNLSTMRegressor] Augmentation: 10267 → 20412 segments (+10145 synthetic)

Early stopping at epoch 231. Best Val Loss: 0.0791
--- Fold 8/11 (Left out Participant: P08) ---
Initializing CNN-LSTM Regressor with config: {'cnn_filters': [128, 256, 512], 'cnn_kernel_sizes': [7, 5, 3], 'pool_size': 4, 'lstm_hidden_size': 512, 'lstm_num_layers': 4, 'dropout_rate': 0.4, 'learning_rate': 0.001, 'weight_decay': 1e-05, 'batch_size': 64, 'epochs': 1000, 'balance_weights': False, 'validation_split': 0.2, 'early_stopping_patience': 100, 'scheduler_patience': 50, 'scheduler_factor': 0.5, 'random_state': 245}
[CNNLSTMRegressor] Using device: cuda
[CNNLSTMRegressor] Augmentation: 10267 → 20478 segments (+10211 synthetic)

Early stopping at epoch 204. Best Val Loss: 0.0678
--- Fold 9/11 (Left out Participant: P09) ---
Initializing CNN-LSTM Regressor with config: {'cnn_filters': [128, 256, 512], 'cnn_kernel_sizes': [7, 5, 3], 'pool_size': 4, 'lstm_hidden_size': 512, 'lstm_num_layers': 4, 'dropout_rate': 0.4, 'learning_rate': 0.001, 'weight_decay': 1e-05, 'batch_size': 64, 'epochs': 1000, 'balance_weights': False, 'validation_split': 0.2, 'early_stopping_patience': 100, 'scheduler_patience': 50, 'scheduler_factor': 0.5, 'random_state': 245}
[CNNLSTMRegressor] Using device: cuda
[CNNLSTMRegressor] Augmentation: 10266 → 20646 segments (+10380 synthetic)

Early stopping at epoch 315. Best Val Loss: 0.0848
--- Fold 10/11 (Left out Participant: P10) ---
Initializing CNN-LSTM Regressor with config: {'cnn_filters': [128, 256, 512], 'cnn_kernel_sizes': [7, 5, 3], 'pool_size': 4, 'lstm_hidden_size': 512, 'lstm_num_layers': 4, 'dropout_rate': 0.4, 'learning_rate': 0.001, 'weight_decay': 1e-05, 'batch_size': 64, 'epochs': 1000, 'balance_weights': False, 'validation_split': 0.2, 'early_stopping_patience': 100, 'scheduler_patience': 50, 'scheduler_factor': 0.5, 'random_state': 245}
[CNNLSTMRegressor] Using device: cuda
[CNNLSTMRegressor] Augmentation: 10667 → 21452 segments (+10785 synthetic)

Early stopping at epoch 380. Best Val Loss: 0.0782
--- Fold 11/11 (Left out Participant: P11) ---
Initializing CNN-LSTM Regressor with config: {'cnn_filters': [128, 256, 512], 'cnn_kernel_sizes': [7, 5, 3], 'pool_size': 4, 'lstm_hidden_size': 512, 'lstm_num_layers': 4, 'dropout_rate': 0.4, 'learning_rate': 0.001, 'weight_decay': 1e-05, 'batch_size': 64, 'epochs': 1000, 'balance_weights': False, 'validation_split': 0.2, 'early_stopping_patience': 100, 'scheduler_patience': 50, 'scheduler_factor': 0.5, 'random_state': 245}
[CNNLSTMRegressor] Using device: cuda
[CNNLSTMRegressor] Augmentation: 10266 → 20519 segments (+10253 synthetic)

Early stopping at epoch 430. Best Val Loss: 0.1064

=======================================================
CROSS-VALIDATION RESULTS (11 Folds)
MAE: 0.3144 (±0.0928)
MSE: 0.3811 (±0.1663)
RMSE: 0.6011 (±0.1406)
R2: 0.8829 (±0.0511)
train_time: 5557.6088 (±1343.6598)
inference_time_total: 1.3609 (±0.9579)
inference_time_per_sample: 0.0012 (±0.0004)

=======================================================

Training final model on full dataset for saving...
Initializing CNN-LSTM Regressor with config: {'cnn_filters': [128, 256, 512], 'cnn_kernel_sizes': [7, 5, 3], 'pool_size': 4, 'lstm_hidden_size': 512, 'lstm_num_layers': 4, 'dropout_rate': 0.4, 'learning_rate': 0.001, 'weight_decay': 1e-05, 'batch_size': 64, 'epochs': 1000, 'balance_weights': False, 'validation_split': 0.2, 'early_stopping_patience': 100, 'scheduler_patience': 50, 'scheduler_factor': 0.5, 'random_state': 245}
[CNNLSTMRegressor] Using device: cuda
[CNNLSTMRegressor] Augmentation: 11064 → 22065 segments (+11001 synthetic)

Early stopping at epoch 167. Best Val Loss: 0.0775
Regression plot saved to /home/bwingen/thesis/Thesis/model/model_results/run_20260409_152537/regression_plot.png
Loss plot saved to /home/bwingen/thesis/Thesis/model/model_results/run_20260409_152537/loss_plot.png
Loss plot saved to /home/bwingen/thesis/Thesis/model/model_results/run_20260409_152537/loss_plot.png

Generating t-SNE plot of CNN feature space...
[t-SNE] Fitting on 13831 samples (perplexity=30)…
[t-SNE] Computing 91 nearest neighbors...
[t-SNE] Indexed 13831 samples in 0.043s...
[t-SNE] Computed neighbors for 13831 samples in 2.494s...
[t-SNE] Computed conditional probabilities for sample 1000 / 13831
[t-SNE] Computed conditional probabilities for sample 2000 / 13831
[t-SNE] Computed conditional probabilities for sample 3000 / 13831
[t-SNE] Computed conditional probabilities for sample 4000 / 13831
[t-SNE] Computed conditional probabilities for sample 5000 / 13831
[t-SNE] Computed conditional probabilities for sample 6000 / 13831
[t-SNE] Computed conditional probabilities for sample 7000 / 13831
[t-SNE] Computed conditional probabilities for sample 8000 / 13831
[t-SNE] Computed conditional probabilities for sample 9000 / 13831
[t-SNE] Computed conditional probabilities for sample 10000 / 13831
[t-SNE] Computed conditional probabilities for sample 11000 / 13831
[t-SNE] Computed conditional probabilities for sample 12000 / 13831
[t-SNE] Computed conditional probabilities for sample 13000 / 13831
[t-SNE] Computed conditional probabilities for sample 13831 / 13831
[t-SNE] Mean sigma: 0.319905
[t-SNE] KL divergence after 250 iterations with early exaggeration: 86.818642
[t-SNE] KL divergence after 1000 iterations: 1.816984
t-SNE feature plot saved to /home/bwingen/thesis/Thesis/model/model_results/run_20260409_152537/tsne_cnn_features.png
t-SNE plot saved to /home/bwingen/thesis/Thesis/model/model_results/run_20260409_152537/tsne_cnn_features.png
Participant performance plot saved to /home/bwingen/thesis/Thesis/model/model_results/run_20260409_152537/participant_performance.png
Sequence-length performance plot saved to /home/bwingen/thesis/Thesis/model/model_results/run_20260409_152537/seqlen_performance_plot.png

Performance report saved to /home/bwingen/thesis/Thesis/model/model_results/run_20260409_152537/performance_report.txt
