Database found at /scratch/bwingen/thesis/database
Using Python: /scratch/bwingen/thesis_env/bin/python
Python 3.10.20
Results will be saved to: /home/bwingen/thesis/Thesis/model/model_results/run_20260412_205407
[DataLoader] Loaded 13831 raw segments (26 channels each)
Raw Segment Data Summary:
  - Total Segments: 13831
  - Channels (EMG + IMU): 26
  - Avg Segment Length: 2639 samples
  - Min / Max Segment Length: 21 / 142433 samples
Label vector (y) shape: (13831,) (Target: weight)

Starting 11-Fold Leave-One-Participant-Out Cross-Validation...
--- Fold 1/11 (Left out Participant: P01) ---
Initializing CNN-LSTM Regressor with config: {'cnn_filters': [64, 128, 256, 256], 'cnn_kernel_sizes': [7, 5, 3, 3], 'pool_size': 4, 'lstm_hidden_size': 256, 'lstm_num_layers': 3, 'dropout_rate': 0.4, 'learning_rate': 0.001, 'weight_decay': 1e-05, 'batch_size': 64, 'epochs': 1000, 'balance_weights': False, 'validation_split': 0.15, 'early_stopping_patience': 100, 'scheduler_T_0': 50, 'scheduler_T_mult': 2, 'random_state': 245}
[CNNLSTMRegressor] Using device: cuda
[CNNLSTMRegressor] Augmentation: 7991 → 15971 segments (+7980 synthetic)

Early stopping at epoch 372. Best Val Loss: 0.1037
--- Fold 2/11 (Left out Participant: P02) ---
Initializing CNN-LSTM Regressor with config: {'cnn_filters': [64, 128, 256, 256], 'cnn_kernel_sizes': [7, 5, 3, 3], 'pool_size': 4, 'lstm_hidden_size': 256, 'lstm_num_layers': 3, 'dropout_rate': 0.4, 'learning_rate': 0.001, 'weight_decay': 1e-05, 'batch_size': 64, 'epochs': 1000, 'balance_weights': False, 'validation_split': 0.15, 'early_stopping_patience': 100, 'scheduler_T_0': 50, 'scheduler_T_mult': 2, 'random_state': 245}
[CNNLSTMRegressor] Using device: cuda
[CNNLSTMRegressor] Augmentation: 10542 → 21230 segments (+10688 synthetic)

Early stopping at epoch 218. Best Val Loss: 0.1105
--- Fold 3/11 (Left out Participant: P03) ---
Initializing CNN-LSTM Regressor with config: {'cnn_filters': [64, 128, 256, 256], 'cnn_kernel_sizes': [7, 5, 3, 3], 'pool_size': 4, 'lstm_hidden_size': 256, 'lstm_num_layers': 3, 'dropout_rate': 0.4, 'learning_rate': 0.001, 'weight_decay': 1e-05, 'batch_size': 64, 'epochs': 1000, 'balance_weights': False, 'validation_split': 0.15, 'early_stopping_patience': 100, 'scheduler_T_0': 50, 'scheduler_T_mult': 2, 'random_state': 245}
[CNNLSTMRegressor] Using device: cuda
[CNNLSTMRegressor] Augmentation: 10908 → 21776 segments (+10868 synthetic)

Early stopping at epoch 340. Best Val Loss: 0.0970
--- Fold 4/11 (Left out Participant: P04) ---
Initializing CNN-LSTM Regressor with config: {'cnn_filters': [64, 128, 256, 256], 'cnn_kernel_sizes': [7, 5, 3, 3], 'pool_size': 4, 'lstm_hidden_size': 256, 'lstm_num_layers': 3, 'dropout_rate': 0.4, 'learning_rate': 0.001, 'weight_decay': 1e-05, 'batch_size': 64, 'epochs': 1000, 'balance_weights': False, 'validation_split': 0.15, 'early_stopping_patience': 100, 'scheduler_T_0': 50, 'scheduler_T_mult': 2, 'random_state': 245}
[CNNLSTMRegressor] Using device: cuda
[CNNLSTMRegressor] Augmentation: 10908 → 21917 segments (+11009 synthetic)

Early stopping at epoch 350. Best Val Loss: 0.0982
--- Fold 5/11 (Left out Participant: P05) ---
Initializing CNN-LSTM Regressor with config: {'cnn_filters': [64, 128, 256, 256], 'cnn_kernel_sizes': [7, 5, 3, 3], 'pool_size': 4, 'lstm_hidden_size': 256, 'lstm_num_layers': 3, 'dropout_rate': 0.4, 'learning_rate': 0.001, 'weight_decay': 1e-05, 'batch_size': 64, 'epochs': 1000, 'balance_weights': False, 'validation_split': 0.15, 'early_stopping_patience': 100, 'scheduler_T_0': 50, 'scheduler_T_mult': 2, 'random_state': 245}
[CNNLSTMRegressor] Using device: cuda
[CNNLSTMRegressor] Augmentation: 11332 → 22612 segments (+11280 synthetic)

Early stopping at epoch 183. Best Val Loss: 0.1247
--- Fold 6/11 (Left out Participant: P06) ---
Initializing CNN-LSTM Regressor with config: {'cnn_filters': [64, 128, 256, 256], 'cnn_kernel_sizes': [7, 5, 3, 3], 'pool_size': 4, 'lstm_hidden_size': 256, 'lstm_num_layers': 3, 'dropout_rate': 0.4, 'learning_rate': 0.001, 'weight_decay': 1e-05, 'batch_size': 64, 'epochs': 1000, 'balance_weights': False, 'validation_split': 0.15, 'early_stopping_patience': 100, 'scheduler_T_0': 50, 'scheduler_T_mult': 2, 'random_state': 245}
[CNNLSTMRegressor] Using device: cuda
[CNNLSTMRegressor] Augmentation: 10913 → 21868 segments (+10955 synthetic)

Early stopping at epoch 299. Best Val Loss: 0.0712
--- Fold 7/11 (Left out Participant: P07) ---
Initializing CNN-LSTM Regressor with config: {'cnn_filters': [64, 128, 256, 256], 'cnn_kernel_sizes': [7, 5, 3, 3], 'pool_size': 4, 'lstm_hidden_size': 256, 'lstm_num_layers': 3, 'dropout_rate': 0.4, 'learning_rate': 0.001, 'weight_decay': 1e-05, 'batch_size': 64, 'epochs': 1000, 'balance_weights': False, 'validation_split': 0.15, 'early_stopping_patience': 100, 'scheduler_T_0': 50, 'scheduler_T_mult': 2, 'random_state': 245}
[CNNLSTMRegressor] Using device: cuda
[CNNLSTMRegressor] Augmentation: 10908 → 21811 segments (+10903 synthetic)

Early stopping at epoch 216. Best Val Loss: 0.0906
--- Fold 8/11 (Left out Participant: P08) ---
Initializing CNN-LSTM Regressor with config: {'cnn_filters': [64, 128, 256, 256], 'cnn_kernel_sizes': [7, 5, 3, 3], 'pool_size': 4, 'lstm_hidden_size': 256, 'lstm_num_layers': 3, 'dropout_rate': 0.4, 'learning_rate': 0.001, 'weight_decay': 1e-05, 'batch_size': 64, 'epochs': 1000, 'balance_weights': False, 'validation_split': 0.15, 'early_stopping_patience': 100, 'scheduler_T_0': 50, 'scheduler_T_mult': 2, 'random_state': 245}
[CNNLSTMRegressor] Using device: cuda
[CNNLSTMRegressor] Augmentation: 10908 → 21843 segments (+10935 synthetic)

Early stopping at epoch 417. Best Val Loss: 0.0695
--- Fold 9/11 (Left out Participant: P09) ---
Initializing CNN-LSTM Regressor with config: {'cnn_filters': [64, 128, 256, 256], 'cnn_kernel_sizes': [7, 5, 3, 3], 'pool_size': 4, 'lstm_hidden_size': 256, 'lstm_num_layers': 3, 'dropout_rate': 0.4, 'learning_rate': 0.001, 'weight_decay': 1e-05, 'batch_size': 64, 'epochs': 1000, 'balance_weights': False, 'validation_split': 0.15, 'early_stopping_patience': 100, 'scheduler_T_0': 50, 'scheduler_T_mult': 2, 'random_state': 245}
[CNNLSTMRegressor] Using device: cuda
[CNNLSTMRegressor] Augmentation: 10908 → 21851 segments (+10943 synthetic)

Early stopping at epoch 354. Best Val Loss: 0.0899
--- Fold 10/11 (Left out Participant: P10) ---
Initializing CNN-LSTM Regressor with config: {'cnn_filters': [64, 128, 256, 256], 'cnn_kernel_sizes': [7, 5, 3, 3], 'pool_size': 4, 'lstm_hidden_size': 256, 'lstm_num_layers': 3, 'dropout_rate': 0.4, 'learning_rate': 0.001, 'weight_decay': 1e-05, 'batch_size': 64, 'epochs': 1000, 'balance_weights': False, 'validation_split': 0.15, 'early_stopping_patience': 100, 'scheduler_T_0': 50, 'scheduler_T_mult': 2, 'random_state': 245}
[CNNLSTMRegressor] Using device: cuda
[CNNLSTMRegressor] Augmentation: 11333 → 22605 segments (+11272 synthetic)

Early stopping at epoch 393. Best Val Loss: 0.0795
--- Fold 11/11 (Left out Participant: P11) ---
Initializing CNN-LSTM Regressor with config: {'cnn_filters': [64, 128, 256, 256], 'cnn_kernel_sizes': [7, 5, 3, 3], 'pool_size': 4, 'lstm_hidden_size': 256, 'lstm_num_layers': 3, 'dropout_rate': 0.4, 'learning_rate': 0.001, 'weight_decay': 1e-05, 'batch_size': 64, 'epochs': 1000, 'balance_weights': False, 'validation_split': 0.15, 'early_stopping_patience': 100, 'scheduler_T_0': 50, 'scheduler_T_mult': 2, 'random_state': 245}
[CNNLSTMRegressor] Using device: cuda
[CNNLSTMRegressor] Augmentation: 10908 → 21930 segments (+11022 synthetic)

Early stopping at epoch 218. Best Val Loss: 0.1099

Training final model on full dataset for saving...
Initializing CNN-LSTM Regressor with config: {'cnn_filters': [64, 128, 256, 256], 'cnn_kernel_sizes': [7, 5, 3, 3], 'pool_size': 4, 'lstm_hidden_size': 256, 'lstm_num_layers': 3, 'dropout_rate': 0.4, 'learning_rate': 0.001, 'weight_decay': 1e-05, 'batch_size': 64, 'epochs': 1000, 'balance_weights': False, 'validation_split': 0.15, 'early_stopping_patience': 100, 'scheduler_T_0': 50, 'scheduler_T_mult': 2, 'random_state': 245}
[CNNLSTMRegressor] Using device: cuda
[CNNLSTMRegressor] Augmentation: 11756 → 23594 segments (+11838 synthetic)

Early stopping at epoch 187. Best Val Loss: 0.0876
Regression plot saved to /home/bwingen/thesis/Thesis/model/model_results/run_20260412_205407/regression_plot.png
Loss plot saved to /home/bwingen/thesis/Thesis/model/model_results/run_20260412_205407/loss_plot.png

Generating t-SNE plot of CNN feature space...
[t-SNE] Fitting on 13831 samples (perplexity=30)…
[t-SNE] Computing 91 nearest neighbors...
[t-SNE] Indexed 13831 samples in 0.039s...
[t-SNE] Computed neighbors for 13831 samples in 1.108s...
[t-SNE] Computed conditional probabilities for sample 1000 / 13831
[t-SNE] Computed conditional probabilities for sample 2000 / 13831
[t-SNE] Computed conditional probabilities for sample 3000 / 13831
[t-SNE] Computed conditional probabilities for sample 4000 / 13831
[t-SNE] Computed conditional probabilities for sample 5000 / 13831
[t-SNE] Computed conditional probabilities for sample 6000 / 13831
[t-SNE] Computed conditional probabilities for sample 7000 / 13831
[t-SNE] Computed conditional probabilities for sample 8000 / 13831
[t-SNE] Computed conditional probabilities for sample 9000 / 13831
[t-SNE] Computed conditional probabilities for sample 10000 / 13831
[t-SNE] Computed conditional probabilities for sample 11000 / 13831
[t-SNE] Computed conditional probabilities for sample 12000 / 13831
[t-SNE] Computed conditional probabilities for sample 13000 / 13831
[t-SNE] Computed conditional probabilities for sample 13831 / 13831
[t-SNE] Mean sigma: 0.282134
[t-SNE] KL divergence after 250 iterations with early exaggeration: 84.217743
[t-SNE] KL divergence after 1000 iterations: 2.118569
t-SNE feature plot saved to /home/bwingen/thesis/Thesis/model/model_results/run_20260412_205407/tsne_cnn_features.png
Participant performance plot saved to /home/bwingen/thesis/Thesis/model/model_results/run_20260412_205407/participant_performance.png
Sequence-length performance plot saved to /home/bwingen/thesis/Thesis/model/model_results/run_20260412_205407/seqlen_performance_plot.png

Performance report saved to /home/bwingen/thesis/Thesis/model/model_results/run_20260412_205407/performance_report.txt
