Database found at /scratch/bwingen/thesis/database
Using Python: /scratch/bwingen/thesis_env/bin/python
Python 3.10.20
=================================================================
RUN_MODEL pipeline (full-sweep winner, kfold CV + ablation + importance)
Args: 
=================================================================
[DataLoader] Weight filter active (applied at training time) — excluding calibrated weights: [0.9, 2.24]
[DataLoader] Loaded blacklist: 545 segments will be skipped.

[MACRO ABLATION LOOP] Enabled. Will run sequentially for: ['all', 'emg_only', 'imu_only']
Results will be saved to: /home/bwingen/thesis/Thesis/model/model_results/run_20260617_093410

================================================================================
  RUNNING PIPELINE FOR MODALITY CONFIGURATION: ALL
================================================================================

[DataLoader] Filtered 20 files down to 19 based on PARTICIPANT_CONFIG['include']=['P01', 'P02', 'P03', 'P04', 'P05', 'P06', 'P07', 'P08', 'P09', 'P10', 'P11', 'P12', 'P14', 'P15', 'P16', 'P17', 'P18']
[DataLoader] Skipped 5 blacklisted segments in participant_P02_session_01_segments.h5
[DataLoader] Skipped 5 blacklisted segments in participant_P11_session_01_segments.h5
[DataLoader] Skipped 28 blacklisted segments in participant_P07_session_01_segments.h5
[DataLoader] Skipped 3 blacklisted segments in participant_P01_session_03_segments.h5
[DataLoader] Skipped 15 blacklisted segments in participant_P09_session_01_segments.h5
[DataLoader] Skipped 125 blacklisted segments in participant_P15_session_01_segments.h5
[DataLoader] Skipped 35 blacklisted segments in participant_P08_session_01_segments.h5
[DataLoader] Skipped 19 blacklisted segments in participant_P17_session_01_segments.h5
[DataLoader] Skipped 35 blacklisted segments in participant_P06_session_01_segments.h5
[DataLoader] Skipped 25 blacklisted segments in participant_P16_session_01_segments.h5
[DataLoader] Skipped 16 blacklisted segments in participant_P10_session_01_segments.h5
[DataLoader] Skipped 4 blacklisted segments in participant_P12_session_01_segments.h5
[DataLoader] Skipped 20 blacklisted segments in participant_P14_session_01_segments.h5
[DataLoader] Skipped 10 blacklisted segments in participant_P01_session_02_segments.h5
[DataLoader] Skipped 42 blacklisted segments in participant_P03_session_01_segments.h5
[DataLoader] Skipped 50 blacklisted segments in participant_P05_session_01_segments.h5
[DataLoader] Skipped 28 blacklisted segments in participant_P18_session_01_segments.h5
[DataLoader] Skipped 25 blacklisted segments in participant_P04_session_01_segments.h5
[DataLoader] Skipped 9 blacklisted segments in participant_P01_session_01_segments.h5
[DataLoader] Filter active: removed 144 features from disabled channels/feature-types.
[DataLoader] Dropped 2582 segments with excluded weight classes.
Sequence Data Summary:
  - Total Lifts (Sequences): 15732
  - Average Windows per Lift: 11.5
  - Features per Window: 160
Label vector (y) shape: (15732,) (Target: weight)

Starting 5-Fold Stratified Cross-Validation...
--- Fold 1/5 ---
Initializing Modality-Grouped Spatio-Temporal Transformer Regressor with config: {'d_model': 96, 'nhead_spatial': 4, 'num_layers': 4, 'nhead_temporal': 2, 'dim_feedforward': 1024, 'dropout_rate': 0.2, 'learning_rate': 0.0002, 'class_balanced_loss': False, 'weight_decay': 0.001, 'batch_size': 128, 'epochs': 200, 'validation_split': 0.1, 'early_stopping_patience': 200, 'scheduler_patience': 7, 'scheduler_factor': 0.5, 'use_checkpointing': True, 'use_amp': True, 'scheduler': {'type': 'OneCycleLR', 'max_lr': 0.0002, 'pct_start': 0.4}, 'random_state': 245}
[SpatioTemporalTransformerRegressor3] Using device: cuda
[SpatioTemporalTransformerRegressor3] Capping sequence length at 24 based on sample distribution (min_count=56).
[SpatioTemporalTransformerRegressor3] Grouped features into 20 spatial channels.
[Augmenter] Balanced 102 participant-weight combinations to 100 samples each. Total: 10200
[SpatioTemporalTransformerNetwork3] Modality groups: {'EMG': 8, 'IMU_Accel': 6, 'IMU_Orient': 6}
    Train MAE: 0.0992 | Test MAE: 0.1631 | Gap: 0.0639
    Train RMSE: 0.2155 | Test RMSE: 0.3832 | Ratio: 1.78x
Computing permutation importance for fold (channel)...
Computing permutation importance for fold (feature)...
Computing permutation importance for fold (individual feature)...
--- Fold 2/5 ---
Initializing Modality-Grouped Spatio-Temporal Transformer Regressor with config: {'d_model': 96, 'nhead_spatial': 4, 'num_layers': 4, 'nhead_temporal': 2, 'dim_feedforward': 1024, 'dropout_rate': 0.2, 'learning_rate': 0.0002, 'class_balanced_loss': False, 'weight_decay': 0.001, 'batch_size': 128, 'epochs': 200, 'validation_split': 0.1, 'early_stopping_patience': 200, 'scheduler_patience': 7, 'scheduler_factor': 0.5, 'use_checkpointing': True, 'use_amp': True, 'scheduler': {'type': 'OneCycleLR', 'max_lr': 0.0002, 'pct_start': 0.4}, 'random_state': 245}
[SpatioTemporalTransformerRegressor3] Using device: cuda
[SpatioTemporalTransformerRegressor3] Capping sequence length at 23 based on sample distribution (min_count=56).
[SpatioTemporalTransformerRegressor3] Grouped features into 20 spatial channels.
[Augmenter] Balanced 102 participant-weight combinations to 100 samples each. Total: 10200
[SpatioTemporalTransformerNetwork3] Modality groups: {'EMG': 8, 'IMU_Accel': 6, 'IMU_Orient': 6}
    Train MAE: 0.1412 | Test MAE: 0.1779 | Gap: 0.0367
    Train RMSE: 0.2667 | Test RMSE: 0.3477 | Ratio: 1.30x
Computing permutation importance for fold (channel)...
Computing permutation importance for fold (feature)...
Computing permutation importance for fold (individual feature)...
--- Fold 3/5 ---
Initializing Modality-Grouped Spatio-Temporal Transformer Regressor with config: {'d_model': 96, 'nhead_spatial': 4, 'num_layers': 4, 'nhead_temporal': 2, 'dim_feedforward': 1024, 'dropout_rate': 0.2, 'learning_rate': 0.0002, 'class_balanced_loss': False, 'weight_decay': 0.001, 'batch_size': 128, 'epochs': 200, 'validation_split': 0.1, 'early_stopping_patience': 200, 'scheduler_patience': 7, 'scheduler_factor': 0.5, 'use_checkpointing': True, 'use_amp': True, 'scheduler': {'type': 'OneCycleLR', 'max_lr': 0.0002, 'pct_start': 0.4}, 'random_state': 245}
[SpatioTemporalTransformerRegressor3] Using device: cuda
[SpatioTemporalTransformerRegressor3] Capping sequence length at 23 based on sample distribution (min_count=56).
[SpatioTemporalTransformerRegressor3] Grouped features into 20 spatial channels.
[Augmenter] Balanced 102 participant-weight combinations to 100 samples each. Total: 10200
[SpatioTemporalTransformerNetwork3] Modality groups: {'EMG': 8, 'IMU_Accel': 6, 'IMU_Orient': 6}
    Train MAE: 0.1030 | Test MAE: 0.1618 | Gap: 0.0588
    Train RMSE: 0.2258 | Test RMSE: 0.3606 | Ratio: 1.60x
Computing permutation importance for fold (channel)...
Computing permutation importance for fold (feature)...
Computing permutation importance for fold (individual feature)...
--- Fold 4/5 ---
Initializing Modality-Grouped Spatio-Temporal Transformer Regressor with config: {'d_model': 96, 'nhead_spatial': 4, 'num_layers': 4, 'nhead_temporal': 2, 'dim_feedforward': 1024, 'dropout_rate': 0.2, 'learning_rate': 0.0002, 'class_balanced_loss': False, 'weight_decay': 0.001, 'batch_size': 128, 'epochs': 200, 'validation_split': 0.1, 'early_stopping_patience': 200, 'scheduler_patience': 7, 'scheduler_factor': 0.5, 'use_checkpointing': True, 'use_amp': True, 'scheduler': {'type': 'OneCycleLR', 'max_lr': 0.0002, 'pct_start': 0.4}, 'random_state': 245}
[SpatioTemporalTransformerRegressor3] Using device: cuda
[SpatioTemporalTransformerRegressor3] Capping sequence length at 24 based on sample distribution (min_count=56).
[SpatioTemporalTransformerRegressor3] Grouped features into 20 spatial channels.
[Augmenter] Balanced 102 participant-weight combinations to 100 samples each. Total: 10200
[SpatioTemporalTransformerNetwork3] Modality groups: {'EMG': 8, 'IMU_Accel': 6, 'IMU_Orient': 6}
    Train MAE: 0.1058 | Test MAE: 0.1659 | Gap: 0.0601
    Train RMSE: 0.2364 | Test RMSE: 0.3554 | Ratio: 1.50x
Computing permutation importance for fold (channel)...
Computing permutation importance for fold (feature)...
Computing permutation importance for fold (individual feature)...
--- Fold 5/5 ---
Initializing Modality-Grouped Spatio-Temporal Transformer Regressor with config: {'d_model': 96, 'nhead_spatial': 4, 'num_layers': 4, 'nhead_temporal': 2, 'dim_feedforward': 1024, 'dropout_rate': 0.2, 'learning_rate': 0.0002, 'class_balanced_loss': False, 'weight_decay': 0.001, 'batch_size': 128, 'epochs': 200, 'validation_split': 0.1, 'early_stopping_patience': 200, 'scheduler_patience': 7, 'scheduler_factor': 0.5, 'use_checkpointing': True, 'use_amp': True, 'scheduler': {'type': 'OneCycleLR', 'max_lr': 0.0002, 'pct_start': 0.4}, 'random_state': 245}
[SpatioTemporalTransformerRegressor3] Using device: cuda
[SpatioTemporalTransformerRegressor3] Capping sequence length at 24 based on sample distribution (min_count=56).
[SpatioTemporalTransformerRegressor3] Grouped features into 20 spatial channels.
[Augmenter] Balanced 102 participant-weight combinations to 100 samples each. Total: 10200
[SpatioTemporalTransformerNetwork3] Modality groups: {'EMG': 8, 'IMU_Accel': 6, 'IMU_Orient': 6}
    Train MAE: 0.1021 | Test MAE: 0.1592 | Gap: 0.0571
    Train RMSE: 0.2218 | Test RMSE: 0.3781 | Ratio: 1.70x
Computing permutation importance for fold (channel)...
Computing permutation importance for fold (feature)...
Computing permutation importance for fold (individual feature)...

Training final model on full dataset for saving...
Initializing Modality-Grouped Spatio-Temporal Transformer Regressor with config: {'d_model': 96, 'nhead_spatial': 4, 'num_layers': 4, 'nhead_temporal': 2, 'dim_feedforward': 1024, 'dropout_rate': 0.2, 'learning_rate': 0.0002, 'class_balanced_loss': False, 'weight_decay': 0.001, 'batch_size': 128, 'epochs': 200, 'validation_split': 0.1, 'early_stopping_patience': 200, 'scheduler_patience': 7, 'scheduler_factor': 0.5, 'use_checkpointing': True, 'use_amp': True, 'scheduler': {'type': 'OneCycleLR', 'max_lr': 0.0002, 'pct_start': 0.4}, 'random_state': 245}
[SpatioTemporalTransformerRegressor3] Using device: cuda
[SpatioTemporalTransformerRegressor3] Capping sequence length at 24 based on sample distribution (min_count=70).
[SpatioTemporalTransformerRegressor3] Grouped features into 20 spatial channels.
[Augmenter] Balanced 102 participant-weight combinations to 100 samples each. Total: 10200
[SpatioTemporalTransformerNetwork3] Modality groups: {'EMG': 8, 'IMU_Accel': 6, 'IMU_Orient': 6}
Regression plot saved to /home/bwingen/thesis/Thesis/model/model_results/run_20260617_093410/all/regression_plot.png
Loss plot saved to /home/bwingen/thesis/Thesis/model/model_results/run_20260617_093410/all/loss_plot.png
Participant performance plot saved to /home/bwingen/thesis/Thesis/model/model_results/run_20260617_093410/all/participant_performance.png
Sequence-length performance plot saved to /home/bwingen/thesis/Thesis/model/model_results/run_20260617_093410/all/seqlen_performance_plot.png
Permutation importance plot saved to /home/bwingen/thesis/Thesis/model/model_results/run_20260617_093410/all/permutation_importance_channel.png
Permutation importance plot saved to /home/bwingen/thesis/Thesis/model/model_results/run_20260617_093410/all/permutation_importance_feature.png

Performance report saved to /home/bwingen/thesis/Thesis/model/model_results/run_20260617_093410/all/performance_report.txt

[run_data_exporter] Run data saved to /home/bwingen/thesis/Thesis/model/model_results/run_20260617_093410/all/run_data.json

--------------------------------------------------
LAUNCHING AUTOMATED DEEPSHAP ANALYSIS
--------------------------------------------------
[DeepSHAP] Starting attribution with n_bg=100, n_exp=50 (DEV_MODE=False)...

Running DeepExplainer (100 bg, 50 test) ...
[DeepSHAP] Results saved to /home/bwingen/thesis/Thesis/model/model_results/run_20260617_093410/all

[run_data_exporter] Run data saved to /home/bwingen/thesis/Thesis/model/model_results/run_20260617_093410/all/run_data.json

================================================================================
  RUNNING PIPELINE FOR MODALITY CONFIGURATION: EMG_ONLY
================================================================================


[MACRO ABLATION] Overriding config: Disabling all IMU channels.
[DataLoader] Filtered 20 files down to 19 based on PARTICIPANT_CONFIG['include']=['P01', 'P02', 'P03', 'P04', 'P05', 'P06', 'P07', 'P08', 'P09', 'P10', 'P11', 'P12', 'P14', 'P15', 'P16', 'P17', 'P18']
[DataLoader] Skipped 5 blacklisted segments in participant_P02_session_01_segments.h5
[DataLoader] Skipped 5 blacklisted segments in participant_P11_session_01_segments.h5
[DataLoader] Skipped 28 blacklisted segments in participant_P07_session_01_segments.h5
[DataLoader] Skipped 3 blacklisted segments in participant_P01_session_03_segments.h5
[DataLoader] Skipped 15 blacklisted segments in participant_P09_session_01_segments.h5
[DataLoader] Skipped 125 blacklisted segments in participant_P15_session_01_segments.h5
[DataLoader] Skipped 35 blacklisted segments in participant_P08_session_01_segments.h5
[DataLoader] Skipped 19 blacklisted segments in participant_P17_session_01_segments.h5
[DataLoader] Skipped 35 blacklisted segments in participant_P06_session_01_segments.h5
[DataLoader] Skipped 25 blacklisted segments in participant_P16_session_01_segments.h5
[DataLoader] Skipped 16 blacklisted segments in participant_P10_session_01_segments.h5
[DataLoader] Skipped 4 blacklisted segments in participant_P12_session_01_segments.h5
[DataLoader] Skipped 20 blacklisted segments in participant_P14_session_01_segments.h5
[DataLoader] Skipped 10 blacklisted segments in participant_P01_session_02_segments.h5
[DataLoader] Skipped 42 blacklisted segments in participant_P03_session_01_segments.h5
[DataLoader] Skipped 50 blacklisted segments in participant_P05_session_01_segments.h5
[DataLoader] Skipped 28 blacklisted segments in participant_P18_session_01_segments.h5
[DataLoader] Skipped 25 blacklisted segments in participant_P04_session_01_segments.h5
[DataLoader] Skipped 9 blacklisted segments in participant_P01_session_01_segments.h5
[DataLoader] Filter active: removed 216 features from disabled channels/feature-types.
[DataLoader] Dropped 2582 segments with excluded weight classes.
Sequence Data Summary:
  - Total Lifts (Sequences): 15732
  - Average Windows per Lift: 11.5
  - Features per Window: 88
Label vector (y) shape: (15732,) (Target: weight)

Starting 5-Fold Stratified Cross-Validation...
--- Fold 1/5 ---
Initializing Modality-Grouped Spatio-Temporal Transformer Regressor with config: {'d_model': 96, 'nhead_spatial': 4, 'num_layers': 4, 'nhead_temporal': 2, 'dim_feedforward': 1024, 'dropout_rate': 0.2, 'learning_rate': 0.0002, 'class_balanced_loss': False, 'weight_decay': 0.001, 'batch_size': 128, 'epochs': 200, 'validation_split': 0.1, 'early_stopping_patience': 200, 'scheduler_patience': 7, 'scheduler_factor': 0.5, 'use_checkpointing': True, 'use_amp': True, 'scheduler': {'type': 'OneCycleLR', 'max_lr': 0.0002, 'pct_start': 0.4}, 'random_state': 245}
[SpatioTemporalTransformerRegressor3] Using device: cuda
[SpatioTemporalTransformerRegressor3] Capping sequence length at 24 based on sample distribution (min_count=56).
[SpatioTemporalTransformerRegressor3] Grouped features into 8 spatial channels.
[Augmenter] Balanced 102 participant-weight combinations to 100 samples each. Total: 10200
[SpatioTemporalTransformerNetwork3] Modality groups: {'EMG': 8}
    Train MAE: 0.1439 | Test MAE: 0.2058 | Gap: 0.0619
    Train RMSE: 0.2857 | Test RMSE: 0.4230 | Ratio: 1.48x
Computing permutation importance for fold (channel)...
Computing permutation importance for fold (feature)...
Computing permutation importance for fold (individual feature)...
--- Fold 2/5 ---
Initializing Modality-Grouped Spatio-Temporal Transformer Regressor with config: {'d_model': 96, 'nhead_spatial': 4, 'num_layers': 4, 'nhead_temporal': 2, 'dim_feedforward': 1024, 'dropout_rate': 0.2, 'learning_rate': 0.0002, 'class_balanced_loss': False, 'weight_decay': 0.001, 'batch_size': 128, 'epochs': 200, 'validation_split': 0.1, 'early_stopping_patience': 200, 'scheduler_patience': 7, 'scheduler_factor': 0.5, 'use_checkpointing': True, 'use_amp': True, 'scheduler': {'type': 'OneCycleLR', 'max_lr': 0.0002, 'pct_start': 0.4}, 'random_state': 245}
[SpatioTemporalTransformerRegressor3] Using device: cuda
[SpatioTemporalTransformerRegressor3] Capping sequence length at 23 based on sample distribution (min_count=56).
[SpatioTemporalTransformerRegressor3] Grouped features into 8 spatial channels.
[Augmenter] Balanced 102 participant-weight combinations to 100 samples each. Total: 10200
[SpatioTemporalTransformerNetwork3] Modality groups: {'EMG': 8}
    Train MAE: 0.1295 | Test MAE: 0.1921 | Gap: 0.0627
    Train RMSE: 0.2645 | Test RMSE: 0.4008 | Ratio: 1.51x
Computing permutation importance for fold (channel)...
Computing permutation importance for fold (feature)...
Computing permutation importance for fold (individual feature)...
--- Fold 3/5 ---
Initializing Modality-Grouped Spatio-Temporal Transformer Regressor with config: {'d_model': 96, 'nhead_spatial': 4, 'num_layers': 4, 'nhead_temporal': 2, 'dim_feedforward': 1024, 'dropout_rate': 0.2, 'learning_rate': 0.0002, 'class_balanced_loss': False, 'weight_decay': 0.001, 'batch_size': 128, 'epochs': 200, 'validation_split': 0.1, 'early_stopping_patience': 200, 'scheduler_patience': 7, 'scheduler_factor': 0.5, 'use_checkpointing': True, 'use_amp': True, 'scheduler': {'type': 'OneCycleLR', 'max_lr': 0.0002, 'pct_start': 0.4}, 'random_state': 245}
[SpatioTemporalTransformerRegressor3] Using device: cuda
[SpatioTemporalTransformerRegressor3] Capping sequence length at 23 based on sample distribution (min_count=56).
[SpatioTemporalTransformerRegressor3] Grouped features into 8 spatial channels.
[Augmenter] Balanced 102 participant-weight combinations to 100 samples each. Total: 10200
[SpatioTemporalTransformerNetwork3] Modality groups: {'EMG': 8}
    Train MAE: 0.1170 | Test MAE: 0.1961 | Gap: 0.0791
    Train RMSE: 0.2581 | Test RMSE: 0.4223 | Ratio: 1.64x
Computing permutation importance for fold (channel)...
Computing permutation importance for fold (feature)...
Computing permutation importance for fold (individual feature)...
--- Fold 4/5 ---
Initializing Modality-Grouped Spatio-Temporal Transformer Regressor with config: {'d_model': 96, 'nhead_spatial': 4, 'num_layers': 4, 'nhead_temporal': 2, 'dim_feedforward': 1024, 'dropout_rate': 0.2, 'learning_rate': 0.0002, 'class_balanced_loss': False, 'weight_decay': 0.001, 'batch_size': 128, 'epochs': 200, 'validation_split': 0.1, 'early_stopping_patience': 200, 'scheduler_patience': 7, 'scheduler_factor': 0.5, 'use_checkpointing': True, 'use_amp': True, 'scheduler': {'type': 'OneCycleLR', 'max_lr': 0.0002, 'pct_start': 0.4}, 'random_state': 245}
[SpatioTemporalTransformerRegressor3] Using device: cuda
[SpatioTemporalTransformerRegressor3] Capping sequence length at 24 based on sample distribution (min_count=56).
[SpatioTemporalTransformerRegressor3] Grouped features into 8 spatial channels.
[Augmenter] Balanced 102 participant-weight combinations to 100 samples each. Total: 10200
[SpatioTemporalTransformerNetwork3] Modality groups: {'EMG': 8}
    Train MAE: 0.1413 | Test MAE: 0.2102 | Gap: 0.0689
    Train RMSE: 0.2825 | Test RMSE: 0.4234 | Ratio: 1.50x
Computing permutation importance for fold (channel)...
Computing permutation importance for fold (feature)...
Computing permutation importance for fold (individual feature)...
--- Fold 5/5 ---
Initializing Modality-Grouped Spatio-Temporal Transformer Regressor with config: {'d_model': 96, 'nhead_spatial': 4, 'num_layers': 4, 'nhead_temporal': 2, 'dim_feedforward': 1024, 'dropout_rate': 0.2, 'learning_rate': 0.0002, 'class_balanced_loss': False, 'weight_decay': 0.001, 'batch_size': 128, 'epochs': 200, 'validation_split': 0.1, 'early_stopping_patience': 200, 'scheduler_patience': 7, 'scheduler_factor': 0.5, 'use_checkpointing': True, 'use_amp': True, 'scheduler': {'type': 'OneCycleLR', 'max_lr': 0.0002, 'pct_start': 0.4}, 'random_state': 245}
[SpatioTemporalTransformerRegressor3] Using device: cuda
[SpatioTemporalTransformerRegressor3] Capping sequence length at 24 based on sample distribution (min_count=56).
[SpatioTemporalTransformerRegressor3] Grouped features into 8 spatial channels.
[Augmenter] Balanced 102 participant-weight combinations to 100 samples each. Total: 10200
[SpatioTemporalTransformerNetwork3] Modality groups: {'EMG': 8}
    Train MAE: 0.1142 | Test MAE: 0.1805 | Gap: 0.0664
    Train RMSE: 0.2561 | Test RMSE: 0.4187 | Ratio: 1.63x
Computing permutation importance for fold (channel)...
Computing permutation importance for fold (feature)...
Computing permutation importance for fold (individual feature)...

Training final model on full dataset for saving...
Initializing Modality-Grouped Spatio-Temporal Transformer Regressor with config: {'d_model': 96, 'nhead_spatial': 4, 'num_layers': 4, 'nhead_temporal': 2, 'dim_feedforward': 1024, 'dropout_rate': 0.2, 'learning_rate': 0.0002, 'class_balanced_loss': False, 'weight_decay': 0.001, 'batch_size': 128, 'epochs': 200, 'validation_split': 0.1, 'early_stopping_patience': 200, 'scheduler_patience': 7, 'scheduler_factor': 0.5, 'use_checkpointing': True, 'use_amp': True, 'scheduler': {'type': 'OneCycleLR', 'max_lr': 0.0002, 'pct_start': 0.4}, 'random_state': 245}
[SpatioTemporalTransformerRegressor3] Using device: cuda
[SpatioTemporalTransformerRegressor3] Capping sequence length at 24 based on sample distribution (min_count=70).
[SpatioTemporalTransformerRegressor3] Grouped features into 8 spatial channels.
[Augmenter] Balanced 102 participant-weight combinations to 100 samples each. Total: 10200
[SpatioTemporalTransformerNetwork3] Modality groups: {'EMG': 8}
Regression plot saved to /home/bwingen/thesis/Thesis/model/model_results/run_20260617_093410/emg_only/regression_plot.png
Loss plot saved to /home/bwingen/thesis/Thesis/model/model_results/run_20260617_093410/emg_only/loss_plot.png
Participant performance plot saved to /home/bwingen/thesis/Thesis/model/model_results/run_20260617_093410/emg_only/participant_performance.png
Sequence-length performance plot saved to /home/bwingen/thesis/Thesis/model/model_results/run_20260617_093410/emg_only/seqlen_performance_plot.png
Permutation importance plot saved to /home/bwingen/thesis/Thesis/model/model_results/run_20260617_093410/emg_only/permutation_importance_channel.png
Permutation importance plot saved to /home/bwingen/thesis/Thesis/model/model_results/run_20260617_093410/emg_only/permutation_importance_feature.png

Performance report saved to /home/bwingen/thesis/Thesis/model/model_results/run_20260617_093410/emg_only/performance_report.txt

[run_data_exporter] Run data saved to /home/bwingen/thesis/Thesis/model/model_results/run_20260617_093410/emg_only/run_data.json

--------------------------------------------------
LAUNCHING AUTOMATED DEEPSHAP ANALYSIS
--------------------------------------------------
[DeepSHAP] Starting attribution with n_bg=100, n_exp=50 (DEV_MODE=False)...

Running DeepExplainer (100 bg, 50 test) ...
[DeepSHAP] Results saved to /home/bwingen/thesis/Thesis/model/model_results/run_20260617_093410/emg_only

[run_data_exporter] Run data saved to /home/bwingen/thesis/Thesis/model/model_results/run_20260617_093410/emg_only/run_data.json

================================================================================
  RUNNING PIPELINE FOR MODALITY CONFIGURATION: IMU_ONLY
================================================================================


[MACRO ABLATION] Overriding config: Disabling all EMG channels.
[DataLoader] Filtered 20 files down to 19 based on PARTICIPANT_CONFIG['include']=['P01', 'P02', 'P03', 'P04', 'P05', 'P06', 'P07', 'P08', 'P09', 'P10', 'P11', 'P12', 'P14', 'P15', 'P16', 'P17', 'P18']
[DataLoader] Skipped 5 blacklisted segments in participant_P02_session_01_segments.h5
[DataLoader] Skipped 5 blacklisted segments in participant_P11_session_01_segments.h5
[DataLoader] Skipped 28 blacklisted segments in participant_P07_session_01_segments.h5
[DataLoader] Skipped 3 blacklisted segments in participant_P01_session_03_segments.h5
[DataLoader] Skipped 15 blacklisted segments in participant_P09_session_01_segments.h5
[DataLoader] Skipped 125 blacklisted segments in participant_P15_session_01_segments.h5
[DataLoader] Skipped 35 blacklisted segments in participant_P08_session_01_segments.h5
[DataLoader] Skipped 19 blacklisted segments in participant_P17_session_01_segments.h5
[DataLoader] Skipped 35 blacklisted segments in participant_P06_session_01_segments.h5
[DataLoader] Skipped 25 blacklisted segments in participant_P16_session_01_segments.h5
[DataLoader] Skipped 16 blacklisted segments in participant_P10_session_01_segments.h5
[DataLoader] Skipped 4 blacklisted segments in participant_P12_session_01_segments.h5
[DataLoader] Skipped 20 blacklisted segments in participant_P14_session_01_segments.h5
[DataLoader] Skipped 10 blacklisted segments in participant_P01_session_02_segments.h5
[DataLoader] Skipped 42 blacklisted segments in participant_P03_session_01_segments.h5
[DataLoader] Skipped 50 blacklisted segments in participant_P05_session_01_segments.h5
[DataLoader] Skipped 28 blacklisted segments in participant_P18_session_01_segments.h5
[DataLoader] Skipped 25 blacklisted segments in participant_P04_session_01_segments.h5
[DataLoader] Skipped 9 blacklisted segments in participant_P01_session_01_segments.h5
[DataLoader] Filter active: removed 232 features from disabled channels/feature-types.
[DataLoader] Dropped 2582 segments with excluded weight classes.
Sequence Data Summary:
  - Total Lifts (Sequences): 15732
  - Average Windows per Lift: 11.5
  - Features per Window: 72
Label vector (y) shape: (15732,) (Target: weight)

Starting 5-Fold Stratified Cross-Validation...
--- Fold 1/5 ---
Initializing Modality-Grouped Spatio-Temporal Transformer Regressor with config: {'d_model': 96, 'nhead_spatial': 4, 'num_layers': 4, 'nhead_temporal': 2, 'dim_feedforward': 1024, 'dropout_rate': 0.2, 'learning_rate': 0.0002, 'class_balanced_loss': False, 'weight_decay': 0.001, 'batch_size': 128, 'epochs': 200, 'validation_split': 0.1, 'early_stopping_patience': 200, 'scheduler_patience': 7, 'scheduler_factor': 0.5, 'use_checkpointing': True, 'use_amp': True, 'scheduler': {'type': 'OneCycleLR', 'max_lr': 0.0002, 'pct_start': 0.4}, 'random_state': 245}
[SpatioTemporalTransformerRegressor3] Using device: cuda
[SpatioTemporalTransformerRegressor3] Capping sequence length at 24 based on sample distribution (min_count=56).
[SpatioTemporalTransformerRegressor3] Grouped features into 12 spatial channels.
[Augmenter] Balanced 102 participant-weight combinations to 100 samples each. Total: 10200
[SpatioTemporalTransformerNetwork3] Modality groups: {'IMU_Accel': 6, 'IMU_Orient': 6}
    Train MAE: 0.2754 | Test MAE: 0.4306 | Gap: 0.1552
    Train RMSE: 0.5553 | Test RMSE: 0.8321 | Ratio: 1.50x
Computing permutation importance for fold (channel)...
Computing permutation importance for fold (feature)...
Computing permutation importance for fold (individual feature)...
--- Fold 2/5 ---
Initializing Modality-Grouped Spatio-Temporal Transformer Regressor with config: {'d_model': 96, 'nhead_spatial': 4, 'num_layers': 4, 'nhead_temporal': 2, 'dim_feedforward': 1024, 'dropout_rate': 0.2, 'learning_rate': 0.0002, 'class_balanced_loss': False, 'weight_decay': 0.001, 'batch_size': 128, 'epochs': 200, 'validation_split': 0.1, 'early_stopping_patience': 200, 'scheduler_patience': 7, 'scheduler_factor': 0.5, 'use_checkpointing': True, 'use_amp': True, 'scheduler': {'type': 'OneCycleLR', 'max_lr': 0.0002, 'pct_start': 0.4}, 'random_state': 245}
[SpatioTemporalTransformerRegressor3] Using device: cuda
[SpatioTemporalTransformerRegressor3] Capping sequence length at 23 based on sample distribution (min_count=56).
[SpatioTemporalTransformerRegressor3] Grouped features into 12 spatial channels.
[Augmenter] Balanced 102 participant-weight combinations to 100 samples each. Total: 10200
[SpatioTemporalTransformerNetwork3] Modality groups: {'IMU_Accel': 6, 'IMU_Orient': 6}
    Train MAE: 0.2247 | Test MAE: 0.3928 | Gap: 0.1681
    Train RMSE: 0.5005 | Test RMSE: 0.7918 | Ratio: 1.58x
Computing permutation importance for fold (channel)...
Computing permutation importance for fold (feature)...
Computing permutation importance for fold (individual feature)...
--- Fold 3/5 ---
Initializing Modality-Grouped Spatio-Temporal Transformer Regressor with config: {'d_model': 96, 'nhead_spatial': 4, 'num_layers': 4, 'nhead_temporal': 2, 'dim_feedforward': 1024, 'dropout_rate': 0.2, 'learning_rate': 0.0002, 'class_balanced_loss': False, 'weight_decay': 0.001, 'batch_size': 128, 'epochs': 200, 'validation_split': 0.1, 'early_stopping_patience': 200, 'scheduler_patience': 7, 'scheduler_factor': 0.5, 'use_checkpointing': True, 'use_amp': True, 'scheduler': {'type': 'OneCycleLR', 'max_lr': 0.0002, 'pct_start': 0.4}, 'random_state': 245}
[SpatioTemporalTransformerRegressor3] Using device: cuda
[SpatioTemporalTransformerRegressor3] Capping sequence length at 23 based on sample distribution (min_count=56).
[SpatioTemporalTransformerRegressor3] Grouped features into 12 spatial channels.
[Augmenter] Balanced 102 participant-weight combinations to 100 samples each. Total: 10200
[SpatioTemporalTransformerNetwork3] Modality groups: {'IMU_Accel': 6, 'IMU_Orient': 6}
    Train MAE: 0.2592 | Test MAE: 0.3999 | Gap: 0.1406
    Train RMSE: 0.5384 | Test RMSE: 0.7873 | Ratio: 1.46x
Computing permutation importance for fold (channel)...
Computing permutation importance for fold (feature)...
Computing permutation importance for fold (individual feature)...
--- Fold 4/5 ---
Initializing Modality-Grouped Spatio-Temporal Transformer Regressor with config: {'d_model': 96, 'nhead_spatial': 4, 'num_layers': 4, 'nhead_temporal': 2, 'dim_feedforward': 1024, 'dropout_rate': 0.2, 'learning_rate': 0.0002, 'class_balanced_loss': False, 'weight_decay': 0.001, 'batch_size': 128, 'epochs': 200, 'validation_split': 0.1, 'early_stopping_patience': 200, 'scheduler_patience': 7, 'scheduler_factor': 0.5, 'use_checkpointing': True, 'use_amp': True, 'scheduler': {'type': 'OneCycleLR', 'max_lr': 0.0002, 'pct_start': 0.4}, 'random_state': 245}
[SpatioTemporalTransformerRegressor3] Using device: cuda
[SpatioTemporalTransformerRegressor3] Capping sequence length at 24 based on sample distribution (min_count=56).
[SpatioTemporalTransformerRegressor3] Grouped features into 12 spatial channels.
[Augmenter] Balanced 102 participant-weight combinations to 100 samples each. Total: 10200
[SpatioTemporalTransformerNetwork3] Modality groups: {'IMU_Accel': 6, 'IMU_Orient': 6}
    Train MAE: 0.2330 | Test MAE: 0.4153 | Gap: 0.1824
    Train RMSE: 0.5414 | Test RMSE: 0.8409 | Ratio: 1.55x
Computing permutation importance for fold (channel)...
Computing permutation importance for fold (feature)...
Computing permutation importance for fold (individual feature)...
--- Fold 5/5 ---
Initializing Modality-Grouped Spatio-Temporal Transformer Regressor with config: {'d_model': 96, 'nhead_spatial': 4, 'num_layers': 4, 'nhead_temporal': 2, 'dim_feedforward': 1024, 'dropout_rate': 0.2, 'learning_rate': 0.0002, 'class_balanced_loss': False, 'weight_decay': 0.001, 'batch_size': 128, 'epochs': 200, 'validation_split': 0.1, 'early_stopping_patience': 200, 'scheduler_patience': 7, 'scheduler_factor': 0.5, 'use_checkpointing': True, 'use_amp': True, 'scheduler': {'type': 'OneCycleLR', 'max_lr': 0.0002, 'pct_start': 0.4}, 'random_state': 245}
[SpatioTemporalTransformerRegressor3] Using device: cuda
[SpatioTemporalTransformerRegressor3] Capping sequence length at 24 based on sample distribution (min_count=56).
[SpatioTemporalTransformerRegressor3] Grouped features into 12 spatial channels.
[Augmenter] Balanced 102 participant-weight combinations to 100 samples each. Total: 10200
[SpatioTemporalTransformerNetwork3] Modality groups: {'IMU_Accel': 6, 'IMU_Orient': 6}
    Train MAE: 0.2759 | Test MAE: 0.4177 | Gap: 0.1418
    Train RMSE: 0.5611 | Test RMSE: 0.7868 | Ratio: 1.40x
Computing permutation importance for fold (channel)...
Computing permutation importance for fold (feature)...
Computing permutation importance for fold (individual feature)...

Training final model on full dataset for saving...
Initializing Modality-Grouped Spatio-Temporal Transformer Regressor with config: {'d_model': 96, 'nhead_spatial': 4, 'num_layers': 4, 'nhead_temporal': 2, 'dim_feedforward': 1024, 'dropout_rate': 0.2, 'learning_rate': 0.0002, 'class_balanced_loss': False, 'weight_decay': 0.001, 'batch_size': 128, 'epochs': 200, 'validation_split': 0.1, 'early_stopping_patience': 200, 'scheduler_patience': 7, 'scheduler_factor': 0.5, 'use_checkpointing': True, 'use_amp': True, 'scheduler': {'type': 'OneCycleLR', 'max_lr': 0.0002, 'pct_start': 0.4}, 'random_state': 245}
[SpatioTemporalTransformerRegressor3] Using device: cuda
[SpatioTemporalTransformerRegressor3] Capping sequence length at 24 based on sample distribution (min_count=70).
[SpatioTemporalTransformerRegressor3] Grouped features into 12 spatial channels.
[Augmenter] Balanced 102 participant-weight combinations to 100 samples each. Total: 10200
[SpatioTemporalTransformerNetwork3] Modality groups: {'IMU_Accel': 6, 'IMU_Orient': 6}
Regression plot saved to /home/bwingen/thesis/Thesis/model/model_results/run_20260617_093410/imu_only/regression_plot.png
Loss plot saved to /home/bwingen/thesis/Thesis/model/model_results/run_20260617_093410/imu_only/loss_plot.png
Participant performance plot saved to /home/bwingen/thesis/Thesis/model/model_results/run_20260617_093410/imu_only/participant_performance.png
Sequence-length performance plot saved to /home/bwingen/thesis/Thesis/model/model_results/run_20260617_093410/imu_only/seqlen_performance_plot.png
Permutation importance plot saved to /home/bwingen/thesis/Thesis/model/model_results/run_20260617_093410/imu_only/permutation_importance_channel.png
Permutation importance plot saved to /home/bwingen/thesis/Thesis/model/model_results/run_20260617_093410/imu_only/permutation_importance_feature.png

Performance report saved to /home/bwingen/thesis/Thesis/model/model_results/run_20260617_093410/imu_only/performance_report.txt

[run_data_exporter] Run data saved to /home/bwingen/thesis/Thesis/model/model_results/run_20260617_093410/imu_only/run_data.json

--------------------------------------------------
LAUNCHING AUTOMATED DEEPSHAP ANALYSIS
--------------------------------------------------
[DeepSHAP] Starting attribution with n_bg=100, n_exp=50 (DEV_MODE=False)...

Running DeepExplainer (100 bg, 50 test) ...
[DeepSHAP] Results saved to /home/bwingen/thesis/Thesis/model/model_results/run_20260617_093410/imu_only

[run_data_exporter] Run data saved to /home/bwingen/thesis/Thesis/model/model_results/run_20260617_093410/imu_only/run_data.json

[Master Serializer] Consolidated modality ablation data saved to /home/bwingen/thesis/Thesis/model/model_results/run_20260617_093410/run_data.json
