=================================================================
MULTI-SEED ARCH COMPARISON — array task 13
  Architecture        : gru
  Regime              : participant
  Seed                : 2
  Run tag             : gru_s2
  Python              : /scratch/bwingen/thesis_env/bin/python
Python 3.10.20
=================================================================
[DataLoader] Weight filter active (applied at training time) — excluding calibrated weights: [0.9, 2.24]
[DataLoader] Loaded blacklist: 545 segments will be skipped.
==============================================================================
ARCHITECTURE COMPARISON — baseline vs st3
  model_type          : gru
  CV strategy (regime): participant  [LOPO / cross-subject]
  modalities          : all
  scheduler           : ReduceLROnPlateau  epochs=200  es_patience=5
  feature importance  : OFF
==============================================================================
Results will be saved to: /home/bwingen/thesis/Thesis/model/model_results/run_20260621_174833_participant_gru_s2_t13

================================================================================
  RUNNING PIPELINE FOR MODALITY CONFIGURATION: ALL
================================================================================

[DataLoader] Filtered 20 files down to 19 based on PARTICIPANT_CONFIG['include']=['P01', 'P02', 'P03', 'P04', 'P05', 'P06', 'P07', 'P08', 'P09', 'P10', 'P11', 'P12', 'P14', 'P15', 'P16', 'P17', 'P18']
[DataLoader] Skipped 5 blacklisted segments in participant_P02_session_01_segments.h5
[DataLoader] Skipped 5 blacklisted segments in participant_P11_session_01_segments.h5
[DataLoader] Skipped 28 blacklisted segments in participant_P07_session_01_segments.h5
[DataLoader] Skipped 3 blacklisted segments in participant_P01_session_03_segments.h5
[DataLoader] Skipped 15 blacklisted segments in participant_P09_session_01_segments.h5
[DataLoader] Skipped 125 blacklisted segments in participant_P15_session_01_segments.h5
[DataLoader] Skipped 35 blacklisted segments in participant_P08_session_01_segments.h5
[DataLoader] Skipped 19 blacklisted segments in participant_P17_session_01_segments.h5
[DataLoader] Skipped 35 blacklisted segments in participant_P06_session_01_segments.h5
[DataLoader] Skipped 25 blacklisted segments in participant_P16_session_01_segments.h5
[DataLoader] Skipped 16 blacklisted segments in participant_P10_session_01_segments.h5
[DataLoader] Skipped 4 blacklisted segments in participant_P12_session_01_segments.h5
[DataLoader] Skipped 20 blacklisted segments in participant_P14_session_01_segments.h5
[DataLoader] Skipped 10 blacklisted segments in participant_P01_session_02_segments.h5
[DataLoader] Skipped 42 blacklisted segments in participant_P03_session_01_segments.h5
[DataLoader] Skipped 50 blacklisted segments in participant_P05_session_01_segments.h5
[DataLoader] Skipped 28 blacklisted segments in participant_P18_session_01_segments.h5
[DataLoader] Skipped 25 blacklisted segments in participant_P04_session_01_segments.h5
[DataLoader] Skipped 9 blacklisted segments in participant_P01_session_01_segments.h5
[DataLoader] Filter active: removed 96 features from disabled channels/feature-types.
[DataLoader] Dropped 2582 segments with excluded weight classes.
Sequence Data Summary:
  - Total Lifts (Sequences): 15732
  - Average Windows per Lift: 11.5
  - Features per Window: 208
Label vector (y) shape: (15732,) (Target: weight)

Starting 17-Fold Cross-Participant Validation...
--- Fold 1/17 (Left out Participants: P01) ---
Initializing GRU Regressor with config: {'hidden_size': 512, 'num_layers': 2, 'dropout_rate': 0.5, 'learning_rate': 0.0005, 'weight_decay': 0.0001, 'batch_size': 32, 'epochs': 200, 'validation_split': 0.1, 'early_stopping_patience': 5, 'scheduler_patience': 3, 'scheduler_factor': 0.8, 'random_state': 2, 'scheduler': {'type': 'ReduceLROnPlateau'}}
[GRURegressor] Using device: cuda
    [Strict Validation] Holding out 1 participants for early stopping: P09
[GRURegressor] Using explicitly provided validation set (847 samples).
[Augmenter] Balanced 90 participant-weight combinations to 250 samples each. Total: 22500
[GRURegressor] Augmentation: 11107 → 22500 sequences (+11393 synthetic)

Early stopping triggered at epoch 9. Best Val Loss: 0.2734
    Train MAE: 0.0850 | Test MAE: 0.1902 | Gap: 0.1052
    Train RMSE: 0.1553 | Test RMSE: 0.4114 | Ratio: 2.65x
--- Fold 2/17 (Left out Participants: P02) ---
Initializing GRU Regressor with config: {'hidden_size': 512, 'num_layers': 2, 'dropout_rate': 0.5, 'learning_rate': 0.0005, 'weight_decay': 0.0001, 'batch_size': 32, 'epochs': 200, 'validation_split': 0.1, 'early_stopping_patience': 5, 'scheduler_patience': 3, 'scheduler_factor': 0.8, 'random_state': 2, 'scheduler': {'type': 'ReduceLROnPlateau'}}
[GRURegressor] Using device: cuda
    [Strict Validation] Holding out 1 participants for early stopping: P15
[GRURegressor] Using explicitly provided validation set (746 samples).
[Augmenter] Balanced 90 participant-weight combinations to 250 samples each. Total: 22500
[GRURegressor] Augmentation: 13767 → 22500 sequences (+8733 synthetic)

Early stopping triggered at epoch 11. Best Val Loss: 0.2104
    Train MAE: 0.0519 | Test MAE: 0.1229 | Gap: 0.0710
    Train RMSE: 0.1201 | Test RMSE: 0.3307 | Ratio: 2.75x
--- Fold 3/17 (Left out Participants: P12) ---
Initializing GRU Regressor with config: {'hidden_size': 512, 'num_layers': 2, 'dropout_rate': 0.5, 'learning_rate': 0.0005, 'weight_decay': 0.0001, 'batch_size': 32, 'epochs': 200, 'validation_split': 0.1, 'early_stopping_patience': 5, 'scheduler_patience': 3, 'scheduler_factor': 0.8, 'random_state': 2, 'scheduler': {'type': 'ReduceLROnPlateau'}}
[GRURegressor] Using device: cuda
    [Strict Validation] Holding out 1 participants for early stopping: P06
[GRURegressor] Using explicitly provided validation set (826 samples).
[Augmenter] Balanced 90 participant-weight combinations to 250 samples each. Total: 22500
[GRURegressor] Augmentation: 14055 → 22500 sequences (+8445 synthetic)

Early stopping triggered at epoch 9. Best Val Loss: 0.2875
    Train MAE: 0.0967 | Test MAE: 0.2503 | Gap: 0.1535
    Train RMSE: 0.1989 | Test RMSE: 0.5341 | Ratio: 2.69x
--- Fold 4/17 (Left out Participants: P11) ---
Initializing GRU Regressor with config: {'hidden_size': 512, 'num_layers': 2, 'dropout_rate': 0.5, 'learning_rate': 0.0005, 'weight_decay': 0.0001, 'batch_size': 32, 'epochs': 200, 'validation_split': 0.1, 'early_stopping_patience': 5, 'scheduler_patience': 3, 'scheduler_factor': 0.8, 'random_state': 2, 'scheduler': {'type': 'ReduceLROnPlateau'}}
[GRURegressor] Using device: cuda
    [Strict Validation] Holding out 1 participants for early stopping: P15
[GRURegressor] Using explicitly provided validation set (746 samples).
[Augmenter] Balanced 90 participant-weight combinations to 250 samples each. Total: 22500
[GRURegressor] Augmentation: 14136 → 22500 sequences (+8364 synthetic)

Early stopping triggered at epoch 9. Best Val Loss: 0.1807
    Train MAE: 0.0981 | Test MAE: 0.2019 | Gap: 0.1038
    Train RMSE: 0.1785 | Test RMSE: 0.3822 | Ratio: 2.14x
--- Fold 5/17 (Left out Participants: P09) ---
Initializing GRU Regressor with config: {'hidden_size': 512, 'num_layers': 2, 'dropout_rate': 0.5, 'learning_rate': 0.0005, 'weight_decay': 0.0001, 'batch_size': 32, 'epochs': 200, 'validation_split': 0.1, 'early_stopping_patience': 5, 'scheduler_patience': 3, 'scheduler_factor': 0.8, 'random_state': 2, 'scheduler': {'type': 'ReduceLROnPlateau'}}
[GRURegressor] Using device: cuda
    [Strict Validation] Holding out 1 participants for early stopping: P10
[GRURegressor] Using explicitly provided validation set (414 samples).
[Augmenter] Balanced 90 participant-weight combinations to 250 samples each. Total: 22500
[GRURegressor] Augmentation: 14471 → 22500 sequences (+8029 synthetic)

Early stopping triggered at epoch 7. Best Val Loss: 0.2883
    Train MAE: 0.1648 | Test MAE: 0.3492 | Gap: 0.1844
    Train RMSE: 0.2721 | Test RMSE: 0.5582 | Ratio: 2.05x
--- Fold 6/17 (Left out Participants: P17) ---
Initializing GRU Regressor with config: {'hidden_size': 512, 'num_layers': 2, 'dropout_rate': 0.5, 'learning_rate': 0.0005, 'weight_decay': 0.0001, 'batch_size': 32, 'epochs': 200, 'validation_split': 0.1, 'early_stopping_patience': 5, 'scheduler_patience': 3, 'scheduler_factor': 0.8, 'random_state': 2, 'scheduler': {'type': 'ReduceLROnPlateau'}}
[GRURegressor] Using device: cuda
    [Strict Validation] Holding out 1 participants for early stopping: P07
[GRURegressor] Using explicitly provided validation set (833 samples).
[Augmenter] Balanced 90 participant-weight combinations to 250 samples each. Total: 22500
[GRURegressor] Augmentation: 14057 → 22500 sequences (+8443 synthetic)

Early stopping triggered at epoch 11. Best Val Loss: 0.5141
    Train MAE: 0.0584 | Test MAE: 0.4029 | Gap: 0.3445
    Train RMSE: 0.1220 | Test RMSE: 0.7619 | Ratio: 6.25x
--- Fold 7/17 (Left out Participants: P04) ---
Initializing GRU Regressor with config: {'hidden_size': 512, 'num_layers': 2, 'dropout_rate': 0.5, 'learning_rate': 0.0005, 'weight_decay': 0.0001, 'batch_size': 32, 'epochs': 200, 'validation_split': 0.1, 'early_stopping_patience': 5, 'scheduler_patience': 3, 'scheduler_factor': 0.8, 'random_state': 2, 'scheduler': {'type': 'ReduceLROnPlateau'}}
[GRURegressor] Using device: cuda
    [Strict Validation] Holding out 1 participants for early stopping: P09
[GRURegressor] Using explicitly provided validation set (847 samples).
[Augmenter] Balanced 90 participant-weight combinations to 250 samples each. Total: 22500
[GRURegressor] Augmentation: 14050 → 22500 sequences (+8450 synthetic)

Early stopping triggered at epoch 9. Best Val Loss: 0.1597
    Train MAE: 0.0831 | Test MAE: 0.1814 | Gap: 0.0983
    Train RMSE: 0.1766 | Test RMSE: 0.3761 | Ratio: 2.13x
--- Fold 8/17 (Left out Participants: P08) ---
Initializing GRU Regressor with config: {'hidden_size': 512, 'num_layers': 2, 'dropout_rate': 0.5, 'learning_rate': 0.0005, 'weight_decay': 0.0001, 'batch_size': 32, 'epochs': 200, 'validation_split': 0.1, 'early_stopping_patience': 5, 'scheduler_patience': 3, 'scheduler_factor': 0.8, 'random_state': 2, 'scheduler': {'type': 'ReduceLROnPlateau'}}
[GRURegressor] Using device: cuda
    [Strict Validation] Holding out 1 participants for early stopping: P06
[GRURegressor] Using explicitly provided validation set (826 samples).
[Augmenter] Balanced 90 participant-weight combinations to 250 samples each. Total: 22500
[GRURegressor] Augmentation: 14072 → 22500 sequences (+8428 synthetic)

Early stopping triggered at epoch 13. Best Val Loss: 0.3628
    Train MAE: 0.0512 | Test MAE: 0.3541 | Gap: 0.3029
    Train RMSE: 0.1359 | Test RMSE: 0.6070 | Ratio: 4.47x
--- Fold 9/17 (Left out Participants: P07) ---
Initializing GRU Regressor with config: {'hidden_size': 512, 'num_layers': 2, 'dropout_rate': 0.5, 'learning_rate': 0.0005, 'weight_decay': 0.0001, 'batch_size': 32, 'epochs': 200, 'validation_split': 0.1, 'early_stopping_patience': 5, 'scheduler_patience': 3, 'scheduler_factor': 0.8, 'random_state': 2, 'scheduler': {'type': 'ReduceLROnPlateau'}}
[GRURegressor] Using device: cuda
    [Strict Validation] Holding out 1 participants for early stopping: P10
[GRURegressor] Using explicitly provided validation set (414 samples).
[Augmenter] Balanced 90 participant-weight combinations to 250 samples each. Total: 22500
[GRURegressor] Augmentation: 14485 → 22500 sequences (+8015 synthetic)

Early stopping triggered at epoch 7. Best Val Loss: 0.2799
    Train MAE: 0.1349 | Test MAE: 0.4106 | Gap: 0.2756
    Train RMSE: 0.2566 | Test RMSE: 0.7170 | Ratio: 2.79x
--- Fold 10/17 (Left out Participants: P16) ---
Initializing GRU Regressor with config: {'hidden_size': 512, 'num_layers': 2, 'dropout_rate': 0.5, 'learning_rate': 0.0005, 'weight_decay': 0.0001, 'batch_size': 32, 'epochs': 200, 'validation_split': 0.1, 'early_stopping_patience': 5, 'scheduler_patience': 3, 'scheduler_factor': 0.8, 'random_state': 2, 'scheduler': {'type': 'ReduceLROnPlateau'}}
[GRURegressor] Using device: cuda
    [Strict Validation] Holding out 1 participants for early stopping: P06
[GRURegressor] Using explicitly provided validation set (826 samples).
[Augmenter] Balanced 90 participant-weight combinations to 250 samples each. Total: 22500
[GRURegressor] Augmentation: 14074 → 22500 sequences (+8426 synthetic)

Early stopping triggered at epoch 8. Best Val Loss: 0.2912
    Train MAE: 0.1083 | Test MAE: 0.3637 | Gap: 0.2554
    Train RMSE: 0.2120 | Test RMSE: 0.6688 | Ratio: 3.16x
--- Fold 11/17 (Left out Participants: P06) ---
Initializing GRU Regressor with config: {'hidden_size': 512, 'num_layers': 2, 'dropout_rate': 0.5, 'learning_rate': 0.0005, 'weight_decay': 0.0001, 'batch_size': 32, 'epochs': 200, 'validation_split': 0.1, 'early_stopping_patience': 5, 'scheduler_patience': 3, 'scheduler_factor': 0.8, 'random_state': 2, 'scheduler': {'type': 'ReduceLROnPlateau'}}
[GRURegressor] Using device: cuda
    [Strict Validation] Holding out 1 participants for early stopping: P10
[GRURegressor] Using explicitly provided validation set (414 samples).
[Augmenter] Balanced 90 participant-weight combinations to 250 samples each. Total: 22500
[GRURegressor] Augmentation: 14492 → 22500 sequences (+8008 synthetic)

Early stopping triggered at epoch 8. Best Val Loss: 0.2550
    Train MAE: 0.1245 | Test MAE: 0.3460 | Gap: 0.2215
    Train RMSE: 0.2106 | Test RMSE: 0.6259 | Ratio: 2.97x
--- Fold 12/17 (Left out Participants: P03) ---
Initializing GRU Regressor with config: {'hidden_size': 512, 'num_layers': 2, 'dropout_rate': 0.5, 'learning_rate': 0.0005, 'weight_decay': 0.0001, 'batch_size': 32, 'epochs': 200, 'validation_split': 0.1, 'early_stopping_patience': 5, 'scheduler_patience': 3, 'scheduler_factor': 0.8, 'random_state': 2, 'scheduler': {'type': 'ReduceLROnPlateau'}}
[GRURegressor] Using device: cuda
    [Strict Validation] Holding out 1 participants for early stopping: P12
[GRURegressor] Using explicitly provided validation set (851 samples).
[Augmenter] Balanced 90 participant-weight combinations to 250 samples each. Total: 22500
[GRURegressor] Augmentation: 14061 → 22500 sequences (+8439 synthetic)

Early stopping triggered at epoch 15. Best Val Loss: 0.1099
    Train MAE: 0.0305 | Test MAE: 0.2340 | Gap: 0.2035
    Train RMSE: 0.0899 | Test RMSE: 0.4780 | Ratio: 5.32x
--- Fold 13/17 (Left out Participants: P15) ---
Initializing GRU Regressor with config: {'hidden_size': 512, 'num_layers': 2, 'dropout_rate': 0.5, 'learning_rate': 0.0005, 'weight_decay': 0.0001, 'batch_size': 32, 'epochs': 200, 'validation_split': 0.1, 'early_stopping_patience': 5, 'scheduler_patience': 3, 'scheduler_factor': 0.8, 'random_state': 2, 'scheduler': {'type': 'ReduceLROnPlateau'}}
[GRURegressor] Using device: cuda
    [Strict Validation] Holding out 1 participants for early stopping: P05
[GRURegressor] Using explicitly provided validation set (387 samples).
[Augmenter] Balanced 90 participant-weight combinations to 250 samples each. Total: 22500
[GRURegressor] Augmentation: 14599 → 22500 sequences (+7901 synthetic)

Early stopping triggered at epoch 10. Best Val Loss: 0.1901
    Train MAE: 0.0955 | Test MAE: 0.2637 | Gap: 0.1682
    Train RMSE: 0.1514 | Test RMSE: 0.5424 | Ratio: 3.58x
--- Fold 14/17 (Left out Participants: P10) ---
Initializing GRU Regressor with config: {'hidden_size': 512, 'num_layers': 2, 'dropout_rate': 0.5, 'learning_rate': 0.0005, 'weight_decay': 0.0001, 'batch_size': 32, 'epochs': 200, 'validation_split': 0.1, 'early_stopping_patience': 5, 'scheduler_patience': 3, 'scheduler_factor': 0.8, 'random_state': 2, 'scheduler': {'type': 'ReduceLROnPlateau'}}
[GRURegressor] Using device: cuda
    [Strict Validation] Holding out 1 participants for early stopping: P14
[GRURegressor] Using explicitly provided validation set (413 samples).
[Augmenter] Balanced 90 participant-weight combinations to 250 samples each. Total: 22500
[GRURegressor] Augmentation: 14905 → 22500 sequences (+7595 synthetic)

Early stopping triggered at epoch 6. Best Val Loss: 0.5721
    Train MAE: 0.2893 | Test MAE: 0.2911 | Gap: 0.0018
    Train RMSE: 0.4389 | Test RMSE: 0.5607 | Ratio: 1.28x
--- Fold 15/17 (Left out Participants: P14) ---
Initializing GRU Regressor with config: {'hidden_size': 512, 'num_layers': 2, 'dropout_rate': 0.5, 'learning_rate': 0.0005, 'weight_decay': 0.0001, 'batch_size': 32, 'epochs': 200, 'validation_split': 0.1, 'early_stopping_patience': 5, 'scheduler_patience': 3, 'scheduler_factor': 0.8, 'random_state': 2, 'scheduler': {'type': 'ReduceLROnPlateau'}}
[GRURegressor] Using device: cuda
    [Strict Validation] Holding out 1 participants for early stopping: P11
[GRURegressor] Using explicitly provided validation set (850 samples).
[Augmenter] Balanced 90 participant-weight combinations to 250 samples each. Total: 22500
[GRURegressor] Augmentation: 14469 → 22500 sequences (+8031 synthetic)

Early stopping triggered at epoch 7. Best Val Loss: 0.1475
    Train MAE: 0.1692 | Test MAE: 0.3431 | Gap: 0.1739
    Train RMSE: 0.3190 | Test RMSE: 0.7084 | Ratio: 2.22x
--- Fold 16/17 (Left out Participants: P18) ---
Initializing GRU Regressor with config: {'hidden_size': 512, 'num_layers': 2, 'dropout_rate': 0.5, 'learning_rate': 0.0005, 'weight_decay': 0.0001, 'batch_size': 32, 'epochs': 200, 'validation_split': 0.1, 'early_stopping_patience': 5, 'scheduler_patience': 3, 'scheduler_factor': 0.8, 'random_state': 2, 'scheduler': {'type': 'ReduceLROnPlateau'}}
[GRURegressor] Using device: cuda
    [Strict Validation] Holding out 1 participants for early stopping: P16
[GRURegressor] Using explicitly provided validation set (832 samples).
[Augmenter] Balanced 90 participant-weight combinations to 250 samples each. Total: 22500
[GRURegressor] Augmentation: 14495 → 22500 sequences (+8005 synthetic)

Early stopping triggered at epoch 6. Best Val Loss: 0.3545
    Train MAE: 0.2086 | Test MAE: 0.3535 | Gap: 0.1449
    Train RMSE: 0.3625 | Test RMSE: 0.7004 | Ratio: 1.93x
--- Fold 17/17 (Left out Participants: P05) ---
Initializing GRU Regressor with config: {'hidden_size': 512, 'num_layers': 2, 'dropout_rate': 0.5, 'learning_rate': 0.0005, 'weight_decay': 0.0001, 'batch_size': 32, 'epochs': 200, 'validation_split': 0.1, 'early_stopping_patience': 5, 'scheduler_patience': 3, 'scheduler_factor': 0.8, 'random_state': 2, 'scheduler': {'type': 'ReduceLROnPlateau'}}
[GRURegressor] Using device: cuda
    [Strict Validation] Holding out 1 participants for early stopping: P11
[GRURegressor] Using explicitly provided validation set (850 samples).
[Augmenter] Balanced 90 participant-weight combinations to 250 samples each. Total: 22500
[GRURegressor] Augmentation: 14495 → 22500 sequences (+8005 synthetic)

Early stopping triggered at epoch 19. Best Val Loss: 0.1350
    Train MAE: 0.0384 | Test MAE: 0.2816 | Gap: 0.2433
    Train RMSE: 0.1436 | Test RMSE: 0.5726 | Ratio: 3.99x

Training final model on full dataset for saving...
Initializing GRU Regressor with config: {'hidden_size': 512, 'num_layers': 2, 'dropout_rate': 0.5, 'learning_rate': 0.0005, 'weight_decay': 0.0001, 'batch_size': 32, 'epochs': 200, 'validation_split': 0.1, 'early_stopping_patience': 5, 'scheduler_patience': 3, 'scheduler_factor': 0.8, 'random_state': 2, 'scheduler': {'type': 'ReduceLROnPlateau'}}
[GRURegressor] Using device: cuda
    [Strict Validation] Holding out 1 participants from final dataset for early stopping: P14
[GRURegressor] Using explicitly provided validation set (413 samples).
[Augmenter] Balanced 96 participant-weight combinations to 250 samples each. Total: 24000
[GRURegressor] Augmentation: 15319 → 24000 sequences (+8681 synthetic)

Early stopping triggered at epoch 7. Best Val Loss: 0.4659
Regression plot saved to /home/bwingen/thesis/Thesis/model/model_results/run_20260621_174833_participant_gru_s2_t13/regression_plot.png
Loss plot saved to /home/bwingen/thesis/Thesis/model/model_results/run_20260621_174833_participant_gru_s2_t13/loss_plot.png
Participant performance plot saved to /home/bwingen/thesis/Thesis/model/model_results/run_20260621_174833_participant_gru_s2_t13/participant_performance.png
Sequence-length performance plot saved to /home/bwingen/thesis/Thesis/model/model_results/run_20260621_174833_participant_gru_s2_t13/seqlen_performance_plot.png

Performance report saved to /home/bwingen/thesis/Thesis/model/model_results/run_20260621_174833_participant_gru_s2_t13/performance_report.txt

============================================================
  BALANCED PERFORMANCE SUMMARY
============================================================
--- MACRO-AVERAGED METRICS (BALANCED) ---
Primary metric: class_participant_macro (equal weight per participant AND per weight class)

View                         | MAE      | RMSE     | R2      
-------------------------------------------------------------
class+participant macro *    | 0.5089   | 0.6650   | 0.8421  
participant macro            | 0.2906   | 0.5609   | 0.9110  
class macro                  | 0.4553   | 0.6762   | 0.8668  
pooled (unbalanced)          | 0.2649   | 0.5355   | 0.9229  

* PRIMARY. R2 under class balancing uses class-balanced sample weights
  (per-class R2 is undefined; a single class has zero target variance).
============================================================


[run_data_exporter] Run data saved to /home/bwingen/thesis/Thesis/model/model_results/run_20260621_174833_participant_gru_s2_t13/run_data.json
