Database found at /scratch/bwingen/thesis/database
Using Python: /scratch/bwingen/thesis_env/bin/python
Python 3.10.20
=================================================================
SWEEP: --mode full --time_budget_hours 23
=================================================================
[DataLoader] Weight filter active (applied at training time) — excluding calibrated weights: [0.9, 2.24]
[DataLoader] Loaded blacklist: 545 segments will be skipped.
=================================================================
  SPATIO-TEMPORAL TRANSFORMER 3 UNIFIED SWEEP
  Active Sweep Mode    : FULL
=================================================================
  DEV_MODE             : False
  Configurations/Iters : 60
  Epochs per config    : 200
  Early-stop patience  : 20
  Test participants    : 4
  Results directory    : /home/bwingen/thesis/Thesis/model/model_results/sweep_st_transformer3_full_20260615_054731
=================================================================

Loading precomputed features (sequence mode)…
[DataLoader] Filtered 20 files down to 19 based on PARTICIPANT_CONFIG['include']=['P01', 'P02', 'P03', 'P04', 'P05', 'P06', 'P07', 'P08', 'P09', 'P10', 'P11', 'P12', 'P14', 'P15', 'P16', 'P17', 'P18']
[DataLoader] Skipped 9 blacklisted segments in participant_P01_session_01_segments.h5
[DataLoader] Skipped 10 blacklisted segments in participant_P01_session_02_segments.h5
[DataLoader] Skipped 3 blacklisted segments in participant_P01_session_03_segments.h5
[DataLoader] Skipped 5 blacklisted segments in participant_P02_session_01_segments.h5
[DataLoader] Skipped 42 blacklisted segments in participant_P03_session_01_segments.h5
[DataLoader] Skipped 25 blacklisted segments in participant_P04_session_01_segments.h5
[DataLoader] Skipped 50 blacklisted segments in participant_P05_session_01_segments.h5
[DataLoader] Skipped 35 blacklisted segments in participant_P06_session_01_segments.h5
[DataLoader] Skipped 28 blacklisted segments in participant_P07_session_01_segments.h5
[DataLoader] Skipped 35 blacklisted segments in participant_P08_session_01_segments.h5
[DataLoader] Skipped 15 blacklisted segments in participant_P09_session_01_segments.h5
[DataLoader] Skipped 16 blacklisted segments in participant_P10_session_01_segments.h5
[DataLoader] Skipped 5 blacklisted segments in participant_P11_session_01_segments.h5
[DataLoader] Skipped 4 blacklisted segments in participant_P12_session_01_segments.h5
[DataLoader] Skipped 20 blacklisted segments in participant_P14_session_01_segments.h5
[DataLoader] Skipped 125 blacklisted segments in participant_P15_session_01_segments.h5
[DataLoader] Skipped 25 blacklisted segments in participant_P16_session_01_segments.h5
[DataLoader] Skipped 19 blacklisted segments in participant_P17_session_01_segments.h5
[DataLoader] Skipped 28 blacklisted segments in participant_P18_session_01_segments.h5
[Sweep] Dropped 2582 segments with excluded weight classes.
Total segments: 15732

Stratified Split (Mixed-Participant):
  Training   (12585 segs)
  Validation (3147 segs)

=================================================================
[Stage A] all_33 | epochs=200 | budget left: 22.96h
=================================================================
[SpatioTemporalTransformerRegressor3] Using device: cuda
[SpatioTemporalTransformerRegressor3] Using explicitly provided validation set (3147 samples).
[SpatioTemporalTransformerRegressor3] Capping sequence length at 23 based on sample distribution (min_count=62).
[SpatioTemporalTransformerRegressor3] Grouped features into 20 spatial channels.
[Augmenter] Balanced 102 participant-weight combinations to 250 samples each. Total: 25500
[SpatioTemporalTransformerNetwork3] Modality groups: {'EMG': 8, 'IMU_Accel': 6, 'IMU_Orient': 6}

  [Stage A] all_33: RMSE 0.3645 | MAE 0.1726 | R² 0.9643 (28.8 min, sec/epoch now 8.4)

=================================================================
[Stage A] sweep_best_rmse_20 | epochs=200 | budget left: 22.46h
=================================================================
[SpatioTemporalTransformerRegressor3] Using device: cuda
[SpatioTemporalTransformerRegressor3] Using explicitly provided validation set (3147 samples).
[SpatioTemporalTransformerRegressor3] Capping sequence length at 23 based on sample distribution (min_count=62).
[SpatioTemporalTransformerRegressor3] Grouped features into 20 spatial channels.
[Augmenter] Balanced 102 participant-weight combinations to 250 samples each. Total: 25500
[SpatioTemporalTransformerNetwork3] Modality groups: {'EMG': 8, 'IMU_Accel': 6, 'IMU_Orient': 6}

  [Stage A] sweep_best_rmse_20: RMSE 0.3498 | MAE 0.1674 | R² 0.9671 (26.7 min, sec/epoch now 7.7)

=================================================================
[Stage A] sweep_lean_14 | epochs=200 | budget left: 21.99h
=================================================================
[SpatioTemporalTransformerRegressor3] Using device: cuda
[SpatioTemporalTransformerRegressor3] Using explicitly provided validation set (3147 samples).
[SpatioTemporalTransformerRegressor3] Capping sequence length at 23 based on sample distribution (min_count=62).
[SpatioTemporalTransformerRegressor3] Grouped features into 20 spatial channels.
[Augmenter] Balanced 102 participant-weight combinations to 250 samples each. Total: 25500
[SpatioTemporalTransformerNetwork3] Modality groups: {'EMG': 8, 'IMU_Accel': 6, 'IMU_Orient': 6}

  [Stage A] sweep_lean_14: RMSE 0.3603 | MAE 0.1826 | R² 0.9651 (26.5 min, sec/epoch now 7.4)

=================================================================
[Stage A] ridge_positive_17 | epochs=200 | budget left: 21.52h
=================================================================
[SpatioTemporalTransformerRegressor3] Using device: cuda
[SpatioTemporalTransformerRegressor3] Using explicitly provided validation set (3147 samples).
[SpatioTemporalTransformerRegressor3] Capping sequence length at 23 based on sample distribution (min_count=62).
[SpatioTemporalTransformerRegressor3] Grouped features into 20 spatial channels.
[Augmenter] Balanced 102 participant-weight combinations to 250 samples each. Total: 25500
[SpatioTemporalTransformerNetwork3] Modality groups: {'EMG': 8, 'IMU_Accel': 6, 'IMU_Orient': 6}

  [Stage A] ridge_positive_17: RMSE 0.3458 | MAE 0.1590 | R² 0.9679 (26.9 min, sec/epoch now 7.3)

[Stage A] Winning feature set: ridge_positive_17 (17 categories)

=================================================================
[Stage B rung 1] config #1 | epochs=60 | budget left: 21.07h
=================================================================
[SpatioTemporalTransformerRegressor3] Using device: cuda
[SpatioTemporalTransformerRegressor3] Using explicitly provided validation set (3147 samples).
[SpatioTemporalTransformerRegressor3] Capping sequence length at 23 based on sample distribution (min_count=62).
[SpatioTemporalTransformerRegressor3] Grouped features into 20 spatial channels.
[Augmenter] Balanced 102 participant-weight combinations to 250 samples each. Total: 25500
[SpatioTemporalTransformerNetwork3] Modality groups: {'EMG': 8, 'IMU_Accel': 6, 'IMU_Orient': 6}

  [Stage B rung 1] config #1: RMSE 0.3250 | MAE 0.1539 | R² 0.9716 (8.6 min, sec/epoch now 6.4)

=================================================================
[Stage B rung 1] config #2 | epochs=60 | budget left: 20.93h
=================================================================
[SpatioTemporalTransformerRegressor3] Using device: cuda
[SpatioTemporalTransformerRegressor3] Using explicitly provided validation set (3147 samples).
[SpatioTemporalTransformerRegressor3] Capping sequence length at 23 based on sample distribution (min_count=62).
[SpatioTemporalTransformerRegressor3] Grouped features into 20 spatial channels.
[Augmenter] Balanced 102 participant-weight combinations to 250 samples each. Total: 25500
[SpatioTemporalTransformerNetwork3] Modality groups: {'EMG': 8, 'IMU_Accel': 6, 'IMU_Orient': 6}

  [Stage B rung 1] config #2: RMSE 0.4442 | MAE 0.2224 | R² 0.9470 (8.8 min, sec/epoch now 6.1)

=================================================================
[Stage B rung 1] config #3 | epochs=60 | budget left: 20.78h
=================================================================
[SpatioTemporalTransformerRegressor3] Using device: cuda
[SpatioTemporalTransformerRegressor3] Using explicitly provided validation set (3147 samples).
[SpatioTemporalTransformerRegressor3] Capping sequence length at 23 based on sample distribution (min_count=62).
[SpatioTemporalTransformerRegressor3] Grouped features into 20 spatial channels.
[Augmenter] Balanced 102 participant-weight combinations to 250 samples each. Total: 25500
[SpatioTemporalTransformerNetwork3] Modality groups: {'EMG': 8, 'IMU_Accel': 6, 'IMU_Orient': 6}

  [Stage B rung 1] config #3: RMSE 0.4092 | MAE 0.2047 | R² 0.9550 (6.6 min, sec/epoch now 4.9)

=================================================================
[Stage B rung 1] config #4 | epochs=60 | budget left: 20.67h
=================================================================
[SpatioTemporalTransformerRegressor3] Using device: cuda
[SpatioTemporalTransformerRegressor3] Using explicitly provided validation set (3147 samples).
[SpatioTemporalTransformerRegressor3] Capping sequence length at 23 based on sample distribution (min_count=62).
[SpatioTemporalTransformerRegressor3] Grouped features into 20 spatial channels.
[Augmenter] Balanced 102 participant-weight combinations to 250 samples each. Total: 25500
[SpatioTemporalTransformerNetwork3] Modality groups: {'EMG': 8, 'IMU_Accel': 6, 'IMU_Orient': 6}

  [Stage B rung 1] config #4: RMSE 0.3747 | MAE 0.1931 | R² 0.9623 (13.0 min, sec/epoch now 7.4)

=================================================================
[Stage B rung 1] config #5 | epochs=60 | budget left: 20.45h
=================================================================
[SpatioTemporalTransformerRegressor3] Using device: cuda
[SpatioTemporalTransformerRegressor3] Using explicitly provided validation set (3147 samples).
[SpatioTemporalTransformerRegressor3] Capping sequence length at 23 based on sample distribution (min_count=62).
[SpatioTemporalTransformerRegressor3] Grouped features into 20 spatial channels.
[Augmenter] Balanced 102 participant-weight combinations to 250 samples each. Total: 25500
[SpatioTemporalTransformerNetwork3] Modality groups: {'EMG': 8, 'IMU_Accel': 6, 'IMU_Orient': 6}

  [Stage B rung 1] config #5: RMSE 0.3576 | MAE 0.1608 | R² 0.9656 (13.6 min, sec/epoch now 9.0)

=================================================================
[Stage B rung 1] config #6 | epochs=60 | budget left: 20.23h
=================================================================
[SpatioTemporalTransformerRegressor3] Using device: cuda
[SpatioTemporalTransformerRegressor3] Using explicitly provided validation set (3147 samples).
[SpatioTemporalTransformerRegressor3] Capping sequence length at 23 based on sample distribution (min_count=62).
[SpatioTemporalTransformerRegressor3] Grouped features into 20 spatial channels.
[Augmenter] Balanced 102 participant-weight combinations to 250 samples each. Total: 25500
[SpatioTemporalTransformerNetwork3] Modality groups: {'EMG': 8, 'IMU_Accel': 6, 'IMU_Orient': 6}

  [Stage B rung 1] config #6: RMSE 0.3640 | MAE 0.1832 | R² 0.9644 (7.9 min, sec/epoch now 6.9)

=================================================================
[Stage B rung 1] config #7 | epochs=60 | budget left: 20.10h
=================================================================
[SpatioTemporalTransformerRegressor3] Using device: cuda
[SpatioTemporalTransformerRegressor3] Using explicitly provided validation set (3147 samples).
[SpatioTemporalTransformerRegressor3] Capping sequence length at 23 based on sample distribution (min_count=62).
[SpatioTemporalTransformerRegressor3] Grouped features into 20 spatial channels.
[Augmenter] Balanced 102 participant-weight combinations to 250 samples each. Total: 25500
[SpatioTemporalTransformerNetwork3] Modality groups: {'EMG': 8, 'IMU_Accel': 6, 'IMU_Orient': 6}

  [Stage B rung 1] config #7: RMSE 0.3714 | MAE 0.1798 | R² 0.9629 (13.1 min, sec/epoch now 8.5)

=================================================================
[Stage B rung 1] config #8 | epochs=60 | budget left: 19.88h
=================================================================
[SpatioTemporalTransformerRegressor3] Using device: cuda
[SpatioTemporalTransformerRegressor3] Using explicitly provided validation set (3147 samples).
[SpatioTemporalTransformerRegressor3] Capping sequence length at 23 based on sample distribution (min_count=62).
[SpatioTemporalTransformerRegressor3] Grouped features into 20 spatial channels.
[Augmenter] Balanced 102 participant-weight combinations to 250 samples each. Total: 25500
[SpatioTemporalTransformerNetwork3] Modality groups: {'EMG': 8, 'IMU_Accel': 6, 'IMU_Orient': 6}

  [Stage B rung 1] config #8: RMSE 0.3979 | MAE 0.1838 | R² 0.9574 (9.1 min, sec/epoch now 7.3)

=================================================================
[Stage B rung 1] config #9 | epochs=60 | budget left: 19.73h
=================================================================
[SpatioTemporalTransformerRegressor3] Using device: cuda
[SpatioTemporalTransformerRegressor3] Using explicitly provided validation set (3147 samples).
[SpatioTemporalTransformerRegressor3] Capping sequence length at 23 based on sample distribution (min_count=62).
[SpatioTemporalTransformerRegressor3] Grouped features into 20 spatial channels.
[Augmenter] Balanced 102 participant-weight combinations to 250 samples each. Total: 25500
[SpatioTemporalTransformerNetwork3] Modality groups: {'EMG': 8, 'IMU_Accel': 6, 'IMU_Orient': 6}

  [Stage B rung 1] config #9: RMSE 0.3552 | MAE 0.1580 | R² 0.9661 (11.2 min, sec/epoch now 7.8)

=================================================================
[Stage B rung 1] config #10 | epochs=60 | budget left: 19.54h
=================================================================
[SpatioTemporalTransformerRegressor3] Using device: cuda
[SpatioTemporalTransformerRegressor3] Using explicitly provided validation set (3147 samples).
[SpatioTemporalTransformerRegressor3] Capping sequence length at 23 based on sample distribution (min_count=62).
[SpatioTemporalTransformerRegressor3] Grouped features into 20 spatial channels.
[Augmenter] Balanced 102 participant-weight combinations to 250 samples each. Total: 25500
[SpatioTemporalTransformerNetwork3] Modality groups: {'EMG': 8, 'IMU_Accel': 6, 'IMU_Orient': 6}

  [Stage B rung 1] config #10: RMSE 0.3858 | MAE 0.1946 | R² 0.9600 (9.3 min, sec/epoch now 7.0)

=================================================================
[Stage B rung 1] config #11 | epochs=60 | budget left: 19.38h
=================================================================
[SpatioTemporalTransformerRegressor3] Using device: cuda
[SpatioTemporalTransformerRegressor3] Using explicitly provided validation set (3147 samples).
[SpatioTemporalTransformerRegressor3] Capping sequence length at 23 based on sample distribution (min_count=62).
[SpatioTemporalTransformerRegressor3] Grouped features into 20 spatial channels.
[Augmenter] Balanced 102 participant-weight combinations to 250 samples each. Total: 25500
[SpatioTemporalTransformerNetwork3] Modality groups: {'EMG': 8, 'IMU_Accel': 6, 'IMU_Orient': 6}

  [Stage B rung 1] config #11: RMSE 0.4184 | MAE 0.2062 | R² 0.9529 (10.1 min, sec/epoch now 7.0)

=================================================================
[Stage B rung 1] config #12 | epochs=60 | budget left: 19.22h
=================================================================
[SpatioTemporalTransformerRegressor3] Using device: cuda
[SpatioTemporalTransformerRegressor3] Using explicitly provided validation set (3147 samples).
[SpatioTemporalTransformerRegressor3] Capping sequence length at 23 based on sample distribution (min_count=62).
[SpatioTemporalTransformerRegressor3] Grouped features into 20 spatial channels.
[Augmenter] Balanced 102 participant-weight combinations to 250 samples each. Total: 25500
[SpatioTemporalTransformerNetwork3] Modality groups: {'EMG': 8, 'IMU_Accel': 6, 'IMU_Orient': 6}

  [Stage B rung 1] config #12: RMSE 0.3671 | MAE 0.1859 | R² 0.9638 (10.0 min, sec/epoch now 7.0)

=================================================================
[Stage B rung 1] config #13 | epochs=60 | budget left: 19.05h
=================================================================
[SpatioTemporalTransformerRegressor3] Using device: cuda
[SpatioTemporalTransformerRegressor3] Using explicitly provided validation set (3147 samples).
[SpatioTemporalTransformerRegressor3] Capping sequence length at 23 based on sample distribution (min_count=62).
[SpatioTemporalTransformerRegressor3] Grouped features into 20 spatial channels.
[Augmenter] Balanced 102 participant-weight combinations to 250 samples each. Total: 25500
[SpatioTemporalTransformerNetwork3] Modality groups: {'EMG': 8, 'IMU_Accel': 6, 'IMU_Orient': 6}

  [Stage B rung 1] config #13: RMSE 0.3935 | MAE 0.2070 | R² 0.9584 (6.8 min, sec/epoch now 5.4)

=================================================================
[Stage B rung 1] config #14 | epochs=60 | budget left: 18.94h
=================================================================
[SpatioTemporalTransformerRegressor3] Using device: cuda
[SpatioTemporalTransformerRegressor3] Using explicitly provided validation set (3147 samples).
[SpatioTemporalTransformerRegressor3] Capping sequence length at 23 based on sample distribution (min_count=62).
[SpatioTemporalTransformerRegressor3] Grouped features into 20 spatial channels.
[Augmenter] Balanced 102 participant-weight combinations to 250 samples each. Total: 25500
[SpatioTemporalTransformerNetwork3] Modality groups: {'EMG': 8, 'IMU_Accel': 6, 'IMU_Orient': 6}

  [Stage B rung 1] config #14: RMSE 0.3612 | MAE 0.1849 | R² 0.9649 (8.0 min, sec/epoch now 5.2)

=================================================================
[Stage B rung 1] config #15 | epochs=60 | budget left: 18.80h
=================================================================
[SpatioTemporalTransformerRegressor3] Using device: cuda
[SpatioTemporalTransformerRegressor3] Using explicitly provided validation set (3147 samples).
[SpatioTemporalTransformerRegressor3] Capping sequence length at 23 based on sample distribution (min_count=62).
[SpatioTemporalTransformerRegressor3] Grouped features into 20 spatial channels.
[Augmenter] Balanced 102 participant-weight combinations to 250 samples each. Total: 25500
[SpatioTemporalTransformerNetwork3] Modality groups: {'EMG': 8, 'IMU_Accel': 6, 'IMU_Orient': 6}

  [Stage B rung 1] config #15: RMSE 0.3704 | MAE 0.1767 | R² 0.9631 (10.0 min, sec/epoch now 6.1)

=================================================================
[Stage B rung 1] config #16 | epochs=60 | budget left: 18.64h
=================================================================
[SpatioTemporalTransformerRegressor3] Using device: cuda
[SpatioTemporalTransformerRegressor3] Using explicitly provided validation set (3147 samples).
[SpatioTemporalTransformerRegressor3] Capping sequence length at 23 based on sample distribution (min_count=62).
[SpatioTemporalTransformerRegressor3] Grouped features into 20 spatial channels.
[Augmenter] Balanced 102 participant-weight combinations to 250 samples each. Total: 25500
[SpatioTemporalTransformerNetwork3] Modality groups: {'EMG': 8, 'IMU_Accel': 6, 'IMU_Orient': 6}

  [Stage B rung 1] config #16: RMSE 0.4804 | MAE 0.2444 | R² 0.9380 (13.7 min, sec/epoch now 8.4)

=================================================================
[Stage B rung 1] config #17 | epochs=60 | budget left: 18.41h
=================================================================
[SpatioTemporalTransformerRegressor3] Using device: cuda
[SpatioTemporalTransformerRegressor3] Using explicitly provided validation set (3147 samples).
[SpatioTemporalTransformerRegressor3] Capping sequence length at 23 based on sample distribution (min_count=62).
[SpatioTemporalTransformerRegressor3] Grouped features into 20 spatial channels.
[Augmenter] Balanced 102 participant-weight combinations to 250 samples each. Total: 25500
[SpatioTemporalTransformerNetwork3] Modality groups: {'EMG': 8, 'IMU_Accel': 6, 'IMU_Orient': 6}

  [Stage B rung 1] config #17: RMSE 0.3558 | MAE 0.1765 | R² 0.9660 (9.7 min, sec/epoch now 7.5)

=================================================================
[Stage B rung 1] config #18 | epochs=60 | budget left: 18.25h
=================================================================
[SpatioTemporalTransformerRegressor3] Using device: cuda
[SpatioTemporalTransformerRegressor3] Using explicitly provided validation set (3147 samples).
[SpatioTemporalTransformerRegressor3] Capping sequence length at 23 based on sample distribution (min_count=62).
[SpatioTemporalTransformerRegressor3] Grouped features into 20 spatial channels.
[Augmenter] Balanced 102 participant-weight combinations to 250 samples each. Total: 25500
[SpatioTemporalTransformerNetwork3] Modality groups: {'EMG': 8, 'IMU_Accel': 6, 'IMU_Orient': 6}

  [Stage B rung 1] config #18: RMSE 0.3360 | MAE 0.1441 | R² 0.9697 (12.3 min, sec/epoch now 8.4)

=================================================================
[Stage B rung 1] config #19 | epochs=60 | budget left: 18.04h
=================================================================
[SpatioTemporalTransformerRegressor3] Using device: cuda
[SpatioTemporalTransformerRegressor3] Using explicitly provided validation set (3147 samples).
[SpatioTemporalTransformerRegressor3] Capping sequence length at 23 based on sample distribution (min_count=62).
[SpatioTemporalTransformerRegressor3] Grouped features into 20 spatial channels.
[Augmenter] Balanced 102 participant-weight combinations to 250 samples each. Total: 25500
[SpatioTemporalTransformerNetwork3] Modality groups: {'EMG': 8, 'IMU_Accel': 6, 'IMU_Orient': 6}

  [Stage B rung 1] config #19: RMSE 0.4399 | MAE 0.2264 | R² 0.9480 (12.2 min, sec/epoch now 8.8)

=================================================================
[Stage B rung 1] config #20 | epochs=60 | budget left: 17.84h
=================================================================
[SpatioTemporalTransformerRegressor3] Using device: cuda
[SpatioTemporalTransformerRegressor3] Using explicitly provided validation set (3147 samples).
[SpatioTemporalTransformerRegressor3] Capping sequence length at 23 based on sample distribution (min_count=62).
[SpatioTemporalTransformerRegressor3] Grouped features into 20 spatial channels.
[Augmenter] Balanced 102 participant-weight combinations to 250 samples each. Total: 25500
[SpatioTemporalTransformerNetwork3] Modality groups: {'EMG': 8, 'IMU_Accel': 6, 'IMU_Orient': 6}

  [Stage B rung 1] config #20: RMSE 0.3514 | MAE 0.1593 | R² 0.9668 (13.0 min, sec/epoch now 9.4)

=================================================================
[Stage B rung 1] config #21 | epochs=60 | budget left: 17.62h
=================================================================
[SpatioTemporalTransformerRegressor3] Using device: cuda
[SpatioTemporalTransformerRegressor3] Using explicitly provided validation set (3147 samples).
[SpatioTemporalTransformerRegressor3] Capping sequence length at 23 based on sample distribution (min_count=62).
[SpatioTemporalTransformerRegressor3] Grouped features into 20 spatial channels.
[Augmenter] Balanced 102 participant-weight combinations to 250 samples each. Total: 25500
[SpatioTemporalTransformerNetwork3] Modality groups: {'EMG': 8, 'IMU_Accel': 6, 'IMU_Orient': 6}

  [Stage B rung 1] config #21: RMSE 0.5088 | MAE 0.2558 | R² 0.9304 (13.1 min, sec/epoch now 9.8)

=================================================================
[Stage B rung 1] config #22 | epochs=60 | budget left: 17.40h
=================================================================
[SpatioTemporalTransformerRegressor3] Using device: cuda
[SpatioTemporalTransformerRegressor3] Using explicitly provided validation set (3147 samples).
[SpatioTemporalTransformerRegressor3] Capping sequence length at 23 based on sample distribution (min_count=62).
[SpatioTemporalTransformerRegressor3] Grouped features into 20 spatial channels.
[Augmenter] Balanced 102 participant-weight combinations to 250 samples each. Total: 25500
[SpatioTemporalTransformerNetwork3] Modality groups: {'EMG': 8, 'IMU_Accel': 6, 'IMU_Orient': 6}

  [Stage B rung 1] config #22: RMSE 0.3906 | MAE 0.1958 | R² 0.9590 (10.4 min, sec/epoch now 8.6)

=================================================================
[Stage B rung 1] config #23 | epochs=60 | budget left: 17.23h
=================================================================
[SpatioTemporalTransformerRegressor3] Using device: cuda
[SpatioTemporalTransformerRegressor3] Using explicitly provided validation set (3147 samples).
[SpatioTemporalTransformerRegressor3] Capping sequence length at 23 based on sample distribution (min_count=62).
[SpatioTemporalTransformerRegressor3] Grouped features into 20 spatial channels.
[Augmenter] Balanced 102 participant-weight combinations to 250 samples each. Total: 25500
[SpatioTemporalTransformerNetwork3] Modality groups: {'EMG': 8, 'IMU_Accel': 6, 'IMU_Orient': 6}

  [Stage B rung 1] config #23: RMSE 0.5430 | MAE 0.3135 | R² 0.9207 (12.2 min, sec/epoch now 8.9)

=================================================================
[Stage B rung 1] config #24 | epochs=60 | budget left: 17.03h
=================================================================
[SpatioTemporalTransformerRegressor3] Using device: cuda
[SpatioTemporalTransformerRegressor3] Using explicitly provided validation set (3147 samples).
[SpatioTemporalTransformerRegressor3] Capping sequence length at 23 based on sample distribution (min_count=62).
[SpatioTemporalTransformerRegressor3] Grouped features into 20 spatial channels.
[Augmenter] Balanced 102 participant-weight combinations to 250 samples each. Total: 25500
[SpatioTemporalTransformerNetwork3] Modality groups: {'EMG': 8, 'IMU_Accel': 6, 'IMU_Orient': 6}

  [Stage B rung 1] config #24: RMSE 0.3523 | MAE 0.1772 | R² 0.9666 (8.5 min, sec/epoch now 7.2)

=================================================================
[Stage B rung 1] config #25 | epochs=60 | budget left: 16.88h
=================================================================
[SpatioTemporalTransformerRegressor3] Using device: cuda
[SpatioTemporalTransformerRegressor3] Using explicitly provided validation set (3147 samples).
[SpatioTemporalTransformerRegressor3] Capping sequence length at 23 based on sample distribution (min_count=62).
[SpatioTemporalTransformerRegressor3] Grouped features into 20 spatial channels.
[Augmenter] Balanced 102 participant-weight combinations to 250 samples each. Total: 25500
[SpatioTemporalTransformerNetwork3] Modality groups: {'EMG': 8, 'IMU_Accel': 6, 'IMU_Orient': 6}

  [Stage B rung 1] config #25: RMSE 0.3834 | MAE 0.1899 | R² 0.9605 (9.2 min, sec/epoch now 6.7)

=================================================================
[Stage B rung 1] config #26 | epochs=60 | budget left: 16.73h
=================================================================
[SpatioTemporalTransformerRegressor3] Using device: cuda
[SpatioTemporalTransformerRegressor3] Using explicitly provided validation set (3147 samples).
[SpatioTemporalTransformerRegressor3] Capping sequence length at 23 based on sample distribution (min_count=62).
[SpatioTemporalTransformerRegressor3] Grouped features into 20 spatial channels.
[Augmenter] Balanced 102 participant-weight combinations to 250 samples each. Total: 25500
[SpatioTemporalTransformerNetwork3] Modality groups: {'EMG': 8, 'IMU_Accel': 6, 'IMU_Orient': 6}

  [Stage B rung 1] config #26: RMSE 0.3498 | MAE 0.1571 | R² 0.9671 (8.7 min, sec/epoch now 6.2)

=================================================================
[Stage B rung 1] config #27 | epochs=60 | budget left: 16.58h
=================================================================
[SpatioTemporalTransformerRegressor3] Using device: cuda
[SpatioTemporalTransformerRegressor3] Using explicitly provided validation set (3147 samples).
[SpatioTemporalTransformerRegressor3] Capping sequence length at 23 based on sample distribution (min_count=62).
[SpatioTemporalTransformerRegressor3] Grouped features into 20 spatial channels.
[Augmenter] Balanced 102 participant-weight combinations to 250 samples each. Total: 25500
[SpatioTemporalTransformerNetwork3] Modality groups: {'EMG': 8, 'IMU_Accel': 6, 'IMU_Orient': 6}

  [Stage B rung 1] config #27: RMSE 0.3479 | MAE 0.1832 | R² 0.9675 (6.1 min, sec/epoch now 4.7)

=================================================================
[Stage B rung 1] config #28 | epochs=60 | budget left: 16.48h
=================================================================
[SpatioTemporalTransformerRegressor3] Using device: cuda
[SpatioTemporalTransformerRegressor3] Using explicitly provided validation set (3147 samples).
[SpatioTemporalTransformerRegressor3] Capping sequence length at 23 based on sample distribution (min_count=62).
[SpatioTemporalTransformerRegressor3] Grouped features into 20 spatial channels.
[Augmenter] Balanced 102 participant-weight combinations to 250 samples each. Total: 25500
[SpatioTemporalTransformerNetwork3] Modality groups: {'EMG': 8, 'IMU_Accel': 6, 'IMU_Orient': 6}

  [Stage B rung 1] config #28: RMSE 0.3618 | MAE 0.1740 | R² 0.9648 (10.4 min, sec/epoch now 6.1)

=================================================================
[Stage B rung 1] config #29 | epochs=60 | budget left: 16.31h
=================================================================
[SpatioTemporalTransformerRegressor3] Using device: cuda
[SpatioTemporalTransformerRegressor3] Using explicitly provided validation set (3147 samples).
[SpatioTemporalTransformerRegressor3] Capping sequence length at 23 based on sample distribution (min_count=62).
[SpatioTemporalTransformerRegressor3] Grouped features into 20 spatial channels.
[Augmenter] Balanced 102 participant-weight combinations to 250 samples each. Total: 25500
[SpatioTemporalTransformerNetwork3] Modality groups: {'EMG': 8, 'IMU_Accel': 6, 'IMU_Orient': 6}

  [Stage B rung 1] config #29: RMSE 0.3696 | MAE 0.1764 | R² 0.9633 (13.5 min, sec/epoch now 8.3)

=================================================================
[Stage B rung 1] config #30 | epochs=60 | budget left: 16.08h
=================================================================
[SpatioTemporalTransformerRegressor3] Using device: cuda
[SpatioTemporalTransformerRegressor3] Using explicitly provided validation set (3147 samples).
[SpatioTemporalTransformerRegressor3] Capping sequence length at 23 based on sample distribution (min_count=62).
[SpatioTemporalTransformerRegressor3] Grouped features into 20 spatial channels.
[Augmenter] Balanced 102 participant-weight combinations to 250 samples each. Total: 25500
[SpatioTemporalTransformerNetwork3] Modality groups: {'EMG': 8, 'IMU_Accel': 6, 'IMU_Orient': 6}

  [Stage B rung 1] config #30: RMSE 0.3446 | MAE 0.1764 | R² 0.9681 (10.1 min, sec/epoch now 7.7)

=================================================================
[Stage B rung 1] config #31 | epochs=60 | budget left: 15.92h
=================================================================
[SpatioTemporalTransformerRegressor3] Using device: cuda
[SpatioTemporalTransformerRegressor3] Using explicitly provided validation set (3147 samples).
[SpatioTemporalTransformerRegressor3] Capping sequence length at 23 based on sample distribution (min_count=62).
[SpatioTemporalTransformerRegressor3] Grouped features into 20 spatial channels.
[Augmenter] Balanced 102 participant-weight combinations to 250 samples each. Total: 25500
[SpatioTemporalTransformerNetwork3] Modality groups: {'EMG': 8, 'IMU_Accel': 6, 'IMU_Orient': 6}

  [Stage B rung 1] config #31: RMSE 0.3477 | MAE 0.1562 | R² 0.9675 (12.8 min, sec/epoch now 8.8)

=================================================================
[Stage B rung 1] config #32 | epochs=60 | budget left: 15.70h
=================================================================
[SpatioTemporalTransformerRegressor3] Using device: cuda
[SpatioTemporalTransformerRegressor3] Using explicitly provided validation set (3147 samples).
[SpatioTemporalTransformerRegressor3] Capping sequence length at 23 based on sample distribution (min_count=62).
[SpatioTemporalTransformerRegressor3] Grouped features into 20 spatial channels.
[Augmenter] Balanced 102 participant-weight combinations to 250 samples each. Total: 25500
[SpatioTemporalTransformerNetwork3] Modality groups: {'EMG': 8, 'IMU_Accel': 6, 'IMU_Orient': 6}

  [Stage B rung 1] config #32: RMSE 0.3661 | MAE 0.1653 | R² 0.9640 (9.4 min, sec/epoch now 7.6)

=================================================================
[Stage B rung 1] config #33 | epochs=60 | budget left: 15.54h
=================================================================
[SpatioTemporalTransformerRegressor3] Using device: cuda
[SpatioTemporalTransformerRegressor3] Using explicitly provided validation set (3147 samples).
[SpatioTemporalTransformerRegressor3] Capping sequence length at 23 based on sample distribution (min_count=62).
[SpatioTemporalTransformerRegressor3] Grouped features into 20 spatial channels.
[Augmenter] Balanced 102 participant-weight combinations to 250 samples each. Total: 25500
[SpatioTemporalTransformerNetwork3] Modality groups: {'EMG': 8, 'IMU_Accel': 6, 'IMU_Orient': 6}

  [Stage B rung 1] config #33: RMSE 0.4631 | MAE 0.2312 | R² 0.9424 (12.9 min, sec/epoch now 8.8)

=================================================================
[Stage B rung 1] config #34 | epochs=60 | budget left: 15.33h
=================================================================
[SpatioTemporalTransformerRegressor3] Using device: cuda
[SpatioTemporalTransformerRegressor3] Using explicitly provided validation set (3147 samples).
[SpatioTemporalTransformerRegressor3] Capping sequence length at 23 based on sample distribution (min_count=62).
[SpatioTemporalTransformerRegressor3] Grouped features into 20 spatial channels.
[Augmenter] Balanced 102 participant-weight combinations to 250 samples each. Total: 25500
[SpatioTemporalTransformerNetwork3] Modality groups: {'EMG': 8, 'IMU_Accel': 6, 'IMU_Orient': 6}

  [Stage B rung 1] config #34: RMSE 0.3850 | MAE 0.2094 | R² 0.9602 (8.4 min, sec/epoch now 7.1)

=================================================================
[Stage B rung 1] config #35 | epochs=60 | budget left: 15.19h
=================================================================
[SpatioTemporalTransformerRegressor3] Using device: cuda
[SpatioTemporalTransformerRegressor3] Using explicitly provided validation set (3147 samples).
[SpatioTemporalTransformerRegressor3] Capping sequence length at 23 based on sample distribution (min_count=62).
[SpatioTemporalTransformerRegressor3] Grouped features into 20 spatial channels.
[Augmenter] Balanced 102 participant-weight combinations to 250 samples each. Total: 25500
[SpatioTemporalTransformerNetwork3] Modality groups: {'EMG': 8, 'IMU_Accel': 6, 'IMU_Orient': 6}

  [Stage B rung 1] config #35: RMSE 0.4941 | MAE 0.2513 | R² 0.9344 (11.9 min, sec/epoch now 8.0)

=================================================================
[Stage B rung 1] config #36 | epochs=60 | budget left: 14.99h
=================================================================
[SpatioTemporalTransformerRegressor3] Using device: cuda
[SpatioTemporalTransformerRegressor3] Using explicitly provided validation set (3147 samples).
[SpatioTemporalTransformerRegressor3] Capping sequence length at 23 based on sample distribution (min_count=62).
[SpatioTemporalTransformerRegressor3] Grouped features into 20 spatial channels.
[Augmenter] Balanced 102 participant-weight combinations to 250 samples each. Total: 25500
[SpatioTemporalTransformerNetwork3] Modality groups: {'EMG': 8, 'IMU_Accel': 6, 'IMU_Orient': 6}

  [Stage B rung 1] config #36: RMSE 0.5114 | MAE 0.2614 | R² 0.9297 (11.5 min, sec/epoch now 8.3)

=================================================================
[Stage B rung 1] config #37 | epochs=60 | budget left: 14.80h
=================================================================
[SpatioTemporalTransformerRegressor3] Using device: cuda
[SpatioTemporalTransformerRegressor3] Using explicitly provided validation set (3147 samples).
[SpatioTemporalTransformerRegressor3] Capping sequence length at 23 based on sample distribution (min_count=62).
[SpatioTemporalTransformerRegressor3] Grouped features into 20 spatial channels.
[Augmenter] Balanced 102 participant-weight combinations to 250 samples each. Total: 25500
[SpatioTemporalTransformerNetwork3] Modality groups: {'EMG': 8, 'IMU_Accel': 6, 'IMU_Orient': 6}

  [Stage B rung 1] config #37: RMSE 0.4125 | MAE 0.2026 | R² 0.9543 (6.4 min, sec/epoch now 5.8)

=================================================================
[Stage B rung 1] config #38 | epochs=60 | budget left: 14.69h
=================================================================
[SpatioTemporalTransformerRegressor3] Using device: cuda
[SpatioTemporalTransformerRegressor3] Using explicitly provided validation set (3147 samples).
[SpatioTemporalTransformerRegressor3] Capping sequence length at 23 based on sample distribution (min_count=62).
[SpatioTemporalTransformerRegressor3] Grouped features into 20 spatial channels.
[Augmenter] Balanced 102 participant-weight combinations to 250 samples each. Total: 25500
[SpatioTemporalTransformerNetwork3] Modality groups: {'EMG': 8, 'IMU_Accel': 6, 'IMU_Orient': 6}

  [Stage B rung 1] config #38: RMSE 0.4856 | MAE 0.2447 | R² 0.9366 (12.2 min, sec/epoch now 7.5)

=================================================================
[Stage B rung 1] config #39 | epochs=60 | budget left: 14.49h
=================================================================
[SpatioTemporalTransformerRegressor3] Using device: cuda
[SpatioTemporalTransformerRegressor3] Using explicitly provided validation set (3147 samples).
[SpatioTemporalTransformerRegressor3] Capping sequence length at 23 based on sample distribution (min_count=62).
[SpatioTemporalTransformerRegressor3] Grouped features into 20 spatial channels.
[Augmenter] Balanced 102 participant-weight combinations to 250 samples each. Total: 25500
[SpatioTemporalTransformerNetwork3] Modality groups: {'EMG': 8, 'IMU_Accel': 6, 'IMU_Orient': 6}

  [Stage B rung 1] config #39: RMSE 0.4092 | MAE 0.2046 | R² 0.9550 (8.0 min, sec/epoch now 6.3)

=================================================================
[Stage B rung 1] config #40 | epochs=60 | budget left: 14.35h
=================================================================
[SpatioTemporalTransformerRegressor3] Using device: cuda
[SpatioTemporalTransformerRegressor3] Using explicitly provided validation set (3147 samples).
[SpatioTemporalTransformerRegressor3] Capping sequence length at 23 based on sample distribution (min_count=62).
[SpatioTemporalTransformerRegressor3] Grouped features into 20 spatial channels.
[Augmenter] Balanced 102 participant-weight combinations to 250 samples each. Total: 25500
[SpatioTemporalTransformerNetwork3] Modality groups: {'EMG': 8, 'IMU_Accel': 6, 'IMU_Orient': 6}

  [Stage B rung 1] config #40: RMSE 0.3754 | MAE 0.1993 | R² 0.9621 (12.6 min, sec/epoch now 7.9)

=================================================================
[Stage B rung 1] config #41 | epochs=60 | budget left: 14.15h
=================================================================
[SpatioTemporalTransformerRegressor3] Using device: cuda
[SpatioTemporalTransformerRegressor3] Using explicitly provided validation set (3147 samples).
[SpatioTemporalTransformerRegressor3] Capping sequence length at 23 based on sample distribution (min_count=62).
[SpatioTemporalTransformerRegressor3] Grouped features into 20 spatial channels.
[Augmenter] Balanced 102 participant-weight combinations to 250 samples each. Total: 25500
[SpatioTemporalTransformerNetwork3] Modality groups: {'EMG': 8, 'IMU_Accel': 6, 'IMU_Orient': 6}

  [Stage B rung 1] config #41: RMSE 0.3677 | MAE 0.1876 | R² 0.9637 (13.0 min, sec/epoch now 9.0)

=================================================================
[Stage B rung 1] config #42 | epochs=60 | budget left: 13.93h
=================================================================
[SpatioTemporalTransformerRegressor3] Using device: cuda
[SpatioTemporalTransformerRegressor3] Using explicitly provided validation set (3147 samples).
[SpatioTemporalTransformerRegressor3] Capping sequence length at 23 based on sample distribution (min_count=62).
[SpatioTemporalTransformerRegressor3] Grouped features into 20 spatial channels.
[Augmenter] Balanced 102 participant-weight combinations to 250 samples each. Total: 25500
[SpatioTemporalTransformerNetwork3] Modality groups: {'EMG': 8, 'IMU_Accel': 6, 'IMU_Orient': 6}

  [Stage B rung 1] config #42: RMSE 0.4513 | MAE 0.2348 | R² 0.9453 (12.1 min, sec/epoch now 9.0)

=================================================================
[Stage B rung 1] config #43 | epochs=60 | budget left: 13.73h
=================================================================
[SpatioTemporalTransformerRegressor3] Using device: cuda
[SpatioTemporalTransformerRegressor3] Using explicitly provided validation set (3147 samples).
[SpatioTemporalTransformerRegressor3] Capping sequence length at 23 based on sample distribution (min_count=62).
[SpatioTemporalTransformerRegressor3] Grouped features into 20 spatial channels.
[Augmenter] Balanced 102 participant-weight combinations to 250 samples each. Total: 25500
[SpatioTemporalTransformerNetwork3] Modality groups: {'EMG': 8, 'IMU_Accel': 6, 'IMU_Orient': 6}

  [Stage B rung 1] config #43: RMSE 0.4496 | MAE 0.2209 | R² 0.9457 (6.2 min, sec/epoch now 6.1)

=================================================================
[Stage B rung 1] config #44 | epochs=60 | budget left: 13.62h
=================================================================
[SpatioTemporalTransformerRegressor3] Using device: cuda
[SpatioTemporalTransformerRegressor3] Using explicitly provided validation set (3147 samples).
[SpatioTemporalTransformerRegressor3] Capping sequence length at 23 based on sample distribution (min_count=62).
[SpatioTemporalTransformerRegressor3] Grouped features into 20 spatial channels.
[Augmenter] Balanced 102 participant-weight combinations to 250 samples each. Total: 25500
[SpatioTemporalTransformerNetwork3] Modality groups: {'EMG': 8, 'IMU_Accel': 6, 'IMU_Orient': 6}

  [Stage B rung 1] config #44: RMSE 0.3257 | MAE 0.1556 | R² 0.9715 (8.5 min, sec/epoch now 5.8)

=================================================================
[Stage B rung 1] config #45 | epochs=60 | budget left: 13.48h
=================================================================
[SpatioTemporalTransformerRegressor3] Using device: cuda
[SpatioTemporalTransformerRegressor3] Using explicitly provided validation set (3147 samples).
[SpatioTemporalTransformerRegressor3] Capping sequence length at 23 based on sample distribution (min_count=62).
[SpatioTemporalTransformerRegressor3] Grouped features into 20 spatial channels.
[Augmenter] Balanced 102 participant-weight combinations to 250 samples each. Total: 25500
[SpatioTemporalTransformerNetwork3] Modality groups: {'EMG': 8, 'IMU_Accel': 6, 'IMU_Orient': 6}

  [Stage B rung 1] config #45: RMSE 0.3434 | MAE 0.1566 | R² 0.9683 (11.2 min, sec/epoch now 7.0)

=================================================================
[Stage B rung 1] config #46 | epochs=60 | budget left: 13.29h
=================================================================
[SpatioTemporalTransformerRegressor3] Using device: cuda
[SpatioTemporalTransformerRegressor3] Using explicitly provided validation set (3147 samples).
[SpatioTemporalTransformerRegressor3] Capping sequence length at 23 based on sample distribution (min_count=62).
[SpatioTemporalTransformerRegressor3] Grouped features into 20 spatial channels.
[Augmenter] Balanced 102 participant-weight combinations to 250 samples each. Total: 25500
[SpatioTemporalTransformerNetwork3] Modality groups: {'EMG': 8, 'IMU_Accel': 6, 'IMU_Orient': 6}

  [Stage B rung 1] config #46: RMSE 0.4082 | MAE 0.2053 | R² 0.9552 (10.5 min, sec/epoch now 7.3)

=================================================================
[Stage B rung 1] config #47 | epochs=60 | budget left: 13.12h
=================================================================
[SpatioTemporalTransformerRegressor3] Using device: cuda
[SpatioTemporalTransformerRegressor3] Using explicitly provided validation set (3147 samples).
[SpatioTemporalTransformerRegressor3] Capping sequence length at 23 based on sample distribution (min_count=62).
[SpatioTemporalTransformerRegressor3] Grouped features into 20 spatial channels.
[Augmenter] Balanced 102 participant-weight combinations to 250 samples each. Total: 25500
[SpatioTemporalTransformerNetwork3] Modality groups: {'EMG': 8, 'IMU_Accel': 6, 'IMU_Orient': 6}

  [Stage B rung 1] config #47: RMSE 0.3635 | MAE 0.1785 | R² 0.9645 (14.1 min, sec/epoch now 9.2)

=================================================================
[Stage B rung 1] config #48 | epochs=60 | budget left: 12.88h
=================================================================
[SpatioTemporalTransformerRegressor3] Using device: cuda
[SpatioTemporalTransformerRegressor3] Using explicitly provided validation set (3147 samples).
[SpatioTemporalTransformerRegressor3] Capping sequence length at 23 based on sample distribution (min_count=62).
[SpatioTemporalTransformerRegressor3] Grouped features into 20 spatial channels.
[Augmenter] Balanced 102 participant-weight combinations to 250 samples each. Total: 25500
[SpatioTemporalTransformerNetwork3] Modality groups: {'EMG': 8, 'IMU_Accel': 6, 'IMU_Orient': 6}

  [Stage B rung 1] config #48: RMSE 0.4038 | MAE 0.2069 | R² 0.9562 (9.2 min, sec/epoch now 7.7)

[Stage B] Promoting 12 configs to rung 2 (120 epochs): #1, #44, #18, #45, #30, #31, #27, #26, #20, #24, #9, #17

=================================================================
[Stage B rung 2] config #1 | epochs=120 | budget left: 12.73h
=================================================================
[SpatioTemporalTransformerRegressor3] Using device: cuda
[SpatioTemporalTransformerRegressor3] Using explicitly provided validation set (3147 samples).
[SpatioTemporalTransformerRegressor3] Capping sequence length at 23 based on sample distribution (min_count=62).
[SpatioTemporalTransformerRegressor3] Grouped features into 20 spatial channels.
[Augmenter] Balanced 102 participant-weight combinations to 250 samples each. Total: 25500
[SpatioTemporalTransformerNetwork3] Modality groups: {'EMG': 8, 'IMU_Accel': 6, 'IMU_Orient': 6}

  [Stage B rung 2] config #1: RMSE 0.3353 | MAE 0.1548 | R² 0.9698 (16.5 min, sec/epoch now 7.2)

=================================================================
[Stage B rung 2] config #44 | epochs=120 | budget left: 12.45h
=================================================================
[SpatioTemporalTransformerRegressor3] Using device: cuda
[SpatioTemporalTransformerRegressor3] Using explicitly provided validation set (3147 samples).
[SpatioTemporalTransformerRegressor3] Capping sequence length at 23 based on sample distribution (min_count=62).
[SpatioTemporalTransformerRegressor3] Grouped features into 20 spatial channels.
[Augmenter] Balanced 102 participant-weight combinations to 250 samples each. Total: 25500
[SpatioTemporalTransformerNetwork3] Modality groups: {'EMG': 8, 'IMU_Accel': 6, 'IMU_Orient': 6}

  [Stage B rung 2] config #44: RMSE 0.3329 | MAE 0.1542 | R² 0.9702 (16.7 min, sec/epoch now 7.0)

=================================================================
[Stage B rung 2] config #18 | epochs=120 | budget left: 12.18h
=================================================================
[SpatioTemporalTransformerRegressor3] Using device: cuda
[SpatioTemporalTransformerRegressor3] Using explicitly provided validation set (3147 samples).
[SpatioTemporalTransformerRegressor3] Capping sequence length at 23 based on sample distribution (min_count=62).
[SpatioTemporalTransformerRegressor3] Grouped features into 20 spatial channels.
[Augmenter] Balanced 102 participant-weight combinations to 250 samples each. Total: 25500
[SpatioTemporalTransformerNetwork3] Modality groups: {'EMG': 8, 'IMU_Accel': 6, 'IMU_Orient': 6}

  [Stage B rung 2] config #18: RMSE 0.3333 | MAE 0.1727 | R² 0.9701 (24.5 min, sec/epoch now 8.9)

=================================================================
[Stage B rung 2] config #45 | epochs=120 | budget left: 11.77h
=================================================================
[SpatioTemporalTransformerRegressor3] Using device: cuda
[SpatioTemporalTransformerRegressor3] Using explicitly provided validation set (3147 samples).
[SpatioTemporalTransformerRegressor3] Capping sequence length at 23 based on sample distribution (min_count=62).
[SpatioTemporalTransformerRegressor3] Grouped features into 20 spatial channels.
[Augmenter] Balanced 102 participant-weight combinations to 250 samples each. Total: 25500
[SpatioTemporalTransformerNetwork3] Modality groups: {'EMG': 8, 'IMU_Accel': 6, 'IMU_Orient': 6}

  [Stage B rung 2] config #45: RMSE 0.3494 | MAE 0.1507 | R² 0.9672 (22.7 min, sec/epoch now 9.4)

=================================================================
[Stage B rung 2] config #30 | epochs=120 | budget left: 11.39h
=================================================================
[SpatioTemporalTransformerRegressor3] Using device: cuda
[SpatioTemporalTransformerRegressor3] Using explicitly provided validation set (3147 samples).
[SpatioTemporalTransformerRegressor3] Capping sequence length at 23 based on sample distribution (min_count=62).
[SpatioTemporalTransformerRegressor3] Grouped features into 20 spatial channels.
[Augmenter] Balanced 102 participant-weight combinations to 250 samples each. Total: 25500
[SpatioTemporalTransformerNetwork3] Modality groups: {'EMG': 8, 'IMU_Accel': 6, 'IMU_Orient': 6}

  [Stage B rung 2] config #30: RMSE 0.3535 | MAE 0.1838 | R² 0.9664 (20.4 min, sec/epoch now 9.0)

=================================================================
[Stage B rung 2] config #31 | epochs=120 | budget left: 11.05h
=================================================================
[SpatioTemporalTransformerRegressor3] Using device: cuda
[SpatioTemporalTransformerRegressor3] Using explicitly provided validation set (3147 samples).
[SpatioTemporalTransformerRegressor3] Capping sequence length at 23 based on sample distribution (min_count=62).
[SpatioTemporalTransformerRegressor3] Grouped features into 20 spatial channels.
[Augmenter] Balanced 102 participant-weight combinations to 250 samples each. Total: 25500
[SpatioTemporalTransformerNetwork3] Modality groups: {'EMG': 8, 'IMU_Accel': 6, 'IMU_Orient': 6}

  [Stage B rung 2] config #31: RMSE 0.3487 | MAE 0.1713 | R² 0.9673 (26.0 min, sec/epoch now 10.3)

=================================================================
[Stage B rung 2] config #27 | epochs=120 | budget left: 10.62h
=================================================================
[SpatioTemporalTransformerRegressor3] Using device: cuda
[SpatioTemporalTransformerRegressor3] Using explicitly provided validation set (3147 samples).
[SpatioTemporalTransformerRegressor3] Capping sequence length at 23 based on sample distribution (min_count=62).
[SpatioTemporalTransformerRegressor3] Grouped features into 20 spatial channels.
[Augmenter] Balanced 102 participant-weight combinations to 250 samples each. Total: 25500
[SpatioTemporalTransformerNetwork3] Modality groups: {'EMG': 8, 'IMU_Accel': 6, 'IMU_Orient': 6}

  [Stage B rung 2] config #27: RMSE 0.3633 | MAE 0.1777 | R² 0.9645 (12.3 min, sec/epoch now 7.5)

=================================================================
[Stage B rung 2] config #26 | epochs=120 | budget left: 10.41h
=================================================================
[SpatioTemporalTransformerRegressor3] Using device: cuda
[SpatioTemporalTransformerRegressor3] Using explicitly provided validation set (3147 samples).
[SpatioTemporalTransformerRegressor3] Capping sequence length at 23 based on sample distribution (min_count=62).
[SpatioTemporalTransformerRegressor3] Grouped features into 20 spatial channels.
[Augmenter] Balanced 102 participant-weight combinations to 250 samples each. Total: 25500
[SpatioTemporalTransformerNetwork3] Modality groups: {'EMG': 8, 'IMU_Accel': 6, 'IMU_Orient': 6}

  [Stage B rung 2] config #26: RMSE 0.3459 | MAE 0.1636 | R² 0.9678 (17.4 min, sec/epoch now 7.3)

=================================================================
[Stage B rung 2] config #20 | epochs=120 | budget left: 10.12h
=================================================================
[SpatioTemporalTransformerRegressor3] Using device: cuda
[SpatioTemporalTransformerRegressor3] Using explicitly provided validation set (3147 samples).
[SpatioTemporalTransformerRegressor3] Capping sequence length at 23 based on sample distribution (min_count=62).
[SpatioTemporalTransformerRegressor3] Grouped features into 20 spatial channels.
[Augmenter] Balanced 102 participant-weight combinations to 250 samples each. Total: 25500
[SpatioTemporalTransformerNetwork3] Modality groups: {'EMG': 8, 'IMU_Accel': 6, 'IMU_Orient': 6}

  [Stage B rung 2] config #20: RMSE 0.3452 | MAE 0.1557 | R² 0.9680 (25.5 min, sec/epoch now 9.3)

=================================================================
[Stage B rung 2] config #24 | epochs=120 | budget left: 9.70h
=================================================================
[SpatioTemporalTransformerRegressor3] Using device: cuda
[SpatioTemporalTransformerRegressor3] Using explicitly provided validation set (3147 samples).
[SpatioTemporalTransformerRegressor3] Capping sequence length at 23 based on sample distribution (min_count=62).
[SpatioTemporalTransformerRegressor3] Grouped features into 20 spatial channels.
[Augmenter] Balanced 102 participant-weight combinations to 250 samples each. Total: 25500
[SpatioTemporalTransformerNetwork3] Modality groups: {'EMG': 8, 'IMU_Accel': 6, 'IMU_Orient': 6}

  [Stage B rung 2] config #24: RMSE 0.3522 | MAE 0.1776 | R² 0.9667 (16.9 min, sec/epoch now 8.1)

=================================================================
[Stage B rung 2] config #9 | epochs=120 | budget left: 9.41h
=================================================================
[SpatioTemporalTransformerRegressor3] Using device: cuda
[SpatioTemporalTransformerRegressor3] Using explicitly provided validation set (3147 samples).
[SpatioTemporalTransformerRegressor3] Capping sequence length at 23 based on sample distribution (min_count=62).
[SpatioTemporalTransformerRegressor3] Grouped features into 20 spatial channels.
[Augmenter] Balanced 102 participant-weight combinations to 250 samples each. Total: 25500
[SpatioTemporalTransformerNetwork3] Modality groups: {'EMG': 8, 'IMU_Accel': 6, 'IMU_Orient': 6}

  [Stage B rung 2] config #9: RMSE 0.3415 | MAE 0.1484 | R² 0.9687 (22.0 min, sec/epoch now 8.8)

=================================================================
[Stage B rung 2] config #17 | epochs=120 | budget left: 9.05h
=================================================================
[SpatioTemporalTransformerRegressor3] Using device: cuda
[SpatioTemporalTransformerRegressor3] Using explicitly provided validation set (3147 samples).
[SpatioTemporalTransformerRegressor3] Capping sequence length at 23 based on sample distribution (min_count=62).
[SpatioTemporalTransformerRegressor3] Grouped features into 20 spatial channels.
[Augmenter] Balanced 102 participant-weight combinations to 250 samples each. Total: 25500
[SpatioTemporalTransformerNetwork3] Modality groups: {'EMG': 8, 'IMU_Accel': 6, 'IMU_Orient': 6}

  [Stage B rung 2] config #17: RMSE 0.3416 | MAE 0.1578 | R² 0.9686 (19.2 min, sec/epoch now 8.5)

[Stage B] Promoting 4 configs to rung 3 (200 epochs): #44, #18, #1, #9

=================================================================
[Stage B rung 3] config #44 | epochs=200 | budget left: 8.73h
=================================================================
[SpatioTemporalTransformerRegressor3] Using device: cuda
[SpatioTemporalTransformerRegressor3] Using explicitly provided validation set (3147 samples).
[SpatioTemporalTransformerRegressor3] Capping sequence length at 23 based on sample distribution (min_count=62).
[SpatioTemporalTransformerRegressor3] Grouped features into 20 spatial channels.
[Augmenter] Balanced 102 participant-weight combinations to 250 samples each. Total: 25500
[SpatioTemporalTransformerNetwork3] Modality groups: {'EMG': 8, 'IMU_Accel': 6, 'IMU_Orient': 6}

  [Stage B rung 3] config #44: RMSE 0.3333 | MAE 0.1424 | R² 0.9701 (27.9 min, sec/epoch now 8.0)

=================================================================
[Stage B rung 3] config #18 | epochs=200 | budget left: 8.26h
=================================================================
[SpatioTemporalTransformerRegressor3] Using device: cuda
[SpatioTemporalTransformerRegressor3] Using explicitly provided validation set (3147 samples).
[SpatioTemporalTransformerRegressor3] Capping sequence length at 23 based on sample distribution (min_count=62).
[SpatioTemporalTransformerRegressor3] Grouped features into 20 spatial channels.
[Augmenter] Balanced 102 participant-weight combinations to 250 samples each. Total: 25500
[SpatioTemporalTransformerNetwork3] Modality groups: {'EMG': 8, 'IMU_Accel': 6, 'IMU_Orient': 6}

  [Stage B rung 3] config #18: RMSE 0.3341 | MAE 0.1592 | R² 0.9700 (39.9 min, sec/epoch now 9.5)

=================================================================
[Stage B rung 3] config #1 | epochs=200 | budget left: 7.60h
=================================================================
[SpatioTemporalTransformerRegressor3] Using device: cuda
[SpatioTemporalTransformerRegressor3] Using explicitly provided validation set (3147 samples).
[SpatioTemporalTransformerRegressor3] Capping sequence length at 23 based on sample distribution (min_count=62).
[SpatioTemporalTransformerRegressor3] Grouped features into 20 spatial channels.
[Augmenter] Balanced 102 participant-weight combinations to 250 samples each. Total: 25500
[SpatioTemporalTransformerNetwork3] Modality groups: {'EMG': 8, 'IMU_Accel': 6, 'IMU_Orient': 6}

  [Stage B rung 3] config #1: RMSE 0.3201 | MAE 0.1345 | R² 0.9725 (27.6 min, sec/epoch now 8.4)

=================================================================
[Stage B rung 3] config #9 | epochs=200 | budget left: 7.14h
=================================================================
[SpatioTemporalTransformerRegressor3] Using device: cuda
[SpatioTemporalTransformerRegressor3] Using explicitly provided validation set (3147 samples).
[SpatioTemporalTransformerRegressor3] Capping sequence length at 23 based on sample distribution (min_count=62).
[SpatioTemporalTransformerRegressor3] Grouped features into 20 spatial channels.
[Augmenter] Balanced 102 participant-weight combinations to 250 samples each. Total: 25500
[SpatioTemporalTransformerNetwork3] Modality groups: {'EMG': 8, 'IMU_Accel': 6, 'IMU_Orient': 6}

  [Stage B rung 3] config #9: RMSE 0.3464 | MAE 0.1543 | R² 0.9678 (36.5 min, sec/epoch now 9.2)

=================================================================
  FULL SWEEP FINISHED
  Total execution time: 988.2 minutes (budget: 23.0h)
=================================================================

Best config (config #1 @ 200 epochs): RMSE 0.3201 | MAE 0.1345 | R² 0.9725
{
  "feature_set": "ridge_positive_17",
  "feature_categories": [
    "EMG_BW",
    "EMG_HjComp",
    "EMG_IEMG",
    "EMG_LogDet",
    "EMG_MAV",
    "EMG_MNF",
    "EMG_Power",
    "EMG_RMS",
    "EMG_Skew",
    "EMG_VAR",
    "EMG_WL",
    "IMU_Mean",
    "IMU_P2P",
    "IMU_SMA",
    "IMU_SpecEnergy",
    "IMU_Std",
    "IMU_Var"
  ],
  "params": {
    "weight_decay": 0.001,
    "scheduler_pct_start": 0.4,
    "num_layers_temporal": 4,
    "num_layers_spatial": 3,
    "nhead_temporal": 2,
    "nhead_spatial": 4,
    "learning_rate": 0.0002,
    "dropout_rate": 0.2,
    "dim_feedforward": 1024,
    "d_model": 96,
    "batch_size": 128,
    "aug_stretch_range": [
      0.9,
      1.1
    ],
    "aug_p": 0.5,
    "aug_noise_std": 0.05,
    "aug_channel_dropout": 0.1
  },
  "fidelity_epochs": 200,
  "metrics": {
    "rmse": 0.3201332168081427,
    "mae": 0.13451770546751096,
    "r2": 0.9724547773578314
  }
}

Full sweep report saved to: /home/bwingen/thesis/Thesis/model/model_results/sweep_st_transformer3_full_20260615_054731/sweep_report.md
Per-fit results saved to: /home/bwingen/thesis/Thesis/model/model_results/sweep_st_transformer3_full_20260615_054731/sweep_results_partial.csv
Best config JSON saved to: /home/bwingen/thesis/Thesis/model/model_results/sweep_st_transformer3_full_20260615_054731/best_config.json
