Database found at /scratch/bwingen/thesis/database
Using Python: /scratch/bwingen/thesis_env/bin/python
Python 3.10.20
[DataLoader] Weight filter active (applied at training time) — excluding calibrated weights: [0.899, 2.238]
[DataLoader] Loaded blacklist: 545 segments will be skipped.

--- GRID SEARCH ENABLED ---
Launching hyperparameter sweep for SPATIO_TEMPORAL_TRANSFORMER...
[DataLoader] Weight filter active (applied at training time) — excluding calibrated weights: [0.899, 2.238]
[DataLoader] Loaded blacklist: 545 segments will be skipped.
=================================================================
  SPATIO-TEMPORAL TRANSFORMER HYPERPARAMETER SWEEP
=================================================================
  DEV_MODE             : False
  Configurations       : 100
  Epochs per config    : 100
  Early-stop patience  : 30
  Test participants    : 4
  Results directory    : /home/bwingen/thesis/Thesis/model/model_results/sweep_spatio_temporal_transformer_20260506_143750
=================================================================

Loading precomputed features (sequence mode)…
[DataLoader] Skipped 9 blacklisted segments in participant_P01_session_01_segments.h5
[DataLoader] Skipped 10 blacklisted segments in participant_P01_session_02_segments.h5
[DataLoader] Skipped 3 blacklisted segments in participant_P01_session_03_segments.h5
[DataLoader] Skipped 5 blacklisted segments in participant_P02_session_01_segments.h5
[DataLoader] Skipped 42 blacklisted segments in participant_P03_session_01_segments.h5
[DataLoader] Skipped 25 blacklisted segments in participant_P04_session_01_segments.h5
[DataLoader] Skipped 50 blacklisted segments in participant_P05_session_01_segments.h5
[DataLoader] Skipped 35 blacklisted segments in participant_P06_session_01_segments.h5
[DataLoader] Skipped 28 blacklisted segments in participant_P07_session_01_segments.h5
[DataLoader] Skipped 35 blacklisted segments in participant_P08_session_01_segments.h5
[DataLoader] Skipped 15 blacklisted segments in participant_P09_session_01_segments.h5
[DataLoader] Skipped 16 blacklisted segments in participant_P10_session_01_segments.h5
[DataLoader] Skipped 5 blacklisted segments in participant_P11_session_01_segments.h5
[DataLoader] Skipped 4 blacklisted segments in participant_P12_session_01_segments.h5
[DataLoader] Skipped 42 blacklisted segments in participant_P13_session_01_segments.h5
[DataLoader] Skipped 20 blacklisted segments in participant_P14_session_01_segments.h5
[DataLoader] Skipped 125 blacklisted segments in participant_P15_session_01_segments.h5
[DataLoader] Skipped 25 blacklisted segments in participant_P16_session_01_segments.h5
[DataLoader] Skipped 19 blacklisted segments in participant_P17_session_01_segments.h5
[DataLoader] Skipped 28 blacklisted segments in participant_P18_session_01_segments.h5
[DataLoader] Channel filter: removed 144 features from disabled channels.
[Sweep] Dropped 2647 segments with excluded weight classes.
Total segments: 16122

Participant split:
  Training   (14 subjects, 9452 segs): P03, P04, P05, P07, P08, P10, P11, P12, P13, P14, P15, P16, P17, P18
  Validation (4 subjects, 6670 segs): P01, P02, P06, P09

=================================================================
--- Iteration 1/100 [Elapsed: 0.0m] ---
  d_model=128, nhead_s=2, nhead_t=8, layers_s=2, layers_t=2
  ff=256, dropout=0.1, wd=0.0005
  lr=0.0003, bs=64, scheduler=ReduceLROnPlateau
[SpatioTemporalTransformerRegressor] Using device: cuda
[SpatioTemporalTransformerRegressor] Using explicitly provided validation set (6670 samples).
[SpatioTemporalTransformerRegressor] Capping sequence length at 27 based on sample distribution (min_count=47).
[SpatioTemporalTransformerRegressor] Grouped features into 14 spatial channels.

Early stopping triggered at epoch 34. Best Val Loss: 0.3115
  MAE: 0.3185 | RMSE: 0.5581 | R²: 0.9160
  Epochs: 34 | Train/Val gap: 16.3x | Time: 221s
  >>> NEW BEST MODEL! RMSE: 0.5581

=================================================================
--- Iteration 2/100 [Elapsed: 3.7m] ---
  d_model=128, nhead_s=8, nhead_t=8, layers_s=1, layers_t=2
  ff=256, dropout=0.4, wd=5e-05
  lr=0.0001, bs=64, scheduler=ReduceLROnPlateau
[SpatioTemporalTransformerRegressor] Using device: cuda
[SpatioTemporalTransformerRegressor] Using explicitly provided validation set (6670 samples).
[SpatioTemporalTransformerRegressor] Capping sequence length at 27 based on sample distribution (min_count=47).
[SpatioTemporalTransformerRegressor] Grouped features into 14 spatial channels.

Early stopping triggered at epoch 32. Best Val Loss: 0.2965
  MAE: 0.3048 | RMSE: 0.5393 | R²: 0.9215
  Epochs: 32 | Train/Val gap: 2.8x | Time: 142s
  >>> NEW BEST MODEL! RMSE: 0.5393

=================================================================
--- Iteration 3/100 [Elapsed: 6.1m] ---
  d_model=64, nhead_s=8, nhead_t=2, layers_s=4, layers_t=2
  ff=1024, dropout=0.5, wd=1e-05
  lr=0.0001, bs=128, scheduler=OneCycleLR
[SpatioTemporalTransformerRegressor] Using device: cuda
[SpatioTemporalTransformerRegressor] Using explicitly provided validation set (6670 samples).
[SpatioTemporalTransformerRegressor] Capping sequence length at 27 based on sample distribution (min_count=47).
[SpatioTemporalTransformerRegressor] Grouped features into 14 spatial channels.

Early stopping triggered at epoch 38. Best Val Loss: 0.2781
  MAE: 0.2665 | RMSE: 0.5196 | R²: 0.9272
  Epochs: 38 | Train/Val gap: 1.7x | Time: 237s
  >>> NEW BEST MODEL! RMSE: 0.5196

=================================================================
--- Iteration 4/100 [Elapsed: 10.0m] ---
  d_model=256, nhead_s=2, nhead_t=8, layers_s=3, layers_t=1
  ff=512, dropout=0.1, wd=0.0005
  lr=0.002, bs=32, scheduler=ReduceLROnPlateau
[SpatioTemporalTransformerRegressor] Using device: cuda
[SpatioTemporalTransformerRegressor] Using explicitly provided validation set (6670 samples).
[SpatioTemporalTransformerRegressor] Capping sequence length at 27 based on sample distribution (min_count=47).
[SpatioTemporalTransformerRegressor] Grouped features into 14 spatial channels.

Early stopping triggered at epoch 31. Best Val Loss: 1.5665
  MAE: 1.0612 | RMSE: 1.2514 | R²: 0.5774
  Epochs: 31 | Train/Val gap: 1.1x | Time: 261s

=================================================================
--- Iteration 5/100 [Elapsed: 14.4m] ---
  d_model=256, nhead_s=8, nhead_t=4, layers_s=1, layers_t=3
  ff=128, dropout=0.2, wd=1e-06
  lr=0.002, bs=128, scheduler=ReduceLROnPlateau
[SpatioTemporalTransformerRegressor] Using device: cuda
[SpatioTemporalTransformerRegressor] Using explicitly provided validation set (6670 samples).
[SpatioTemporalTransformerRegressor] Capping sequence length at 27 based on sample distribution (min_count=47).
[SpatioTemporalTransformerRegressor] Grouped features into 14 spatial channels.

Early stopping triggered at epoch 76. Best Val Loss: 0.4684
  MAE: 0.3527 | RMSE: 0.6843 | R²: 0.8737
  Epochs: 76 | Train/Val gap: 1.6x | Time: 248s

=================================================================
--- Iteration 6/100 [Elapsed: 18.5m] ---
  d_model=128, nhead_s=8, nhead_t=4, layers_s=2, layers_t=3
  ff=1024, dropout=0.2, wd=0.001
  lr=0.002, bs=32, scheduler=ReduceLROnPlateau
[SpatioTemporalTransformerRegressor] Using device: cuda
[SpatioTemporalTransformerRegressor] Using explicitly provided validation set (6670 samples).
[SpatioTemporalTransformerRegressor] Capping sequence length at 27 based on sample distribution (min_count=47).
[SpatioTemporalTransformerRegressor] Grouped features into 14 spatial channels.

Early stopping triggered at epoch 34. Best Val Loss: 3.7089
  MAE: 1.6256 | RMSE: 1.9259 | R²: -0.0008
  Epochs: 34 | Train/Val gap: 1.2x | Time: 312s

=================================================================
--- Iteration 7/100 [Elapsed: 23.7m] ---
  d_model=64, nhead_s=8, nhead_t=4, layers_s=2, layers_t=2
  ff=1024, dropout=0.15, wd=1e-06
  lr=0.0003, bs=128, scheduler=OneCycleLR
[SpatioTemporalTransformerRegressor] Using device: cuda
[SpatioTemporalTransformerRegressor] Using explicitly provided validation set (6670 samples).
[SpatioTemporalTransformerRegressor] Capping sequence length at 27 based on sample distribution (min_count=47).
[SpatioTemporalTransformerRegressor] Grouped features into 14 spatial channels.

Early stopping triggered at epoch 32. Best Val Loss: 0.2340
  MAE: 0.3043 | RMSE: 0.4837 | R²: 0.9369
  Epochs: 32 | Train/Val gap: 5.1x | Time: 133s
  >>> NEW BEST MODEL! RMSE: 0.4837

=================================================================
--- Iteration 8/100 [Elapsed: 25.9m] ---
  d_model=64, nhead_s=8, nhead_t=4, layers_s=3, layers_t=3
  ff=128, dropout=0.5, wd=1e-06
  lr=0.002, bs=128, scheduler=OneCycleLR
[SpatioTemporalTransformerRegressor] Using device: cuda
[SpatioTemporalTransformerRegressor] Using explicitly provided validation set (6670 samples).
[SpatioTemporalTransformerRegressor] Capping sequence length at 27 based on sample distribution (min_count=47).
[SpatioTemporalTransformerRegressor] Grouped features into 14 spatial channels.

Early stopping triggered at epoch 31. Best Val Loss: 0.3945
  MAE: 0.2779 | RMSE: 0.5666 | R²: 0.9134
  Epochs: 31 | Train/Val gap: 5.6x | Time: 155s

=================================================================
--- Iteration 9/100 [Elapsed: 28.5m] ---
  d_model=160, nhead_s=8, nhead_t=2, layers_s=3, layers_t=3
  ff=1024, dropout=0.5, wd=1e-05
  lr=0.001, bs=128, scheduler=OneCycleLR
[SpatioTemporalTransformerRegressor] Using device: cuda
[SpatioTemporalTransformerRegressor] Using explicitly provided validation set (6670 samples).
[SpatioTemporalTransformerRegressor] Capping sequence length at 27 based on sample distribution (min_count=47).
[SpatioTemporalTransformerRegressor] Grouped features into 14 spatial channels.

Early stopping triggered at epoch 37. Best Val Loss: 0.8781
  MAE: 0.4988 | RMSE: 0.9339 | R²: 0.7647
  Epochs: 37 | Train/Val gap: 3.1x | Time: 236s

=================================================================
--- Iteration 10/100 [Elapsed: 32.4m] ---
  d_model=160, nhead_s=8, nhead_t=2, layers_s=4, layers_t=2
  ff=256, dropout=0.1, wd=1e-06
  lr=0.0003, bs=64, scheduler=ReduceLROnPlateau
[SpatioTemporalTransformerRegressor] Using device: cuda
[SpatioTemporalTransformerRegressor] Using explicitly provided validation set (6670 samples).
[SpatioTemporalTransformerRegressor] Capping sequence length at 27 based on sample distribution (min_count=47).
[SpatioTemporalTransformerRegressor] Grouped features into 14 spatial channels.

Early stopping triggered at epoch 32. Best Val Loss: 0.3063
  MAE: 0.2898 | RMSE: 0.5479 | R²: 0.9190
  Epochs: 32 | Train/Val gap: 26.3x | Time: 273s

=================================================================
--- Iteration 11/100 [Elapsed: 37.0m] ---
  d_model=64, nhead_s=8, nhead_t=4, layers_s=4, layers_t=3
  ff=256, dropout=0.3, wd=1e-05
  lr=0.0001, bs=128, scheduler=OneCycleLR
[SpatioTemporalTransformerRegressor] Using device: cuda
[SpatioTemporalTransformerRegressor] Using explicitly provided validation set (6670 samples).
[SpatioTemporalTransformerRegressor] Capping sequence length at 27 based on sample distribution (min_count=47).
[SpatioTemporalTransformerRegressor] Grouped features into 14 spatial channels.

Early stopping triggered at epoch 34. Best Val Loss: 0.2649
  MAE: 0.2836 | RMSE: 0.5091 | R²: 0.9301
  Epochs: 34 | Train/Val gap: 2.3x | Time: 201s

=================================================================
--- Iteration 12/100 [Elapsed: 40.3m] ---
  d_model=256, nhead_s=2, nhead_t=4, layers_s=4, layers_t=1
  ff=1024, dropout=0.1, wd=0.001
  lr=0.0001, bs=32, scheduler=OneCycleLR
[SpatioTemporalTransformerRegressor] Using device: cuda
[SpatioTemporalTransformerRegressor] Using explicitly provided validation set (6670 samples).
[SpatioTemporalTransformerRegressor] Capping sequence length at 27 based on sample distribution (min_count=47).
[SpatioTemporalTransformerRegressor] Grouped features into 14 spatial channels.

Early stopping triggered at epoch 31. Best Val Loss: 0.2921
  MAE: 0.3500 | RMSE: 0.5403 | R²: 0.9212
  Epochs: 31 | Train/Val gap: 18.0x | Time: 300s

=================================================================
--- Iteration 13/100 [Elapsed: 45.3m] ---
  d_model=96, nhead_s=4, nhead_t=4, layers_s=3, layers_t=2
  ff=512, dropout=0.1, wd=1e-06
  lr=0.002, bs=128, scheduler=OneCycleLR
[SpatioTemporalTransformerRegressor] Using device: cuda
[SpatioTemporalTransformerRegressor] Using explicitly provided validation set (6670 samples).
[SpatioTemporalTransformerRegressor] Capping sequence length at 27 based on sample distribution (min_count=47).
[SpatioTemporalTransformerRegressor] Grouped features into 14 spatial channels.

Early stopping triggered at epoch 33. Best Val Loss: 0.3574
  MAE: 0.3179 | RMSE: 0.5968 | R²: 0.9039
  Epochs: 33 | Train/Val gap: 7.6x | Time: 138s

=================================================================
--- Iteration 14/100 [Elapsed: 47.6m] ---
  d_model=256, nhead_s=2, nhead_t=2, layers_s=4, layers_t=2
  ff=1024, dropout=0.15, wd=0.001
  lr=0.001, bs=32, scheduler=ReduceLROnPlateau
[SpatioTemporalTransformerRegressor] Using device: cuda
[SpatioTemporalTransformerRegressor] Using explicitly provided validation set (6670 samples).
[SpatioTemporalTransformerRegressor] Capping sequence length at 27 based on sample distribution (min_count=47).
[SpatioTemporalTransformerRegressor] Grouped features into 14 spatial channels.

Early stopping triggered at epoch 56. Best Val Loss: 3.6095
  MAE: 1.5414 | RMSE: 1.8999 | R²: 0.0260
  Epochs: 56 | Train/Val gap: 1.1x | Time: 582s

=================================================================
--- Iteration 15/100 [Elapsed: 57.3m] ---
  d_model=160, nhead_s=8, nhead_t=2, layers_s=3, layers_t=1
  ff=512, dropout=0.1, wd=1e-06
  lr=0.0005, bs=64, scheduler=ReduceLROnPlateau
[SpatioTemporalTransformerRegressor] Using device: cuda
[SpatioTemporalTransformerRegressor] Using explicitly provided validation set (6670 samples).
[SpatioTemporalTransformerRegressor] Capping sequence length at 27 based on sample distribution (min_count=47).
[SpatioTemporalTransformerRegressor] Grouped features into 14 spatial channels.

Early stopping triggered at epoch 31. Best Val Loss: 0.2874
  MAE: 0.2840 | RMSE: 0.5339 | R²: 0.9231
  Epochs: 31 | Train/Val gap: 23.5x | Time: 215s

=================================================================
--- Iteration 16/100 [Elapsed: 60.9m] ---
  d_model=64, nhead_s=8, nhead_t=2, layers_s=4, layers_t=1
  ff=256, dropout=0.3, wd=0.001
  lr=0.001, bs=64, scheduler=ReduceLROnPlateau
[SpatioTemporalTransformerRegressor] Using device: cuda
[SpatioTemporalTransformerRegressor] Using explicitly provided validation set (6670 samples).
[SpatioTemporalTransformerRegressor] Capping sequence length at 27 based on sample distribution (min_count=47).
[SpatioTemporalTransformerRegressor] Grouped features into 14 spatial channels.

Early stopping triggered at epoch 33. Best Val Loss: 0.3351
  MAE: 0.3024 | RMSE: 0.5789 | R²: 0.9096
  Epochs: 33 | Train/Val gap: 6.7x | Time: 232s

=================================================================
--- Iteration 17/100 [Elapsed: 64.8m] ---
  d_model=256, nhead_s=2, nhead_t=8, layers_s=3, layers_t=3
  ff=1024, dropout=0.4, wd=1e-05
  lr=0.001, bs=128, scheduler=OneCycleLR
[SpatioTemporalTransformerRegressor] Using device: cuda
[SpatioTemporalTransformerRegressor] Using explicitly provided validation set (6670 samples).
[SpatioTemporalTransformerRegressor] Capping sequence length at 27 based on sample distribution (min_count=47).
[SpatioTemporalTransformerRegressor] Grouped features into 14 spatial channels.

Early stopping triggered at epoch 40. Best Val Loss: 3.9146
  MAE: 1.7607 | RMSE: 1.9786 | R²: -0.0563
  Epochs: 40 | Train/Val gap: 1.6x | Time: 216s

=================================================================
--- Iteration 18/100 [Elapsed: 68.4m] ---
  d_model=128, nhead_s=8, nhead_t=2, layers_s=1, layers_t=1
  ff=256, dropout=0.1, wd=0.001
  lr=0.0005, bs=32, scheduler=OneCycleLR
[SpatioTemporalTransformerRegressor] Using device: cuda
[SpatioTemporalTransformerRegressor] Using explicitly provided validation set (6670 samples).
[SpatioTemporalTransformerRegressor] Capping sequence length at 27 based on sample distribution (min_count=47).
[SpatioTemporalTransformerRegressor] Grouped features into 14 spatial channels.

Early stopping triggered at epoch 31. Best Val Loss: 0.2972
  MAE: 0.3526 | RMSE: 0.5452 | R²: 0.9198
  Epochs: 31 | Train/Val gap: 12.2x | Time: 213s

=================================================================
--- Iteration 19/100 [Elapsed: 71.9m] ---
  d_model=256, nhead_s=8, nhead_t=2, layers_s=3, layers_t=3
  ff=1024, dropout=0.15, wd=1e-05
  lr=0.0005, bs=32, scheduler=ReduceLROnPlateau
[SpatioTemporalTransformerRegressor] Using device: cuda
[SpatioTemporalTransformerRegressor] Using explicitly provided validation set (6670 samples).
[SpatioTemporalTransformerRegressor] Capping sequence length at 27 based on sample distribution (min_count=47).
[SpatioTemporalTransformerRegressor] Grouped features into 14 spatial channels.

Early stopping triggered at epoch 32. Best Val Loss: 0.3054
  MAE: 0.3258 | RMSE: 0.5527 | R²: 0.9176
  Epochs: 32 | Train/Val gap: 3.4x | Time: 375s

=================================================================
--- Iteration 20/100 [Elapsed: 78.1m] ---
  d_model=96, nhead_s=8, nhead_t=8, layers_s=4, layers_t=3
  ff=512, dropout=0.5, wd=0.001
  lr=0.001, bs=64, scheduler=ReduceLROnPlateau
[SpatioTemporalTransformerRegressor] Using device: cuda
[SpatioTemporalTransformerRegressor] Using explicitly provided validation set (6670 samples).
[SpatioTemporalTransformerRegressor] Capping sequence length at 27 based on sample distribution (min_count=47).
[SpatioTemporalTransformerRegressor] Grouped features into 14 spatial channels.

Early stopping triggered at epoch 35. Best Val Loss: 0.6290
  MAE: 0.3896 | RMSE: 0.7916 | R²: 0.8309
  Epochs: 35 | Train/Val gap: 2.4x | Time: 298s

=================================================================
--- Iteration 21/100 [Elapsed: 83.1m] ---
  d_model=192, nhead_s=2, nhead_t=4, layers_s=3, layers_t=1
  ff=256, dropout=0.15, wd=0.0001
  lr=0.0003, bs=32, scheduler=OneCycleLR
[SpatioTemporalTransformerRegressor] Using device: cuda
[SpatioTemporalTransformerRegressor] Using explicitly provided validation set (6670 samples).
[SpatioTemporalTransformerRegressor] Capping sequence length at 27 based on sample distribution (min_count=47).
[SpatioTemporalTransformerRegressor] Grouped features into 14 spatial channels.

Early stopping triggered at epoch 32. Best Val Loss: 0.2865
  MAE: 0.3199 | RMSE: 0.5353 | R²: 0.9227
  Epochs: 32 | Train/Val gap: 14.5x | Time: 264s

=================================================================
--- Iteration 22/100 [Elapsed: 87.5m] ---
  d_model=256, nhead_s=8, nhead_t=2, layers_s=2, layers_t=3
  ff=1024, dropout=0.15, wd=0.0001
  lr=0.0003, bs=64, scheduler=ReduceLROnPlateau
[SpatioTemporalTransformerRegressor] Using device: cuda
[SpatioTemporalTransformerRegressor] Using explicitly provided validation set (6670 samples).
[SpatioTemporalTransformerRegressor] Capping sequence length at 27 based on sample distribution (min_count=47).
[SpatioTemporalTransformerRegressor] Grouped features into 14 spatial channels.

Early stopping triggered at epoch 31. Best Val Loss: 0.2680
  MAE: 0.3575 | RMSE: 0.5177 | R²: 0.9277
  Epochs: 31 | Train/Val gap: 20.6x | Time: 212s

=================================================================
--- Iteration 23/100 [Elapsed: 91.1m] ---
  d_model=64, nhead_s=8, nhead_t=8, layers_s=3, layers_t=1
  ff=128, dropout=0.3, wd=0.001
  lr=0.0001, bs=32, scheduler=OneCycleLR
[SpatioTemporalTransformerRegressor] Using device: cuda
[SpatioTemporalTransformerRegressor] Using explicitly provided validation set (6670 samples).
[SpatioTemporalTransformerRegressor] Capping sequence length at 27 based on sample distribution (min_count=47).
[SpatioTemporalTransformerRegressor] Grouped features into 14 spatial channels.

Early stopping triggered at epoch 34. Best Val Loss: 0.2683
  MAE: 0.2769 | RMSE: 0.5106 | R²: 0.9297
  Epochs: 34 | Train/Val gap: 2.8x | Time: 290s

=================================================================
--- Iteration 24/100 [Elapsed: 95.9m] ---
  d_model=96, nhead_s=8, nhead_t=4, layers_s=4, layers_t=1
  ff=512, dropout=0.2, wd=0.0005
  lr=0.002, bs=32, scheduler=ReduceLROnPlateau
[SpatioTemporalTransformerRegressor] Using device: cuda
[SpatioTemporalTransformerRegressor] Using explicitly provided validation set (6670 samples).
[SpatioTemporalTransformerRegressor] Capping sequence length at 27 based on sample distribution (min_count=47).
[SpatioTemporalTransformerRegressor] Grouped features into 14 spatial channels.

Early stopping triggered at epoch 31. Best Val Loss: 0.4375
  MAE: 0.4160 | RMSE: 0.6599 | R²: 0.8825
  Epochs: 31 | Train/Val gap: 1.1x | Time: 309s

=================================================================
--- Iteration 25/100 [Elapsed: 101.0m] ---
  d_model=64, nhead_s=8, nhead_t=8, layers_s=4, layers_t=1
  ff=512, dropout=0.15, wd=1e-05
  lr=0.002, bs=128, scheduler=ReduceLROnPlateau
[SpatioTemporalTransformerRegressor] Using device: cuda
[SpatioTemporalTransformerRegressor] Using explicitly provided validation set (6670 samples).
[SpatioTemporalTransformerRegressor] Capping sequence length at 27 based on sample distribution (min_count=47).
[SpatioTemporalTransformerRegressor] Grouped features into 14 spatial channels.

Early stopping triggered at epoch 34. Best Val Loss: 0.3804
  MAE: 0.3366 | RMSE: 0.6091 | R²: 0.8999
  Epochs: 34 | Train/Val gap: 1.3x | Time: 198s

=================================================================
--- Iteration 26/100 [Elapsed: 104.3m] ---
  d_model=96, nhead_s=2, nhead_t=4, layers_s=4, layers_t=1
  ff=256, dropout=0.1, wd=0.0001
  lr=0.002, bs=64, scheduler=OneCycleLR
[SpatioTemporalTransformerRegressor] Using device: cuda
[SpatioTemporalTransformerRegressor] Using explicitly provided validation set (6670 samples).
[SpatioTemporalTransformerRegressor] Capping sequence length at 27 based on sample distribution (min_count=47).
[SpatioTemporalTransformerRegressor] Grouped features into 14 spatial channels.

Early stopping triggered at epoch 33. Best Val Loss: 0.3987
  MAE: 0.4120 | RMSE: 0.6314 | R²: 0.8924
  Epochs: 33 | Train/Val gap: 1.1x | Time: 172s

=================================================================
--- Iteration 27/100 [Elapsed: 107.2m] ---
  d_model=256, nhead_s=4, nhead_t=4, layers_s=2, layers_t=3
  ff=256, dropout=0.4, wd=1e-06
  lr=0.002, bs=128, scheduler=ReduceLROnPlateau
[SpatioTemporalTransformerRegressor] Using device: cuda
[SpatioTemporalTransformerRegressor] Using explicitly provided validation set (6670 samples).
[SpatioTemporalTransformerRegressor] Capping sequence length at 27 based on sample distribution (min_count=47).
[SpatioTemporalTransformerRegressor] Grouped features into 14 spatial channels.

Early stopping triggered at epoch 31. Best Val Loss: 3.7192
  MAE: 1.6459 | RMSE: 1.9285 | R²: -0.0035
  Epochs: 31 | Train/Val gap: 1.7x | Time: 137s

=================================================================
--- Iteration 28/100 [Elapsed: 109.5m] ---
  d_model=64, nhead_s=2, nhead_t=8, layers_s=3, layers_t=2
  ff=256, dropout=0.5, wd=0.0001
  lr=0.0003, bs=128, scheduler=ReduceLROnPlateau
[SpatioTemporalTransformerRegressor] Using device: cuda
[SpatioTemporalTransformerRegressor] Using explicitly provided validation set (6670 samples).
[SpatioTemporalTransformerRegressor] Capping sequence length at 27 based on sample distribution (min_count=47).
[SpatioTemporalTransformerRegressor] Grouped features into 14 spatial channels.

Early stopping triggered at epoch 34. Best Val Loss: 0.3488
  MAE: 0.2879 | RMSE: 0.5565 | R²: 0.9164
  Epochs: 34 | Train/Val gap: 2.8x | Time: 116s

=================================================================
--- Iteration 29/100 [Elapsed: 111.4m] ---
  d_model=256, nhead_s=2, nhead_t=2, layers_s=3, layers_t=1
  ff=1024, dropout=0.5, wd=5e-05
  lr=0.0003, bs=64, scheduler=OneCycleLR
[SpatioTemporalTransformerRegressor] Using device: cuda
[SpatioTemporalTransformerRegressor] Using explicitly provided validation set (6670 samples).
[SpatioTemporalTransformerRegressor] Capping sequence length at 27 based on sample distribution (min_count=47).
[SpatioTemporalTransformerRegressor] Grouped features into 14 spatial channels.

Early stopping triggered at epoch 31. Best Val Loss: 0.4571
  MAE: 0.3371 | RMSE: 0.6307 | R²: 0.8927
  Epochs: 31 | Train/Val gap: 5.1x | Time: 193s

=================================================================
--- Iteration 30/100 [Elapsed: 114.6m] ---
  d_model=96, nhead_s=2, nhead_t=8, layers_s=2, layers_t=3
  ff=256, dropout=0.3, wd=0.0005
  lr=0.0003, bs=64, scheduler=OneCycleLR
[SpatioTemporalTransformerRegressor] Using device: cuda
[SpatioTemporalTransformerRegressor] Using explicitly provided validation set (6670 samples).
[SpatioTemporalTransformerRegressor] Capping sequence length at 27 based on sample distribution (min_count=47).
[SpatioTemporalTransformerRegressor] Grouped features into 14 spatial channels.

Early stopping triggered at epoch 32. Best Val Loss: 0.2889
  MAE: 0.2773 | RMSE: 0.5328 | R²: 0.9234
  Epochs: 32 | Train/Val gap: 6.1x | Time: 165s

=================================================================
--- Iteration 31/100 [Elapsed: 117.4m] ---
  d_model=96, nhead_s=4, nhead_t=2, layers_s=1, layers_t=3
  ff=512, dropout=0.4, wd=5e-05
  lr=0.0005, bs=128, scheduler=ReduceLROnPlateau
[SpatioTemporalTransformerRegressor] Using device: cuda
[SpatioTemporalTransformerRegressor] Using explicitly provided validation set (6670 samples).
[SpatioTemporalTransformerRegressor] Capping sequence length at 27 based on sample distribution (min_count=47).
[SpatioTemporalTransformerRegressor] Grouped features into 14 spatial channels.

Early stopping triggered at epoch 31. Best Val Loss: 0.2958
  MAE: 0.2966 | RMSE: 0.5433 | R²: 0.9204
  Epochs: 31 | Train/Val gap: 4.3x | Time: 87s

=================================================================
--- Iteration 32/100 [Elapsed: 118.8m] ---
  d_model=96, nhead_s=4, nhead_t=4, layers_s=2, layers_t=2
  ff=1024, dropout=0.2, wd=1e-06
  lr=0.001, bs=64, scheduler=OneCycleLR
[SpatioTemporalTransformerRegressor] Using device: cuda
[SpatioTemporalTransformerRegressor] Using explicitly provided validation set (6670 samples).
[SpatioTemporalTransformerRegressor] Capping sequence length at 27 based on sample distribution (min_count=47).
[SpatioTemporalTransformerRegressor] Grouped features into 14 spatial channels.

Early stopping triggered at epoch 31. Best Val Loss: 0.2979
  MAE: 0.3510 | RMSE: 0.5458 | R²: 0.9196
  Epochs: 31 | Train/Val gap: 7.7x | Time: 164s

=================================================================
--- Iteration 33/100 [Elapsed: 121.6m] ---
  d_model=160, nhead_s=4, nhead_t=2, layers_s=1, layers_t=3
  ff=256, dropout=0.15, wd=0.001
  lr=0.002, bs=128, scheduler=ReduceLROnPlateau
[SpatioTemporalTransformerRegressor] Using device: cuda
[SpatioTemporalTransformerRegressor] Using explicitly provided validation set (6670 samples).
[SpatioTemporalTransformerRegressor] Capping sequence length at 27 based on sample distribution (min_count=47).
[SpatioTemporalTransformerRegressor] Grouped features into 14 spatial channels.

Early stopping triggered at epoch 36. Best Val Loss: 0.3373
  MAE: 0.3316 | RMSE: 0.5808 | R²: 0.9090
  Epochs: 36 | Train/Val gap: 1.9x | Time: 110s

=================================================================
--- Iteration 34/100 [Elapsed: 123.4m] ---
  d_model=256, nhead_s=8, nhead_t=4, layers_s=3, layers_t=3
  ff=128, dropout=0.1, wd=1e-05
  lr=0.0005, bs=128, scheduler=OneCycleLR
[SpatioTemporalTransformerRegressor] Using device: cuda
[SpatioTemporalTransformerRegressor] Using explicitly provided validation set (6670 samples).
[SpatioTemporalTransformerRegressor] Capping sequence length at 27 based on sample distribution (min_count=47).
[SpatioTemporalTransformerRegressor] Grouped features into 14 spatial channels.

Early stopping triggered at epoch 31. Best Val Loss: 0.3586
  MAE: 0.3224 | RMSE: 0.5905 | R²: 0.9059
  Epochs: 31 | Train/Val gap: 37.2x | Time: 192s

=================================================================
--- Iteration 35/100 [Elapsed: 126.6m] ---
  d_model=64, nhead_s=4, nhead_t=8, layers_s=2, layers_t=2
  ff=128, dropout=0.15, wd=0.001
  lr=0.001, bs=64, scheduler=OneCycleLR
[SpatioTemporalTransformerRegressor] Using device: cuda
[SpatioTemporalTransformerRegressor] Using explicitly provided validation set (6670 samples).
[SpatioTemporalTransformerRegressor] Capping sequence length at 27 based on sample distribution (min_count=47).
[SpatioTemporalTransformerRegressor] Grouped features into 14 spatial channels.

Early stopping triggered at epoch 32. Best Val Loss: 0.2751
  MAE: 0.2761 | RMSE: 0.5242 | R²: 0.9258
  Epochs: 32 | Train/Val gap: 13.2x | Time: 154s

=================================================================
--- Iteration 36/100 [Elapsed: 129.2m] ---
  d_model=256, nhead_s=8, nhead_t=4, layers_s=2, layers_t=3
  ff=128, dropout=0.1, wd=0.001
  lr=0.0003, bs=128, scheduler=OneCycleLR
[SpatioTemporalTransformerRegressor] Using device: cuda
[SpatioTemporalTransformerRegressor] Using explicitly provided validation set (6670 samples).
[SpatioTemporalTransformerRegressor] Capping sequence length at 27 based on sample distribution (min_count=47).
[SpatioTemporalTransformerRegressor] Grouped features into 14 spatial channels.

Early stopping triggered at epoch 36. Best Val Loss: 0.3316
  MAE: 0.3180 | RMSE: 0.5758 | R²: 0.9105
  Epochs: 36 | Train/Val gap: 34.3x | Time: 172s

=================================================================
--- Iteration 37/100 [Elapsed: 132.0m] ---
  d_model=64, nhead_s=2, nhead_t=4, layers_s=2, layers_t=3
  ff=512, dropout=0.5, wd=5e-05
  lr=0.0003, bs=128, scheduler=ReduceLROnPlateau
[SpatioTemporalTransformerRegressor] Using device: cuda
[SpatioTemporalTransformerRegressor] Using explicitly provided validation set (6670 samples).
[SpatioTemporalTransformerRegressor] Capping sequence length at 27 based on sample distribution (min_count=47).
[SpatioTemporalTransformerRegressor] Grouped features into 14 spatial channels.

Early stopping triggered at epoch 32. Best Val Loss: 0.3352
  MAE: 0.2872 | RMSE: 0.5655 | R²: 0.9137
  Epochs: 32 | Train/Val gap: 2.4x | Time: 102s

=================================================================
--- Iteration 38/100 [Elapsed: 133.7m] ---
  d_model=192, nhead_s=8, nhead_t=8, layers_s=3, layers_t=1
  ff=256, dropout=0.1, wd=1e-05
  lr=0.0003, bs=128, scheduler=ReduceLROnPlateau
[SpatioTemporalTransformerRegressor] Using device: cuda
[SpatioTemporalTransformerRegressor] Using explicitly provided validation set (6670 samples).
[SpatioTemporalTransformerRegressor] Capping sequence length at 27 based on sample distribution (min_count=47).
[SpatioTemporalTransformerRegressor] Grouped features into 14 spatial channels.

Early stopping triggered at epoch 40. Best Val Loss: 0.3266
  MAE: 0.3002 | RMSE: 0.5711 | R²: 0.9120
  Epochs: 40 | Train/Val gap: 30.8x | Time: 221s

=================================================================
--- Iteration 39/100 [Elapsed: 137.4m] ---
  d_model=192, nhead_s=4, nhead_t=4, layers_s=3, layers_t=2
  ff=128, dropout=0.5, wd=0.0001
  lr=0.0001, bs=32, scheduler=OneCycleLR
[SpatioTemporalTransformerRegressor] Using device: cuda
[SpatioTemporalTransformerRegressor] Using explicitly provided validation set (6670 samples).
[SpatioTemporalTransformerRegressor] Capping sequence length at 27 based on sample distribution (min_count=47).
[SpatioTemporalTransformerRegressor] Grouped features into 14 spatial channels.

Early stopping triggered at epoch 55. Best Val Loss: 0.4623
  MAE: 0.3619 | RMSE: 0.6768 | R²: 0.8764
  Epochs: 55 | Train/Val gap: 8.0x | Time: 499s

=================================================================
--- Iteration 40/100 [Elapsed: 145.7m] ---
  d_model=64, nhead_s=2, nhead_t=2, layers_s=3, layers_t=1
  ff=128, dropout=0.2, wd=1e-06
  lr=0.001, bs=32, scheduler=OneCycleLR
[SpatioTemporalTransformerRegressor] Using device: cuda
[SpatioTemporalTransformerRegressor] Using explicitly provided validation set (6670 samples).
[SpatioTemporalTransformerRegressor] Capping sequence length at 27 based on sample distribution (min_count=47).
[SpatioTemporalTransformerRegressor] Grouped features into 14 spatial channels.

Early stopping triggered at epoch 31. Best Val Loss: 0.2770
  MAE: 0.2894 | RMSE: 0.5260 | R²: 0.9253
  Epochs: 31 | Train/Val gap: 9.0x | Time: 262s

=================================================================
--- Iteration 41/100 [Elapsed: 150.1m] ---
  d_model=64, nhead_s=4, nhead_t=2, layers_s=2, layers_t=3
  ff=512, dropout=0.2, wd=1e-05
  lr=0.002, bs=64, scheduler=ReduceLROnPlateau
[SpatioTemporalTransformerRegressor] Using device: cuda
[SpatioTemporalTransformerRegressor] Using explicitly provided validation set (6670 samples).
[SpatioTemporalTransformerRegressor] Capping sequence length at 27 based on sample distribution (min_count=47).
[SpatioTemporalTransformerRegressor] Grouped features into 14 spatial channels.

Early stopping triggered at epoch 33. Best Val Loss: 0.2711
  MAE: 0.2803 | RMSE: 0.5207 | R²: 0.9268
  Epochs: 33 | Train/Val gap: 4.9x | Time: 164s

=================================================================
--- Iteration 42/100 [Elapsed: 152.8m] ---
  d_model=128, nhead_s=4, nhead_t=8, layers_s=2, layers_t=2
  ff=512, dropout=0.1, wd=0.0005
  lr=0.0003, bs=32, scheduler=OneCycleLR
[SpatioTemporalTransformerRegressor] Using device: cuda
[SpatioTemporalTransformerRegressor] Using explicitly provided validation set (6670 samples).
[SpatioTemporalTransformerRegressor] Capping sequence length at 27 based on sample distribution (min_count=47).
[SpatioTemporalTransformerRegressor] Grouped features into 14 spatial channels.

Early stopping triggered at epoch 32. Best Val Loss: 0.2762
  MAE: 0.2711 | RMSE: 0.5248 | R²: 0.9257
  Epochs: 32 | Train/Val gap: 19.6x | Time: 268s

=================================================================
--- Iteration 43/100 [Elapsed: 157.3m] ---
  d_model=96, nhead_s=4, nhead_t=2, layers_s=3, layers_t=2
  ff=1024, dropout=0.3, wd=5e-05
  lr=0.0005, bs=128, scheduler=ReduceLROnPlateau
[SpatioTemporalTransformerRegressor] Using device: cuda
[SpatioTemporalTransformerRegressor] Using explicitly provided validation set (6670 samples).
[SpatioTemporalTransformerRegressor] Capping sequence length at 27 based on sample distribution (min_count=47).
[SpatioTemporalTransformerRegressor] Grouped features into 14 spatial channels.

Early stopping triggered at epoch 33. Best Val Loss: 0.2809
  MAE: 0.2710 | RMSE: 0.5300 | R²: 0.9242
  Epochs: 33 | Train/Val gap: 7.7x | Time: 148s

=================================================================
--- Iteration 44/100 [Elapsed: 159.7m] ---
  d_model=160, nhead_s=8, nhead_t=2, layers_s=4, layers_t=1
  ff=256, dropout=0.1, wd=0.001
  lr=0.0001, bs=128, scheduler=OneCycleLR
[SpatioTemporalTransformerRegressor] Using device: cuda
[SpatioTemporalTransformerRegressor] Using explicitly provided validation set (6670 samples).
[SpatioTemporalTransformerRegressor] Capping sequence length at 27 based on sample distribution (min_count=47).
[SpatioTemporalTransformerRegressor] Grouped features into 14 spatial channels.

Early stopping triggered at epoch 32. Best Val Loss: 0.2795
  MAE: 0.3066 | RMSE: 0.5256 | R²: 0.9255
  Epochs: 32 | Train/Val gap: 4.7x | Time: 223s

=================================================================
--- Iteration 45/100 [Elapsed: 163.5m] ---
  d_model=128, nhead_s=8, nhead_t=8, layers_s=3, layers_t=1
  ff=128, dropout=0.4, wd=0.0001
  lr=0.001, bs=128, scheduler=ReduceLROnPlateau
[SpatioTemporalTransformerRegressor] Using device: cuda
[SpatioTemporalTransformerRegressor] Using explicitly provided validation set (6670 samples).
[SpatioTemporalTransformerRegressor] Capping sequence length at 27 based on sample distribution (min_count=47).
[SpatioTemporalTransformerRegressor] Grouped features into 14 spatial channels.

Early stopping triggered at epoch 36. Best Val Loss: 0.4029
  MAE: 0.3331 | RMSE: 0.6296 | R²: 0.8930
  Epochs: 36 | Train/Val gap: 9.8x | Time: 178s

=================================================================
--- Iteration 46/100 [Elapsed: 166.4m] ---
  d_model=192, nhead_s=2, nhead_t=2, layers_s=1, layers_t=3
  ff=512, dropout=0.2, wd=1e-06
  lr=0.0005, bs=64, scheduler=ReduceLROnPlateau
[SpatioTemporalTransformerRegressor] Using device: cuda
[SpatioTemporalTransformerRegressor] Using explicitly provided validation set (6670 samples).
[SpatioTemporalTransformerRegressor] Capping sequence length at 27 based on sample distribution (min_count=47).
[SpatioTemporalTransformerRegressor] Grouped features into 14 spatial channels.

Early stopping triggered at epoch 34. Best Val Loss: 0.3207
  MAE: 0.2874 | RMSE: 0.5656 | R²: 0.9137
  Epochs: 34 | Train/Val gap: 9.5x | Time: 163s

=================================================================
--- Iteration 47/100 [Elapsed: 169.1m] ---
  d_model=160, nhead_s=8, nhead_t=2, layers_s=4, layers_t=1
  ff=128, dropout=0.2, wd=5e-05
  lr=0.002, bs=32, scheduler=OneCycleLR
[SpatioTemporalTransformerRegressor] Using device: cuda
[SpatioTemporalTransformerRegressor] Using explicitly provided validation set (6670 samples).
[SpatioTemporalTransformerRegressor] Capping sequence length at 27 based on sample distribution (min_count=47).
[SpatioTemporalTransformerRegressor] Grouped features into 14 spatial channels.

Early stopping triggered at epoch 59. Best Val Loss: 3.6125
  MAE: 1.5611 | RMSE: 1.9007 | R²: 0.0252
  Epochs: 59 | Train/Val gap: 1.1x | Time: 590s

=================================================================
--- Iteration 48/100 [Elapsed: 179.0m] ---
  d_model=256, nhead_s=2, nhead_t=2, layers_s=2, layers_t=3
  ff=256, dropout=0.5, wd=1e-06
  lr=0.0003, bs=64, scheduler=OneCycleLR
[SpatioTemporalTransformerRegressor] Using device: cuda
[SpatioTemporalTransformerRegressor] Using explicitly provided validation set (6670 samples).
[SpatioTemporalTransformerRegressor] Capping sequence length at 27 based on sample distribution (min_count=47).
[SpatioTemporalTransformerRegressor] Grouped features into 14 spatial channels.

Early stopping triggered at epoch 34. Best Val Loss: 0.4122
  MAE: 0.3496 | RMSE: 0.6420 | R²: 0.8888
  Epochs: 34 | Train/Val gap: 5.8x | Time: 187s

=================================================================
--- Iteration 49/100 [Elapsed: 182.1m] ---
  d_model=160, nhead_s=8, nhead_t=8, layers_s=3, layers_t=3
  ff=256, dropout=0.4, wd=1e-06
  lr=0.0001, bs=32, scheduler=OneCycleLR
[SpatioTemporalTransformerRegressor] Using device: cuda
[SpatioTemporalTransformerRegressor] Using explicitly provided validation set (6670 samples).
[SpatioTemporalTransformerRegressor] Capping sequence length at 27 based on sample distribution (min_count=47).
[SpatioTemporalTransformerRegressor] Grouped features into 14 spatial channels.

Early stopping triggered at epoch 31. Best Val Loss: 0.3398
  MAE: 0.2971 | RMSE: 0.5683 | R²: 0.9128
  Epochs: 31 | Train/Val gap: 4.6x | Time: 344s

=================================================================
--- Iteration 50/100 [Elapsed: 187.8m] ---
  d_model=128, nhead_s=8, nhead_t=2, layers_s=2, layers_t=2
  ff=128, dropout=0.2, wd=0.0005
  lr=0.001, bs=128, scheduler=ReduceLROnPlateau
[SpatioTemporalTransformerRegressor] Using device: cuda
[SpatioTemporalTransformerRegressor] Using explicitly provided validation set (6670 samples).
[SpatioTemporalTransformerRegressor] Capping sequence length at 27 based on sample distribution (min_count=47).
[SpatioTemporalTransformerRegressor] Grouped features into 14 spatial channels.

Early stopping triggered at epoch 31. Best Val Loss: 0.2957
  MAE: 0.2962 | RMSE: 0.5400 | R²: 0.9213
  Epochs: 31 | Train/Val gap: 13.9x | Time: 127s

=================================================================
--- Iteration 51/100 [Elapsed: 189.9m] ---
  d_model=96, nhead_s=8, nhead_t=2, layers_s=3, layers_t=1
  ff=128, dropout=0.15, wd=1e-06
  lr=0.001, bs=64, scheduler=ReduceLROnPlateau
[SpatioTemporalTransformerRegressor] Using device: cuda
[SpatioTemporalTransformerRegressor] Using explicitly provided validation set (6670 samples).
[SpatioTemporalTransformerRegressor] Capping sequence length at 27 based on sample distribution (min_count=47).
[SpatioTemporalTransformerRegressor] Grouped features into 14 spatial channels.

Early stopping triggered at epoch 32. Best Val Loss: 0.3812
  MAE: 0.3282 | RMSE: 0.6173 | R²: 0.8972
  Epochs: 32 | Train/Val gap: 18.5x | Time: 198s

=================================================================
--- Iteration 52/100 [Elapsed: 193.2m] ---
  d_model=128, nhead_s=2, nhead_t=4, layers_s=4, layers_t=2
  ff=128, dropout=0.2, wd=5e-05
  lr=0.0003, bs=128, scheduler=ReduceLROnPlateau
[SpatioTemporalTransformerRegressor] Using device: cuda
[SpatioTemporalTransformerRegressor] Using explicitly provided validation set (6670 samples).
[SpatioTemporalTransformerRegressor] Capping sequence length at 27 based on sample distribution (min_count=47).
[SpatioTemporalTransformerRegressor] Grouped features into 14 spatial channels.

Early stopping triggered at epoch 32. Best Val Loss: 0.3078
  MAE: 0.2988 | RMSE: 0.5507 | R²: 0.9182
  Epochs: 32 | Train/Val gap: 6.2x | Time: 142s

=================================================================
--- Iteration 53/100 [Elapsed: 195.6m] ---
  d_model=128, nhead_s=8, nhead_t=4, layers_s=2, layers_t=3
  ff=512, dropout=0.1, wd=0.001
  lr=0.002, bs=64, scheduler=ReduceLROnPlateau
[SpatioTemporalTransformerRegressor] Using device: cuda
[SpatioTemporalTransformerRegressor] Using explicitly provided validation set (6670 samples).
[SpatioTemporalTransformerRegressor] Capping sequence length at 27 based on sample distribution (min_count=47).
[SpatioTemporalTransformerRegressor] Grouped features into 14 spatial channels.

Early stopping triggered at epoch 40. Best Val Loss: 3.7061
  MAE: 1.6099 | RMSE: 1.9251 | R²: -0.0000
  Epochs: 40 | Train/Val gap: 1.2x | Time: 239s

=================================================================
--- Iteration 54/100 [Elapsed: 199.6m] ---
  d_model=192, nhead_s=2, nhead_t=8, layers_s=2, layers_t=2
  ff=256, dropout=0.3, wd=1e-06
  lr=0.0005, bs=32, scheduler=ReduceLROnPlateau
[SpatioTemporalTransformerRegressor] Using device: cuda
[SpatioTemporalTransformerRegressor] Using explicitly provided validation set (6670 samples).
[SpatioTemporalTransformerRegressor] Capping sequence length at 27 based on sample distribution (min_count=47).
[SpatioTemporalTransformerRegressor] Grouped features into 14 spatial channels.

Early stopping triggered at epoch 43. Best Val Loss: 0.3950
  MAE: 0.3465 | RMSE: 0.6285 | R²: 0.8934
  Epochs: 43 | Train/Val gap: 7.4x | Time: 372s

=================================================================
--- Iteration 55/100 [Elapsed: 205.8m] ---
  d_model=192, nhead_s=4, nhead_t=4, layers_s=2, layers_t=1
  ff=256, dropout=0.2, wd=0.0001
  lr=0.0005, bs=32, scheduler=ReduceLROnPlateau
[SpatioTemporalTransformerRegressor] Using device: cuda
[SpatioTemporalTransformerRegressor] Using explicitly provided validation set (6670 samples).
[SpatioTemporalTransformerRegressor] Capping sequence length at 27 based on sample distribution (min_count=47).
[SpatioTemporalTransformerRegressor] Grouped features into 14 spatial channels.

Early stopping triggered at epoch 35. Best Val Loss: 0.3299
  MAE: 0.3052 | RMSE: 0.5741 | R²: 0.9111
  Epochs: 35 | Train/Val gap: 14.0x | Time: 275s

=================================================================
--- Iteration 56/100 [Elapsed: 210.4m] ---
  d_model=192, nhead_s=4, nhead_t=2, layers_s=4, layers_t=2
  ff=256, dropout=0.2, wd=1e-05
  lr=0.0005, bs=32, scheduler=ReduceLROnPlateau
[SpatioTemporalTransformerRegressor] Using device: cuda
[SpatioTemporalTransformerRegressor] Using explicitly provided validation set (6670 samples).
[SpatioTemporalTransformerRegressor] Capping sequence length at 27 based on sample distribution (min_count=47).
[SpatioTemporalTransformerRegressor] Grouped features into 14 spatial channels.

Early stopping triggered at epoch 32. Best Val Loss: 0.3193
  MAE: 0.2933 | RMSE: 0.5647 | R²: 0.9139
  Epochs: 32 | Train/Val gap: 9.6x | Time: 326s

=================================================================
--- Iteration 57/100 [Elapsed: 215.8m] ---
  d_model=128, nhead_s=8, nhead_t=8, layers_s=3, layers_t=1
  ff=256, dropout=0.3, wd=1e-05
  lr=0.0001, bs=128, scheduler=ReduceLROnPlateau
[SpatioTemporalTransformerRegressor] Using device: cuda
[SpatioTemporalTransformerRegressor] Using explicitly provided validation set (6670 samples).
[SpatioTemporalTransformerRegressor] Capping sequence length at 27 based on sample distribution (min_count=47).
[SpatioTemporalTransformerRegressor] Grouped features into 14 spatial channels.

Early stopping triggered at epoch 32. Best Val Loss: 0.3148
  MAE: 0.3172 | RMSE: 0.5539 | R²: 0.9172
  Epochs: 32 | Train/Val gap: 3.1x | Time: 164s

=================================================================
--- Iteration 58/100 [Elapsed: 218.5m] ---
  d_model=96, nhead_s=2, nhead_t=4, layers_s=3, layers_t=3
  ff=1024, dropout=0.3, wd=0.0001
  lr=0.0003, bs=32, scheduler=OneCycleLR
[SpatioTemporalTransformerRegressor] Using device: cuda
[SpatioTemporalTransformerRegressor] Using explicitly provided validation set (6670 samples).
[SpatioTemporalTransformerRegressor] Capping sequence length at 27 based on sample distribution (min_count=47).
[SpatioTemporalTransformerRegressor] Grouped features into 14 spatial channels.

Early stopping triggered at epoch 34. Best Val Loss: 0.3499
  MAE: 0.3231 | RMSE: 0.5915 | R²: 0.9056
  Epochs: 34 | Train/Val gap: 6.1x | Time: 313s

=================================================================
--- Iteration 59/100 [Elapsed: 223.8m] ---
  d_model=64, nhead_s=4, nhead_t=4, layers_s=3, layers_t=2
  ff=128, dropout=0.2, wd=1e-06
  lr=0.0001, bs=32, scheduler=ReduceLROnPlateau
[SpatioTemporalTransformerRegressor] Using device: cuda
[SpatioTemporalTransformerRegressor] Using explicitly provided validation set (6670 samples).
[SpatioTemporalTransformerRegressor] Capping sequence length at 27 based on sample distribution (min_count=47).
[SpatioTemporalTransformerRegressor] Grouped features into 14 spatial channels.

Early stopping triggered at epoch 33. Best Val Loss: 0.2621
  MAE: 0.2863 | RMSE: 0.5099 | R²: 0.9298
  Epochs: 33 | Train/Val gap: 2.9x | Time: 290s

=================================================================
--- Iteration 60/100 [Elapsed: 228.6m] ---
  d_model=128, nhead_s=8, nhead_t=2, layers_s=3, layers_t=2
  ff=256, dropout=0.2, wd=0.0001
  lr=0.0003, bs=32, scheduler=OneCycleLR
[SpatioTemporalTransformerRegressor] Using device: cuda
[SpatioTemporalTransformerRegressor] Using explicitly provided validation set (6670 samples).
[SpatioTemporalTransformerRegressor] Capping sequence length at 27 based on sample distribution (min_count=47).
[SpatioTemporalTransformerRegressor] Grouped features into 14 spatial channels.

Early stopping triggered at epoch 31. Best Val Loss: 0.2604
  MAE: 0.3104 | RMSE: 0.5103 | R²: 0.9297
  Epochs: 31 | Train/Val gap: 14.9x | Time: 286s

=================================================================
--- Iteration 61/100 [Elapsed: 233.4m] ---
  d_model=160, nhead_s=8, nhead_t=2, layers_s=2, layers_t=3
  ff=512, dropout=0.1, wd=0.001
  lr=0.001, bs=32, scheduler=OneCycleLR
[SpatioTemporalTransformerRegressor] Using device: cuda
[SpatioTemporalTransformerRegressor] Using explicitly provided validation set (6670 samples).
[SpatioTemporalTransformerRegressor] Capping sequence length at 27 based on sample distribution (min_count=47).
[SpatioTemporalTransformerRegressor] Grouped features into 14 spatial channels.

Early stopping triggered at epoch 38. Best Val Loss: 0.3335
  MAE: 0.2923 | RMSE: 0.5771 | R²: 0.9101
  Epochs: 38 | Train/Val gap: 5.1x | Time: 352s

=================================================================
--- Iteration 62/100 [Elapsed: 239.2m] ---
  d_model=160, nhead_s=8, nhead_t=4, layers_s=4, layers_t=2
  ff=128, dropout=0.3, wd=0.0001
  lr=0.001, bs=128, scheduler=ReduceLROnPlateau
[SpatioTemporalTransformerRegressor] Using device: cuda
[SpatioTemporalTransformerRegressor] Using explicitly provided validation set (6670 samples).
[SpatioTemporalTransformerRegressor] Capping sequence length at 27 based on sample distribution (min_count=47).
[SpatioTemporalTransformerRegressor] Grouped features into 14 spatial channels.

Early stopping triggered at epoch 33. Best Val Loss: 0.3269
  MAE: 0.3109 | RMSE: 0.5717 | R²: 0.9118
  Epochs: 33 | Train/Val gap: 9.8x | Time: 229s

=================================================================
--- Iteration 63/100 [Elapsed: 243.1m] ---
  d_model=128, nhead_s=2, nhead_t=2, layers_s=3, layers_t=3
  ff=512, dropout=0.3, wd=0.0005
  lr=0.001, bs=128, scheduler=OneCycleLR
[SpatioTemporalTransformerRegressor] Using device: cuda
[SpatioTemporalTransformerRegressor] Using explicitly provided validation set (6670 samples).
[SpatioTemporalTransformerRegressor] Capping sequence length at 27 based on sample distribution (min_count=47).
[SpatioTemporalTransformerRegressor] Grouped features into 14 spatial channels.

Early stopping triggered at epoch 34. Best Val Loss: 0.2982
  MAE: 0.3183 | RMSE: 0.5461 | R²: 0.9195
  Epochs: 34 | Train/Val gap: 5.0x | Time: 145s

=================================================================
--- Iteration 64/100 [Elapsed: 245.5m] ---
  d_model=256, nhead_s=2, nhead_t=2, layers_s=1, layers_t=1
  ff=128, dropout=0.5, wd=5e-05
  lr=0.0003, bs=32, scheduler=ReduceLROnPlateau
[SpatioTemporalTransformerRegressor] Using device: cuda
[SpatioTemporalTransformerRegressor] Using explicitly provided validation set (6670 samples).
[SpatioTemporalTransformerRegressor] Capping sequence length at 27 based on sample distribution (min_count=47).
[SpatioTemporalTransformerRegressor] Grouped features into 14 spatial channels.

Early stopping triggered at epoch 49. Best Val Loss: 0.6585
  MAE: 0.4223 | RMSE: 0.8072 | R²: 0.8242
  Epochs: 49 | Train/Val gap: 6.6x | Time: 325s

=================================================================
--- Iteration 65/100 [Elapsed: 250.9m] ---
  d_model=160, nhead_s=2, nhead_t=2, layers_s=2, layers_t=1
  ff=256, dropout=0.4, wd=1e-05
  lr=0.0005, bs=32, scheduler=OneCycleLR
[SpatioTemporalTransformerRegressor] Using device: cuda
[SpatioTemporalTransformerRegressor] Using explicitly provided validation set (6670 samples).
[SpatioTemporalTransformerRegressor] Capping sequence length at 27 based on sample distribution (min_count=47).
[SpatioTemporalTransformerRegressor] Grouped features into 14 spatial channels.

Early stopping triggered at epoch 32. Best Val Loss: 0.3335
  MAE: 0.3006 | RMSE: 0.5729 | R²: 0.9115
  Epochs: 32 | Train/Val gap: 5.6x | Time: 246s

=================================================================
--- Iteration 66/100 [Elapsed: 255.0m] ---
  d_model=192, nhead_s=4, nhead_t=2, layers_s=3, layers_t=1
  ff=512, dropout=0.1, wd=5e-05
  lr=0.0003, bs=128, scheduler=OneCycleLR
[SpatioTemporalTransformerRegressor] Using device: cuda
[SpatioTemporalTransformerRegressor] Using explicitly provided validation set (6670 samples).
[SpatioTemporalTransformerRegressor] Capping sequence length at 27 based on sample distribution (min_count=47).
[SpatioTemporalTransformerRegressor] Grouped features into 14 spatial channels.

Early stopping triggered at epoch 31. Best Val Loss: 0.2649
  MAE: 0.3024 | RMSE: 0.5122 | R²: 0.9292
  Epochs: 31 | Train/Val gap: 12.2x | Time: 156s

=================================================================
--- Iteration 67/100 [Elapsed: 257.6m] ---
  d_model=64, nhead_s=2, nhead_t=8, layers_s=3, layers_t=1
  ff=256, dropout=0.4, wd=0.0001
  lr=0.0003, bs=64, scheduler=ReduceLROnPlateau
[SpatioTemporalTransformerRegressor] Using device: cuda
[SpatioTemporalTransformerRegressor] Using explicitly provided validation set (6670 samples).
[SpatioTemporalTransformerRegressor] Capping sequence length at 27 based on sample distribution (min_count=47).
[SpatioTemporalTransformerRegressor] Grouped features into 14 spatial channels.

Early stopping triggered at epoch 33. Best Val Loss: 0.2826
  MAE: 0.2689 | RMSE: 0.5210 | R²: 0.9267
  Epochs: 33 | Train/Val gap: 3.3x | Time: 150s

=================================================================
--- Iteration 68/100 [Elapsed: 260.1m] ---
  d_model=256, nhead_s=2, nhead_t=8, layers_s=1, layers_t=1
  ff=256, dropout=0.2, wd=5e-05
  lr=0.0001, bs=128, scheduler=ReduceLROnPlateau
[SpatioTemporalTransformerRegressor] Using device: cuda
[SpatioTemporalTransformerRegressor] Using explicitly provided validation set (6670 samples).
[SpatioTemporalTransformerRegressor] Capping sequence length at 27 based on sample distribution (min_count=47).
[SpatioTemporalTransformerRegressor] Grouped features into 14 spatial channels.

Early stopping triggered at epoch 35. Best Val Loss: 0.2603
  MAE: 0.2944 | RMSE: 0.5089 | R²: 0.9301
  Epochs: 35 | Train/Val gap: 2.7x | Time: 92s

=================================================================
--- Iteration 69/100 [Elapsed: 261.6m] ---
  d_model=128, nhead_s=4, nhead_t=2, layers_s=1, layers_t=2
  ff=128, dropout=0.5, wd=1e-06
  lr=0.0005, bs=64, scheduler=OneCycleLR
[SpatioTemporalTransformerRegressor] Using device: cuda
[SpatioTemporalTransformerRegressor] Using explicitly provided validation set (6670 samples).
[SpatioTemporalTransformerRegressor] Capping sequence length at 27 based on sample distribution (min_count=47).
[SpatioTemporalTransformerRegressor] Grouped features into 14 spatial channels.

Early stopping triggered at epoch 35. Best Val Loss: 0.3811
  MAE: 0.3285 | RMSE: 0.6147 | R²: 0.8981
  Epochs: 35 | Train/Val gap: 5.7x | Time: 154s

=================================================================
--- Iteration 70/100 [Elapsed: 264.2m] ---
  d_model=192, nhead_s=2, nhead_t=2, layers_s=3, layers_t=2
  ff=1024, dropout=0.5, wd=0.0001
  lr=0.0001, bs=128, scheduler=OneCycleLR
[SpatioTemporalTransformerRegressor] Using device: cuda
[SpatioTemporalTransformerRegressor] Using explicitly provided validation set (6670 samples).
[SpatioTemporalTransformerRegressor] Capping sequence length at 27 based on sample distribution (min_count=47).
[SpatioTemporalTransformerRegressor] Grouped features into 14 spatial channels.

Early stopping triggered at epoch 36. Best Val Loss: 0.4486
  MAE: 0.3432 | RMSE: 0.6435 | R²: 0.8883
  Epochs: 36 | Train/Val gap: 3.7x | Time: 173s

=================================================================
--- Iteration 71/100 [Elapsed: 267.1m] ---
  d_model=128, nhead_s=8, nhead_t=2, layers_s=3, layers_t=1
  ff=256, dropout=0.3, wd=5e-05
  lr=0.001, bs=32, scheduler=OneCycleLR
[SpatioTemporalTransformerRegressor] Using device: cuda
[SpatioTemporalTransformerRegressor] Using explicitly provided validation set (6670 samples).
[SpatioTemporalTransformerRegressor] Capping sequence length at 27 based on sample distribution (min_count=47).
[SpatioTemporalTransformerRegressor] Grouped features into 14 spatial channels.

Early stopping triggered at epoch 32. Best Val Loss: 0.3775
  MAE: 0.3223 | RMSE: 0.6137 | R²: 0.8984
  Epochs: 32 | Train/Val gap: 5.2x | Time: 277s

=================================================================
--- Iteration 72/100 [Elapsed: 271.7m] ---
  d_model=256, nhead_s=2, nhead_t=8, layers_s=1, layers_t=3
  ff=256, dropout=0.2, wd=0.001
  lr=0.0003, bs=32, scheduler=OneCycleLR
[SpatioTemporalTransformerRegressor] Using device: cuda
[SpatioTemporalTransformerRegressor] Using explicitly provided validation set (6670 samples).
[SpatioTemporalTransformerRegressor] Capping sequence length at 27 based on sample distribution (min_count=47).
[SpatioTemporalTransformerRegressor] Grouped features into 14 spatial channels.

Early stopping triggered at epoch 32. Best Val Loss: 0.2553
  MAE: 0.2656 | RMSE: 0.5044 | R²: 0.9314
  Epochs: 32 | Train/Val gap: 12.7x | Time: 278s

=================================================================
--- Iteration 73/100 [Elapsed: 276.3m] ---
  d_model=128, nhead_s=2, nhead_t=4, layers_s=4, layers_t=2
  ff=128, dropout=0.15, wd=0.0001
  lr=0.002, bs=128, scheduler=OneCycleLR
[SpatioTemporalTransformerRegressor] Using device: cuda
[SpatioTemporalTransformerRegressor] Using explicitly provided validation set (6670 samples).
[SpatioTemporalTransformerRegressor] Capping sequence length at 27 based on sample distribution (min_count=47).
[SpatioTemporalTransformerRegressor] Grouped features into 14 spatial channels.

Early stopping triggered at epoch 33. Best Val Loss: 0.4824
  MAE: 0.4675 | RMSE: 0.6946 | R²: 0.8698
  Epochs: 33 | Train/Val gap: 1.5x | Time: 149s

=================================================================
--- Iteration 74/100 [Elapsed: 278.8m] ---
  d_model=96, nhead_s=2, nhead_t=4, layers_s=4, layers_t=3
  ff=128, dropout=0.15, wd=0.0001
  lr=0.001, bs=128, scheduler=ReduceLROnPlateau
[SpatioTemporalTransformerRegressor] Using device: cuda
[SpatioTemporalTransformerRegressor] Using explicitly provided validation set (6670 samples).
[SpatioTemporalTransformerRegressor] Capping sequence length at 27 based on sample distribution (min_count=47).
[SpatioTemporalTransformerRegressor] Grouped features into 14 spatial channels.

Early stopping triggered at epoch 31. Best Val Loss: 0.2515
  MAE: 0.3178 | RMSE: 0.5015 | R²: 0.9321
  Epochs: 31 | Train/Val gap: 13.0x | Time: 135s

=================================================================
--- Iteration 75/100 [Elapsed: 281.1m] ---
  d_model=128, nhead_s=4, nhead_t=4, layers_s=2, layers_t=2
  ff=128, dropout=0.1, wd=1e-05
  lr=0.002, bs=64, scheduler=OneCycleLR
[SpatioTemporalTransformerRegressor] Using device: cuda
[SpatioTemporalTransformerRegressor] Using explicitly provided validation set (6670 samples).
[SpatioTemporalTransformerRegressor] Capping sequence length at 27 based on sample distribution (min_count=47).
[SpatioTemporalTransformerRegressor] Grouped features into 14 spatial channels.

Early stopping triggered at epoch 31. Best Val Loss: 0.3178
  MAE: 0.3276 | RMSE: 0.5637 | R²: 0.9143
  Epochs: 31 | Train/Val gap: 5.3x | Time: 152s

=================================================================
--- Iteration 76/100 [Elapsed: 283.6m] ---
  d_model=256, nhead_s=2, nhead_t=4, layers_s=3, layers_t=1
  ff=128, dropout=0.5, wd=0.001
  lr=0.0003, bs=128, scheduler=ReduceLROnPlateau
[SpatioTemporalTransformerRegressor] Using device: cuda
[SpatioTemporalTransformerRegressor] Using explicitly provided validation set (6670 samples).
[SpatioTemporalTransformerRegressor] Capping sequence length at 27 based on sample distribution (min_count=47).
[SpatioTemporalTransformerRegressor] Grouped features into 14 spatial channels.

Early stopping triggered at epoch 43. Best Val Loss: 0.6436
  MAE: 0.4028 | RMSE: 0.7960 | R²: 0.8290
  Epochs: 43 | Train/Val gap: 7.2x | Time: 187s

=================================================================
--- Iteration 77/100 [Elapsed: 286.7m] ---
  d_model=128, nhead_s=8, nhead_t=2, layers_s=4, layers_t=3
  ff=1024, dropout=0.5, wd=0.0001
  lr=0.0001, bs=32, scheduler=OneCycleLR
[SpatioTemporalTransformerRegressor] Using device: cuda
[SpatioTemporalTransformerRegressor] Using explicitly provided validation set (6670 samples).
[SpatioTemporalTransformerRegressor] Capping sequence length at 27 based on sample distribution (min_count=47).
[SpatioTemporalTransformerRegressor] Grouped features into 14 spatial channels.

Early stopping triggered at epoch 32. Best Val Loss: 0.3755
  MAE: 0.3100 | RMSE: 0.6012 | R²: 0.9025
  Epochs: 32 | Train/Val gap: 3.7x | Time: 388s

=================================================================
--- Iteration 78/100 [Elapsed: 293.2m] ---
  d_model=256, nhead_s=4, nhead_t=2, layers_s=4, layers_t=1
  ff=128, dropout=0.1, wd=0.0001
  lr=0.001, bs=32, scheduler=OneCycleLR
[SpatioTemporalTransformerRegressor] Using device: cuda
[SpatioTemporalTransformerRegressor] Using explicitly provided validation set (6670 samples).
[SpatioTemporalTransformerRegressor] Capping sequence length at 27 based on sample distribution (min_count=47).
[SpatioTemporalTransformerRegressor] Grouped features into 14 spatial channels.

Early stopping triggered at epoch 50. Best Val Loss: 0.3847
  MAE: 0.3578 | RMSE: 0.6202 | R²: 0.8962
  Epochs: 50 | Train/Val gap: 1.3x | Time: 480s

=================================================================
--- Iteration 79/100 [Elapsed: 301.2m] ---
  d_model=96, nhead_s=8, nhead_t=2, layers_s=2, layers_t=3
  ff=128, dropout=0.3, wd=0.0001
  lr=0.0005, bs=64, scheduler=ReduceLROnPlateau
[SpatioTemporalTransformerRegressor] Using device: cuda
[SpatioTemporalTransformerRegressor] Using explicitly provided validation set (6670 samples).
[SpatioTemporalTransformerRegressor] Capping sequence length at 27 based on sample distribution (min_count=47).
[SpatioTemporalTransformerRegressor] Grouped features into 14 spatial channels.

Early stopping triggered at epoch 32. Best Val Loss: 0.3110
  MAE: 0.2862 | RMSE: 0.5546 | R²: 0.9170
  Epochs: 32 | Train/Val gap: 8.8x | Time: 186s

=================================================================
--- Iteration 80/100 [Elapsed: 304.3m] ---
  d_model=64, nhead_s=4, nhead_t=8, layers_s=2, layers_t=3
  ff=1024, dropout=0.5, wd=0.0001
  lr=0.0001, bs=64, scheduler=OneCycleLR
[SpatioTemporalTransformerRegressor] Using device: cuda
[SpatioTemporalTransformerRegressor] Using explicitly provided validation set (6670 samples).
[SpatioTemporalTransformerRegressor] Capping sequence length at 27 based on sample distribution (min_count=47).
[SpatioTemporalTransformerRegressor] Grouped features into 14 spatial channels.

Early stopping triggered at epoch 33. Best Val Loss: 0.2829
  MAE: 0.2620 | RMSE: 0.5152 | R²: 0.9284
  Epochs: 33 | Train/Val gap: 2.0x | Time: 167s

=================================================================
--- Iteration 81/100 [Elapsed: 307.1m] ---
  d_model=64, nhead_s=8, nhead_t=8, layers_s=3, layers_t=1
  ff=256, dropout=0.2, wd=1e-06
  lr=0.0003, bs=32, scheduler=ReduceLROnPlateau
[SpatioTemporalTransformerRegressor] Using device: cuda
[SpatioTemporalTransformerRegressor] Using explicitly provided validation set (6670 samples).
[SpatioTemporalTransformerRegressor] Capping sequence length at 27 based on sample distribution (min_count=47).
[SpatioTemporalTransformerRegressor] Grouped features into 14 spatial channels.

Early stopping triggered at epoch 31. Best Val Loss: 0.3626
  MAE: 0.3179 | RMSE: 0.5962 | R²: 0.9041
  Epochs: 31 | Train/Val gap: 8.0x | Time: 273s

=================================================================
--- Iteration 82/100 [Elapsed: 311.6m] ---
  d_model=192, nhead_s=2, nhead_t=4, layers_s=4, layers_t=1
  ff=512, dropout=0.2, wd=5e-05
  lr=0.001, bs=32, scheduler=ReduceLROnPlateau
[SpatioTemporalTransformerRegressor] Using device: cuda
[SpatioTemporalTransformerRegressor] Using explicitly provided validation set (6670 samples).
[SpatioTemporalTransformerRegressor] Capping sequence length at 27 based on sample distribution (min_count=47).
[SpatioTemporalTransformerRegressor] Grouped features into 14 spatial channels.

Early stopping triggered at epoch 31. Best Val Loss: 0.9176
  MAE: 0.7965 | RMSE: 0.9580 | R²: 0.7524
  Epochs: 31 | Train/Val gap: 5.4x | Time: 282s

=================================================================
--- Iteration 83/100 [Elapsed: 316.3m] ---
  d_model=96, nhead_s=8, nhead_t=8, layers_s=2, layers_t=1
  ff=256, dropout=0.5, wd=1e-05
  lr=0.0005, bs=128, scheduler=ReduceLROnPlateau
[SpatioTemporalTransformerRegressor] Using device: cuda
[SpatioTemporalTransformerRegressor] Using explicitly provided validation set (6670 samples).
[SpatioTemporalTransformerRegressor] Capping sequence length at 27 based on sample distribution (min_count=47).
[SpatioTemporalTransformerRegressor] Grouped features into 14 spatial channels.

Early stopping triggered at epoch 34. Best Val Loss: 0.4311
  MAE: 0.3413 | RMSE: 0.6359 | R²: 0.8909
  Epochs: 34 | Train/Val gap: 5.0x | Time: 135s

=================================================================
--- Iteration 84/100 [Elapsed: 318.5m] ---
  d_model=160, nhead_s=8, nhead_t=2, layers_s=1, layers_t=1
  ff=256, dropout=0.2, wd=0.0001
  lr=0.001, bs=64, scheduler=OneCycleLR
[SpatioTemporalTransformerRegressor] Using device: cuda
[SpatioTemporalTransformerRegressor] Using explicitly provided validation set (6670 samples).
[SpatioTemporalTransformerRegressor] Capping sequence length at 27 based on sample distribution (min_count=47).
[SpatioTemporalTransformerRegressor] Grouped features into 14 spatial channels.

Early stopping triggered at epoch 31. Best Val Loss: 0.3298
  MAE: 0.3008 | RMSE: 0.5709 | R²: 0.9121
  Epochs: 31 | Train/Val gap: 10.4x | Time: 125s

=================================================================
--- Iteration 85/100 [Elapsed: 320.6m] ---
  d_model=128, nhead_s=8, nhead_t=4, layers_s=3, layers_t=2
  ff=1024, dropout=0.4, wd=1e-05
  lr=0.002, bs=32, scheduler=OneCycleLR
[SpatioTemporalTransformerRegressor] Using device: cuda
[SpatioTemporalTransformerRegressor] Using explicitly provided validation set (6670 samples).
[SpatioTemporalTransformerRegressor] Capping sequence length at 27 based on sample distribution (min_count=47).
[SpatioTemporalTransformerRegressor] Grouped features into 14 spatial channels.

Early stopping triggered at epoch 58. Best Val Loss: 3.6478
  MAE: 1.5923 | RMSE: 1.9099 | R²: 0.0157
  Epochs: 58 | Train/Val gap: 1.1x | Time: 549s

=================================================================
--- Iteration 86/100 [Elapsed: 329.8m] ---
  d_model=256, nhead_s=8, nhead_t=8, layers_s=1, layers_t=2
  ff=128, dropout=0.1, wd=1e-05
  lr=0.002, bs=64, scheduler=ReduceLROnPlateau
[SpatioTemporalTransformerRegressor] Using device: cuda
[SpatioTemporalTransformerRegressor] Using explicitly provided validation set (6670 samples).
[SpatioTemporalTransformerRegressor] Capping sequence length at 27 based on sample distribution (min_count=47).
[SpatioTemporalTransformerRegressor] Grouped features into 14 spatial channels.

Early stopping triggered at epoch 49. Best Val Loss: 0.3303
  MAE: 0.2983 | RMSE: 0.5746 | R²: 0.9109
  Epochs: 49 | Train/Val gap: 1.5x | Time: 216s

=================================================================
--- Iteration 87/100 [Elapsed: 333.4m] ---
  d_model=160, nhead_s=2, nhead_t=8, layers_s=2, layers_t=2
  ff=256, dropout=0.4, wd=1e-05
  lr=0.0001, bs=32, scheduler=ReduceLROnPlateau
[SpatioTemporalTransformerRegressor] Using device: cuda
[SpatioTemporalTransformerRegressor] Using explicitly provided validation set (6670 samples).
[SpatioTemporalTransformerRegressor] Capping sequence length at 27 based on sample distribution (min_count=47).
[SpatioTemporalTransformerRegressor] Grouped features into 14 spatial channels.

Early stopping triggered at epoch 32. Best Val Loss: 0.2849
  MAE: 0.2770 | RMSE: 0.5252 | R²: 0.9256
  Epochs: 32 | Train/Val gap: 3.9x | Time: 277s

=================================================================
--- Iteration 88/100 [Elapsed: 338.0m] ---
  d_model=96, nhead_s=2, nhead_t=8, layers_s=2, layers_t=1
  ff=512, dropout=0.3, wd=0.001
  lr=0.0003, bs=32, scheduler=ReduceLROnPlateau
[SpatioTemporalTransformerRegressor] Using device: cuda
[SpatioTemporalTransformerRegressor] Using explicitly provided validation set (6670 samples).
[SpatioTemporalTransformerRegressor] Capping sequence length at 27 based on sample distribution (min_count=47).
[SpatioTemporalTransformerRegressor] Grouped features into 14 spatial channels.

Early stopping triggered at epoch 31. Best Val Loss: 0.3745
  MAE: 0.3178 | RMSE: 0.5919 | R²: 0.9055
  Epochs: 31 | Train/Val gap: 5.6x | Time: 257s

=================================================================
--- Iteration 89/100 [Elapsed: 342.3m] ---
  d_model=192, nhead_s=8, nhead_t=2, layers_s=1, layers_t=2
  ff=1024, dropout=0.2, wd=1e-05
  lr=0.0003, bs=32, scheduler=OneCycleLR
[SpatioTemporalTransformerRegressor] Using device: cuda
[SpatioTemporalTransformerRegressor] Using explicitly provided validation set (6670 samples).
[SpatioTemporalTransformerRegressor] Capping sequence length at 27 based on sample distribution (min_count=47).
[SpatioTemporalTransformerRegressor] Grouped features into 14 spatial channels.

Early stopping triggered at epoch 32. Best Val Loss: 0.3140
  MAE: 0.2756 | RMSE: 0.5521 | R²: 0.9177
  Epochs: 32 | Train/Val gap: 9.6x | Time: 250s

=================================================================
--- Iteration 90/100 [Elapsed: 346.5m] ---
  d_model=96, nhead_s=4, nhead_t=4, layers_s=4, layers_t=2
  ff=256, dropout=0.2, wd=1e-05
  lr=0.0003, bs=32, scheduler=ReduceLROnPlateau
[SpatioTemporalTransformerRegressor] Using device: cuda
[SpatioTemporalTransformerRegressor] Using explicitly provided validation set (6670 samples).
[SpatioTemporalTransformerRegressor] Capping sequence length at 27 based on sample distribution (min_count=47).
[SpatioTemporalTransformerRegressor] Grouped features into 14 spatial channels.

Early stopping triggered at epoch 31. Best Val Loss: 0.2862
  MAE: 0.2911 | RMSE: 0.5345 | R²: 0.9229
  Epochs: 31 | Train/Val gap: 13.3x | Time: 292s

=================================================================
--- Iteration 91/100 [Elapsed: 351.3m] ---
  d_model=160, nhead_s=2, nhead_t=8, layers_s=2, layers_t=1
  ff=1024, dropout=0.4, wd=1e-06
  lr=0.0001, bs=32, scheduler=OneCycleLR
[SpatioTemporalTransformerRegressor] Using device: cuda
[SpatioTemporalTransformerRegressor] Using explicitly provided validation set (6670 samples).
[SpatioTemporalTransformerRegressor] Capping sequence length at 27 based on sample distribution (min_count=47).
[SpatioTemporalTransformerRegressor] Grouped features into 14 spatial channels.

Early stopping triggered at epoch 34. Best Val Loss: 0.3725
  MAE: 0.3192 | RMSE: 0.5970 | R²: 0.9038
  Epochs: 34 | Train/Val gap: 4.9x | Time: 274s

=================================================================
--- Iteration 92/100 [Elapsed: 355.9m] ---
  d_model=64, nhead_s=2, nhead_t=2, layers_s=2, layers_t=2
  ff=1024, dropout=0.15, wd=0.0005
  lr=0.002, bs=128, scheduler=OneCycleLR
[SpatioTemporalTransformerRegressor] Using device: cuda
[SpatioTemporalTransformerRegressor] Using explicitly provided validation set (6670 samples).
[SpatioTemporalTransformerRegressor] Capping sequence length at 27 based on sample distribution (min_count=47).
[SpatioTemporalTransformerRegressor] Grouped features into 14 spatial channels.

Early stopping triggered at epoch 33. Best Val Loss: 0.3375
  MAE: 0.3138 | RMSE: 0.5804 | R²: 0.9091
  Epochs: 33 | Train/Val gap: 5.9x | Time: 105s

=================================================================
--- Iteration 93/100 [Elapsed: 357.7m] ---
  d_model=128, nhead_s=4, nhead_t=4, layers_s=1, layers_t=2
  ff=128, dropout=0.2, wd=0.001
  lr=0.001, bs=128, scheduler=OneCycleLR
[SpatioTemporalTransformerRegressor] Using device: cuda
[SpatioTemporalTransformerRegressor] Using explicitly provided validation set (6670 samples).
[SpatioTemporalTransformerRegressor] Capping sequence length at 27 based on sample distribution (min_count=47).
[SpatioTemporalTransformerRegressor] Grouped features into 14 spatial channels.

Early stopping triggered at epoch 38. Best Val Loss: 0.3409
  MAE: 0.3204 | RMSE: 0.5839 | R²: 0.9080
  Epochs: 38 | Train/Val gap: 13.6x | Time: 99s

=================================================================
--- Iteration 94/100 [Elapsed: 359.3m] ---
  d_model=64, nhead_s=2, nhead_t=4, layers_s=2, layers_t=1
  ff=512, dropout=0.5, wd=1e-05
  lr=0.0005, bs=32, scheduler=ReduceLROnPlateau
[SpatioTemporalTransformerRegressor] Using device: cuda
[SpatioTemporalTransformerRegressor] Using explicitly provided validation set (6670 samples).
[SpatioTemporalTransformerRegressor] Capping sequence length at 27 based on sample distribution (min_count=47).
[SpatioTemporalTransformerRegressor] Grouped features into 14 spatial channels.

Early stopping triggered at epoch 32. Best Val Loss: 0.4040
  MAE: 0.3158 | RMSE: 0.6143 | R²: 0.8982
  Epochs: 32 | Train/Val gap: 4.1x | Time: 236s

=================================================================
--- Iteration 95/100 [Elapsed: 363.3m] ---
  d_model=160, nhead_s=2, nhead_t=8, layers_s=4, layers_t=2
  ff=512, dropout=0.4, wd=1e-06
  lr=0.002, bs=32, scheduler=OneCycleLR
[SpatioTemporalTransformerRegressor] Using device: cuda
[SpatioTemporalTransformerRegressor] Using explicitly provided validation set (6670 samples).
[SpatioTemporalTransformerRegressor] Capping sequence length at 27 based on sample distribution (min_count=47).
[SpatioTemporalTransformerRegressor] Grouped features into 14 spatial channels.

Early stopping triggered at epoch 45. Best Val Loss: 3.6441
  MAE: 1.5701 | RMSE: 1.9090 | R²: 0.0167
  Epochs: 45 | Train/Val gap: nanx | Time: 415s

=================================================================
--- Iteration 96/100 [Elapsed: 370.2m] ---
  d_model=96, nhead_s=4, nhead_t=8, layers_s=4, layers_t=1
  ff=128, dropout=0.4, wd=1e-05
  lr=0.001, bs=64, scheduler=OneCycleLR
[SpatioTemporalTransformerRegressor] Using device: cuda
[SpatioTemporalTransformerRegressor] Using explicitly provided validation set (6670 samples).
[SpatioTemporalTransformerRegressor] Capping sequence length at 27 based on sample distribution (min_count=47).
[SpatioTemporalTransformerRegressor] Grouped features into 14 spatial channels.

Early stopping triggered at epoch 33. Best Val Loss: 0.3791
  MAE: 0.3260 | RMSE: 0.6100 | R²: 0.8996
  Epochs: 33 | Train/Val gap: 6.9x | Time: 194s

=================================================================
--- Iteration 97/100 [Elapsed: 373.4m] ---
  d_model=64, nhead_s=8, nhead_t=8, layers_s=3, layers_t=3
  ff=256, dropout=0.5, wd=1e-06
  lr=0.0003, bs=128, scheduler=ReduceLROnPlateau
[SpatioTemporalTransformerRegressor] Using device: cuda
[SpatioTemporalTransformerRegressor] Using explicitly provided validation set (6670 samples).
[SpatioTemporalTransformerRegressor] Capping sequence length at 27 based on sample distribution (min_count=47).
[SpatioTemporalTransformerRegressor] Grouped features into 14 spatial channels.

Early stopping triggered at epoch 34. Best Val Loss: 0.3247
  MAE: 0.2750 | RMSE: 0.5545 | R²: 0.9170
  Epochs: 34 | Train/Val gap: 3.0x | Time: 167s

=================================================================
--- Iteration 98/100 [Elapsed: 376.2m] ---
  d_model=96, nhead_s=4, nhead_t=4, layers_s=1, layers_t=1
  ff=256, dropout=0.15, wd=1e-05
  lr=0.0001, bs=32, scheduler=ReduceLROnPlateau
[SpatioTemporalTransformerRegressor] Using device: cuda
[SpatioTemporalTransformerRegressor] Using explicitly provided validation set (6670 samples).
[SpatioTemporalTransformerRegressor] Capping sequence length at 27 based on sample distribution (min_count=47).
[SpatioTemporalTransformerRegressor] Grouped features into 14 spatial channels.

Early stopping triggered at epoch 33. Best Val Loss: 0.2593
  MAE: 0.3145 | RMSE: 0.5090 | R²: 0.9301
  Epochs: 33 | Train/Val gap: 3.0x | Time: 219s

=================================================================
--- Iteration 99/100 [Elapsed: 379.9m] ---
  d_model=64, nhead_s=8, nhead_t=2, layers_s=4, layers_t=1
  ff=128, dropout=0.3, wd=1e-05
  lr=0.0003, bs=64, scheduler=OneCycleLR
[SpatioTemporalTransformerRegressor] Using device: cuda
[SpatioTemporalTransformerRegressor] Using explicitly provided validation set (6670 samples).
[SpatioTemporalTransformerRegressor] Capping sequence length at 27 based on sample distribution (min_count=47).
[SpatioTemporalTransformerRegressor] Grouped features into 14 spatial channels.

Early stopping triggered at epoch 33. Best Val Loss: 0.3182
  MAE: 0.2939 | RMSE: 0.5564 | R²: 0.9165
  Epochs: 33 | Train/Val gap: 4.2x | Time: 224s

=================================================================
--- Iteration 100/100 [Elapsed: 383.6m] ---
  d_model=192, nhead_s=4, nhead_t=4, layers_s=4, layers_t=2
  ff=256, dropout=0.15, wd=1e-06
  lr=0.002, bs=32, scheduler=ReduceLROnPlateau
[SpatioTemporalTransformerRegressor] Using device: cuda
[SpatioTemporalTransformerRegressor] Using explicitly provided validation set (6670 samples).
[SpatioTemporalTransformerRegressor] Capping sequence length at 27 based on sample distribution (min_count=47).
[SpatioTemporalTransformerRegressor] Grouped features into 14 spatial channels.

Early stopping triggered at epoch 34. Best Val Loss: 3.7084
  MAE: 1.6236 | RMSE: 1.9257 | R²: -0.0006
  Epochs: 34 | Train/Val gap: 1.2x | Time: 347s

=================================================================
  SPATIO-TEMPORAL TRANSFORMER SWEEP COMPLETE
  Total time: 389.4 minutes (6.49 hours)
=================================================================

Top-5 Configurations:
  #1: RMSE=0.4837 MAE=0.3043 R²=0.9369 gap=5.1x (d=64, s=2×8, t=2×4, ff=1024, do=0.15)
  #2: RMSE=0.5015 MAE=0.3178 R²=0.9321 gap=13.0x (d=96, s=4×2, t=3×4, ff=128, do=0.15)
  #3: RMSE=0.5044 MAE=0.2656 R²=0.9314 gap=12.7x (d=256, s=1×2, t=3×8, ff=256, do=0.2)
  #4: RMSE=0.5089 MAE=0.2944 R²=0.9301 gap=2.7x (d=256, s=1×2, t=1×8, ff=256, do=0.2)
  #5: RMSE=0.5090 MAE=0.3145 R²=0.9301 gap=3.0x (d=96, s=1×4, t=1×4, ff=256, do=0.15)

Best Parameters:
  weight_decay: 1e-06
  num_layers_temporal: 2
  num_layers_spatial: 2
  nhead_temporal: 4
  nhead_spatial: 8
  learning_rate: 0.0003
  dropout_rate: 0.15
  dim_feedforward: 1024
  d_model: 64
  batch_size: 128
  scheduler_type: OneCycleLR
  pct_start: 0.3

Best Validation Metrics:
Mean Absolute Error: 0.3043
Mean Squared Error: 0.2339
Root Mean Squared Error: 0.4837
R-squared Score: 0.9369


Report saved to: /home/bwingen/thesis/Thesis/model/model_results/sweep_spatio_temporal_transformer_20260506_143750/sweep_report.txt
CSV results saved to: /home/bwingen/thesis/Thesis/model/model_results/sweep_spatio_temporal_transformer_20260506_143750/sweep_results.csv
