=================================================================
MULTI-SEED ARCH COMPARISON — array task 54
  Architecture        : lstm
  Regime              : kfold
  Seed                : 4
  Run tag             : lstm_s4
  Python              : /scratch/bwingen/thesis_env/bin/python
Python 3.10.20
=================================================================
[DataLoader] Weight filter active (applied at training time) — excluding calibrated weights: [0.9, 2.24]
[DataLoader] Loaded blacklist: 545 segments will be skipped.
==============================================================================
ARCHITECTURE COMPARISON — baseline vs st3
  model_type          : lstm
  CV strategy (regime): kfold  [pooled k-fold / par-spec]
  modalities          : all
  scheduler           : OneCycleLR  epochs=200  es_patience=200
  feature importance  : OFF
==============================================================================
Results will be saved to: /home/bwingen/thesis/Thesis/model/model_results/run_20260622_095750_kfold_lstm_s4_t54

================================================================================
  RUNNING PIPELINE FOR MODALITY CONFIGURATION: ALL
================================================================================

[DataLoader] Filtered 20 files down to 19 based on PARTICIPANT_CONFIG['include']=['P01', 'P02', 'P03', 'P04', 'P05', 'P06', 'P07', 'P08', 'P09', 'P10', 'P11', 'P12', 'P14', 'P15', 'P16', 'P17', 'P18']
[DataLoader] Skipped 5 blacklisted segments in participant_P02_session_01_segments.h5
[DataLoader] Skipped 5 blacklisted segments in participant_P11_session_01_segments.h5
[DataLoader] Skipped 28 blacklisted segments in participant_P07_session_01_segments.h5
[DataLoader] Skipped 3 blacklisted segments in participant_P01_session_03_segments.h5
[DataLoader] Skipped 15 blacklisted segments in participant_P09_session_01_segments.h5
[DataLoader] Skipped 125 blacklisted segments in participant_P15_session_01_segments.h5
[DataLoader] Skipped 35 blacklisted segments in participant_P08_session_01_segments.h5
[DataLoader] Skipped 19 blacklisted segments in participant_P17_session_01_segments.h5
[DataLoader] Skipped 35 blacklisted segments in participant_P06_session_01_segments.h5
[DataLoader] Skipped 25 blacklisted segments in participant_P16_session_01_segments.h5
[DataLoader] Skipped 16 blacklisted segments in participant_P10_session_01_segments.h5
[DataLoader] Skipped 4 blacklisted segments in participant_P12_session_01_segments.h5
[DataLoader] Skipped 20 blacklisted segments in participant_P14_session_01_segments.h5
[DataLoader] Skipped 10 blacklisted segments in participant_P01_session_02_segments.h5
[DataLoader] Skipped 42 blacklisted segments in participant_P03_session_01_segments.h5
[DataLoader] Skipped 50 blacklisted segments in participant_P05_session_01_segments.h5
[DataLoader] Skipped 28 blacklisted segments in participant_P18_session_01_segments.h5
[DataLoader] Skipped 25 blacklisted segments in participant_P04_session_01_segments.h5
[DataLoader] Skipped 9 blacklisted segments in participant_P01_session_01_segments.h5
[DataLoader] Filter active: removed 144 features from disabled channels/feature-types.
[DataLoader] Dropped 2582 segments with excluded weight classes.
Sequence Data Summary:
  - Total Lifts (Sequences): 15732
  - Average Windows per Lift: 11.5
  - Features per Window: 160
Label vector (y) shape: (15732,) (Target: weight)

Starting 5-Fold Stratified Cross-Validation...
--- Fold 1/5 ---
Initializing LSTM Regressor with config: {'hidden_size': 512, 'num_layers': 3, 'dropout_rate': 0.2, 'learning_rate': 0.0005, 'weight_decay': 0.001, 'batch_size': 64, 'epochs': 200, 'validation_split': 0.1, 'early_stopping_patience': 200, 'scheduler_patience': 10, 'scheduler_factor': 0.8, 'random_state': 4, 'scheduler': {'type': 'OneCycleLR', 'pct_start': 0.4}}
[LSTMRegressor] Using device: cuda
[Augmenter] Balanced 102 participant-weight combinations to 100 samples each. Total: 10200
[LSTMRegressor] Augmentation: 11326 → 10200 sequences (+-1126 synthetic)
    Train MAE: 0.0262 | Test MAE: 0.0858 | Gap: 0.0596
    Train RMSE: 0.1408 | Test RMSE: 0.3118 | Ratio: 2.21x
--- Fold 2/5 ---
Initializing LSTM Regressor with config: {'hidden_size': 512, 'num_layers': 3, 'dropout_rate': 0.2, 'learning_rate': 0.0005, 'weight_decay': 0.001, 'batch_size': 64, 'epochs': 200, 'validation_split': 0.1, 'early_stopping_patience': 200, 'scheduler_patience': 10, 'scheduler_factor': 0.8, 'random_state': 4, 'scheduler': {'type': 'OneCycleLR', 'pct_start': 0.4}}
[LSTMRegressor] Using device: cuda
[Augmenter] Balanced 102 participant-weight combinations to 100 samples each. Total: 10200
[LSTMRegressor] Augmentation: 11326 → 10200 sequences (+-1126 synthetic)
    Train MAE: 0.0179 | Test MAE: 0.0723 | Gap: 0.0544
    Train RMSE: 0.1344 | Test RMSE: 0.2908 | Ratio: 2.16x
--- Fold 3/5 ---
Initializing LSTM Regressor with config: {'hidden_size': 512, 'num_layers': 3, 'dropout_rate': 0.2, 'learning_rate': 0.0005, 'weight_decay': 0.001, 'batch_size': 64, 'epochs': 200, 'validation_split': 0.1, 'early_stopping_patience': 200, 'scheduler_patience': 10, 'scheduler_factor': 0.8, 'random_state': 4, 'scheduler': {'type': 'OneCycleLR', 'pct_start': 0.4}}
[LSTMRegressor] Using device: cuda
[Augmenter] Balanced 102 participant-weight combinations to 100 samples each. Total: 10200
[LSTMRegressor] Augmentation: 11327 → 10200 sequences (+-1127 synthetic)
    Train MAE: 0.0181 | Test MAE: 0.0825 | Gap: 0.0643
    Train RMSE: 0.1515 | Test RMSE: 0.3488 | Ratio: 2.30x
--- Fold 4/5 ---
Initializing LSTM Regressor with config: {'hidden_size': 512, 'num_layers': 3, 'dropout_rate': 0.2, 'learning_rate': 0.0005, 'weight_decay': 0.001, 'batch_size': 64, 'epochs': 200, 'validation_split': 0.1, 'early_stopping_patience': 200, 'scheduler_patience': 10, 'scheduler_factor': 0.8, 'random_state': 4, 'scheduler': {'type': 'OneCycleLR', 'pct_start': 0.4}}
[LSTMRegressor] Using device: cuda
[Augmenter] Balanced 102 participant-weight combinations to 100 samples each. Total: 10200
[LSTMRegressor] Augmentation: 11327 → 10200 sequences (+-1127 synthetic)
    Train MAE: 0.0397 | Test MAE: 0.1034 | Gap: 0.0637
    Train RMSE: 0.1652 | Test RMSE: 0.3363 | Ratio: 2.04x
--- Fold 5/5 ---
Initializing LSTM Regressor with config: {'hidden_size': 512, 'num_layers': 3, 'dropout_rate': 0.2, 'learning_rate': 0.0005, 'weight_decay': 0.001, 'batch_size': 64, 'epochs': 200, 'validation_split': 0.1, 'early_stopping_patience': 200, 'scheduler_patience': 10, 'scheduler_factor': 0.8, 'random_state': 4, 'scheduler': {'type': 'OneCycleLR', 'pct_start': 0.4}}
[LSTMRegressor] Using device: cuda
[Augmenter] Balanced 102 participant-weight combinations to 100 samples each. Total: 10200
[LSTMRegressor] Augmentation: 11327 → 10200 sequences (+-1127 synthetic)
    Train MAE: 0.0283 | Test MAE: 0.0859 | Gap: 0.0577
    Train RMSE: 0.1616 | Test RMSE: 0.3240 | Ratio: 2.01x

Training final model on full dataset for saving...
Initializing LSTM Regressor with config: {'hidden_size': 512, 'num_layers': 3, 'dropout_rate': 0.2, 'learning_rate': 0.0005, 'weight_decay': 0.001, 'batch_size': 64, 'epochs': 200, 'validation_split': 0.1, 'early_stopping_patience': 200, 'scheduler_patience': 10, 'scheduler_factor': 0.8, 'random_state': 4, 'scheduler': {'type': 'OneCycleLR', 'pct_start': 0.4}}
[LSTMRegressor] Using device: cuda
[Augmenter] Balanced 102 participant-weight combinations to 100 samples each. Total: 10200
[LSTMRegressor] Augmentation: 14158 → 10200 sequences (+-3958 synthetic)
Regression plot saved to /home/bwingen/thesis/Thesis/model/model_results/run_20260622_095750_kfold_lstm_s4_t54/regression_plot.png
Loss plot saved to /home/bwingen/thesis/Thesis/model/model_results/run_20260622_095750_kfold_lstm_s4_t54/loss_plot.png
Participant performance plot saved to /home/bwingen/thesis/Thesis/model/model_results/run_20260622_095750_kfold_lstm_s4_t54/participant_performance.png
Sequence-length performance plot saved to /home/bwingen/thesis/Thesis/model/model_results/run_20260622_095750_kfold_lstm_s4_t54/seqlen_performance_plot.png

Performance report saved to /home/bwingen/thesis/Thesis/model/model_results/run_20260622_095750_kfold_lstm_s4_t54/performance_report.txt

============================================================
  BALANCED PERFORMANCE SUMMARY
============================================================
--- MACRO-AVERAGED METRICS (BALANCED) ---
Primary metric: class_participant_macro (equal weight per participant AND per weight class)

View                         | MAE      | RMSE     | R2      
-------------------------------------------------------------
class+participant macro *    | 0.1809   | 0.4200   | 0.9402  
participant macro            | 0.0971   | 0.3460   | 0.9657  
class macro                  | 0.1590   | 0.4079   | 0.9512  
pooled (unbalanced)          | 0.0860   | 0.3230   | 0.9719  

* PRIMARY. R2 under class balancing uses class-balanced sample weights
  (per-class R2 is undefined; a single class has zero target variance).
============================================================


[run_data_exporter] Run data saved to /home/bwingen/thesis/Thesis/model/model_results/run_20260622_095750_kfold_lstm_s4_t54/run_data.json
