=================================================================
MULTI-SEED ARCH COMPARISON — array task 14
  Architecture        : cnn_lstm
  Regime              : participant
  Seed                : 2
  Run tag             : cnn_lstm_s2
  Python              : /scratch/bwingen/thesis_env/bin/python
Python 3.10.20
=================================================================
[DataLoader] Weight filter active (applied at training time) — excluding calibrated weights: [0.9, 2.24]
[DataLoader] Loaded blacklist: 545 segments will be skipped.
==============================================================================
ARCHITECTURE COMPARISON — baseline vs st3
  model_type          : cnn_lstm
  CV strategy (regime): participant  [LOPO / cross-subject]
  modalities          : all
  scheduler           : ReduceLROnPlateau  epochs=200  es_patience=5
  feature importance  : OFF
==============================================================================
Results will be saved to: /home/bwingen/thesis/Thesis/model/model_results/run_20260621_180034_participant_cnn_lstm_s2_t14

================================================================================
  RUNNING PIPELINE FOR MODALITY CONFIGURATION: ALL
================================================================================

[DataLoader] Filtered 20 files down to 19 based on PARTICIPANT_CONFIG['include']=['P01', 'P02', 'P03', 'P04', 'P05', 'P06', 'P07', 'P08', 'P09', 'P10', 'P11', 'P12', 'P14', 'P15', 'P16', 'P17', 'P18']
[DataLoader] Skipped 5 blacklisted segments in participant_P02_session_01_segments.h5
[DataLoader] Skipped 5 blacklisted segments in participant_P11_session_01_segments.h5
[DataLoader] Skipped 28 blacklisted segments in participant_P07_session_01_segments.h5
[DataLoader] Skipped 3 blacklisted segments in participant_P01_session_03_segments.h5
[DataLoader] Skipped 16 blacklisted segments in participant_P09_session_01_segments.h5
[DataLoader] Skipped 125 blacklisted segments in participant_P15_session_01_segments.h5
[DataLoader] Skipped 35 blacklisted segments in participant_P08_session_01_segments.h5
[DataLoader] Skipped 19 blacklisted segments in participant_P17_session_01_segments.h5
[DataLoader] Skipped 35 blacklisted segments in participant_P06_session_01_segments.h5
[DataLoader] Skipped 25 blacklisted segments in participant_P16_session_01_segments.h5
[DataLoader] Skipped 16 blacklisted segments in participant_P10_session_01_segments.h5
[DataLoader] Skipped 5 blacklisted segments in participant_P12_session_01_segments.h5
[DataLoader] Skipped 21 blacklisted segments in participant_P14_session_01_segments.h5
[DataLoader] Skipped 10 blacklisted segments in participant_P01_session_02_segments.h5
[DataLoader] Skipped 42 blacklisted segments in participant_P03_session_01_segments.h5
[DataLoader] Skipped 50 blacklisted segments in participant_P05_session_01_segments.h5
[DataLoader] Skipped 28 blacklisted segments in participant_P18_session_01_segments.h5
[DataLoader] Skipped 25 blacklisted segments in participant_P04_session_01_segments.h5
[DataLoader] Skipped 9 blacklisted segments in participant_P01_session_01_segments.h5
[DataLoader] Loaded 18314 raw segments (20 channels each)
[DataLoader] Dropped 2582 segments with excluded weight classes.
Raw Segment Data Summary:
  - Total Segments: 15732
  - Channels (EMG + IMU): 20
  - Avg Segment Length: 2601 samples
  - Min / Max Segment Length: 1001 / 6996 samples
Label vector (y) shape: (15732,) (Target: weight)

Starting 17-Fold Cross-Participant Validation...
--- Fold 1/17 (Left out Participants: P01) ---
Initializing CNN-LSTM Regressor with config: {'cnn_filters': [64, 128, 256, 256], 'cnn_kernel_sizes': [64, 5, 3, 3], 'pool_size': 4, 'lstm_hidden_size': 256, 'lstm_num_layers': 3, 'dropout_rate': 0.45, 'learning_rate': 0.001, 'weight_decay': 0.001, 'batch_size': 64, 'epochs': 200, 'balance_weights': False, 'balance_participants': False, 'validation_split': 0.15, 'early_stopping_patience': 5, 'scheduler_patience': 3, 'scheduler_factor': 0.8, 'use_anthropometrics': True, 'random_state': 2, 'scheduler': {'type': 'ReduceLROnPlateau'}}
[CNNLSTMRegressor] Using device: cuda
    [Strict Validation] Holding out 1 participants for early stopping: P09
[CNNLSTMRegressor] Using explicitly provided validation set (847 samples).
[Augmenter] Balanced 90 participant-weight combinations to 250 samples each. Total: 22500
[CNNLSTMRegressor] Augmentation: 11107 → 22500 segments (+11393 synthetic)
[CNNLSTMRegressor] Anthropometric conditioning enabled (6 features)

Early stopping at epoch 9. Best Val Loss: 0.1794
    Train MAE: 0.4018 | Test MAE: 0.6235 | Gap: 0.2217
    Train RMSE: 0.7074 | Test RMSE: 0.9632 | Ratio: 1.36x
--- Fold 2/17 (Left out Participants: P02) ---
Initializing CNN-LSTM Regressor with config: {'cnn_filters': [64, 128, 256, 256], 'cnn_kernel_sizes': [64, 5, 3, 3], 'pool_size': 4, 'lstm_hidden_size': 256, 'lstm_num_layers': 3, 'dropout_rate': 0.45, 'learning_rate': 0.001, 'weight_decay': 0.001, 'batch_size': 64, 'epochs': 200, 'balance_weights': False, 'balance_participants': False, 'validation_split': 0.15, 'early_stopping_patience': 5, 'scheduler_patience': 3, 'scheduler_factor': 0.8, 'use_anthropometrics': True, 'random_state': 2, 'scheduler': {'type': 'ReduceLROnPlateau'}}
[CNNLSTMRegressor] Using device: cuda
    [Strict Validation] Holding out 1 participants for early stopping: P15
[CNNLSTMRegressor] Using explicitly provided validation set (746 samples).
[Augmenter] Balanced 90 participant-weight combinations to 250 samples each. Total: 22500
[CNNLSTMRegressor] Augmentation: 13767 → 22500 segments (+8733 synthetic)
[CNNLSTMRegressor] Anthropometric conditioning enabled (6 features)

Early stopping at epoch 9. Best Val Loss: 0.2315
    Train MAE: 0.4096 | Test MAE: 0.3752 | Gap: -0.0344
    Train RMSE: 0.6570 | Test RMSE: 0.5908 | Ratio: 0.90x
--- Fold 3/17 (Left out Participants: P12) ---
Initializing CNN-LSTM Regressor with config: {'cnn_filters': [64, 128, 256, 256], 'cnn_kernel_sizes': [64, 5, 3, 3], 'pool_size': 4, 'lstm_hidden_size': 256, 'lstm_num_layers': 3, 'dropout_rate': 0.45, 'learning_rate': 0.001, 'weight_decay': 0.001, 'batch_size': 64, 'epochs': 200, 'balance_weights': False, 'balance_participants': False, 'validation_split': 0.15, 'early_stopping_patience': 5, 'scheduler_patience': 3, 'scheduler_factor': 0.8, 'use_anthropometrics': True, 'random_state': 2, 'scheduler': {'type': 'ReduceLROnPlateau'}}
[CNNLSTMRegressor] Using device: cuda
    [Strict Validation] Holding out 1 participants for early stopping: P06
[CNNLSTMRegressor] Using explicitly provided validation set (826 samples).
[Augmenter] Balanced 90 participant-weight combinations to 250 samples each. Total: 22500
[CNNLSTMRegressor] Augmentation: 14055 → 22500 segments (+8445 synthetic)
[CNNLSTMRegressor] Anthropometric conditioning enabled (6 features)

Early stopping at epoch 8. Best Val Loss: 1.0584
    Train MAE: 0.4275 | Test MAE: 0.3639 | Gap: -0.0636
    Train RMSE: 0.7102 | Test RMSE: 0.6654 | Ratio: 0.94x
--- Fold 4/17 (Left out Participants: P11) ---
Initializing CNN-LSTM Regressor with config: {'cnn_filters': [64, 128, 256, 256], 'cnn_kernel_sizes': [64, 5, 3, 3], 'pool_size': 4, 'lstm_hidden_size': 256, 'lstm_num_layers': 3, 'dropout_rate': 0.45, 'learning_rate': 0.001, 'weight_decay': 0.001, 'batch_size': 64, 'epochs': 200, 'balance_weights': False, 'balance_participants': False, 'validation_split': 0.15, 'early_stopping_patience': 5, 'scheduler_patience': 3, 'scheduler_factor': 0.8, 'use_anthropometrics': True, 'random_state': 2, 'scheduler': {'type': 'ReduceLROnPlateau'}}
[CNNLSTMRegressor] Using device: cuda
    [Strict Validation] Holding out 1 participants for early stopping: P15
[CNNLSTMRegressor] Using explicitly provided validation set (746 samples).
[Augmenter] Balanced 90 participant-weight combinations to 250 samples each. Total: 22500
[CNNLSTMRegressor] Augmentation: 14136 → 22500 segments (+8364 synthetic)
[CNNLSTMRegressor] Anthropometric conditioning enabled (6 features)

Early stopping at epoch 17. Best Val Loss: 0.1844
    Train MAE: 0.3198 | Test MAE: 0.4539 | Gap: 0.1341
    Train RMSE: 0.5515 | Test RMSE: 0.6555 | Ratio: 1.19x
--- Fold 5/17 (Left out Participants: P09) ---
Initializing CNN-LSTM Regressor with config: {'cnn_filters': [64, 128, 256, 256], 'cnn_kernel_sizes': [64, 5, 3, 3], 'pool_size': 4, 'lstm_hidden_size': 256, 'lstm_num_layers': 3, 'dropout_rate': 0.45, 'learning_rate': 0.001, 'weight_decay': 0.001, 'batch_size': 64, 'epochs': 200, 'balance_weights': False, 'balance_participants': False, 'validation_split': 0.15, 'early_stopping_patience': 5, 'scheduler_patience': 3, 'scheduler_factor': 0.8, 'use_anthropometrics': True, 'random_state': 2, 'scheduler': {'type': 'ReduceLROnPlateau'}}
[CNNLSTMRegressor] Using device: cuda
    [Strict Validation] Holding out 1 participants for early stopping: P10
[CNNLSTMRegressor] Using explicitly provided validation set (414 samples).
[Augmenter] Balanced 90 participant-weight combinations to 250 samples each. Total: 22500
[CNNLSTMRegressor] Augmentation: 14471 → 22500 segments (+8029 synthetic)
[CNNLSTMRegressor] Anthropometric conditioning enabled (6 features)

Early stopping at epoch 11. Best Val Loss: 0.7421
    Train MAE: 0.3852 | Test MAE: 0.2293 | Gap: -0.1558
    Train RMSE: 0.5971 | Test RMSE: 0.4308 | Ratio: 0.72x
--- Fold 6/17 (Left out Participants: P17) ---
Initializing CNN-LSTM Regressor with config: {'cnn_filters': [64, 128, 256, 256], 'cnn_kernel_sizes': [64, 5, 3, 3], 'pool_size': 4, 'lstm_hidden_size': 256, 'lstm_num_layers': 3, 'dropout_rate': 0.45, 'learning_rate': 0.001, 'weight_decay': 0.001, 'batch_size': 64, 'epochs': 200, 'balance_weights': False, 'balance_participants': False, 'validation_split': 0.15, 'early_stopping_patience': 5, 'scheduler_patience': 3, 'scheduler_factor': 0.8, 'use_anthropometrics': True, 'random_state': 2, 'scheduler': {'type': 'ReduceLROnPlateau'}}
[CNNLSTMRegressor] Using device: cuda
    [Strict Validation] Holding out 1 participants for early stopping: P07
[CNNLSTMRegressor] Using explicitly provided validation set (833 samples).
[Augmenter] Balanced 90 participant-weight combinations to 250 samples each. Total: 22500
[CNNLSTMRegressor] Augmentation: 14057 → 22500 segments (+8443 synthetic)
[CNNLSTMRegressor] Anthropometric conditioning enabled (6 features)

Early stopping at epoch 11. Best Val Loss: 1.6467
    Train MAE: 0.4557 | Test MAE: 0.6504 | Gap: 0.1948
    Train RMSE: 0.7001 | Test RMSE: 1.0164 | Ratio: 1.45x
--- Fold 7/17 (Left out Participants: P04) ---
Initializing CNN-LSTM Regressor with config: {'cnn_filters': [64, 128, 256, 256], 'cnn_kernel_sizes': [64, 5, 3, 3], 'pool_size': 4, 'lstm_hidden_size': 256, 'lstm_num_layers': 3, 'dropout_rate': 0.45, 'learning_rate': 0.001, 'weight_decay': 0.001, 'batch_size': 64, 'epochs': 200, 'balance_weights': False, 'balance_participants': False, 'validation_split': 0.15, 'early_stopping_patience': 5, 'scheduler_patience': 3, 'scheduler_factor': 0.8, 'use_anthropometrics': True, 'random_state': 2, 'scheduler': {'type': 'ReduceLROnPlateau'}}
[CNNLSTMRegressor] Using device: cuda
    [Strict Validation] Holding out 1 participants for early stopping: P09
[CNNLSTMRegressor] Using explicitly provided validation set (847 samples).
[Augmenter] Balanced 90 participant-weight combinations to 250 samples each. Total: 22500
[CNNLSTMRegressor] Augmentation: 14050 → 22500 segments (+8450 synthetic)
[CNNLSTMRegressor] Anthropometric conditioning enabled (6 features)

Early stopping at epoch 7. Best Val Loss: 0.2470
    Train MAE: 0.4198 | Test MAE: 0.3196 | Gap: -0.1003
    Train RMSE: 0.7017 | Test RMSE: 0.5528 | Ratio: 0.79x
--- Fold 8/17 (Left out Participants: P08) ---
Initializing CNN-LSTM Regressor with config: {'cnn_filters': [64, 128, 256, 256], 'cnn_kernel_sizes': [64, 5, 3, 3], 'pool_size': 4, 'lstm_hidden_size': 256, 'lstm_num_layers': 3, 'dropout_rate': 0.45, 'learning_rate': 0.001, 'weight_decay': 0.001, 'batch_size': 64, 'epochs': 200, 'balance_weights': False, 'balance_participants': False, 'validation_split': 0.15, 'early_stopping_patience': 5, 'scheduler_patience': 3, 'scheduler_factor': 0.8, 'use_anthropometrics': True, 'random_state': 2, 'scheduler': {'type': 'ReduceLROnPlateau'}}
[CNNLSTMRegressor] Using device: cuda
    [Strict Validation] Holding out 1 participants for early stopping: P06
[CNNLSTMRegressor] Using explicitly provided validation set (826 samples).
[Augmenter] Balanced 90 participant-weight combinations to 250 samples each. Total: 22500
[CNNLSTMRegressor] Augmentation: 14072 → 22500 segments (+8428 synthetic)
[CNNLSTMRegressor] Anthropometric conditioning enabled (6 features)

Early stopping at epoch 7. Best Val Loss: 0.6041
    Train MAE: 0.3652 | Test MAE: 0.5201 | Gap: 0.1549
    Train RMSE: 0.5143 | Test RMSE: 0.8123 | Ratio: 1.58x
--- Fold 9/17 (Left out Participants: P07) ---
Initializing CNN-LSTM Regressor with config: {'cnn_filters': [64, 128, 256, 256], 'cnn_kernel_sizes': [64, 5, 3, 3], 'pool_size': 4, 'lstm_hidden_size': 256, 'lstm_num_layers': 3, 'dropout_rate': 0.45, 'learning_rate': 0.001, 'weight_decay': 0.001, 'batch_size': 64, 'epochs': 200, 'balance_weights': False, 'balance_participants': False, 'validation_split': 0.15, 'early_stopping_patience': 5, 'scheduler_patience': 3, 'scheduler_factor': 0.8, 'use_anthropometrics': True, 'random_state': 2, 'scheduler': {'type': 'ReduceLROnPlateau'}}
[CNNLSTMRegressor] Using device: cuda
    [Strict Validation] Holding out 1 participants for early stopping: P10
[CNNLSTMRegressor] Using explicitly provided validation set (414 samples).
[Augmenter] Balanced 90 participant-weight combinations to 250 samples each. Total: 22500
[CNNLSTMRegressor] Augmentation: 14485 → 22500 segments (+8015 synthetic)
[CNNLSTMRegressor] Anthropometric conditioning enabled (6 features)

Early stopping at epoch 11. Best Val Loss: 0.7374
    Train MAE: 0.2915 | Test MAE: 0.5528 | Gap: 0.2613
    Train RMSE: 0.5159 | Test RMSE: 1.0111 | Ratio: 1.96x
--- Fold 10/17 (Left out Participants: P16) ---
Initializing CNN-LSTM Regressor with config: {'cnn_filters': [64, 128, 256, 256], 'cnn_kernel_sizes': [64, 5, 3, 3], 'pool_size': 4, 'lstm_hidden_size': 256, 'lstm_num_layers': 3, 'dropout_rate': 0.45, 'learning_rate': 0.001, 'weight_decay': 0.001, 'batch_size': 64, 'epochs': 200, 'balance_weights': False, 'balance_participants': False, 'validation_split': 0.15, 'early_stopping_patience': 5, 'scheduler_patience': 3, 'scheduler_factor': 0.8, 'use_anthropometrics': True, 'random_state': 2, 'scheduler': {'type': 'ReduceLROnPlateau'}}
[CNNLSTMRegressor] Using device: cuda
    [Strict Validation] Holding out 1 participants for early stopping: P06
[CNNLSTMRegressor] Using explicitly provided validation set (826 samples).
[Augmenter] Balanced 90 participant-weight combinations to 250 samples each. Total: 22500
[CNNLSTMRegressor] Augmentation: 14074 → 22500 segments (+8426 synthetic)
[CNNLSTMRegressor] Anthropometric conditioning enabled (6 features)

Early stopping at epoch 6. Best Val Loss: 0.5224
    Train MAE: 0.3635 | Test MAE: 0.3765 | Gap: 0.0129
    Train RMSE: 0.6046 | Test RMSE: 0.6732 | Ratio: 1.11x
--- Fold 11/17 (Left out Participants: P06) ---
Initializing CNN-LSTM Regressor with config: {'cnn_filters': [64, 128, 256, 256], 'cnn_kernel_sizes': [64, 5, 3, 3], 'pool_size': 4, 'lstm_hidden_size': 256, 'lstm_num_layers': 3, 'dropout_rate': 0.45, 'learning_rate': 0.001, 'weight_decay': 0.001, 'batch_size': 64, 'epochs': 200, 'balance_weights': False, 'balance_participants': False, 'validation_split': 0.15, 'early_stopping_patience': 5, 'scheduler_patience': 3, 'scheduler_factor': 0.8, 'use_anthropometrics': True, 'random_state': 2, 'scheduler': {'type': 'ReduceLROnPlateau'}}
[CNNLSTMRegressor] Using device: cuda
    [Strict Validation] Holding out 1 participants for early stopping: P10
[CNNLSTMRegressor] Using explicitly provided validation set (414 samples).
[Augmenter] Balanced 90 participant-weight combinations to 250 samples each. Total: 22500
[CNNLSTMRegressor] Augmentation: 14492 → 22500 segments (+8008 synthetic)
[CNNLSTMRegressor] Anthropometric conditioning enabled (6 features)

Early stopping at epoch 12. Best Val Loss: 0.8255
    Train MAE: 0.3139 | Test MAE: 0.6108 | Gap: 0.2969
    Train RMSE: 0.5269 | Test RMSE: 1.0163 | Ratio: 1.93x
--- Fold 12/17 (Left out Participants: P03) ---
Initializing CNN-LSTM Regressor with config: {'cnn_filters': [64, 128, 256, 256], 'cnn_kernel_sizes': [64, 5, 3, 3], 'pool_size': 4, 'lstm_hidden_size': 256, 'lstm_num_layers': 3, 'dropout_rate': 0.45, 'learning_rate': 0.001, 'weight_decay': 0.001, 'batch_size': 64, 'epochs': 200, 'balance_weights': False, 'balance_participants': False, 'validation_split': 0.15, 'early_stopping_patience': 5, 'scheduler_patience': 3, 'scheduler_factor': 0.8, 'use_anthropometrics': True, 'random_state': 2, 'scheduler': {'type': 'ReduceLROnPlateau'}}
[CNNLSTMRegressor] Using device: cuda
    [Strict Validation] Holding out 1 participants for early stopping: P12
[CNNLSTMRegressor] Using explicitly provided validation set (851 samples).
[Augmenter] Balanced 90 participant-weight combinations to 250 samples each. Total: 22500
[CNNLSTMRegressor] Augmentation: 14061 → 22500 segments (+8439 synthetic)
[CNNLSTMRegressor] Anthropometric conditioning enabled (6 features)

Early stopping at epoch 6. Best Val Loss: 0.3776
    Train MAE: 0.5858 | Test MAE: 0.5040 | Gap: -0.0818
    Train RMSE: 0.7690 | Test RMSE: 0.6225 | Ratio: 0.81x
--- Fold 13/17 (Left out Participants: P15) ---
Initializing CNN-LSTM Regressor with config: {'cnn_filters': [64, 128, 256, 256], 'cnn_kernel_sizes': [64, 5, 3, 3], 'pool_size': 4, 'lstm_hidden_size': 256, 'lstm_num_layers': 3, 'dropout_rate': 0.45, 'learning_rate': 0.001, 'weight_decay': 0.001, 'batch_size': 64, 'epochs': 200, 'balance_weights': False, 'balance_participants': False, 'validation_split': 0.15, 'early_stopping_patience': 5, 'scheduler_patience': 3, 'scheduler_factor': 0.8, 'use_anthropometrics': True, 'random_state': 2, 'scheduler': {'type': 'ReduceLROnPlateau'}}
[CNNLSTMRegressor] Using device: cuda
    [Strict Validation] Holding out 1 participants for early stopping: P05
[CNNLSTMRegressor] Using explicitly provided validation set (387 samples).
[Augmenter] Balanced 90 participant-weight combinations to 250 samples each. Total: 22500
[CNNLSTMRegressor] Augmentation: 14599 → 22500 segments (+7901 synthetic)
[CNNLSTMRegressor] Anthropometric conditioning enabled (6 features)

Early stopping at epoch 9. Best Val Loss: 0.2298
    Train MAE: 0.4983 | Test MAE: 0.3257 | Gap: -0.1725
    Train RMSE: 0.8250 | Test RMSE: 0.6028 | Ratio: 0.73x
--- Fold 14/17 (Left out Participants: P10) ---
Initializing CNN-LSTM Regressor with config: {'cnn_filters': [64, 128, 256, 256], 'cnn_kernel_sizes': [64, 5, 3, 3], 'pool_size': 4, 'lstm_hidden_size': 256, 'lstm_num_layers': 3, 'dropout_rate': 0.45, 'learning_rate': 0.001, 'weight_decay': 0.001, 'batch_size': 64, 'epochs': 200, 'balance_weights': False, 'balance_participants': False, 'validation_split': 0.15, 'early_stopping_patience': 5, 'scheduler_patience': 3, 'scheduler_factor': 0.8, 'use_anthropometrics': True, 'random_state': 2, 'scheduler': {'type': 'ReduceLROnPlateau'}}
[CNNLSTMRegressor] Using device: cuda
    [Strict Validation] Holding out 1 participants for early stopping: P14
[CNNLSTMRegressor] Using explicitly provided validation set (413 samples).
[Augmenter] Balanced 90 participant-weight combinations to 250 samples each. Total: 22500
[CNNLSTMRegressor] Augmentation: 14905 → 22500 segments (+7595 synthetic)
[CNNLSTMRegressor] Anthropometric conditioning enabled (6 features)

Early stopping at epoch 7. Best Val Loss: 0.8068
    Train MAE: 0.3546 | Test MAE: 0.5280 | Gap: 0.1733
    Train RMSE: 0.5815 | Test RMSE: 0.9735 | Ratio: 1.67x
--- Fold 15/17 (Left out Participants: P14) ---
Initializing CNN-LSTM Regressor with config: {'cnn_filters': [64, 128, 256, 256], 'cnn_kernel_sizes': [64, 5, 3, 3], 'pool_size': 4, 'lstm_hidden_size': 256, 'lstm_num_layers': 3, 'dropout_rate': 0.45, 'learning_rate': 0.001, 'weight_decay': 0.001, 'batch_size': 64, 'epochs': 200, 'balance_weights': False, 'balance_participants': False, 'validation_split': 0.15, 'early_stopping_patience': 5, 'scheduler_patience': 3, 'scheduler_factor': 0.8, 'use_anthropometrics': True, 'random_state': 2, 'scheduler': {'type': 'ReduceLROnPlateau'}}
[CNNLSTMRegressor] Using device: cuda
    [Strict Validation] Holding out 1 participants for early stopping: P11
[CNNLSTMRegressor] Using explicitly provided validation set (850 samples).
[Augmenter] Balanced 90 participant-weight combinations to 250 samples each. Total: 22500
[CNNLSTMRegressor] Augmentation: 14469 → 22500 segments (+8031 synthetic)
[CNNLSTMRegressor] Anthropometric conditioning enabled (6 features)

Early stopping at epoch 11. Best Val Loss: 0.5723
    Train MAE: 0.3413 | Test MAE: 0.4816 | Gap: 0.1402
    Train RMSE: 0.6033 | Test RMSE: 0.9338 | Ratio: 1.55x
--- Fold 16/17 (Left out Participants: P18) ---
Initializing CNN-LSTM Regressor with config: {'cnn_filters': [64, 128, 256, 256], 'cnn_kernel_sizes': [64, 5, 3, 3], 'pool_size': 4, 'lstm_hidden_size': 256, 'lstm_num_layers': 3, 'dropout_rate': 0.45, 'learning_rate': 0.001, 'weight_decay': 0.001, 'batch_size': 64, 'epochs': 200, 'balance_weights': False, 'balance_participants': False, 'validation_split': 0.15, 'early_stopping_patience': 5, 'scheduler_patience': 3, 'scheduler_factor': 0.8, 'use_anthropometrics': True, 'random_state': 2, 'scheduler': {'type': 'ReduceLROnPlateau'}}
[CNNLSTMRegressor] Using device: cuda
    [Strict Validation] Holding out 1 participants for early stopping: P16
[CNNLSTMRegressor] Using explicitly provided validation set (832 samples).
[Augmenter] Balanced 90 participant-weight combinations to 250 samples each. Total: 22500
[CNNLSTMRegressor] Augmentation: 14495 → 22500 segments (+8005 synthetic)
[CNNLSTMRegressor] Anthropometric conditioning enabled (6 features)

Early stopping at epoch 8. Best Val Loss: 0.2526
    Train MAE: 0.4060 | Test MAE: 0.4437 | Gap: 0.0377
    Train RMSE: 0.6780 | Test RMSE: 0.7142 | Ratio: 1.05x
--- Fold 17/17 (Left out Participants: P05) ---
Initializing CNN-LSTM Regressor with config: {'cnn_filters': [64, 128, 256, 256], 'cnn_kernel_sizes': [64, 5, 3, 3], 'pool_size': 4, 'lstm_hidden_size': 256, 'lstm_num_layers': 3, 'dropout_rate': 0.45, 'learning_rate': 0.001, 'weight_decay': 0.001, 'batch_size': 64, 'epochs': 200, 'balance_weights': False, 'balance_participants': False, 'validation_split': 0.15, 'early_stopping_patience': 5, 'scheduler_patience': 3, 'scheduler_factor': 0.8, 'use_anthropometrics': True, 'random_state': 2, 'scheduler': {'type': 'ReduceLROnPlateau'}}
[CNNLSTMRegressor] Using device: cuda
    [Strict Validation] Holding out 1 participants for early stopping: P11
[CNNLSTMRegressor] Using explicitly provided validation set (850 samples).
[Augmenter] Balanced 90 participant-weight combinations to 250 samples each. Total: 22500
[CNNLSTMRegressor] Augmentation: 14495 → 22500 segments (+8005 synthetic)
[CNNLSTMRegressor] Anthropometric conditioning enabled (6 features)

Early stopping at epoch 11. Best Val Loss: 0.7082
    Train MAE: 0.3753 | Test MAE: 0.3197 | Gap: -0.0556
    Train RMSE: 0.6486 | Test RMSE: 0.5434 | Ratio: 0.84x

Training final model on full dataset for saving...
Initializing CNN-LSTM Regressor with config: {'cnn_filters': [64, 128, 256, 256], 'cnn_kernel_sizes': [64, 5, 3, 3], 'pool_size': 4, 'lstm_hidden_size': 256, 'lstm_num_layers': 3, 'dropout_rate': 0.45, 'learning_rate': 0.001, 'weight_decay': 0.001, 'batch_size': 64, 'epochs': 200, 'balance_weights': False, 'balance_participants': False, 'validation_split': 0.15, 'early_stopping_patience': 5, 'scheduler_patience': 3, 'scheduler_factor': 0.8, 'use_anthropometrics': True, 'random_state': 2, 'scheduler': {'type': 'ReduceLROnPlateau'}}
[CNNLSTMRegressor] Using device: cuda
    [Strict Validation] Holding out 1 participants from final dataset for early stopping: P14
[CNNLSTMRegressor] Using explicitly provided validation set (413 samples).
[Augmenter] Balanced 96 participant-weight combinations to 250 samples each. Total: 24000
[CNNLSTMRegressor] Augmentation: 15319 → 24000 segments (+8681 synthetic)
[CNNLSTMRegressor] Anthropometric conditioning enabled (6 features)

Early stopping at epoch 6. Best Val Loss: 0.7354
Regression plot saved to /home/bwingen/thesis/Thesis/model/model_results/run_20260621_180034_participant_cnn_lstm_s2_t14/regression_plot.png
Loss plot saved to /home/bwingen/thesis/Thesis/model/model_results/run_20260621_180034_participant_cnn_lstm_s2_t14/loss_plot.png

Generating t-SNE plot of CNN feature space...
[t-SNE] Fitting on 15732 samples (perplexity=30)…
[t-SNE] Computing 91 nearest neighbors...
[t-SNE] Indexed 15732 samples in 0.035s...
[t-SNE] Computed neighbors for 15732 samples in 0.621s...
[t-SNE] Computed conditional probabilities for sample 1000 / 15732
[t-SNE] Computed conditional probabilities for sample 2000 / 15732
[t-SNE] Computed conditional probabilities for sample 3000 / 15732
[t-SNE] Computed conditional probabilities for sample 4000 / 15732
[t-SNE] Computed conditional probabilities for sample 5000 / 15732
[t-SNE] Computed conditional probabilities for sample 6000 / 15732
[t-SNE] Computed conditional probabilities for sample 7000 / 15732
[t-SNE] Computed conditional probabilities for sample 8000 / 15732
[t-SNE] Computed conditional probabilities for sample 9000 / 15732
[t-SNE] Computed conditional probabilities for sample 10000 / 15732
[t-SNE] Computed conditional probabilities for sample 11000 / 15732
[t-SNE] Computed conditional probabilities for sample 12000 / 15732
[t-SNE] Computed conditional probabilities for sample 13000 / 15732
[t-SNE] Computed conditional probabilities for sample 14000 / 15732
[t-SNE] Computed conditional probabilities for sample 15000 / 15732
[t-SNE] Computed conditional probabilities for sample 15732 / 15732
[t-SNE] Mean sigma: 0.047469
[t-SNE] KL divergence after 250 iterations with early exaggeration: 80.586525
[t-SNE] KL divergence after 1000 iterations: 1.611655
t-SNE feature plot saved to /home/bwingen/thesis/Thesis/model/model_results/run_20260621_180034_participant_cnn_lstm_s2_t14/tsne_cnn_features.png
Participant performance plot saved to /home/bwingen/thesis/Thesis/model/model_results/run_20260621_180034_participant_cnn_lstm_s2_t14/participant_performance.png
Sequence-length performance plot saved to /home/bwingen/thesis/Thesis/model/model_results/run_20260621_180034_participant_cnn_lstm_s2_t14/seqlen_performance_plot.png

Performance report saved to /home/bwingen/thesis/Thesis/model/model_results/run_20260621_180034_participant_cnn_lstm_s2_t14/performance_report.txt

============================================================
  BALANCED PERFORMANCE SUMMARY
============================================================
--- MACRO-AVERAGED METRICS (BALANCED) ---
Primary metric: class_participant_macro (equal weight per participant AND per weight class)

View                         | MAE      | RMSE     | R2      
-------------------------------------------------------------
class+participant macro *    | 0.7640   | 0.8889   | 0.7109  
participant macro            | 0.4517   | 0.7516   | 0.8383  
class macro                  | 0.8147   | 0.9854   | 0.6900  
pooled (unbalanced)          | 0.4835   | 0.8071   | 0.8248  

* PRIMARY. R2 under class balancing uses class-balanced sample weights
  (per-class R2 is undefined; a single class has zero target variance).
============================================================


[run_data_exporter] Run data saved to /home/bwingen/thesis/Thesis/model/model_results/run_20260621_180034_participant_cnn_lstm_s2_t14/run_data.json

--------------------------------------------------
LAUNCHING AUTOMATED DEEPSHAP ANALYSIS
--------------------------------------------------
Skipping DeepSHAP analysis (COMPUTE_FEATURE_IMPORTANCE or COMPUTE_DEEPSHAP is False)...
