=================================================================
FINAL RUN — array task 1
  Regime              : par-spec / within-subject (cross-val2)
  THESIS_CV_STRATEGY  : kfold
  Database            : /scratch/bwingen/thesis/database
  Python              : /scratch/bwingen/thesis_env/bin/python
Python 3.10.20
  Extra args          : 
=================================================================
[DataLoader] Weight filter active (applied at training time) — excluding calibrated weights: [0.9, 2.24]
[DataLoader] Loaded blacklist: 545 segments will be skipped.

[MACRO ABLATION LOOP] Enabled. Will run sequentially for: ['all', 'emg_only', 'imu_only']
Results will be saved to: /home/bwingen/thesis/Thesis/model/model_results/run_20260619_211056_kfold_t1

================================================================================
  RUNNING PIPELINE FOR MODALITY CONFIGURATION: ALL
================================================================================

[DataLoader] Filtered 20 files down to 19 based on PARTICIPANT_CONFIG['include']=['P01', 'P02', 'P03', 'P04', 'P05', 'P06', 'P07', 'P08', 'P09', 'P10', 'P11', 'P12', 'P14', 'P15', 'P16', 'P17', 'P18']
[DataLoader] Skipped 5 blacklisted segments in participant_P02_session_01_segments.h5
[DataLoader] Skipped 5 blacklisted segments in participant_P11_session_01_segments.h5
[DataLoader] Skipped 28 blacklisted segments in participant_P07_session_01_segments.h5
[DataLoader] Skipped 3 blacklisted segments in participant_P01_session_03_segments.h5
[DataLoader] Skipped 15 blacklisted segments in participant_P09_session_01_segments.h5
[DataLoader] Skipped 125 blacklisted segments in participant_P15_session_01_segments.h5
[DataLoader] Skipped 35 blacklisted segments in participant_P08_session_01_segments.h5
[DataLoader] Skipped 19 blacklisted segments in participant_P17_session_01_segments.h5
[DataLoader] Skipped 35 blacklisted segments in participant_P06_session_01_segments.h5
[DataLoader] Skipped 25 blacklisted segments in participant_P16_session_01_segments.h5
[DataLoader] Skipped 16 blacklisted segments in participant_P10_session_01_segments.h5
[DataLoader] Skipped 4 blacklisted segments in participant_P12_session_01_segments.h5
[DataLoader] Skipped 20 blacklisted segments in participant_P14_session_01_segments.h5
[DataLoader] Skipped 10 blacklisted segments in participant_P01_session_02_segments.h5
[DataLoader] Skipped 42 blacklisted segments in participant_P03_session_01_segments.h5
[DataLoader] Skipped 50 blacklisted segments in participant_P05_session_01_segments.h5
[DataLoader] Skipped 28 blacklisted segments in participant_P18_session_01_segments.h5
[DataLoader] Skipped 25 blacklisted segments in participant_P04_session_01_segments.h5
[DataLoader] Skipped 9 blacklisted segments in participant_P01_session_01_segments.h5
[DataLoader] Filter active: removed 144 features from disabled channels/feature-types.
[DataLoader] Dropped 2582 segments with excluded weight classes.
Sequence Data Summary:
  - Total Lifts (Sequences): 15732
  - Average Windows per Lift: 11.5
  - Features per Window: 160
Label vector (y) shape: (15732,) (Target: weight)

Starting 5-Fold Stratified Cross-Validation...
--- Fold 1/5 ---
Initializing Modality-Grouped Spatio-Temporal Transformer Regressor with config: {'d_model': 96, 'nhead_spatial': 4, 'num_layers': 4, 'nhead_temporal': 2, 'dim_feedforward': 1024, 'dropout_rate': 0.2, 'learning_rate': 0.0002, 'class_balanced_loss': False, 'weight_decay': 0.001, 'batch_size': 128, 'epochs': 200, 'validation_split': 0.1, 'early_stopping_patience': 200, 'scheduler_patience': 7, 'scheduler_factor': 0.5, 'use_checkpointing': True, 'use_amp': True, 'scheduler': {'type': 'OneCycleLR', 'max_lr': 0.0002, 'pct_start': 0.4}, 'random_state': 245}
[SpatioTemporalTransformerRegressor3] Using device: cuda
[SpatioTemporalTransformerRegressor3] Capping sequence length at 24 based on sample distribution (min_count=56).
[SpatioTemporalTransformerRegressor3] Grouped features into 20 spatial channels.
[Augmenter] Balanced 102 participant-weight combinations to 100 samples each. Total: 10200
[SpatioTemporalTransformerNetwork3] Modality groups: {'EMG': 8, 'IMU_Accel': 6, 'IMU_Orient': 6}
    Train MAE: 0.1162 | Test MAE: 0.1679 | Gap: 0.0517
    Train RMSE: 0.2381 | Test RMSE: 0.3766 | Ratio: 1.58x
Computing permutation importance for fold (channel)...
Computing permutation importance for fold (feature)...
Computing permutation importance for fold (individual feature)...
--- Fold 2/5 ---
Initializing Modality-Grouped Spatio-Temporal Transformer Regressor with config: {'d_model': 96, 'nhead_spatial': 4, 'num_layers': 4, 'nhead_temporal': 2, 'dim_feedforward': 1024, 'dropout_rate': 0.2, 'learning_rate': 0.0002, 'class_balanced_loss': False, 'weight_decay': 0.001, 'batch_size': 128, 'epochs': 200, 'validation_split': 0.1, 'early_stopping_patience': 200, 'scheduler_patience': 7, 'scheduler_factor': 0.5, 'use_checkpointing': True, 'use_amp': True, 'scheduler': {'type': 'OneCycleLR', 'max_lr': 0.0002, 'pct_start': 0.4}, 'random_state': 245}
[SpatioTemporalTransformerRegressor3] Using device: cuda
[SpatioTemporalTransformerRegressor3] Capping sequence length at 23 based on sample distribution (min_count=56).
[SpatioTemporalTransformerRegressor3] Grouped features into 20 spatial channels.
[Augmenter] Balanced 102 participant-weight combinations to 100 samples each. Total: 10200
[SpatioTemporalTransformerNetwork3] Modality groups: {'EMG': 8, 'IMU_Accel': 6, 'IMU_Orient': 6}
    Train MAE: 0.1036 | Test MAE: 0.1618 | Gap: 0.0582
    Train RMSE: 0.2218 | Test RMSE: 0.3478 | Ratio: 1.57x
Computing permutation importance for fold (channel)...
Computing permutation importance for fold (feature)...
Computing permutation importance for fold (individual feature)...
--- Fold 3/5 ---
Initializing Modality-Grouped Spatio-Temporal Transformer Regressor with config: {'d_model': 96, 'nhead_spatial': 4, 'num_layers': 4, 'nhead_temporal': 2, 'dim_feedforward': 1024, 'dropout_rate': 0.2, 'learning_rate': 0.0002, 'class_balanced_loss': False, 'weight_decay': 0.001, 'batch_size': 128, 'epochs': 200, 'validation_split': 0.1, 'early_stopping_patience': 200, 'scheduler_patience': 7, 'scheduler_factor': 0.5, 'use_checkpointing': True, 'use_amp': True, 'scheduler': {'type': 'OneCycleLR', 'max_lr': 0.0002, 'pct_start': 0.4}, 'random_state': 245}
[SpatioTemporalTransformerRegressor3] Using device: cuda
[SpatioTemporalTransformerRegressor3] Capping sequence length at 23 based on sample distribution (min_count=56).
[SpatioTemporalTransformerRegressor3] Grouped features into 20 spatial channels.
[Augmenter] Balanced 102 participant-weight combinations to 100 samples each. Total: 10200
[SpatioTemporalTransformerNetwork3] Modality groups: {'EMG': 8, 'IMU_Accel': 6, 'IMU_Orient': 6}
    Train MAE: 0.1199 | Test MAE: 0.1673 | Gap: 0.0474
    Train RMSE: 0.2434 | Test RMSE: 0.3562 | Ratio: 1.46x
Computing permutation importance for fold (channel)...
Computing permutation importance for fold (feature)...
Computing permutation importance for fold (individual feature)...
--- Fold 4/5 ---
Initializing Modality-Grouped Spatio-Temporal Transformer Regressor with config: {'d_model': 96, 'nhead_spatial': 4, 'num_layers': 4, 'nhead_temporal': 2, 'dim_feedforward': 1024, 'dropout_rate': 0.2, 'learning_rate': 0.0002, 'class_balanced_loss': False, 'weight_decay': 0.001, 'batch_size': 128, 'epochs': 200, 'validation_split': 0.1, 'early_stopping_patience': 200, 'scheduler_patience': 7, 'scheduler_factor': 0.5, 'use_checkpointing': True, 'use_amp': True, 'scheduler': {'type': 'OneCycleLR', 'max_lr': 0.0002, 'pct_start': 0.4}, 'random_state': 245}
[SpatioTemporalTransformerRegressor3] Using device: cuda
[SpatioTemporalTransformerRegressor3] Capping sequence length at 24 based on sample distribution (min_count=56).
[SpatioTemporalTransformerRegressor3] Grouped features into 20 spatial channels.
[Augmenter] Balanced 102 participant-weight combinations to 100 samples each. Total: 10200
[SpatioTemporalTransformerNetwork3] Modality groups: {'EMG': 8, 'IMU_Accel': 6, 'IMU_Orient': 6}
    Train MAE: 0.1018 | Test MAE: 0.1609 | Gap: 0.0591
    Train RMSE: 0.2309 | Test RMSE: 0.3555 | Ratio: 1.54x
Computing permutation importance for fold (channel)...
Computing permutation importance for fold (feature)...
Computing permutation importance for fold (individual feature)...
--- Fold 5/5 ---
Initializing Modality-Grouped Spatio-Temporal Transformer Regressor with config: {'d_model': 96, 'nhead_spatial': 4, 'num_layers': 4, 'nhead_temporal': 2, 'dim_feedforward': 1024, 'dropout_rate': 0.2, 'learning_rate': 0.0002, 'class_balanced_loss': False, 'weight_decay': 0.001, 'batch_size': 128, 'epochs': 200, 'validation_split': 0.1, 'early_stopping_patience': 200, 'scheduler_patience': 7, 'scheduler_factor': 0.5, 'use_checkpointing': True, 'use_amp': True, 'scheduler': {'type': 'OneCycleLR', 'max_lr': 0.0002, 'pct_start': 0.4}, 'random_state': 245}
[SpatioTemporalTransformerRegressor3] Using device: cuda
[SpatioTemporalTransformerRegressor3] Capping sequence length at 24 based on sample distribution (min_count=56).
[SpatioTemporalTransformerRegressor3] Grouped features into 20 spatial channels.
[Augmenter] Balanced 102 participant-weight combinations to 100 samples each. Total: 10200
[SpatioTemporalTransformerNetwork3] Modality groups: {'EMG': 8, 'IMU_Accel': 6, 'IMU_Orient': 6}
    Train MAE: 0.1199 | Test MAE: 0.1732 | Gap: 0.0533
    Train RMSE: 0.2439 | Test RMSE: 0.3940 | Ratio: 1.62x
Computing permutation importance for fold (channel)...
Computing permutation importance for fold (feature)...
Computing permutation importance for fold (individual feature)...

Training final model on full dataset for saving...
Initializing Modality-Grouped Spatio-Temporal Transformer Regressor with config: {'d_model': 96, 'nhead_spatial': 4, 'num_layers': 4, 'nhead_temporal': 2, 'dim_feedforward': 1024, 'dropout_rate': 0.2, 'learning_rate': 0.0002, 'class_balanced_loss': False, 'weight_decay': 0.001, 'batch_size': 128, 'epochs': 200, 'validation_split': 0.1, 'early_stopping_patience': 200, 'scheduler_patience': 7, 'scheduler_factor': 0.5, 'use_checkpointing': True, 'use_amp': True, 'scheduler': {'type': 'OneCycleLR', 'max_lr': 0.0002, 'pct_start': 0.4}, 'random_state': 245}
[SpatioTemporalTransformerRegressor3] Using device: cuda
[SpatioTemporalTransformerRegressor3] Capping sequence length at 24 based on sample distribution (min_count=70).
[SpatioTemporalTransformerRegressor3] Grouped features into 20 spatial channels.
[Augmenter] Balanced 102 participant-weight combinations to 100 samples each. Total: 10200
[SpatioTemporalTransformerNetwork3] Modality groups: {'EMG': 8, 'IMU_Accel': 6, 'IMU_Orient': 6}
Regression plot saved to /home/bwingen/thesis/Thesis/model/model_results/run_20260619_211056_kfold_t1/all/regression_plot.png
Loss plot saved to /home/bwingen/thesis/Thesis/model/model_results/run_20260619_211056_kfold_t1/all/loss_plot.png
Participant performance plot saved to /home/bwingen/thesis/Thesis/model/model_results/run_20260619_211056_kfold_t1/all/participant_performance.png
Sequence-length performance plot saved to /home/bwingen/thesis/Thesis/model/model_results/run_20260619_211056_kfold_t1/all/seqlen_performance_plot.png
Permutation importance plot saved to /home/bwingen/thesis/Thesis/model/model_results/run_20260619_211056_kfold_t1/all/permutation_importance_channel.png
Permutation importance plot saved to /home/bwingen/thesis/Thesis/model/model_results/run_20260619_211056_kfold_t1/all/permutation_importance_feature.png

Performance report saved to /home/bwingen/thesis/Thesis/model/model_results/run_20260619_211056_kfold_t1/all/performance_report.txt

============================================================
  BALANCED PERFORMANCE SUMMARY
============================================================
--- MACRO-AVERAGED METRICS (BALANCED) ---
Primary metric: class_participant_macro (equal weight per participant AND per weight class)

View                         | MAE      | RMSE     | R2      
-------------------------------------------------------------
class+participant macro *    | 0.3277   | 0.4635   | 0.9255  
participant macro            | 0.1726   | 0.3830   | 0.9580  
class macro                  | 0.3152   | 0.4563   | 0.9347  
pooled (unbalanced)          | 0.1662   | 0.3664   | 0.9639  

* PRIMARY. R2 under class balancing uses class-balanced sample weights
  (per-class R2 is undefined; a single class has zero target variance).
============================================================


[run_data_exporter] Run data saved to /home/bwingen/thesis/Thesis/model/model_results/run_20260619_211056_kfold_t1/all/run_data.json

--------------------------------------------------
LAUNCHING AUTOMATED DEEPSHAP ANALYSIS
--------------------------------------------------
[DeepSHAP] Starting attribution with n_bg=100, n_exp=50 (DEV_MODE=False)...

Running DeepExplainer (100 bg, 50 test) ...
[DeepSHAP] Results saved to /home/bwingen/thesis/Thesis/model/model_results/run_20260619_211056_kfold_t1/all

[run_data_exporter] Run data saved to /home/bwingen/thesis/Thesis/model/model_results/run_20260619_211056_kfold_t1/all/run_data.json

================================================================================
  RUNNING PIPELINE FOR MODALITY CONFIGURATION: EMG_ONLY
================================================================================


[ABLATION] Overriding config: Disabling all IMU channels.
[DataLoader] Filtered 20 files down to 19 based on PARTICIPANT_CONFIG['include']=['P01', 'P02', 'P03', 'P04', 'P05', 'P06', 'P07', 'P08', 'P09', 'P10', 'P11', 'P12', 'P14', 'P15', 'P16', 'P17', 'P18']
[DataLoader] Skipped 5 blacklisted segments in participant_P02_session_01_segments.h5
[DataLoader] Skipped 5 blacklisted segments in participant_P11_session_01_segments.h5
[DataLoader] Skipped 28 blacklisted segments in participant_P07_session_01_segments.h5
[DataLoader] Skipped 3 blacklisted segments in participant_P01_session_03_segments.h5
[DataLoader] Skipped 15 blacklisted segments in participant_P09_session_01_segments.h5
[DataLoader] Skipped 125 blacklisted segments in participant_P15_session_01_segments.h5
[DataLoader] Skipped 35 blacklisted segments in participant_P08_session_01_segments.h5
[DataLoader] Skipped 19 blacklisted segments in participant_P17_session_01_segments.h5
[DataLoader] Skipped 35 blacklisted segments in participant_P06_session_01_segments.h5
[DataLoader] Skipped 25 blacklisted segments in participant_P16_session_01_segments.h5
[DataLoader] Skipped 16 blacklisted segments in participant_P10_session_01_segments.h5
[DataLoader] Skipped 4 blacklisted segments in participant_P12_session_01_segments.h5
[DataLoader] Skipped 20 blacklisted segments in participant_P14_session_01_segments.h5
[DataLoader] Skipped 10 blacklisted segments in participant_P01_session_02_segments.h5
[DataLoader] Skipped 42 blacklisted segments in participant_P03_session_01_segments.h5
[DataLoader] Skipped 50 blacklisted segments in participant_P05_session_01_segments.h5
[DataLoader] Skipped 28 blacklisted segments in participant_P18_session_01_segments.h5
[DataLoader] Skipped 25 blacklisted segments in participant_P04_session_01_segments.h5
[DataLoader] Skipped 9 blacklisted segments in participant_P01_session_01_segments.h5
[DataLoader] Filter active: removed 216 features from disabled channels/feature-types.
[DataLoader] Dropped 2582 segments with excluded weight classes.
Sequence Data Summary:
  - Total Lifts (Sequences): 15732
  - Average Windows per Lift: 11.5
  - Features per Window: 88
Label vector (y) shape: (15732,) (Target: weight)

Starting 5-Fold Stratified Cross-Validation...
--- Fold 1/5 ---
Initializing Modality-Grouped Spatio-Temporal Transformer Regressor with config: {'d_model': 96, 'nhead_spatial': 4, 'num_layers': 4, 'nhead_temporal': 2, 'dim_feedforward': 1024, 'dropout_rate': 0.2, 'learning_rate': 0.0002, 'class_balanced_loss': False, 'weight_decay': 0.001, 'batch_size': 128, 'epochs': 200, 'validation_split': 0.1, 'early_stopping_patience': 200, 'scheduler_patience': 7, 'scheduler_factor': 0.5, 'use_checkpointing': True, 'use_amp': True, 'scheduler': {'type': 'OneCycleLR', 'max_lr': 0.0002, 'pct_start': 0.4}, 'random_state': 245}
[SpatioTemporalTransformerRegressor3] Using device: cuda
[SpatioTemporalTransformerRegressor3] Capping sequence length at 24 based on sample distribution (min_count=56).
[SpatioTemporalTransformerRegressor3] Grouped features into 8 spatial channels.
[Augmenter] Balanced 102 participant-weight combinations to 100 samples each. Total: 10200
[SpatioTemporalTransformerNetwork3] Modality groups: {'EMG': 8}
    Train MAE: 0.1403 | Test MAE: 0.2071 | Gap: 0.0668
    Train RMSE: 0.2630 | Test RMSE: 0.4293 | Ratio: 1.63x
Computing permutation importance for fold (channel)...
Computing permutation importance for fold (feature)...
Computing permutation importance for fold (individual feature)...
--- Fold 2/5 ---
Initializing Modality-Grouped Spatio-Temporal Transformer Regressor with config: {'d_model': 96, 'nhead_spatial': 4, 'num_layers': 4, 'nhead_temporal': 2, 'dim_feedforward': 1024, 'dropout_rate': 0.2, 'learning_rate': 0.0002, 'class_balanced_loss': False, 'weight_decay': 0.001, 'batch_size': 128, 'epochs': 200, 'validation_split': 0.1, 'early_stopping_patience': 200, 'scheduler_patience': 7, 'scheduler_factor': 0.5, 'use_checkpointing': True, 'use_amp': True, 'scheduler': {'type': 'OneCycleLR', 'max_lr': 0.0002, 'pct_start': 0.4}, 'random_state': 245}
[SpatioTemporalTransformerRegressor3] Using device: cuda
[SpatioTemporalTransformerRegressor3] Capping sequence length at 23 based on sample distribution (min_count=56).
[SpatioTemporalTransformerRegressor3] Grouped features into 8 spatial channels.
[Augmenter] Balanced 102 participant-weight combinations to 100 samples each. Total: 10200
[SpatioTemporalTransformerNetwork3] Modality groups: {'EMG': 8}
    Train MAE: 0.1546 | Test MAE: 0.2007 | Gap: 0.0461
    Train RMSE: 0.2964 | Test RMSE: 0.3912 | Ratio: 1.32x
Computing permutation importance for fold (channel)...
Computing permutation importance for fold (feature)...
Computing permutation importance for fold (individual feature)...
--- Fold 3/5 ---
Initializing Modality-Grouped Spatio-Temporal Transformer Regressor with config: {'d_model': 96, 'nhead_spatial': 4, 'num_layers': 4, 'nhead_temporal': 2, 'dim_feedforward': 1024, 'dropout_rate': 0.2, 'learning_rate': 0.0002, 'class_balanced_loss': False, 'weight_decay': 0.001, 'batch_size': 128, 'epochs': 200, 'validation_split': 0.1, 'early_stopping_patience': 200, 'scheduler_patience': 7, 'scheduler_factor': 0.5, 'use_checkpointing': True, 'use_amp': True, 'scheduler': {'type': 'OneCycleLR', 'max_lr': 0.0002, 'pct_start': 0.4}, 'random_state': 245}
[SpatioTemporalTransformerRegressor3] Using device: cuda
[SpatioTemporalTransformerRegressor3] Capping sequence length at 23 based on sample distribution (min_count=56).
[SpatioTemporalTransformerRegressor3] Grouped features into 8 spatial channels.
[Augmenter] Balanced 102 participant-weight combinations to 100 samples each. Total: 10200
[SpatioTemporalTransformerNetwork3] Modality groups: {'EMG': 8}
    Train MAE: 0.1348 | Test MAE: 0.1913 | Gap: 0.0565
    Train RMSE: 0.2818 | Test RMSE: 0.4041 | Ratio: 1.43x
Computing permutation importance for fold (channel)...
Computing permutation importance for fold (feature)...
Computing permutation importance for fold (individual feature)...
--- Fold 4/5 ---
Initializing Modality-Grouped Spatio-Temporal Transformer Regressor with config: {'d_model': 96, 'nhead_spatial': 4, 'num_layers': 4, 'nhead_temporal': 2, 'dim_feedforward': 1024, 'dropout_rate': 0.2, 'learning_rate': 0.0002, 'class_balanced_loss': False, 'weight_decay': 0.001, 'batch_size': 128, 'epochs': 200, 'validation_split': 0.1, 'early_stopping_patience': 200, 'scheduler_patience': 7, 'scheduler_factor': 0.5, 'use_checkpointing': True, 'use_amp': True, 'scheduler': {'type': 'OneCycleLR', 'max_lr': 0.0002, 'pct_start': 0.4}, 'random_state': 245}
[SpatioTemporalTransformerRegressor3] Using device: cuda
[SpatioTemporalTransformerRegressor3] Capping sequence length at 24 based on sample distribution (min_count=56).
[SpatioTemporalTransformerRegressor3] Grouped features into 8 spatial channels.
[Augmenter] Balanced 102 participant-weight combinations to 100 samples each. Total: 10200
[SpatioTemporalTransformerNetwork3] Modality groups: {'EMG': 8}
    Train MAE: 0.1787 | Test MAE: 0.2473 | Gap: 0.0687
    Train RMSE: 0.3068 | Test RMSE: 0.4454 | Ratio: 1.45x
Computing permutation importance for fold (channel)...
Computing permutation importance for fold (feature)...
Computing permutation importance for fold (individual feature)...
--- Fold 5/5 ---
Initializing Modality-Grouped Spatio-Temporal Transformer Regressor with config: {'d_model': 96, 'nhead_spatial': 4, 'num_layers': 4, 'nhead_temporal': 2, 'dim_feedforward': 1024, 'dropout_rate': 0.2, 'learning_rate': 0.0002, 'class_balanced_loss': False, 'weight_decay': 0.001, 'batch_size': 128, 'epochs': 200, 'validation_split': 0.1, 'early_stopping_patience': 200, 'scheduler_patience': 7, 'scheduler_factor': 0.5, 'use_checkpointing': True, 'use_amp': True, 'scheduler': {'type': 'OneCycleLR', 'max_lr': 0.0002, 'pct_start': 0.4}, 'random_state': 245}
[SpatioTemporalTransformerRegressor3] Using device: cuda
[SpatioTemporalTransformerRegressor3] Capping sequence length at 24 based on sample distribution (min_count=56).
[SpatioTemporalTransformerRegressor3] Grouped features into 8 spatial channels.
[Augmenter] Balanced 102 participant-weight combinations to 100 samples each. Total: 10200
[SpatioTemporalTransformerNetwork3] Modality groups: {'EMG': 8}
    Train MAE: 0.1357 | Test MAE: 0.1881 | Gap: 0.0525
    Train RMSE: 0.2732 | Test RMSE: 0.4118 | Ratio: 1.51x
Computing permutation importance for fold (channel)...
Computing permutation importance for fold (feature)...
Computing permutation importance for fold (individual feature)...

Training final model on full dataset for saving...
Initializing Modality-Grouped Spatio-Temporal Transformer Regressor with config: {'d_model': 96, 'nhead_spatial': 4, 'num_layers': 4, 'nhead_temporal': 2, 'dim_feedforward': 1024, 'dropout_rate': 0.2, 'learning_rate': 0.0002, 'class_balanced_loss': False, 'weight_decay': 0.001, 'batch_size': 128, 'epochs': 200, 'validation_split': 0.1, 'early_stopping_patience': 200, 'scheduler_patience': 7, 'scheduler_factor': 0.5, 'use_checkpointing': True, 'use_amp': True, 'scheduler': {'type': 'OneCycleLR', 'max_lr': 0.0002, 'pct_start': 0.4}, 'random_state': 245}
[SpatioTemporalTransformerRegressor3] Using device: cuda
[SpatioTemporalTransformerRegressor3] Capping sequence length at 24 based on sample distribution (min_count=70).
[SpatioTemporalTransformerRegressor3] Grouped features into 8 spatial channels.
[Augmenter] Balanced 102 participant-weight combinations to 100 samples each. Total: 10200
[SpatioTemporalTransformerNetwork3] Modality groups: {'EMG': 8}
Regression plot saved to /home/bwingen/thesis/Thesis/model/model_results/run_20260619_211056_kfold_t1/emg_only/regression_plot.png
Loss plot saved to /home/bwingen/thesis/Thesis/model/model_results/run_20260619_211056_kfold_t1/emg_only/loss_plot.png
Participant performance plot saved to /home/bwingen/thesis/Thesis/model/model_results/run_20260619_211056_kfold_t1/emg_only/participant_performance.png
Sequence-length performance plot saved to /home/bwingen/thesis/Thesis/model/model_results/run_20260619_211056_kfold_t1/emg_only/seqlen_performance_plot.png
Permutation importance plot saved to /home/bwingen/thesis/Thesis/model/model_results/run_20260619_211056_kfold_t1/emg_only/permutation_importance_channel.png
Permutation importance plot saved to /home/bwingen/thesis/Thesis/model/model_results/run_20260619_211056_kfold_t1/emg_only/permutation_importance_feature.png

Performance report saved to /home/bwingen/thesis/Thesis/model/model_results/run_20260619_211056_kfold_t1/emg_only/performance_report.txt

============================================================
  BALANCED PERFORMANCE SUMMARY
============================================================
--- MACRO-AVERAGED METRICS (BALANCED) ---
Primary metric: class_participant_macro (equal weight per participant AND per weight class)

View                         | MAE      | RMSE     | R2      
-------------------------------------------------------------
class+participant macro *    | 0.3860   | 0.5357   | 0.9062  
participant macro            | 0.2137   | 0.4352   | 0.9472  
class macro                  | 0.3718   | 0.5246   | 0.9170  
pooled (unbalanced)          | 0.2069   | 0.4168   | 0.9533  

* PRIMARY. R2 under class balancing uses class-balanced sample weights
  (per-class R2 is undefined; a single class has zero target variance).
============================================================


[run_data_exporter] Run data saved to /home/bwingen/thesis/Thesis/model/model_results/run_20260619_211056_kfold_t1/emg_only/run_data.json

--------------------------------------------------
LAUNCHING AUTOMATED DEEPSHAP ANALYSIS
--------------------------------------------------
[DeepSHAP] Starting attribution with n_bg=100, n_exp=50 (DEV_MODE=False)...

Running DeepExplainer (100 bg, 50 test) ...
[DeepSHAP] Results saved to /home/bwingen/thesis/Thesis/model/model_results/run_20260619_211056_kfold_t1/emg_only

[run_data_exporter] Run data saved to /home/bwingen/thesis/Thesis/model/model_results/run_20260619_211056_kfold_t1/emg_only/run_data.json

================================================================================
  RUNNING PIPELINE FOR MODALITY CONFIGURATION: IMU_ONLY
================================================================================


[ABLATION] Overriding config: Disabling all EMG channels.
[DataLoader] Filtered 20 files down to 19 based on PARTICIPANT_CONFIG['include']=['P01', 'P02', 'P03', 'P04', 'P05', 'P06', 'P07', 'P08', 'P09', 'P10', 'P11', 'P12', 'P14', 'P15', 'P16', 'P17', 'P18']
[DataLoader] Skipped 5 blacklisted segments in participant_P02_session_01_segments.h5
[DataLoader] Skipped 5 blacklisted segments in participant_P11_session_01_segments.h5
[DataLoader] Skipped 28 blacklisted segments in participant_P07_session_01_segments.h5
[DataLoader] Skipped 3 blacklisted segments in participant_P01_session_03_segments.h5
[DataLoader] Skipped 15 blacklisted segments in participant_P09_session_01_segments.h5
[DataLoader] Skipped 125 blacklisted segments in participant_P15_session_01_segments.h5
[DataLoader] Skipped 35 blacklisted segments in participant_P08_session_01_segments.h5
[DataLoader] Skipped 19 blacklisted segments in participant_P17_session_01_segments.h5
[DataLoader] Skipped 35 blacklisted segments in participant_P06_session_01_segments.h5
[DataLoader] Skipped 25 blacklisted segments in participant_P16_session_01_segments.h5
[DataLoader] Skipped 16 blacklisted segments in participant_P10_session_01_segments.h5
[DataLoader] Skipped 4 blacklisted segments in participant_P12_session_01_segments.h5
[DataLoader] Skipped 20 blacklisted segments in participant_P14_session_01_segments.h5
[DataLoader] Skipped 10 blacklisted segments in participant_P01_session_02_segments.h5
[DataLoader] Skipped 42 blacklisted segments in participant_P03_session_01_segments.h5
[DataLoader] Skipped 50 blacklisted segments in participant_P05_session_01_segments.h5
[DataLoader] Skipped 28 blacklisted segments in participant_P18_session_01_segments.h5
[DataLoader] Skipped 25 blacklisted segments in participant_P04_session_01_segments.h5
[DataLoader] Skipped 9 blacklisted segments in participant_P01_session_01_segments.h5
[DataLoader] Filter active: removed 232 features from disabled channels/feature-types.
[DataLoader] Dropped 2582 segments with excluded weight classes.
Sequence Data Summary:
  - Total Lifts (Sequences): 15732
  - Average Windows per Lift: 11.5
  - Features per Window: 72
Label vector (y) shape: (15732,) (Target: weight)

Starting 5-Fold Stratified Cross-Validation...
--- Fold 1/5 ---
Initializing Modality-Grouped Spatio-Temporal Transformer Regressor with config: {'d_model': 96, 'nhead_spatial': 4, 'num_layers': 4, 'nhead_temporal': 2, 'dim_feedforward': 1024, 'dropout_rate': 0.2, 'learning_rate': 0.0002, 'class_balanced_loss': False, 'weight_decay': 0.001, 'batch_size': 128, 'epochs': 200, 'validation_split': 0.1, 'early_stopping_patience': 200, 'scheduler_patience': 7, 'scheduler_factor': 0.5, 'use_checkpointing': True, 'use_amp': True, 'scheduler': {'type': 'OneCycleLR', 'max_lr': 0.0002, 'pct_start': 0.4}, 'random_state': 245}
[SpatioTemporalTransformerRegressor3] Using device: cuda
[SpatioTemporalTransformerRegressor3] Capping sequence length at 24 based on sample distribution (min_count=56).
[SpatioTemporalTransformerRegressor3] Grouped features into 12 spatial channels.
[Augmenter] Balanced 102 participant-weight combinations to 100 samples each. Total: 10200
[SpatioTemporalTransformerNetwork3] Modality groups: {'IMU_Accel': 6, 'IMU_Orient': 6}
    Train MAE: 0.2726 | Test MAE: 0.4206 | Gap: 0.1479
    Train RMSE: 0.5739 | Test RMSE: 0.8206 | Ratio: 1.43x
Computing permutation importance for fold (channel)...
Computing permutation importance for fold (feature)...
Computing permutation importance for fold (individual feature)...
--- Fold 2/5 ---
Initializing Modality-Grouped Spatio-Temporal Transformer Regressor with config: {'d_model': 96, 'nhead_spatial': 4, 'num_layers': 4, 'nhead_temporal': 2, 'dim_feedforward': 1024, 'dropout_rate': 0.2, 'learning_rate': 0.0002, 'class_balanced_loss': False, 'weight_decay': 0.001, 'batch_size': 128, 'epochs': 200, 'validation_split': 0.1, 'early_stopping_patience': 200, 'scheduler_patience': 7, 'scheduler_factor': 0.5, 'use_checkpointing': True, 'use_amp': True, 'scheduler': {'type': 'OneCycleLR', 'max_lr': 0.0002, 'pct_start': 0.4}, 'random_state': 245}
[SpatioTemporalTransformerRegressor3] Using device: cuda
[SpatioTemporalTransformerRegressor3] Capping sequence length at 23 based on sample distribution (min_count=56).
[SpatioTemporalTransformerRegressor3] Grouped features into 12 spatial channels.
[Augmenter] Balanced 102 participant-weight combinations to 100 samples each. Total: 10200
[SpatioTemporalTransformerNetwork3] Modality groups: {'IMU_Accel': 6, 'IMU_Orient': 6}
    Train MAE: 0.2451 | Test MAE: 0.4167 | Gap: 0.1716
    Train RMSE: 0.5561 | Test RMSE: 0.8166 | Ratio: 1.47x
Computing permutation importance for fold (channel)...
Computing permutation importance for fold (feature)...
Computing permutation importance for fold (individual feature)...
--- Fold 3/5 ---
Initializing Modality-Grouped Spatio-Temporal Transformer Regressor with config: {'d_model': 96, 'nhead_spatial': 4, 'num_layers': 4, 'nhead_temporal': 2, 'dim_feedforward': 1024, 'dropout_rate': 0.2, 'learning_rate': 0.0002, 'class_balanced_loss': False, 'weight_decay': 0.001, 'batch_size': 128, 'epochs': 200, 'validation_split': 0.1, 'early_stopping_patience': 200, 'scheduler_patience': 7, 'scheduler_factor': 0.5, 'use_checkpointing': True, 'use_amp': True, 'scheduler': {'type': 'OneCycleLR', 'max_lr': 0.0002, 'pct_start': 0.4}, 'random_state': 245}
[SpatioTemporalTransformerRegressor3] Using device: cuda
[SpatioTemporalTransformerRegressor3] Capping sequence length at 23 based on sample distribution (min_count=56).
[SpatioTemporalTransformerRegressor3] Grouped features into 12 spatial channels.
[Augmenter] Balanced 102 participant-weight combinations to 100 samples each. Total: 10200
[SpatioTemporalTransformerNetwork3] Modality groups: {'IMU_Accel': 6, 'IMU_Orient': 6}
    Train MAE: 0.3167 | Test MAE: 0.4448 | Gap: 0.1281
    Train RMSE: 0.5977 | Test RMSE: 0.8399 | Ratio: 1.41x
Computing permutation importance for fold (channel)...
Computing permutation importance for fold (feature)...
Computing permutation importance for fold (individual feature)...
--- Fold 4/5 ---
Initializing Modality-Grouped Spatio-Temporal Transformer Regressor with config: {'d_model': 96, 'nhead_spatial': 4, 'num_layers': 4, 'nhead_temporal': 2, 'dim_feedforward': 1024, 'dropout_rate': 0.2, 'learning_rate': 0.0002, 'class_balanced_loss': False, 'weight_decay': 0.001, 'batch_size': 128, 'epochs': 200, 'validation_split': 0.1, 'early_stopping_patience': 200, 'scheduler_patience': 7, 'scheduler_factor': 0.5, 'use_checkpointing': True, 'use_amp': True, 'scheduler': {'type': 'OneCycleLR', 'max_lr': 0.0002, 'pct_start': 0.4}, 'random_state': 245}
[SpatioTemporalTransformerRegressor3] Using device: cuda
[SpatioTemporalTransformerRegressor3] Capping sequence length at 24 based on sample distribution (min_count=56).
[SpatioTemporalTransformerRegressor3] Grouped features into 12 spatial channels.
[Augmenter] Balanced 102 participant-weight combinations to 100 samples each. Total: 10200
[SpatioTemporalTransformerNetwork3] Modality groups: {'IMU_Accel': 6, 'IMU_Orient': 6}
    Train MAE: 0.2384 | Test MAE: 0.4298 | Gap: 0.1914
    Train RMSE: 0.5465 | Test RMSE: 0.8433 | Ratio: 1.54x
Computing permutation importance for fold (channel)...
Computing permutation importance for fold (feature)...
Computing permutation importance for fold (individual feature)...
--- Fold 5/5 ---
Initializing Modality-Grouped Spatio-Temporal Transformer Regressor with config: {'d_model': 96, 'nhead_spatial': 4, 'num_layers': 4, 'nhead_temporal': 2, 'dim_feedforward': 1024, 'dropout_rate': 0.2, 'learning_rate': 0.0002, 'class_balanced_loss': False, 'weight_decay': 0.001, 'batch_size': 128, 'epochs': 200, 'validation_split': 0.1, 'early_stopping_patience': 200, 'scheduler_patience': 7, 'scheduler_factor': 0.5, 'use_checkpointing': True, 'use_amp': True, 'scheduler': {'type': 'OneCycleLR', 'max_lr': 0.0002, 'pct_start': 0.4}, 'random_state': 245}
[SpatioTemporalTransformerRegressor3] Using device: cuda
[SpatioTemporalTransformerRegressor3] Capping sequence length at 24 based on sample distribution (min_count=56).
[SpatioTemporalTransformerRegressor3] Grouped features into 12 spatial channels.
[Augmenter] Balanced 102 participant-weight combinations to 100 samples each. Total: 10200
[SpatioTemporalTransformerNetwork3] Modality groups: {'IMU_Accel': 6, 'IMU_Orient': 6}
    Train MAE: 0.2252 | Test MAE: 0.3990 | Gap: 0.1738
    Train RMSE: 0.5323 | Test RMSE: 0.7974 | Ratio: 1.50x
Computing permutation importance for fold (channel)...
Computing permutation importance for fold (feature)...
Computing permutation importance for fold (individual feature)...

Training final model on full dataset for saving...
Initializing Modality-Grouped Spatio-Temporal Transformer Regressor with config: {'d_model': 96, 'nhead_spatial': 4, 'num_layers': 4, 'nhead_temporal': 2, 'dim_feedforward': 1024, 'dropout_rate': 0.2, 'learning_rate': 0.0002, 'class_balanced_loss': False, 'weight_decay': 0.001, 'batch_size': 128, 'epochs': 200, 'validation_split': 0.1, 'early_stopping_patience': 200, 'scheduler_patience': 7, 'scheduler_factor': 0.5, 'use_checkpointing': True, 'use_amp': True, 'scheduler': {'type': 'OneCycleLR', 'max_lr': 0.0002, 'pct_start': 0.4}, 'random_state': 245}
[SpatioTemporalTransformerRegressor3] Using device: cuda
[SpatioTemporalTransformerRegressor3] Capping sequence length at 24 based on sample distribution (min_count=70).
[SpatioTemporalTransformerRegressor3] Grouped features into 12 spatial channels.
[Augmenter] Balanced 102 participant-weight combinations to 100 samples each. Total: 10200
[SpatioTemporalTransformerNetwork3] Modality groups: {'IMU_Accel': 6, 'IMU_Orient': 6}
Regression plot saved to /home/bwingen/thesis/Thesis/model/model_results/run_20260619_211056_kfold_t1/imu_only/regression_plot.png
Loss plot saved to /home/bwingen/thesis/Thesis/model/model_results/run_20260619_211056_kfold_t1/imu_only/loss_plot.png
Participant performance plot saved to /home/bwingen/thesis/Thesis/model/model_results/run_20260619_211056_kfold_t1/imu_only/participant_performance.png
Sequence-length performance plot saved to /home/bwingen/thesis/Thesis/model/model_results/run_20260619_211056_kfold_t1/imu_only/seqlen_performance_plot.png
Permutation importance plot saved to /home/bwingen/thesis/Thesis/model/model_results/run_20260619_211056_kfold_t1/imu_only/permutation_importance_channel.png
Permutation importance plot saved to /home/bwingen/thesis/Thesis/model/model_results/run_20260619_211056_kfold_t1/imu_only/permutation_importance_feature.png

Performance report saved to /home/bwingen/thesis/Thesis/model/model_results/run_20260619_211056_kfold_t1/imu_only/performance_report.txt

============================================================
  BALANCED PERFORMANCE SUMMARY
============================================================
--- MACRO-AVERAGED METRICS (BALANCED) ---
Primary metric: class_participant_macro (equal weight per participant AND per weight class)

View                         | MAE      | RMSE     | R2      
-------------------------------------------------------------
class+participant macro *    | 0.7043   | 0.9682   | 0.7133  
participant macro            | 0.4175   | 0.8021   | 0.8200  
class macro                  | 0.6980   | 0.9896   | 0.7223  
pooled (unbalanced)          | 0.4222   | 0.8237   | 0.8175  

* PRIMARY. R2 under class balancing uses class-balanced sample weights
  (per-class R2 is undefined; a single class has zero target variance).
============================================================


[run_data_exporter] Run data saved to /home/bwingen/thesis/Thesis/model/model_results/run_20260619_211056_kfold_t1/imu_only/run_data.json

--------------------------------------------------
LAUNCHING AUTOMATED DEEPSHAP ANALYSIS
--------------------------------------------------
[DeepSHAP] Starting attribution with n_bg=100, n_exp=50 (DEV_MODE=False)...

Running DeepExplainer (100 bg, 50 test) ...
[DeepSHAP] Results saved to /home/bwingen/thesis/Thesis/model/model_results/run_20260619_211056_kfold_t1/imu_only

[run_data_exporter] Run data saved to /home/bwingen/thesis/Thesis/model/model_results/run_20260619_211056_kfold_t1/imu_only/run_data.json

[Master Serializer] Consolidated modality ablation data saved to /home/bwingen/thesis/Thesis/model/model_results/run_20260619_211056_kfold_t1/run_data.json
