=================================================================
MULTI-SEED ARCH COMPARISON — array task 3
  Architecture        : cnn_gru
  Regime              : participant
  Seed                : 245
  Run tag             : cnn_gru_s245
  Python              : /scratch/bwingen/thesis_env/bin/python
Python 3.10.20
=================================================================
[DataLoader] Weight filter active (applied at training time) — excluding calibrated weights: [0.9, 2.24]
[DataLoader] Loaded blacklist: 545 segments will be skipped.
==============================================================================
ARCHITECTURE COMPARISON — baseline vs st3
  model_type          : cnn_gru
  CV strategy (regime): participant  [LOPO / cross-subject]
  modalities          : all
  scheduler           : ReduceLROnPlateau  epochs=200  es_patience=5
  feature importance  : OFF
==============================================================================
Results will be saved to: /home/bwingen/thesis/Thesis/model/model_results/run_20260621_155539_participant_cnn_gru_s245_t3

================================================================================
  RUNNING PIPELINE FOR MODALITY CONFIGURATION: ALL
================================================================================

[DataLoader] Filtered 20 files down to 19 based on PARTICIPANT_CONFIG['include']=['P01', 'P02', 'P03', 'P04', 'P05', 'P06', 'P07', 'P08', 'P09', 'P10', 'P11', 'P12', 'P14', 'P15', 'P16', 'P17', 'P18']
[DataLoader] Skipped 5 blacklisted segments in participant_P02_session_01_segments.h5
[DataLoader] Skipped 5 blacklisted segments in participant_P11_session_01_segments.h5
[DataLoader] Skipped 28 blacklisted segments in participant_P07_session_01_segments.h5
[DataLoader] Skipped 3 blacklisted segments in participant_P01_session_03_segments.h5
[DataLoader] Skipped 16 blacklisted segments in participant_P09_session_01_segments.h5
[DataLoader] Skipped 125 blacklisted segments in participant_P15_session_01_segments.h5
[DataLoader] Skipped 35 blacklisted segments in participant_P08_session_01_segments.h5
[DataLoader] Skipped 19 blacklisted segments in participant_P17_session_01_segments.h5
[DataLoader] Skipped 35 blacklisted segments in participant_P06_session_01_segments.h5
[DataLoader] Skipped 25 blacklisted segments in participant_P16_session_01_segments.h5
[DataLoader] Skipped 16 blacklisted segments in participant_P10_session_01_segments.h5
[DataLoader] Skipped 5 blacklisted segments in participant_P12_session_01_segments.h5
[DataLoader] Skipped 21 blacklisted segments in participant_P14_session_01_segments.h5
[DataLoader] Skipped 10 blacklisted segments in participant_P01_session_02_segments.h5
[DataLoader] Skipped 42 blacklisted segments in participant_P03_session_01_segments.h5
[DataLoader] Skipped 50 blacklisted segments in participant_P05_session_01_segments.h5
[DataLoader] Skipped 28 blacklisted segments in participant_P18_session_01_segments.h5
[DataLoader] Skipped 25 blacklisted segments in participant_P04_session_01_segments.h5
[DataLoader] Skipped 9 blacklisted segments in participant_P01_session_01_segments.h5
[DataLoader] Loaded 18314 raw segments (20 channels each)
[DataLoader] Dropped 2582 segments with excluded weight classes.
Raw Segment Data Summary:
  - Total Segments: 15732
  - Channels (EMG + IMU): 20
  - Avg Segment Length: 2601 samples
  - Min / Max Segment Length: 1001 / 6996 samples
Label vector (y) shape: (15732,) (Target: weight)

Starting 17-Fold Cross-Participant Validation...
--- Fold 1/17 (Left out Participants: P01) ---
Initializing CNN-GRU Regressor with config: {'cnn_filters': [32, 64, 128], 'cnn_kernel_sizes': [32, 5, 3], 'pool_size': 4, 'gru_hidden_size': 256, 'gru_num_layers': 2, 'dropout_rate': 0.5, 'learning_rate': 0.002, 'weight_decay': 0.0005, 'batch_size': 128, 'epochs': 200, 'target_transform': 'none', 'balance_weights': False, 'balance_participants': False, 'validation_split': 0.15, 'early_stopping_patience': 5, 'scheduler_patience': 3, 'scheduler_factor': 0.8, 'use_anthropometrics': True, 'random_state': 245, 'scheduler': {'type': 'ReduceLROnPlateau'}}
[CNNGRURegressor] Using device: cuda
    [Strict Validation] Holding out 1 participants for early stopping: P08
[CNNGRURegressor] Using explicitly provided validation set (834 samples).
[Augmenter] Balanced 90 participant-weight combinations to 250 samples each. Total: 22500
[CNNGRURegressor] Augmentation: 11120 → 22500 segments (+11380 synthetic)
[CNNGRURegressor] Anthropometric conditioning enabled (6 features)

Early stopping at epoch 7. Best Val Loss: 0.9573
    Train MAE: 0.4908 | Test MAE: 0.5765 | Gap: 0.0857
    Train RMSE: 0.7664 | Test RMSE: 0.8660 | Ratio: 1.13x
--- Fold 2/17 (Left out Participants: P02) ---
Initializing CNN-GRU Regressor with config: {'cnn_filters': [32, 64, 128], 'cnn_kernel_sizes': [32, 5, 3], 'pool_size': 4, 'gru_hidden_size': 256, 'gru_num_layers': 2, 'dropout_rate': 0.5, 'learning_rate': 0.002, 'weight_decay': 0.0005, 'batch_size': 128, 'epochs': 200, 'target_transform': 'none', 'balance_weights': False, 'balance_participants': False, 'validation_split': 0.15, 'early_stopping_patience': 5, 'scheduler_patience': 3, 'scheduler_factor': 0.8, 'use_anthropometrics': True, 'random_state': 245, 'scheduler': {'type': 'ReduceLROnPlateau'}}
[CNNGRURegressor] Using device: cuda
    [Strict Validation] Holding out 1 participants for early stopping: P07
[CNNGRURegressor] Using explicitly provided validation set (833 samples).
[Augmenter] Balanced 90 participant-weight combinations to 250 samples each. Total: 22500
[CNNGRURegressor] Augmentation: 13680 → 22500 segments (+8820 synthetic)
[CNNGRURegressor] Anthropometric conditioning enabled (6 features)

Early stopping at epoch 6. Best Val Loss: 1.1192
    Train MAE: 0.3362 | Test MAE: 0.3063 | Gap: -0.0299
    Train RMSE: 0.5870 | Test RMSE: 0.5061 | Ratio: 0.86x
--- Fold 3/17 (Left out Participants: P12) ---
Initializing CNN-GRU Regressor with config: {'cnn_filters': [32, 64, 128], 'cnn_kernel_sizes': [32, 5, 3], 'pool_size': 4, 'gru_hidden_size': 256, 'gru_num_layers': 2, 'dropout_rate': 0.5, 'learning_rate': 0.002, 'weight_decay': 0.0005, 'batch_size': 128, 'epochs': 200, 'target_transform': 'none', 'balance_weights': False, 'balance_participants': False, 'validation_split': 0.15, 'early_stopping_patience': 5, 'scheduler_patience': 3, 'scheduler_factor': 0.8, 'use_anthropometrics': True, 'random_state': 245, 'scheduler': {'type': 'ReduceLROnPlateau'}}
[CNNGRURegressor] Using device: cuda
    [Strict Validation] Holding out 1 participants for early stopping: P03
[CNNGRURegressor] Using explicitly provided validation set (820 samples).
[Augmenter] Balanced 90 participant-weight combinations to 250 samples each. Total: 22500
[CNNGRURegressor] Augmentation: 14061 → 22500 segments (+8439 synthetic)
[CNNGRURegressor] Anthropometric conditioning enabled (6 features)

Early stopping at epoch 8. Best Val Loss: 0.3738
    Train MAE: 0.5430 | Test MAE: 0.5031 | Gap: -0.0399
    Train RMSE: 0.8219 | Test RMSE: 0.7975 | Ratio: 0.97x
--- Fold 4/17 (Left out Participants: P11) ---
Initializing CNN-GRU Regressor with config: {'cnn_filters': [32, 64, 128], 'cnn_kernel_sizes': [32, 5, 3], 'pool_size': 4, 'gru_hidden_size': 256, 'gru_num_layers': 2, 'dropout_rate': 0.5, 'learning_rate': 0.002, 'weight_decay': 0.0005, 'batch_size': 128, 'epochs': 200, 'target_transform': 'none', 'balance_weights': False, 'balance_participants': False, 'validation_split': 0.15, 'early_stopping_patience': 5, 'scheduler_patience': 3, 'scheduler_factor': 0.8, 'use_anthropometrics': True, 'random_state': 245, 'scheduler': {'type': 'ReduceLROnPlateau'}}
[CNNGRURegressor] Using device: cuda
    [Strict Validation] Holding out 1 participants for early stopping: P09
[CNNGRURegressor] Using explicitly provided validation set (847 samples).
[Augmenter] Balanced 90 participant-weight combinations to 250 samples each. Total: 22500
[CNNGRURegressor] Augmentation: 14035 → 22500 segments (+8465 synthetic)
[CNNGRURegressor] Anthropometric conditioning enabled (6 features)

Early stopping at epoch 6. Best Val Loss: 0.2685
    Train MAE: 0.4270 | Test MAE: 0.5390 | Gap: 0.1119
    Train RMSE: 0.6728 | Test RMSE: 0.7957 | Ratio: 1.18x
--- Fold 5/17 (Left out Participants: P09) ---
Initializing CNN-GRU Regressor with config: {'cnn_filters': [32, 64, 128], 'cnn_kernel_sizes': [32, 5, 3], 'pool_size': 4, 'gru_hidden_size': 256, 'gru_num_layers': 2, 'dropout_rate': 0.5, 'learning_rate': 0.002, 'weight_decay': 0.0005, 'batch_size': 128, 'epochs': 200, 'target_transform': 'none', 'balance_weights': False, 'balance_participants': False, 'validation_split': 0.15, 'early_stopping_patience': 5, 'scheduler_patience': 3, 'scheduler_factor': 0.8, 'use_anthropometrics': True, 'random_state': 245, 'scheduler': {'type': 'ReduceLROnPlateau'}}
[CNNGRURegressor] Using device: cuda
    [Strict Validation] Holding out 1 participants for early stopping: P18
[CNNGRURegressor] Using explicitly provided validation set (405 samples).
[Augmenter] Balanced 90 participant-weight combinations to 250 samples each. Total: 22500
[CNNGRURegressor] Augmentation: 14480 → 22500 segments (+8020 synthetic)
[CNNGRURegressor] Anthropometric conditioning enabled (6 features)

Early stopping at epoch 7. Best Val Loss: 0.3148
    Train MAE: 0.4305 | Test MAE: 0.2479 | Gap: -0.1827
    Train RMSE: 0.6443 | Test RMSE: 0.4298 | Ratio: 0.67x
--- Fold 6/17 (Left out Participants: P17) ---
Initializing CNN-GRU Regressor with config: {'cnn_filters': [32, 64, 128], 'cnn_kernel_sizes': [32, 5, 3], 'pool_size': 4, 'gru_hidden_size': 256, 'gru_num_layers': 2, 'dropout_rate': 0.5, 'learning_rate': 0.002, 'weight_decay': 0.0005, 'batch_size': 128, 'epochs': 200, 'target_transform': 'none', 'balance_weights': False, 'balance_participants': False, 'validation_split': 0.15, 'early_stopping_patience': 5, 'scheduler_patience': 3, 'scheduler_factor': 0.8, 'use_anthropometrics': True, 'random_state': 245, 'scheduler': {'type': 'ReduceLROnPlateau'}}
[CNNGRURegressor] Using device: cuda
    [Strict Validation] Holding out 1 participants for early stopping: P11
[CNNGRURegressor] Using explicitly provided validation set (850 samples).
[Augmenter] Balanced 90 participant-weight combinations to 250 samples each. Total: 22500
[CNNGRURegressor] Augmentation: 14040 → 22500 segments (+8460 synthetic)
[CNNGRURegressor] Anthropometric conditioning enabled (6 features)

Early stopping at epoch 6. Best Val Loss: 1.5701
    Train MAE: 0.5298 | Test MAE: 0.6996 | Gap: 0.1698
    Train RMSE: 0.9201 | Test RMSE: 1.1423 | Ratio: 1.24x
--- Fold 7/17 (Left out Participants: P04) ---
Initializing CNN-GRU Regressor with config: {'cnn_filters': [32, 64, 128], 'cnn_kernel_sizes': [32, 5, 3], 'pool_size': 4, 'gru_hidden_size': 256, 'gru_num_layers': 2, 'dropout_rate': 0.5, 'learning_rate': 0.002, 'weight_decay': 0.0005, 'batch_size': 128, 'epochs': 200, 'target_transform': 'none', 'balance_weights': False, 'balance_participants': False, 'validation_split': 0.15, 'early_stopping_patience': 5, 'scheduler_patience': 3, 'scheduler_factor': 0.8, 'use_anthropometrics': True, 'random_state': 245, 'scheduler': {'type': 'ReduceLROnPlateau'}}
[CNNGRURegressor] Using device: cuda
    [Strict Validation] Holding out 1 participants for early stopping: P01
[CNNGRURegressor] Using explicitly provided validation set (3778 samples).
[Augmenter] Balanced 90 participant-weight combinations to 250 samples each. Total: 22500
[CNNGRURegressor] Augmentation: 11119 → 22500 segments (+11381 synthetic)
[CNNGRURegressor] Anthropometric conditioning enabled (6 features)

Early stopping at epoch 9. Best Val Loss: 0.7342
    Train MAE: 0.4574 | Test MAE: 0.4434 | Gap: -0.0140
    Train RMSE: 0.8115 | Test RMSE: 0.8186 | Ratio: 1.01x
--- Fold 8/17 (Left out Participants: P08) ---
Initializing CNN-GRU Regressor with config: {'cnn_filters': [32, 64, 128], 'cnn_kernel_sizes': [32, 5, 3], 'pool_size': 4, 'gru_hidden_size': 256, 'gru_num_layers': 2, 'dropout_rate': 0.5, 'learning_rate': 0.002, 'weight_decay': 0.0005, 'batch_size': 128, 'epochs': 200, 'target_transform': 'none', 'balance_weights': False, 'balance_participants': False, 'validation_split': 0.15, 'early_stopping_patience': 5, 'scheduler_patience': 3, 'scheduler_factor': 0.8, 'use_anthropometrics': True, 'random_state': 245, 'scheduler': {'type': 'ReduceLROnPlateau'}}
[CNNGRURegressor] Using device: cuda
    [Strict Validation] Holding out 1 participants for early stopping: P10
[CNNGRURegressor] Using explicitly provided validation set (414 samples).
[Augmenter] Balanced 90 participant-weight combinations to 250 samples each. Total: 22500
[CNNGRURegressor] Augmentation: 14484 → 22500 segments (+8016 synthetic)
[CNNGRURegressor] Anthropometric conditioning enabled (6 features)

Early stopping at epoch 7. Best Val Loss: 1.1378
    Train MAE: 0.6717 | Test MAE: 0.7876 | Gap: 0.1160
    Train RMSE: 0.9492 | Test RMSE: 1.1804 | Ratio: 1.24x
--- Fold 9/17 (Left out Participants: P07) ---
Initializing CNN-GRU Regressor with config: {'cnn_filters': [32, 64, 128], 'cnn_kernel_sizes': [32, 5, 3], 'pool_size': 4, 'gru_hidden_size': 256, 'gru_num_layers': 2, 'dropout_rate': 0.5, 'learning_rate': 0.002, 'weight_decay': 0.0005, 'batch_size': 128, 'epochs': 200, 'target_transform': 'none', 'balance_weights': False, 'balance_participants': False, 'validation_split': 0.15, 'early_stopping_patience': 5, 'scheduler_patience': 3, 'scheduler_factor': 0.8, 'use_anthropometrics': True, 'random_state': 245, 'scheduler': {'type': 'ReduceLROnPlateau'}}
[CNNGRURegressor] Using device: cuda
    [Strict Validation] Holding out 1 participants for early stopping: P06
[CNNGRURegressor] Using explicitly provided validation set (826 samples).
[Augmenter] Balanced 90 participant-weight combinations to 250 samples each. Total: 22500
[CNNGRURegressor] Augmentation: 14073 → 22500 segments (+8427 synthetic)
[CNNGRURegressor] Anthropometric conditioning enabled (6 features)

Early stopping at epoch 6. Best Val Loss: 0.8219
    Train MAE: 0.4445 | Test MAE: 0.7606 | Gap: 0.3161
    Train RMSE: 0.6493 | Test RMSE: 1.2516 | Ratio: 1.93x
--- Fold 10/17 (Left out Participants: P16) ---
Initializing CNN-GRU Regressor with config: {'cnn_filters': [32, 64, 128], 'cnn_kernel_sizes': [32, 5, 3], 'pool_size': 4, 'gru_hidden_size': 256, 'gru_num_layers': 2, 'dropout_rate': 0.5, 'learning_rate': 0.002, 'weight_decay': 0.0005, 'batch_size': 128, 'epochs': 200, 'target_transform': 'none', 'balance_weights': False, 'balance_participants': False, 'validation_split': 0.15, 'early_stopping_patience': 5, 'scheduler_patience': 3, 'scheduler_factor': 0.8, 'use_anthropometrics': True, 'random_state': 245, 'scheduler': {'type': 'ReduceLROnPlateau'}}
[CNNGRURegressor] Using device: cuda
    [Strict Validation] Holding out 1 participants for early stopping: P15
[CNNGRURegressor] Using explicitly provided validation set (746 samples).
[Augmenter] Balanced 90 participant-weight combinations to 250 samples each. Total: 22500
[CNNGRURegressor] Augmentation: 14154 → 22500 segments (+8346 synthetic)
[CNNGRURegressor] Anthropometric conditioning enabled (6 features)

Early stopping at epoch 9. Best Val Loss: 0.2315
    Train MAE: 0.5662 | Test MAE: 0.2492 | Gap: -0.3170
    Train RMSE: 0.9119 | Test RMSE: 0.5095 | Ratio: 0.56x
--- Fold 11/17 (Left out Participants: P06) ---
Initializing CNN-GRU Regressor with config: {'cnn_filters': [32, 64, 128], 'cnn_kernel_sizes': [32, 5, 3], 'pool_size': 4, 'gru_hidden_size': 256, 'gru_num_layers': 2, 'dropout_rate': 0.5, 'learning_rate': 0.002, 'weight_decay': 0.0005, 'batch_size': 128, 'epochs': 200, 'target_transform': 'none', 'balance_weights': False, 'balance_participants': False, 'validation_split': 0.15, 'early_stopping_patience': 5, 'scheduler_patience': 3, 'scheduler_factor': 0.8, 'use_anthropometrics': True, 'random_state': 245, 'scheduler': {'type': 'ReduceLROnPlateau'}}
[CNNGRURegressor] Using device: cuda
    [Strict Validation] Holding out 1 participants for early stopping: P17
[CNNGRURegressor] Using explicitly provided validation set (842 samples).
[Augmenter] Balanced 90 participant-weight combinations to 250 samples each. Total: 22500
[CNNGRURegressor] Augmentation: 14064 → 22500 segments (+8436 synthetic)
[CNNGRURegressor] Anthropometric conditioning enabled (6 features)

Early stopping at epoch 10. Best Val Loss: 0.6131
    Train MAE: 0.3594 | Test MAE: 0.5704 | Gap: 0.2110
    Train RMSE: 0.5623 | Test RMSE: 0.9424 | Ratio: 1.68x
--- Fold 12/17 (Left out Participants: P03) ---
Initializing CNN-GRU Regressor with config: {'cnn_filters': [32, 64, 128], 'cnn_kernel_sizes': [32, 5, 3], 'pool_size': 4, 'gru_hidden_size': 256, 'gru_num_layers': 2, 'dropout_rate': 0.5, 'learning_rate': 0.002, 'weight_decay': 0.0005, 'batch_size': 128, 'epochs': 200, 'target_transform': 'none', 'balance_weights': False, 'balance_participants': False, 'validation_split': 0.15, 'early_stopping_patience': 5, 'scheduler_patience': 3, 'scheduler_factor': 0.8, 'use_anthropometrics': True, 'random_state': 245, 'scheduler': {'type': 'ReduceLROnPlateau'}}
[CNNGRURegressor] Using device: cuda
    [Strict Validation] Holding out 1 participants for early stopping: P15
[CNNGRURegressor] Using explicitly provided validation set (746 samples).
[Augmenter] Balanced 90 participant-weight combinations to 250 samples each. Total: 22500
[CNNGRURegressor] Augmentation: 14166 → 22500 segments (+8334 synthetic)
[CNNGRURegressor] Anthropometric conditioning enabled (6 features)

Early stopping at epoch 9. Best Val Loss: 0.2165
    Train MAE: 0.5428 | Test MAE: 0.4622 | Gap: -0.0807
    Train RMSE: 0.7747 | Test RMSE: 0.6146 | Ratio: 0.79x
--- Fold 13/17 (Left out Participants: P15) ---
Initializing CNN-GRU Regressor with config: {'cnn_filters': [32, 64, 128], 'cnn_kernel_sizes': [32, 5, 3], 'pool_size': 4, 'gru_hidden_size': 256, 'gru_num_layers': 2, 'dropout_rate': 0.5, 'learning_rate': 0.002, 'weight_decay': 0.0005, 'batch_size': 128, 'epochs': 200, 'target_transform': 'none', 'balance_weights': False, 'balance_participants': False, 'validation_split': 0.15, 'early_stopping_patience': 5, 'scheduler_patience': 3, 'scheduler_factor': 0.8, 'use_anthropometrics': True, 'random_state': 245, 'scheduler': {'type': 'ReduceLROnPlateau'}}
[CNNGRURegressor] Using device: cuda
    [Strict Validation] Holding out 1 participants for early stopping: P18
[CNNGRURegressor] Using explicitly provided validation set (405 samples).
[Augmenter] Balanced 90 participant-weight combinations to 250 samples each. Total: 22500
[CNNGRURegressor] Augmentation: 14581 → 22500 segments (+7919 synthetic)
[CNNGRURegressor] Anthropometric conditioning enabled (6 features)

Early stopping at epoch 6. Best Val Loss: 0.4314
    Train MAE: 0.5222 | Test MAE: 0.3159 | Gap: -0.2064
    Train RMSE: 0.8283 | Test RMSE: 0.5526 | Ratio: 0.67x
--- Fold 14/17 (Left out Participants: P10) ---
Initializing CNN-GRU Regressor with config: {'cnn_filters': [32, 64, 128], 'cnn_kernel_sizes': [32, 5, 3], 'pool_size': 4, 'gru_hidden_size': 256, 'gru_num_layers': 2, 'dropout_rate': 0.5, 'learning_rate': 0.002, 'weight_decay': 0.0005, 'batch_size': 128, 'epochs': 200, 'target_transform': 'none', 'balance_weights': False, 'balance_participants': False, 'validation_split': 0.15, 'early_stopping_patience': 5, 'scheduler_patience': 3, 'scheduler_factor': 0.8, 'use_anthropometrics': True, 'random_state': 245, 'scheduler': {'type': 'ReduceLROnPlateau'}}
[CNNGRURegressor] Using device: cuda
    [Strict Validation] Holding out 1 participants for early stopping: P16
[CNNGRURegressor] Using explicitly provided validation set (832 samples).
[Augmenter] Balanced 90 participant-weight combinations to 250 samples each. Total: 22500
[CNNGRURegressor] Augmentation: 14486 → 22500 segments (+8014 synthetic)
[CNNGRURegressor] Anthropometric conditioning enabled (6 features)

Early stopping at epoch 8. Best Val Loss: 0.2238
    Train MAE: 0.5009 | Test MAE: 0.5267 | Gap: 0.0259
    Train RMSE: 0.8210 | Test RMSE: 0.9710 | Ratio: 1.18x
--- Fold 15/17 (Left out Participants: P14) ---
Initializing CNN-GRU Regressor with config: {'cnn_filters': [32, 64, 128], 'cnn_kernel_sizes': [32, 5, 3], 'pool_size': 4, 'gru_hidden_size': 256, 'gru_num_layers': 2, 'dropout_rate': 0.5, 'learning_rate': 0.002, 'weight_decay': 0.0005, 'batch_size': 128, 'epochs': 200, 'target_transform': 'none', 'balance_weights': False, 'balance_participants': False, 'validation_split': 0.15, 'early_stopping_patience': 5, 'scheduler_patience': 3, 'scheduler_factor': 0.8, 'use_anthropometrics': True, 'random_state': 245, 'scheduler': {'type': 'ReduceLROnPlateau'}}
[CNNGRURegressor] Using device: cuda
    [Strict Validation] Holding out 1 participants for early stopping: P16
[CNNGRURegressor] Using explicitly provided validation set (832 samples).
[Augmenter] Balanced 90 participant-weight combinations to 250 samples each. Total: 22500
[CNNGRURegressor] Augmentation: 14487 → 22500 segments (+8013 synthetic)
[CNNGRURegressor] Anthropometric conditioning enabled (6 features)

Early stopping at epoch 11. Best Val Loss: 0.1595
    Train MAE: 0.3987 | Test MAE: 0.5730 | Gap: 0.1743
    Train RMSE: 0.6980 | Test RMSE: 1.0215 | Ratio: 1.46x
--- Fold 16/17 (Left out Participants: P18) ---
Initializing CNN-GRU Regressor with config: {'cnn_filters': [32, 64, 128], 'cnn_kernel_sizes': [32, 5, 3], 'pool_size': 4, 'gru_hidden_size': 256, 'gru_num_layers': 2, 'dropout_rate': 0.5, 'learning_rate': 0.002, 'weight_decay': 0.0005, 'batch_size': 128, 'epochs': 200, 'target_transform': 'none', 'balance_weights': False, 'balance_participants': False, 'validation_split': 0.15, 'early_stopping_patience': 5, 'scheduler_patience': 3, 'scheduler_factor': 0.8, 'use_anthropometrics': True, 'random_state': 245, 'scheduler': {'type': 'ReduceLROnPlateau'}}
[CNNGRURegressor] Using device: cuda
    [Strict Validation] Holding out 1 participants for early stopping: P12
[CNNGRURegressor] Using explicitly provided validation set (851 samples).
[Augmenter] Balanced 90 participant-weight combinations to 250 samples each. Total: 22500
[CNNGRURegressor] Augmentation: 14476 → 22500 segments (+8024 synthetic)
[CNNGRURegressor] Anthropometric conditioning enabled (6 features)

Early stopping at epoch 6. Best Val Loss: 0.3095
    Train MAE: 0.4682 | Test MAE: 0.4526 | Gap: -0.0155
    Train RMSE: 0.6416 | Test RMSE: 0.6401 | Ratio: 1.00x
--- Fold 17/17 (Left out Participants: P05) ---
Initializing CNN-GRU Regressor with config: {'cnn_filters': [32, 64, 128], 'cnn_kernel_sizes': [32, 5, 3], 'pool_size': 4, 'gru_hidden_size': 256, 'gru_num_layers': 2, 'dropout_rate': 0.5, 'learning_rate': 0.002, 'weight_decay': 0.0005, 'batch_size': 128, 'epochs': 200, 'target_transform': 'none', 'balance_weights': False, 'balance_participants': False, 'validation_split': 0.15, 'early_stopping_patience': 5, 'scheduler_patience': 3, 'scheduler_factor': 0.8, 'use_anthropometrics': True, 'random_state': 245, 'scheduler': {'type': 'ReduceLROnPlateau'}}
[CNNGRURegressor] Using device: cuda
    [Strict Validation] Holding out 1 participants for early stopping: P15
[CNNGRURegressor] Using explicitly provided validation set (746 samples).
[Augmenter] Balanced 90 participant-weight combinations to 250 samples each. Total: 22500
[CNNGRURegressor] Augmentation: 14599 → 22500 segments (+7901 synthetic)
[CNNGRURegressor] Anthropometric conditioning enabled (6 features)

Early stopping at epoch 7. Best Val Loss: 0.3920
    Train MAE: 0.5118 | Test MAE: 0.3555 | Gap: -0.1562
    Train RMSE: 0.8194 | Test RMSE: 0.5990 | Ratio: 0.73x

Training final model on full dataset for saving...
Initializing CNN-GRU Regressor with config: {'cnn_filters': [32, 64, 128], 'cnn_kernel_sizes': [32, 5, 3], 'pool_size': 4, 'gru_hidden_size': 256, 'gru_num_layers': 2, 'dropout_rate': 0.5, 'learning_rate': 0.002, 'weight_decay': 0.0005, 'batch_size': 128, 'epochs': 200, 'target_transform': 'none', 'balance_weights': False, 'balance_participants': False, 'validation_split': 0.15, 'early_stopping_patience': 5, 'scheduler_patience': 3, 'scheduler_factor': 0.8, 'use_anthropometrics': True, 'random_state': 245, 'scheduler': {'type': 'ReduceLROnPlateau'}}
[CNNGRURegressor] Using device: cuda
    [Strict Validation] Holding out 1 participants from final dataset for early stopping: P04
[CNNGRURegressor] Using explicitly provided validation set (835 samples).
[Augmenter] Balanced 96 participant-weight combinations to 250 samples each. Total: 24000
[CNNGRURegressor] Augmentation: 14897 → 24000 segments (+9103 synthetic)
[CNNGRURegressor] Anthropometric conditioning enabled (6 features)

Early stopping at epoch 7. Best Val Loss: 0.4184
Regression plot saved to /home/bwingen/thesis/Thesis/model/model_results/run_20260621_155539_participant_cnn_gru_s245_t3/regression_plot.png
Loss plot saved to /home/bwingen/thesis/Thesis/model/model_results/run_20260621_155539_participant_cnn_gru_s245_t3/loss_plot.png

Generating t-SNE plot of CNN feature space...
[t-SNE] Fitting on 15732 samples (perplexity=30)…
[t-SNE] Computing 91 nearest neighbors...
[t-SNE] Indexed 15732 samples in 0.032s...
[t-SNE] Computed neighbors for 15732 samples in 1.749s...
[t-SNE] Computed conditional probabilities for sample 1000 / 15732
[t-SNE] Computed conditional probabilities for sample 2000 / 15732
[t-SNE] Computed conditional probabilities for sample 3000 / 15732
[t-SNE] Computed conditional probabilities for sample 4000 / 15732
[t-SNE] Computed conditional probabilities for sample 5000 / 15732
[t-SNE] Computed conditional probabilities for sample 6000 / 15732
[t-SNE] Computed conditional probabilities for sample 7000 / 15732
[t-SNE] Computed conditional probabilities for sample 8000 / 15732
[t-SNE] Computed conditional probabilities for sample 9000 / 15732
[t-SNE] Computed conditional probabilities for sample 10000 / 15732
[t-SNE] Computed conditional probabilities for sample 11000 / 15732
[t-SNE] Computed conditional probabilities for sample 12000 / 15732
[t-SNE] Computed conditional probabilities for sample 13000 / 15732
[t-SNE] Computed conditional probabilities for sample 14000 / 15732
[t-SNE] Computed conditional probabilities for sample 15000 / 15732
[t-SNE] Computed conditional probabilities for sample 15732 / 15732
[t-SNE] Mean sigma: 0.072694
[t-SNE] KL divergence after 250 iterations with early exaggeration: 83.559242
[t-SNE] KL divergence after 1000 iterations: 1.776105
t-SNE feature plot saved to /home/bwingen/thesis/Thesis/model/model_results/run_20260621_155539_participant_cnn_gru_s245_t3/tsne_cnn_features.png
Participant performance plot saved to /home/bwingen/thesis/Thesis/model/model_results/run_20260621_155539_participant_cnn_gru_s245_t3/participant_performance.png
Sequence-length performance plot saved to /home/bwingen/thesis/Thesis/model/model_results/run_20260621_155539_participant_cnn_gru_s245_t3/seqlen_performance_plot.png

Performance report saved to /home/bwingen/thesis/Thesis/model/model_results/run_20260621_155539_participant_cnn_gru_s245_t3/performance_report.txt

============================================================
  BALANCED PERFORMANCE SUMMARY
============================================================
--- MACRO-AVERAGED METRICS (BALANCED) ---
Primary metric: class_participant_macro (equal weight per participant AND per weight class)

View                         | MAE      | RMSE     | R2      
-------------------------------------------------------------
class+participant macro *    | 0.8213   | 0.9271   | 0.6620  
participant macro            | 0.4923   | 0.8023   | 0.8107  
class macro                  | 0.8348   | 0.9918   | 0.6649  
pooled (unbalanced)          | 0.5064   | 0.8407   | 0.8099  

* PRIMARY. R2 under class balancing uses class-balanced sample weights
  (per-class R2 is undefined; a single class has zero target variance).
============================================================


[run_data_exporter] Run data saved to /home/bwingen/thesis/Thesis/model/model_results/run_20260621_155539_participant_cnn_gru_s245_t3/run_data.json
