=================================================================
ARCH COMPARISON — array task 9
  Architecture        : transformer
  Regime              : kfold
  Database            : /scratch/bwingen/thesis/database
  Python              : /scratch/bwingen/thesis_env/bin/python
Python 3.10.20
  Extra args          : 
=================================================================
[DataLoader] Weight filter active (applied at training time) — excluding calibrated weights: [0.9, 2.24]
[DataLoader] Loaded blacklist: 545 segments will be skipped.
==============================================================================
ARCHITECTURE COMPARISON — baseline vs st3
  model_type          : transformer
  CV strategy (regime): kfold  [pooled k-fold / par-spec]
  modalities          : all
  scheduler           : OneCycleLR  epochs=200  es_patience=200
  feature importance  : OFF
==============================================================================
Results will be saved to: /home/bwingen/thesis/Thesis/model/model_results/run_20260621_123754_kfold_t9

================================================================================
  RUNNING PIPELINE FOR MODALITY CONFIGURATION: ALL
================================================================================

[DataLoader] Filtered 20 files down to 19 based on PARTICIPANT_CONFIG['include']=['P01', 'P02', 'P03', 'P04', 'P05', 'P06', 'P07', 'P08', 'P09', 'P10', 'P11', 'P12', 'P14', 'P15', 'P16', 'P17', 'P18']
[DataLoader] Skipped 5 blacklisted segments in participant_P02_session_01_segments.h5
[DataLoader] Skipped 5 blacklisted segments in participant_P11_session_01_segments.h5
[DataLoader] Skipped 28 blacklisted segments in participant_P07_session_01_segments.h5
[DataLoader] Skipped 3 blacklisted segments in participant_P01_session_03_segments.h5
[DataLoader] Skipped 15 blacklisted segments in participant_P09_session_01_segments.h5
[DataLoader] Skipped 125 blacklisted segments in participant_P15_session_01_segments.h5
[DataLoader] Skipped 35 blacklisted segments in participant_P08_session_01_segments.h5
[DataLoader] Skipped 19 blacklisted segments in participant_P17_session_01_segments.h5
[DataLoader] Skipped 35 blacklisted segments in participant_P06_session_01_segments.h5
[DataLoader] Skipped 25 blacklisted segments in participant_P16_session_01_segments.h5
[DataLoader] Skipped 16 blacklisted segments in participant_P10_session_01_segments.h5
[DataLoader] Skipped 4 blacklisted segments in participant_P12_session_01_segments.h5
[DataLoader] Skipped 20 blacklisted segments in participant_P14_session_01_segments.h5
[DataLoader] Skipped 10 blacklisted segments in participant_P01_session_02_segments.h5
[DataLoader] Skipped 42 blacklisted segments in participant_P03_session_01_segments.h5
[DataLoader] Skipped 50 blacklisted segments in participant_P05_session_01_segments.h5
[DataLoader] Skipped 28 blacklisted segments in participant_P18_session_01_segments.h5
[DataLoader] Skipped 25 blacklisted segments in participant_P04_session_01_segments.h5
[DataLoader] Skipped 9 blacklisted segments in participant_P01_session_01_segments.h5
[DataLoader] Filter active: removed 144 features from disabled channels/feature-types.
[DataLoader] Dropped 2582 segments with excluded weight classes.
Sequence Data Summary:
  - Total Lifts (Sequences): 15732
  - Average Windows per Lift: 11.5
  - Features per Window: 160
Label vector (y) shape: (15732,) (Target: weight)

Starting 5-Fold Stratified Cross-Validation...
--- Fold 1/5 ---
Initializing Transformer Regressor with config: {'d_model': 64, 'nhead': 4, 'num_layers': 3, 'dim_feedforward': 128, 'dropout_rate': 0.4, 'learning_rate': 0.005, 'weight_decay': 0.0001, 'batch_size': 128, 'epochs': 200, 'validation_split': 0.1, 'early_stopping_patience': 200, 'scheduler_patience': 5, 'scheduler_factor': 0.5, 'random_state': 245, 'scheduler': {'type': 'OneCycleLR', 'pct_start': 0.4}}
[TimeSeriesTransformerRegressor] Using device: cuda
[Augmenter] Balanced 102 participant-weight combinations to 100 samples each. Total: 10200
[TimeSeriesTransformerRegressor] Augmentation: 11326 → 10200 sequences (+-1126 synthetic)
    Train MAE: 0.1108 | Test MAE: 0.1606 | Gap: 0.0497
    Train RMSE: 0.2635 | Test RMSE: 0.4055 | Ratio: 1.54x
--- Fold 2/5 ---
Initializing Transformer Regressor with config: {'d_model': 64, 'nhead': 4, 'num_layers': 3, 'dim_feedforward': 128, 'dropout_rate': 0.4, 'learning_rate': 0.005, 'weight_decay': 0.0001, 'batch_size': 128, 'epochs': 200, 'validation_split': 0.1, 'early_stopping_patience': 200, 'scheduler_patience': 5, 'scheduler_factor': 0.5, 'random_state': 245, 'scheduler': {'type': 'OneCycleLR', 'pct_start': 0.4}}
[TimeSeriesTransformerRegressor] Using device: cuda
[Augmenter] Balanced 102 participant-weight combinations to 100 samples each. Total: 10200
[TimeSeriesTransformerRegressor] Augmentation: 11326 → 10200 sequences (+-1126 synthetic)
    Train MAE: 0.1197 | Test MAE: 0.1578 | Gap: 0.0381
    Train RMSE: 0.2801 | Test RMSE: 0.3705 | Ratio: 1.32x
--- Fold 3/5 ---
Initializing Transformer Regressor with config: {'d_model': 64, 'nhead': 4, 'num_layers': 3, 'dim_feedforward': 128, 'dropout_rate': 0.4, 'learning_rate': 0.005, 'weight_decay': 0.0001, 'batch_size': 128, 'epochs': 200, 'validation_split': 0.1, 'early_stopping_patience': 200, 'scheduler_patience': 5, 'scheduler_factor': 0.5, 'random_state': 245, 'scheduler': {'type': 'OneCycleLR', 'pct_start': 0.4}}
[TimeSeriesTransformerRegressor] Using device: cuda
[Augmenter] Balanced 102 participant-weight combinations to 100 samples each. Total: 10200
[TimeSeriesTransformerRegressor] Augmentation: 11327 → 10200 sequences (+-1127 synthetic)
    Train MAE: 0.1722 | Test MAE: 0.2015 | Gap: 0.0293
    Train RMSE: 0.3163 | Test RMSE: 0.3838 | Ratio: 1.21x
--- Fold 4/5 ---
Initializing Transformer Regressor with config: {'d_model': 64, 'nhead': 4, 'num_layers': 3, 'dim_feedforward': 128, 'dropout_rate': 0.4, 'learning_rate': 0.005, 'weight_decay': 0.0001, 'batch_size': 128, 'epochs': 200, 'validation_split': 0.1, 'early_stopping_patience': 200, 'scheduler_patience': 5, 'scheduler_factor': 0.5, 'random_state': 245, 'scheduler': {'type': 'OneCycleLR', 'pct_start': 0.4}}
[TimeSeriesTransformerRegressor] Using device: cuda
[Augmenter] Balanced 102 participant-weight combinations to 100 samples each. Total: 10200
[TimeSeriesTransformerRegressor] Augmentation: 11327 → 10200 sequences (+-1127 synthetic)
    Train MAE: 0.1189 | Test MAE: 0.1597 | Gap: 0.0409
    Train RMSE: 0.2793 | Test RMSE: 0.3907 | Ratio: 1.40x
--- Fold 5/5 ---
Initializing Transformer Regressor with config: {'d_model': 64, 'nhead': 4, 'num_layers': 3, 'dim_feedforward': 128, 'dropout_rate': 0.4, 'learning_rate': 0.005, 'weight_decay': 0.0001, 'batch_size': 128, 'epochs': 200, 'validation_split': 0.1, 'early_stopping_patience': 200, 'scheduler_patience': 5, 'scheduler_factor': 0.5, 'random_state': 245, 'scheduler': {'type': 'OneCycleLR', 'pct_start': 0.4}}
[TimeSeriesTransformerRegressor] Using device: cuda
[Augmenter] Balanced 102 participant-weight combinations to 100 samples each. Total: 10200
[TimeSeriesTransformerRegressor] Augmentation: 11327 → 10200 sequences (+-1127 synthetic)
    Train MAE: 0.1553 | Test MAE: 0.1826 | Gap: 0.0273
    Train RMSE: 0.3183 | Test RMSE: 0.4137 | Ratio: 1.30x

Training final model on full dataset for saving...
Initializing Transformer Regressor with config: {'d_model': 64, 'nhead': 4, 'num_layers': 3, 'dim_feedforward': 128, 'dropout_rate': 0.4, 'learning_rate': 0.005, 'weight_decay': 0.0001, 'batch_size': 128, 'epochs': 200, 'validation_split': 0.1, 'early_stopping_patience': 200, 'scheduler_patience': 5, 'scheduler_factor': 0.5, 'random_state': 245, 'scheduler': {'type': 'OneCycleLR', 'pct_start': 0.4}}
[TimeSeriesTransformerRegressor] Using device: cuda
[Augmenter] Balanced 102 participant-weight combinations to 100 samples each. Total: 10200
[TimeSeriesTransformerRegressor] Augmentation: 14158 → 10200 sequences (+-3958 synthetic)
Regression plot saved to /home/bwingen/thesis/Thesis/model/model_results/run_20260621_123754_kfold_t9/regression_plot.png
Loss plot saved to /home/bwingen/thesis/Thesis/model/model_results/run_20260621_123754_kfold_t9/loss_plot.png
Participant performance plot saved to /home/bwingen/thesis/Thesis/model/model_results/run_20260621_123754_kfold_t9/participant_performance.png
Sequence-length performance plot saved to /home/bwingen/thesis/Thesis/model/model_results/run_20260621_123754_kfold_t9/seqlen_performance_plot.png

Performance report saved to /home/bwingen/thesis/Thesis/model/model_results/run_20260621_123754_kfold_t9/performance_report.txt

============================================================
  BALANCED PERFORMANCE SUMMARY
============================================================
--- MACRO-AVERAGED METRICS (BALANCED) ---
Primary metric: class_participant_macro (equal weight per participant AND per weight class)

View                         | MAE      | RMSE     | R2      
-------------------------------------------------------------
class+participant macro *    | 0.3282   | 0.4896   | 0.9217  
participant macro            | 0.1757   | 0.4057   | 0.9540  
class macro                  | 0.3166   | 0.4846   | 0.9310  
pooled (unbalanced)          | 0.1724   | 0.3931   | 0.9584  

* PRIMARY. R2 under class balancing uses class-balanced sample weights
  (per-class R2 is undefined; a single class has zero target variance).
============================================================


[run_data_exporter] Run data saved to /home/bwingen/thesis/Thesis/model/model_results/run_20260621_123754_kfold_t9/run_data.json
