=================================================================
GENERALIZED SENSOR-PRACTICALITY ABLATION (LOPO) — array task 12
  Combo               : EMGfo-EMGup  (13/31)
  Regime              : participant  [LOPO / cross-subject]
  Run tag             : ablgen_EMGfo-EMGup
  Python              : /scratch/bwingen/thesis_env/bin/python
Python 3.10.20
=================================================================
[DataLoader] Weight filter active (applied at training time) — excluding calibrated weights: [0.9, 2.24]
[DataLoader] Loaded blacklist: 545 segments will be skipped.
==============================================================================
SENSOR-PRACTICALITY ABLATION — par-spec ST-transformer3
  mode (CV strategy)   : participant  [LOPO / cross-subject]
  limit_folds          : None
  skip_final_full_train: True
  feature importance   : OFF (reuse cross-val2 baseline SHAP/perm)
  DEV_MODE             : False
  # combinations       : 1
  combinations         : ['EMGfo-EMGup']
==============================================================================

[CUSTOM MODALITY PLAN] Enabled. Will run sequentially for: ['EMGfo-EMGup']
Results will be saved to: /home/bwingen/thesis/Thesis/model/model_results/run_20260622_182318_participant_ablgen_EMGfo-EMGup_t12

================================================================================
  RUNNING PIPELINE FOR MODALITY CONFIGURATION: EMGFO-EMGUP
================================================================================

[DataLoader] Filtered 20 files down to 19 based on PARTICIPANT_CONFIG['include']=['P01', 'P02', 'P03', 'P04', 'P05', 'P06', 'P07', 'P08', 'P09', 'P10', 'P11', 'P12', 'P14', 'P15', 'P16', 'P17', 'P18']
[DataLoader] Skipped 5 blacklisted segments in participant_P02_session_01_segments.h5
[DataLoader] Skipped 5 blacklisted segments in participant_P11_session_01_segments.h5
[DataLoader] Skipped 28 blacklisted segments in participant_P07_session_01_segments.h5
[DataLoader] Skipped 3 blacklisted segments in participant_P01_session_03_segments.h5
[DataLoader] Skipped 15 blacklisted segments in participant_P09_session_01_segments.h5
[DataLoader] Skipped 125 blacklisted segments in participant_P15_session_01_segments.h5
[DataLoader] Skipped 35 blacklisted segments in participant_P08_session_01_segments.h5
[DataLoader] Skipped 19 blacklisted segments in participant_P17_session_01_segments.h5
[DataLoader] Skipped 35 blacklisted segments in participant_P06_session_01_segments.h5
[DataLoader] Skipped 25 blacklisted segments in participant_P16_session_01_segments.h5
[DataLoader] Skipped 16 blacklisted segments in participant_P10_session_01_segments.h5
[DataLoader] Skipped 4 blacklisted segments in participant_P12_session_01_segments.h5
[DataLoader] Skipped 20 blacklisted segments in participant_P14_session_01_segments.h5
[DataLoader] Skipped 10 blacklisted segments in participant_P01_session_02_segments.h5
[DataLoader] Skipped 42 blacklisted segments in participant_P03_session_01_segments.h5
[DataLoader] Skipped 50 blacklisted segments in participant_P05_session_01_segments.h5
[DataLoader] Skipped 28 blacklisted segments in participant_P18_session_01_segments.h5
[DataLoader] Skipped 25 blacklisted segments in participant_P04_session_01_segments.h5
[DataLoader] Skipped 9 blacklisted segments in participant_P01_session_01_segments.h5
[DataLoader] Filter active: removed 249 features from disabled channels/feature-types.
[DataLoader] Dropped 2582 segments with excluded weight classes.
Sequence Data Summary:
  - Total Lifts (Sequences): 15732
  - Average Windows per Lift: 11.5
  - Features per Window: 55
Label vector (y) shape: (15732,) (Target: weight)

Starting 17-Fold Cross-Participant Validation...
--- Fold 1/17 (Left out Participants: P01) ---
Initializing Modality-Grouped Spatio-Temporal Transformer Regressor with config: {'d_model': 96, 'nhead_spatial': 8, 'num_layers': 4, 'nhead_temporal': 2, 'dim_feedforward': 512, 'dropout_rate': 0.25, 'learning_rate': 0.0003, 'class_balanced_loss': False, 'weight_decay': 0.005, 'batch_size': 64, 'epochs': 200, 'validation_split': 0.1, 'early_stopping_patience': 5, 'scheduler_patience': 3, 'scheduler_factor': 0.8, 'use_checkpointing': True, 'use_amp': True, 'scheduler': {'type': 'WarmupCosine', 'warmup_epochs': 5, 'min_lr': 1e-06}, 'random_state': 245}
[SpatioTemporalTransformerRegressor3] Using device: cuda
    [Strict Validation] Holding out 1 participants for early stopping: P08
[SpatioTemporalTransformerRegressor3] Using explicitly provided validation set (834 samples).
[SpatioTemporalTransformerRegressor3] Capping sequence length at 24 based on sample distribution (min_count=55).
[SpatioTemporalTransformerRegressor3] Grouped features into 5 spatial channels.
[Augmenter] Balanced 90 participant-weight combinations to 250 samples each. Total: 22500
[SpatioTemporalTransformerNetwork3] Modality groups: {'EMG': 5}

Early stopping triggered at epoch 13. Best Val Loss: 0.3605
    Train MAE: 0.2045 | Test MAE: 0.3788 | Gap: 0.1743
    Train RMSE: 0.4176 | Test RMSE: 0.6934 | Ratio: 1.66x
--- Fold 2/17 (Left out Participants: P02) ---
Initializing Modality-Grouped Spatio-Temporal Transformer Regressor with config: {'d_model': 96, 'nhead_spatial': 8, 'num_layers': 4, 'nhead_temporal': 2, 'dim_feedforward': 512, 'dropout_rate': 0.25, 'learning_rate': 0.0003, 'class_balanced_loss': False, 'weight_decay': 0.005, 'batch_size': 64, 'epochs': 200, 'validation_split': 0.1, 'early_stopping_patience': 5, 'scheduler_patience': 3, 'scheduler_factor': 0.8, 'use_checkpointing': True, 'use_amp': True, 'scheduler': {'type': 'WarmupCosine', 'warmup_epochs': 5, 'min_lr': 1e-06}, 'random_state': 245}
[SpatioTemporalTransformerRegressor3] Using device: cuda
    [Strict Validation] Holding out 1 participants for early stopping: P07
[SpatioTemporalTransformerRegressor3] Using explicitly provided validation set (833 samples).
[SpatioTemporalTransformerRegressor3] Capping sequence length at 24 based on sample distribution (min_count=68).
[SpatioTemporalTransformerRegressor3] Grouped features into 5 spatial channels.
[Augmenter] Balanced 90 participant-weight combinations to 250 samples each. Total: 22500
[SpatioTemporalTransformerNetwork3] Modality groups: {'EMG': 5}

Early stopping triggered at epoch 9. Best Val Loss: 0.5023
    Train MAE: 0.3068 | Test MAE: 0.1983 | Gap: -0.1085
    Train RMSE: 0.5582 | Test RMSE: 0.4249 | Ratio: 0.76x
--- Fold 3/17 (Left out Participants: P12) ---
Initializing Modality-Grouped Spatio-Temporal Transformer Regressor with config: {'d_model': 96, 'nhead_spatial': 8, 'num_layers': 4, 'nhead_temporal': 2, 'dim_feedforward': 512, 'dropout_rate': 0.25, 'learning_rate': 0.0003, 'class_balanced_loss': False, 'weight_decay': 0.005, 'batch_size': 64, 'epochs': 200, 'validation_split': 0.1, 'early_stopping_patience': 5, 'scheduler_patience': 3, 'scheduler_factor': 0.8, 'use_checkpointing': True, 'use_amp': True, 'scheduler': {'type': 'WarmupCosine', 'warmup_epochs': 5, 'min_lr': 1e-06}, 'random_state': 245}
[SpatioTemporalTransformerRegressor3] Using device: cuda
    [Strict Validation] Holding out 1 participants for early stopping: P03
[SpatioTemporalTransformerRegressor3] Using explicitly provided validation set (820 samples).
[SpatioTemporalTransformerRegressor3] Capping sequence length at 23 based on sample distribution (min_count=70).
[SpatioTemporalTransformerRegressor3] Grouped features into 5 spatial channels.
[Augmenter] Balanced 90 participant-weight combinations to 250 samples each. Total: 22500
[SpatioTemporalTransformerNetwork3] Modality groups: {'EMG': 5}

Early stopping triggered at epoch 11. Best Val Loss: 0.1631
    Train MAE: 0.2425 | Test MAE: 0.2495 | Gap: 0.0069
    Train RMSE: 0.4775 | Test RMSE: 0.4869 | Ratio: 1.02x
--- Fold 4/17 (Left out Participants: P11) ---
Initializing Modality-Grouped Spatio-Temporal Transformer Regressor with config: {'d_model': 96, 'nhead_spatial': 8, 'num_layers': 4, 'nhead_temporal': 2, 'dim_feedforward': 512, 'dropout_rate': 0.25, 'learning_rate': 0.0003, 'class_balanced_loss': False, 'weight_decay': 0.005, 'batch_size': 64, 'epochs': 200, 'validation_split': 0.1, 'early_stopping_patience': 5, 'scheduler_patience': 3, 'scheduler_factor': 0.8, 'use_checkpointing': True, 'use_amp': True, 'scheduler': {'type': 'WarmupCosine', 'warmup_epochs': 5, 'min_lr': 1e-06}, 'random_state': 245}
[SpatioTemporalTransformerRegressor3] Using device: cuda
    [Strict Validation] Holding out 1 participants for early stopping: P09
[SpatioTemporalTransformerRegressor3] Using explicitly provided validation set (847 samples).
[SpatioTemporalTransformerRegressor3] Capping sequence length at 23 based on sample distribution (min_count=70).
[SpatioTemporalTransformerRegressor3] Grouped features into 5 spatial channels.
[Augmenter] Balanced 90 participant-weight combinations to 250 samples each. Total: 22500
[SpatioTemporalTransformerNetwork3] Modality groups: {'EMG': 5}

Early stopping triggered at epoch 10. Best Val Loss: 0.5135
    Train MAE: 0.2381 | Test MAE: 0.3697 | Gap: 0.1315
    Train RMSE: 0.4479 | Test RMSE: 0.6267 | Ratio: 1.40x
--- Fold 5/17 (Left out Participants: P09) ---
Initializing Modality-Grouped Spatio-Temporal Transformer Regressor with config: {'d_model': 96, 'nhead_spatial': 8, 'num_layers': 4, 'nhead_temporal': 2, 'dim_feedforward': 512, 'dropout_rate': 0.25, 'learning_rate': 0.0003, 'class_balanced_loss': False, 'weight_decay': 0.005, 'batch_size': 64, 'epochs': 200, 'validation_split': 0.1, 'early_stopping_patience': 5, 'scheduler_patience': 3, 'scheduler_factor': 0.8, 'use_checkpointing': True, 'use_amp': True, 'scheduler': {'type': 'WarmupCosine', 'warmup_epochs': 5, 'min_lr': 1e-06}, 'random_state': 245}
[SpatioTemporalTransformerRegressor3] Using device: cuda
    [Strict Validation] Holding out 1 participants for early stopping: P18
[SpatioTemporalTransformerRegressor3] Using explicitly provided validation set (405 samples).
[SpatioTemporalTransformerRegressor3] Capping sequence length at 23 based on sample distribution (min_count=72).
[SpatioTemporalTransformerRegressor3] Grouped features into 5 spatial channels.
[Augmenter] Balanced 90 participant-weight combinations to 250 samples each. Total: 22500
[SpatioTemporalTransformerNetwork3] Modality groups: {'EMG': 5}

Early stopping triggered at epoch 11. Best Val Loss: 0.4249
    Train MAE: 0.2175 | Test MAE: 0.3208 | Gap: 0.1033
    Train RMSE: 0.4252 | Test RMSE: 0.6621 | Ratio: 1.56x
--- Fold 6/17 (Left out Participants: P17) ---
Initializing Modality-Grouped Spatio-Temporal Transformer Regressor with config: {'d_model': 96, 'nhead_spatial': 8, 'num_layers': 4, 'nhead_temporal': 2, 'dim_feedforward': 512, 'dropout_rate': 0.25, 'learning_rate': 0.0003, 'class_balanced_loss': False, 'weight_decay': 0.005, 'batch_size': 64, 'epochs': 200, 'validation_split': 0.1, 'early_stopping_patience': 5, 'scheduler_patience': 3, 'scheduler_factor': 0.8, 'use_checkpointing': True, 'use_amp': True, 'scheduler': {'type': 'WarmupCosine', 'warmup_epochs': 5, 'min_lr': 1e-06}, 'random_state': 245}
[SpatioTemporalTransformerRegressor3] Using device: cuda
    [Strict Validation] Holding out 1 participants for early stopping: P11
[SpatioTemporalTransformerRegressor3] Using explicitly provided validation set (850 samples).
[SpatioTemporalTransformerRegressor3] Capping sequence length at 23 based on sample distribution (min_count=70).
[SpatioTemporalTransformerRegressor3] Grouped features into 5 spatial channels.
[Augmenter] Balanced 90 participant-weight combinations to 250 samples each. Total: 22500
[SpatioTemporalTransformerNetwork3] Modality groups: {'EMG': 5}

Early stopping triggered at epoch 15. Best Val Loss: 0.2719
    Train MAE: 0.2312 | Test MAE: 0.4002 | Gap: 0.1690
    Train RMSE: 0.4687 | Test RMSE: 0.7375 | Ratio: 1.57x
--- Fold 7/17 (Left out Participants: P04) ---
Initializing Modality-Grouped Spatio-Temporal Transformer Regressor with config: {'d_model': 96, 'nhead_spatial': 8, 'num_layers': 4, 'nhead_temporal': 2, 'dim_feedforward': 512, 'dropout_rate': 0.25, 'learning_rate': 0.0003, 'class_balanced_loss': False, 'weight_decay': 0.005, 'batch_size': 64, 'epochs': 200, 'validation_split': 0.1, 'early_stopping_patience': 5, 'scheduler_patience': 3, 'scheduler_factor': 0.8, 'use_checkpointing': True, 'use_amp': True, 'scheduler': {'type': 'WarmupCosine', 'warmup_epochs': 5, 'min_lr': 1e-06}, 'random_state': 245}
[SpatioTemporalTransformerRegressor3] Using device: cuda
    [Strict Validation] Holding out 1 participants for early stopping: P01
[SpatioTemporalTransformerRegressor3] Using explicitly provided validation set (3778 samples).
[SpatioTemporalTransformerRegressor3] Capping sequence length at 24 based on sample distribution (min_count=55).
[SpatioTemporalTransformerRegressor3] Grouped features into 5 spatial channels.
[Augmenter] Balanced 90 participant-weight combinations to 250 samples each. Total: 22500
[SpatioTemporalTransformerNetwork3] Modality groups: {'EMG': 5}

Early stopping triggered at epoch 10. Best Val Loss: 0.3020
    Train MAE: 0.2309 | Test MAE: 0.2334 | Gap: 0.0026
    Train RMSE: 0.4607 | Test RMSE: 0.4591 | Ratio: 1.00x
--- Fold 8/17 (Left out Participants: P08) ---
Initializing Modality-Grouped Spatio-Temporal Transformer Regressor with config: {'d_model': 96, 'nhead_spatial': 8, 'num_layers': 4, 'nhead_temporal': 2, 'dim_feedforward': 512, 'dropout_rate': 0.25, 'learning_rate': 0.0003, 'class_balanced_loss': False, 'weight_decay': 0.005, 'batch_size': 64, 'epochs': 200, 'validation_split': 0.1, 'early_stopping_patience': 5, 'scheduler_patience': 3, 'scheduler_factor': 0.8, 'use_checkpointing': True, 'use_amp': True, 'scheduler': {'type': 'WarmupCosine', 'warmup_epochs': 5, 'min_lr': 1e-06}, 'random_state': 245}
[SpatioTemporalTransformerRegressor3] Using device: cuda
    [Strict Validation] Holding out 1 participants for early stopping: P10
[SpatioTemporalTransformerRegressor3] Using explicitly provided validation set (414 samples).
[SpatioTemporalTransformerRegressor3] Capping sequence length at 24 based on sample distribution (min_count=72).
[SpatioTemporalTransformerRegressor3] Grouped features into 5 spatial channels.
[Augmenter] Balanced 90 participant-weight combinations to 250 samples each. Total: 22500
[SpatioTemporalTransformerNetwork3] Modality groups: {'EMG': 5}

Early stopping triggered at epoch 9. Best Val Loss: 0.4607
    Train MAE: 0.2884 | Test MAE: 0.7235 | Gap: 0.4351
    Train RMSE: 0.5139 | Test RMSE: 0.8912 | Ratio: 1.73x
--- Fold 9/17 (Left out Participants: P07) ---
Initializing Modality-Grouped Spatio-Temporal Transformer Regressor with config: {'d_model': 96, 'nhead_spatial': 8, 'num_layers': 4, 'nhead_temporal': 2, 'dim_feedforward': 512, 'dropout_rate': 0.25, 'learning_rate': 0.0003, 'class_balanced_loss': False, 'weight_decay': 0.005, 'batch_size': 64, 'epochs': 200, 'validation_split': 0.1, 'early_stopping_patience': 5, 'scheduler_patience': 3, 'scheduler_factor': 0.8, 'use_checkpointing': True, 'use_amp': True, 'scheduler': {'type': 'WarmupCosine', 'warmup_epochs': 5, 'min_lr': 1e-06}, 'random_state': 245}
[SpatioTemporalTransformerRegressor3] Using device: cuda
    [Strict Validation] Holding out 1 participants for early stopping: P06
[SpatioTemporalTransformerRegressor3] Using explicitly provided validation set (826 samples).
[SpatioTemporalTransformerRegressor3] Capping sequence length at 24 based on sample distribution (min_count=70).
[SpatioTemporalTransformerRegressor3] Grouped features into 5 spatial channels.
[Augmenter] Balanced 90 participant-weight combinations to 250 samples each. Total: 22500
[SpatioTemporalTransformerNetwork3] Modality groups: {'EMG': 5}

Early stopping triggered at epoch 6. Best Val Loss: 0.2202
    Train MAE: 0.3415 | Test MAE: 0.4324 | Gap: 0.0908
    Train RMSE: 0.5862 | Test RMSE: 0.7350 | Ratio: 1.25x
--- Fold 10/17 (Left out Participants: P16) ---
Initializing Modality-Grouped Spatio-Temporal Transformer Regressor with config: {'d_model': 96, 'nhead_spatial': 8, 'num_layers': 4, 'nhead_temporal': 2, 'dim_feedforward': 512, 'dropout_rate': 0.25, 'learning_rate': 0.0003, 'class_balanced_loss': False, 'weight_decay': 0.005, 'batch_size': 64, 'epochs': 200, 'validation_split': 0.1, 'early_stopping_patience': 5, 'scheduler_patience': 3, 'scheduler_factor': 0.8, 'use_checkpointing': True, 'use_amp': True, 'scheduler': {'type': 'WarmupCosine', 'warmup_epochs': 5, 'min_lr': 1e-06}, 'random_state': 245}
[SpatioTemporalTransformerRegressor3] Using device: cuda
    [Strict Validation] Holding out 1 participants for early stopping: P15
[SpatioTemporalTransformerRegressor3] Using explicitly provided validation set (746 samples).
[SpatioTemporalTransformerRegressor3] Capping sequence length at 23 based on sample distribution (min_count=70).
[SpatioTemporalTransformerRegressor3] Grouped features into 5 spatial channels.
[Augmenter] Balanced 90 participant-weight combinations to 250 samples each. Total: 22500
[SpatioTemporalTransformerNetwork3] Modality groups: {'EMG': 5}

Early stopping triggered at epoch 11. Best Val Loss: 0.5493
    Train MAE: 0.2273 | Test MAE: 0.5399 | Gap: 0.3126
    Train RMSE: 0.4397 | Test RMSE: 0.9456 | Ratio: 2.15x
--- Fold 11/17 (Left out Participants: P06) ---
Initializing Modality-Grouped Spatio-Temporal Transformer Regressor with config: {'d_model': 96, 'nhead_spatial': 8, 'num_layers': 4, 'nhead_temporal': 2, 'dim_feedforward': 512, 'dropout_rate': 0.25, 'learning_rate': 0.0003, 'class_balanced_loss': False, 'weight_decay': 0.005, 'batch_size': 64, 'epochs': 200, 'validation_split': 0.1, 'early_stopping_patience': 5, 'scheduler_patience': 3, 'scheduler_factor': 0.8, 'use_checkpointing': True, 'use_amp': True, 'scheduler': {'type': 'WarmupCosine', 'warmup_epochs': 5, 'min_lr': 1e-06}, 'random_state': 245}
[SpatioTemporalTransformerRegressor3] Using device: cuda
    [Strict Validation] Holding out 1 participants for early stopping: P17
[SpatioTemporalTransformerRegressor3] Using explicitly provided validation set (842 samples).
[SpatioTemporalTransformerRegressor3] Capping sequence length at 24 based on sample distribution (min_count=70).
[SpatioTemporalTransformerRegressor3] Grouped features into 5 spatial channels.
[Augmenter] Balanced 90 participant-weight combinations to 250 samples each. Total: 22500
[SpatioTemporalTransformerNetwork3] Modality groups: {'EMG': 5}

Early stopping triggered at epoch 9. Best Val Loss: 0.3471
    Train MAE: 0.3440 | Test MAE: 0.3663 | Gap: 0.0223
    Train RMSE: 0.5653 | Test RMSE: 0.6054 | Ratio: 1.07x
--- Fold 12/17 (Left out Participants: P03) ---
Initializing Modality-Grouped Spatio-Temporal Transformer Regressor with config: {'d_model': 96, 'nhead_spatial': 8, 'num_layers': 4, 'nhead_temporal': 2, 'dim_feedforward': 512, 'dropout_rate': 0.25, 'learning_rate': 0.0003, 'class_balanced_loss': False, 'weight_decay': 0.005, 'batch_size': 64, 'epochs': 200, 'validation_split': 0.1, 'early_stopping_patience': 5, 'scheduler_patience': 3, 'scheduler_factor': 0.8, 'use_checkpointing': True, 'use_amp': True, 'scheduler': {'type': 'WarmupCosine', 'warmup_epochs': 5, 'min_lr': 1e-06}, 'random_state': 245}
[SpatioTemporalTransformerRegressor3] Using device: cuda
    [Strict Validation] Holding out 1 participants for early stopping: P15
[SpatioTemporalTransformerRegressor3] Using explicitly provided validation set (746 samples).
[SpatioTemporalTransformerRegressor3] Capping sequence length at 23 based on sample distribution (min_count=70).
[SpatioTemporalTransformerRegressor3] Grouped features into 5 spatial channels.
[Augmenter] Balanced 90 participant-weight combinations to 250 samples each. Total: 22500
[SpatioTemporalTransformerNetwork3] Modality groups: {'EMG': 5}

Early stopping triggered at epoch 18. Best Val Loss: 0.2870
    Train MAE: 0.1738 | Test MAE: 0.1950 | Gap: 0.0212
    Train RMSE: 0.3574 | Test RMSE: 0.3869 | Ratio: 1.08x
--- Fold 13/17 (Left out Participants: P15) ---
Initializing Modality-Grouped Spatio-Temporal Transformer Regressor with config: {'d_model': 96, 'nhead_spatial': 8, 'num_layers': 4, 'nhead_temporal': 2, 'dim_feedforward': 512, 'dropout_rate': 0.25, 'learning_rate': 0.0003, 'class_balanced_loss': False, 'weight_decay': 0.005, 'batch_size': 64, 'epochs': 200, 'validation_split': 0.1, 'early_stopping_patience': 5, 'scheduler_patience': 3, 'scheduler_factor': 0.8, 'use_checkpointing': True, 'use_amp': True, 'scheduler': {'type': 'WarmupCosine', 'warmup_epochs': 5, 'min_lr': 1e-06}, 'random_state': 245}
[SpatioTemporalTransformerRegressor3] Using device: cuda
    [Strict Validation] Holding out 1 participants for early stopping: P18
[SpatioTemporalTransformerRegressor3] Using explicitly provided validation set (405 samples).
[SpatioTemporalTransformerRegressor3] Capping sequence length at 23 based on sample distribution (min_count=72).
[SpatioTemporalTransformerRegressor3] Grouped features into 5 spatial channels.
[Augmenter] Balanced 90 participant-weight combinations to 250 samples each. Total: 22500
[SpatioTemporalTransformerNetwork3] Modality groups: {'EMG': 5}

Early stopping triggered at epoch 6. Best Val Loss: 0.5378
    Train MAE: 0.3255 | Test MAE: 0.3201 | Gap: -0.0054
    Train RMSE: 0.5721 | Test RMSE: 0.6297 | Ratio: 1.10x
--- Fold 14/17 (Left out Participants: P10) ---
Initializing Modality-Grouped Spatio-Temporal Transformer Regressor with config: {'d_model': 96, 'nhead_spatial': 8, 'num_layers': 4, 'nhead_temporal': 2, 'dim_feedforward': 512, 'dropout_rate': 0.25, 'learning_rate': 0.0003, 'class_balanced_loss': False, 'weight_decay': 0.005, 'batch_size': 64, 'epochs': 200, 'validation_split': 0.1, 'early_stopping_patience': 5, 'scheduler_patience': 3, 'scheduler_factor': 0.8, 'use_checkpointing': True, 'use_amp': True, 'scheduler': {'type': 'WarmupCosine', 'warmup_epochs': 5, 'min_lr': 1e-06}, 'random_state': 245}
[SpatioTemporalTransformerRegressor3] Using device: cuda
    [Strict Validation] Holding out 1 participants for early stopping: P16
[SpatioTemporalTransformerRegressor3] Using explicitly provided validation set (832 samples).
[SpatioTemporalTransformerRegressor3] Capping sequence length at 24 based on sample distribution (min_count=72).
[SpatioTemporalTransformerRegressor3] Grouped features into 5 spatial channels.
[Augmenter] Balanced 90 participant-weight combinations to 250 samples each. Total: 22500
[SpatioTemporalTransformerNetwork3] Modality groups: {'EMG': 5}

Early stopping triggered at epoch 11. Best Val Loss: 0.3728
    Train MAE: 0.2400 | Test MAE: 0.3491 | Gap: 0.1091
    Train RMSE: 0.4741 | Test RMSE: 0.6979 | Ratio: 1.47x
--- Fold 15/17 (Left out Participants: P14) ---
Initializing Modality-Grouped Spatio-Temporal Transformer Regressor with config: {'d_model': 96, 'nhead_spatial': 8, 'num_layers': 4, 'nhead_temporal': 2, 'dim_feedforward': 512, 'dropout_rate': 0.25, 'learning_rate': 0.0003, 'class_balanced_loss': False, 'weight_decay': 0.005, 'batch_size': 64, 'epochs': 200, 'validation_split': 0.1, 'early_stopping_patience': 5, 'scheduler_patience': 3, 'scheduler_factor': 0.8, 'use_checkpointing': True, 'use_amp': True, 'scheduler': {'type': 'WarmupCosine', 'warmup_epochs': 5, 'min_lr': 1e-06}, 'random_state': 245}
[SpatioTemporalTransformerRegressor3] Using device: cuda
    [Strict Validation] Holding out 1 participants for early stopping: P16
[SpatioTemporalTransformerRegressor3] Using explicitly provided validation set (832 samples).
[SpatioTemporalTransformerRegressor3] Capping sequence length at 23 based on sample distribution (min_count=72).
[SpatioTemporalTransformerRegressor3] Grouped features into 5 spatial channels.
[Augmenter] Balanced 90 participant-weight combinations to 250 samples each. Total: 22500
[SpatioTemporalTransformerNetwork3] Modality groups: {'EMG': 5}

Early stopping triggered at epoch 12. Best Val Loss: 0.3801
    Train MAE: 0.2360 | Test MAE: 0.3430 | Gap: 0.1070
    Train RMSE: 0.4302 | Test RMSE: 0.7224 | Ratio: 1.68x
--- Fold 16/17 (Left out Participants: P18) ---
Initializing Modality-Grouped Spatio-Temporal Transformer Regressor with config: {'d_model': 96, 'nhead_spatial': 8, 'num_layers': 4, 'nhead_temporal': 2, 'dim_feedforward': 512, 'dropout_rate': 0.25, 'learning_rate': 0.0003, 'class_balanced_loss': False, 'weight_decay': 0.005, 'batch_size': 64, 'epochs': 200, 'validation_split': 0.1, 'early_stopping_patience': 5, 'scheduler_patience': 3, 'scheduler_factor': 0.8, 'use_checkpointing': True, 'use_amp': True, 'scheduler': {'type': 'WarmupCosine', 'warmup_epochs': 5, 'min_lr': 1e-06}, 'random_state': 245}
[SpatioTemporalTransformerRegressor3] Using device: cuda
    [Strict Validation] Holding out 1 participants for early stopping: P12
[SpatioTemporalTransformerRegressor3] Using explicitly provided validation set (851 samples).
[SpatioTemporalTransformerRegressor3] Capping sequence length at 23 based on sample distribution (min_count=72).
[SpatioTemporalTransformerRegressor3] Grouped features into 5 spatial channels.
[Augmenter] Balanced 90 participant-weight combinations to 250 samples each. Total: 22500
[SpatioTemporalTransformerNetwork3] Modality groups: {'EMG': 5}

Early stopping triggered at epoch 11. Best Val Loss: 0.1084
    Train MAE: 0.3160 | Test MAE: 0.6579 | Gap: 0.3419
    Train RMSE: 0.5401 | Test RMSE: 1.0626 | Ratio: 1.97x
--- Fold 17/17 (Left out Participants: P05) ---
Initializing Modality-Grouped Spatio-Temporal Transformer Regressor with config: {'d_model': 96, 'nhead_spatial': 8, 'num_layers': 4, 'nhead_temporal': 2, 'dim_feedforward': 512, 'dropout_rate': 0.25, 'learning_rate': 0.0003, 'class_balanced_loss': False, 'weight_decay': 0.005, 'batch_size': 64, 'epochs': 200, 'validation_split': 0.1, 'early_stopping_patience': 5, 'scheduler_patience': 3, 'scheduler_factor': 0.8, 'use_checkpointing': True, 'use_amp': True, 'scheduler': {'type': 'WarmupCosine', 'warmup_epochs': 5, 'min_lr': 1e-06}, 'random_state': 245}
[SpatioTemporalTransformerRegressor3] Using device: cuda
    [Strict Validation] Holding out 1 participants for early stopping: P15
[SpatioTemporalTransformerRegressor3] Using explicitly provided validation set (746 samples).
[SpatioTemporalTransformerRegressor3] Capping sequence length at 22 based on sample distribution (min_count=72).
[SpatioTemporalTransformerRegressor3] Grouped features into 5 spatial channels.
[Augmenter] Balanced 90 participant-weight combinations to 250 samples each. Total: 22500
[SpatioTemporalTransformerNetwork3] Modality groups: {'EMG': 5}

Early stopping triggered at epoch 10. Best Val Loss: 0.2615
    Train MAE: 0.2856 | Test MAE: 0.3274 | Gap: 0.0418
    Train RMSE: 0.5464 | Test RMSE: 0.5429 | Ratio: 0.99x

[INFO] Skipping final full-dataset training (skip_final_full_train/DEV_MODE); reusing the last evaluated fold model for SHAP/saving.
Regression plot saved to /home/bwingen/thesis/Thesis/model/model_results/run_20260622_182318_participant_ablgen_EMGfo-EMGup_t12/EMGfo-EMGup/regression_plot.png
Loss plot saved to /home/bwingen/thesis/Thesis/model/model_results/run_20260622_182318_participant_ablgen_EMGfo-EMGup_t12/EMGfo-EMGup/loss_plot.png
Participant performance plot saved to /home/bwingen/thesis/Thesis/model/model_results/run_20260622_182318_participant_ablgen_EMGfo-EMGup_t12/EMGfo-EMGup/participant_performance.png
Sequence-length performance plot saved to /home/bwingen/thesis/Thesis/model/model_results/run_20260622_182318_participant_ablgen_EMGfo-EMGup_t12/EMGfo-EMGup/seqlen_performance_plot.png

Performance report saved to /home/bwingen/thesis/Thesis/model/model_results/run_20260622_182318_participant_ablgen_EMGfo-EMGup_t12/EMGfo-EMGup/performance_report.txt

============================================================
  BALANCED PERFORMANCE SUMMARY
============================================================
--- MACRO-AVERAGED METRICS (BALANCED) ---
Primary metric: class_participant_macro (equal weight per participant AND per weight class)

View                         | MAE      | RMSE     | R2      
-------------------------------------------------------------
class+participant macro *    | 0.6501   | 0.8004   | 0.7796  
participant macro            | 0.3768   | 0.6653   | 0.8723  
class macro                  | 0.6374   | 0.8568   | 0.7921  
pooled (unbalanced)          | 0.3684   | 0.6739   | 0.8779  

* PRIMARY. R2 under class balancing uses class-balanced sample weights
  (per-class R2 is undefined; a single class has zero target variance).
============================================================


[run_data_exporter] Run data saved to /home/bwingen/thesis/Thesis/model/model_results/run_20260622_182318_participant_ablgen_EMGfo-EMGup_t12/EMGfo-EMGup/run_data.json

--------------------------------------------------
LAUNCHING AUTOMATED DEEPSHAP ANALYSIS
--------------------------------------------------
Skipping DeepSHAP analysis (COMPUTE_FEATURE_IMPORTANCE or COMPUTE_DEEPSHAP is False)...

[Master Serializer] Consolidated modality ablation data saved to /home/bwingen/thesis/Thesis/model/model_results/run_20260622_182318_participant_ablgen_EMGfo-EMGup_t12/run_data.json
