Database found at /scratch/bwingen/thesis/database
Using Python: /scratch/bwingen/thesis_env/bin/python
Python 3.10.20
Results will be saved to: /home/bwingen/thesis/Thesis/model/model_results/run_20260426_172521
[DataLoader] Loaded 19314 raw segments (26 channels each)
Raw Segment Data Summary:
  - Total Segments: 19314
  - Channels (EMG + IMU): 26
  - Avg Segment Length: 2735 samples
  - Min / Max Segment Length: 21 / 142433 samples
Label vector (y) shape: (19314,) (Target: weight)

Starting 9-Fold Cross-Participant Validation (approx 2 participants per fold)...
--- Fold 1/9 (Left out Participants: P01) ---
Initializing CNN-BiLSTM-Attention Regressor with config: {'cnn_filters': [64, 128, 256, 256], 'cnn_kernel_sizes': [64, 5, 3, 3], 'pool_size': 4, 'lstm_hidden_size': 192, 'lstm_num_layers': 2, 'fc_units': 256, 'dropout_rate': 0.4, 'learning_rate': 0.001, 'weight_decay': 0.001, 'batch_size': 64, 'epochs': 400, 'balance_weights': True, 'balance_participants': True, 'validation_split': 0.15, 'early_stopping_patience': 200, 'scheduler_patience': 10, 'scheduler_factor': 0.5, 'random_state': 245}
[CNNBiLSTMAttentionRegressor] Using device: cuda
    [Strict Validation] Holding out 2 participants for early stopping: P05, P10
[CNNBiLSTMAttentionRegressor] Using explicitly provided validation set (996 samples).
[CNNBiLSTMAttentionRegressor] Augmentation: 13889 → 27892 segments (+14003 synthetic)
[CNNBiLSTMAttentionRegressor] Hybrid balanced sampling enabled (Target Class × Participants). 27892 training samples.

Early stopping at epoch 219. Best Val Loss: 0.6625
Computing permutation importance for fold...
--- Fold 2/9 (Left out Participants: P02, P13) ---
Initializing CNN-BiLSTM-Attention Regressor with config: {'cnn_filters': [64, 128, 256, 256], 'cnn_kernel_sizes': [64, 5, 3, 3], 'pool_size': 4, 'lstm_hidden_size': 192, 'lstm_num_layers': 2, 'fc_units': 256, 'dropout_rate': 0.4, 'learning_rate': 0.001, 'weight_decay': 0.001, 'batch_size': 64, 'epochs': 400, 'balance_weights': True, 'balance_participants': True, 'validation_split': 0.15, 'early_stopping_patience': 200, 'scheduler_patience': 10, 'scheduler_factor': 0.5, 'random_state': 245}
[CNNBiLSTMAttentionRegressor] Using device: cuda
    [Strict Validation] Holding out 2 participants for early stopping: P05, P10
[CNNBiLSTMAttentionRegressor] Using explicitly provided validation set (996 samples).
[CNNBiLSTMAttentionRegressor] Augmentation: 16392 → 32906 segments (+16514 synthetic)
[CNNBiLSTMAttentionRegressor] Hybrid balanced sampling enabled (Target Class × Participants). 32906 training samples.

Early stopping at epoch 226. Best Val Loss: 0.4910
Computing permutation importance for fold...
--- Fold 3/9 (Left out Participants: P03, P16) ---
Initializing CNN-BiLSTM-Attention Regressor with config: {'cnn_filters': [64, 128, 256, 256], 'cnn_kernel_sizes': [64, 5, 3, 3], 'pool_size': 4, 'lstm_hidden_size': 192, 'lstm_num_layers': 2, 'fc_units': 256, 'dropout_rate': 0.4, 'learning_rate': 0.001, 'weight_decay': 0.001, 'batch_size': 64, 'epochs': 400, 'balance_weights': True, 'balance_participants': True, 'validation_split': 0.15, 'early_stopping_patience': 200, 'scheduler_patience': 10, 'scheduler_factor': 0.5, 'random_state': 245}
[CNNBiLSTMAttentionRegressor] Using device: cuda
    [Strict Validation] Holding out 2 participants for early stopping: P05, P10
[CNNBiLSTMAttentionRegressor] Using explicitly provided validation set (996 samples).
[CNNBiLSTMAttentionRegressor] Augmentation: 16325 → 32690 segments (+16365 synthetic)
[CNNBiLSTMAttentionRegressor] Hybrid balanced sampling enabled (Target Class × Participants). 32690 training samples.

Early stopping at epoch 234. Best Val Loss: 0.3860
Computing permutation importance for fold...
--- Fold 4/9 (Left out Participants: P04, P06) ---
Initializing CNN-BiLSTM-Attention Regressor with config: {'cnn_filters': [64, 128, 256, 256], 'cnn_kernel_sizes': [64, 5, 3, 3], 'pool_size': 4, 'lstm_hidden_size': 192, 'lstm_num_layers': 2, 'fc_units': 256, 'dropout_rate': 0.4, 'learning_rate': 0.001, 'weight_decay': 0.001, 'batch_size': 64, 'epochs': 400, 'balance_weights': True, 'balance_participants': True, 'validation_split': 0.15, 'early_stopping_patience': 200, 'scheduler_patience': 10, 'scheduler_factor': 0.5, 'random_state': 245}
[CNNBiLSTMAttentionRegressor] Using device: cuda
    [Strict Validation] Holding out 2 participants for early stopping: P05, P11
[CNNBiLSTMAttentionRegressor] Using explicitly provided validation set (1497 samples).
[CNNBiLSTMAttentionRegressor] Augmentation: 15827 → 31813 segments (+15986 synthetic)
[CNNBiLSTMAttentionRegressor] Hybrid balanced sampling enabled (Target Class × Participants). 31813 training samples.

Early stopping at epoch 213. Best Val Loss: 0.2956
Computing permutation importance for fold...
--- Fold 5/9 (Left out Participants: P10, P11, P18) ---
Initializing CNN-BiLSTM-Attention Regressor with config: {'cnn_filters': [64, 128, 256, 256], 'cnn_kernel_sizes': [64, 5, 3, 3], 'pool_size': 4, 'lstm_hidden_size': 192, 'lstm_num_layers': 2, 'fc_units': 256, 'dropout_rate': 0.4, 'learning_rate': 0.001, 'weight_decay': 0.001, 'batch_size': 64, 'epochs': 400, 'balance_weights': True, 'balance_participants': True, 'validation_split': 0.15, 'early_stopping_patience': 200, 'scheduler_patience': 10, 'scheduler_factor': 0.5, 'random_state': 245}
[CNNBiLSTMAttentionRegressor] Using device: cuda
    [Strict Validation] Holding out 2 participants for early stopping: P01, P12
[CNNBiLSTMAttentionRegressor] Using explicitly provided validation set (5427 samples).
[CNNBiLSTMAttentionRegressor] Augmentation: 11893 → 23993 segments (+12100 synthetic)
[CNNBiLSTMAttentionRegressor] Hybrid balanced sampling enabled (Target Class × Participants). 23993 training samples.

Early stopping at epoch 208. Best Val Loss: 0.6055
Computing permutation importance for fold...
--- Fold 6/9 (Left out Participants: P09, P14) ---
Initializing CNN-BiLSTM-Attention Regressor with config: {'cnn_filters': [64, 128, 256, 256], 'cnn_kernel_sizes': [64, 5, 3, 3], 'pool_size': 4, 'lstm_hidden_size': 192, 'lstm_num_layers': 2, 'fc_units': 256, 'dropout_rate': 0.4, 'learning_rate': 0.001, 'weight_decay': 0.001, 'batch_size': 64, 'epochs': 400, 'balance_weights': True, 'balance_participants': True, 'validation_split': 0.15, 'early_stopping_patience': 200, 'scheduler_patience': 10, 'scheduler_factor': 0.5, 'random_state': 245}
[CNNBiLSTMAttentionRegressor] Using device: cuda
    [Strict Validation] Holding out 2 participants for early stopping: P04, P10
[CNNBiLSTMAttentionRegressor] Using explicitly provided validation set (1495 samples).
[CNNBiLSTMAttentionRegressor] Augmentation: 16322 → 32669 segments (+16347 synthetic)
[CNNBiLSTMAttentionRegressor] Hybrid balanced sampling enabled (Target Class × Participants). 32669 training samples.

Early stopping at epoch 208. Best Val Loss: 0.3373
Computing permutation importance for fold...
--- Fold 7/9 (Left out Participants: P05, P12) ---
Initializing CNN-BiLSTM-Attention Regressor with config: {'cnn_filters': [64, 128, 256, 256], 'cnn_kernel_sizes': [64, 5, 3, 3], 'pool_size': 4, 'lstm_hidden_size': 192, 'lstm_num_layers': 2, 'fc_units': 256, 'dropout_rate': 0.4, 'learning_rate': 0.001, 'weight_decay': 0.001, 'batch_size': 64, 'epochs': 400, 'balance_weights': True, 'balance_participants': True, 'validation_split': 0.15, 'early_stopping_patience': 200, 'scheduler_patience': 10, 'scheduler_factor': 0.5, 'random_state': 245}
[CNNBiLSTMAttentionRegressor] Using device: cuda
    [Strict Validation] Holding out 2 participants for early stopping: P04, P10
[CNNBiLSTMAttentionRegressor] Using explicitly provided validation set (1495 samples).
[CNNBiLSTMAttentionRegressor] Augmentation: 16322 → 32669 segments (+16347 synthetic)
[CNNBiLSTMAttentionRegressor] Hybrid balanced sampling enabled (Target Class × Participants). 32669 training samples.

Early stopping at epoch 202. Best Val Loss: 0.3741
Computing permutation importance for fold...
--- Fold 8/9 (Left out Participants: P15, P17) ---
Initializing CNN-BiLSTM-Attention Regressor with config: {'cnn_filters': [64, 128, 256, 256], 'cnn_kernel_sizes': [64, 5, 3, 3], 'pool_size': 4, 'lstm_hidden_size': 192, 'lstm_num_layers': 2, 'fc_units': 256, 'dropout_rate': 0.4, 'learning_rate': 0.001, 'weight_decay': 0.001, 'batch_size': 64, 'epochs': 400, 'balance_weights': True, 'balance_participants': True, 'validation_split': 0.15, 'early_stopping_patience': 200, 'scheduler_patience': 10, 'scheduler_factor': 0.5, 'random_state': 245}
[CNNBiLSTMAttentionRegressor] Using device: cuda
    [Strict Validation] Holding out 2 participants for early stopping: P04, P09
[CNNBiLSTMAttentionRegressor] Using explicitly provided validation set (1996 samples).
[CNNBiLSTMAttentionRegressor] Augmentation: 15324 → 30781 segments (+15457 synthetic)
[CNNBiLSTMAttentionRegressor] Hybrid balanced sampling enabled (Target Class × Participants). 30781 training samples.

Early stopping at epoch 245. Best Val Loss: 0.2938
Computing permutation importance for fold...
--- Fold 9/9 (Left out Participants: P07, P08) ---
Initializing CNN-BiLSTM-Attention Regressor with config: {'cnn_filters': [64, 128, 256, 256], 'cnn_kernel_sizes': [64, 5, 3, 3], 'pool_size': 4, 'lstm_hidden_size': 192, 'lstm_num_layers': 2, 'fc_units': 256, 'dropout_rate': 0.4, 'learning_rate': 0.001, 'weight_decay': 0.001, 'batch_size': 64, 'epochs': 400, 'balance_weights': True, 'balance_participants': True, 'validation_split': 0.15, 'early_stopping_patience': 200, 'scheduler_patience': 10, 'scheduler_factor': 0.5, 'random_state': 245}
[CNNBiLSTMAttentionRegressor] Using device: cuda
    [Strict Validation] Holding out 2 participants for early stopping: P04, P11
[CNNBiLSTMAttentionRegressor] Using explicitly provided validation set (1996 samples).
[CNNBiLSTMAttentionRegressor] Augmentation: 15324 → 30648 segments (+15324 synthetic)
[CNNBiLSTMAttentionRegressor] Hybrid balanced sampling enabled (Target Class × Participants). 30648 training samples.

Early stopping at epoch 218. Best Val Loss: 0.3683
Computing permutation importance for fold...

Training final model on full dataset for saving...
Initializing CNN-BiLSTM-Attention Regressor with config: {'cnn_filters': [64, 128, 256, 256], 'cnn_kernel_sizes': [64, 5, 3, 3], 'pool_size': 4, 'lstm_hidden_size': 192, 'lstm_num_layers': 2, 'fc_units': 256, 'dropout_rate': 0.4, 'learning_rate': 0.001, 'weight_decay': 0.001, 'batch_size': 64, 'epochs': 400, 'balance_weights': True, 'balance_participants': True, 'validation_split': 0.15, 'early_stopping_patience': 200, 'scheduler_patience': 10, 'scheduler_factor': 0.5, 'random_state': 245}
[CNNBiLSTMAttentionRegressor] Using device: cuda
    [Strict Validation] Holding out 2 participants from final dataset for early stopping: P07, P14
[CNNBiLSTMAttentionRegressor] Using explicitly provided validation set (1496 samples).
[CNNBiLSTMAttentionRegressor] Augmentation: 17818 → 35655 segments (+17837 synthetic)
[CNNBiLSTMAttentionRegressor] Hybrid balanced sampling enabled (Target Class × Participants). 35655 training samples.

Early stopping at epoch 201. Best Val Loss: 0.8861
Regression plot saved to /home/bwingen/thesis/Thesis/model/model_results/run_20260426_172521/regression_plot.png
Loss plot saved to /home/bwingen/thesis/Thesis/model/model_results/run_20260426_172521/loss_plot.png

Generating t-SNE plot of CNN feature space...
[t-SNE] Fitting on 19314 samples (perplexity=30)…
[t-SNE] Computing 91 nearest neighbors...
[t-SNE] Indexed 19314 samples in 0.029s...
[t-SNE] Computed neighbors for 19314 samples in 3.355s...
[t-SNE] Computed conditional probabilities for sample 1000 / 19314
[t-SNE] Computed conditional probabilities for sample 2000 / 19314
[t-SNE] Computed conditional probabilities for sample 3000 / 19314
[t-SNE] Computed conditional probabilities for sample 4000 / 19314
[t-SNE] Computed conditional probabilities for sample 5000 / 19314
[t-SNE] Computed conditional probabilities for sample 6000 / 19314
[t-SNE] Computed conditional probabilities for sample 7000 / 19314
[t-SNE] Computed conditional probabilities for sample 8000 / 19314
[t-SNE] Computed conditional probabilities for sample 9000 / 19314
[t-SNE] Computed conditional probabilities for sample 10000 / 19314
[t-SNE] Computed conditional probabilities for sample 11000 / 19314
[t-SNE] Computed conditional probabilities for sample 12000 / 19314
[t-SNE] Computed conditional probabilities for sample 13000 / 19314
[t-SNE] Computed conditional probabilities for sample 14000 / 19314
[t-SNE] Computed conditional probabilities for sample 15000 / 19314
[t-SNE] Computed conditional probabilities for sample 16000 / 19314
[t-SNE] Computed conditional probabilities for sample 17000 / 19314
[t-SNE] Computed conditional probabilities for sample 18000 / 19314
[t-SNE] Computed conditional probabilities for sample 19000 / 19314
[t-SNE] Computed conditional probabilities for sample 19314 / 19314
[t-SNE] Mean sigma: 0.076298
[t-SNE] KL divergence after 250 iterations with early exaggeration: 82.965454
[t-SNE] KL divergence after 1000 iterations: 1.725865
t-SNE feature plot saved to /home/bwingen/thesis/Thesis/model/model_results/run_20260426_172521/tsne_cnn_features.png
Participant performance plot saved to /home/bwingen/thesis/Thesis/model/model_results/run_20260426_172521/participant_performance.png
Sequence-length performance plot saved to /home/bwingen/thesis/Thesis/model/model_results/run_20260426_172521/seqlen_performance_plot.png
Permutation importance plot saved to /home/bwingen/thesis/Thesis/model/model_results/run_20260426_172521/permutation_importance.png

Performance report saved to /home/bwingen/thesis/Thesis/model/model_results/run_20260426_172521/performance_report.txt
