Database found at /scratch/bwingen/thesis/database
Using Python: /scratch/bwingen/thesis_env/bin/python
Python 3.10.20
Results will be saved to: /home/bwingen/thesis/Thesis/model/model_results/run_20260416_123123
[DataLoader] Loaded 16820 raw segments (26 channels each)
Raw Segment Data Summary:
  - Total Segments: 16820
  - Channels (EMG + IMU): 26
  - Avg Segment Length: 2697 samples
  - Min / Max Segment Length: 21 / 142433 samples
Label vector (y) shape: (16820,) (Target: weight)

Starting 8-Fold Cross-Participant Validation (approx 2 participants per fold)...
--- Fold 1/8 (Left out Participants: P01) ---
Initializing CNN-LSTM Regressor with config: {'cnn_filters': [64, 128, 256, 256], 'cnn_kernel_sizes': [64, 5, 3, 3], 'pool_size': 4, 'lstm_hidden_size': 256, 'lstm_num_layers': 3, 'dropout_rate': 0.4, 'learning_rate': 0.01, 'weight_decay': 1e-05, 'batch_size': 64, 'epochs': 200, 'balance_weights': False, 'validation_split': 0.15, 'early_stopping_patience': 200, 'random_state': 245}
[CNNLSTMRegressor] Using device: cuda
[CNNLSTMRegressor] Augmentation: 10532 → 21081 segments (+10549 synthetic)
Computing permutation importance for fold...
--- Fold 2/8 (Left out Participants: P02, P10) ---
Initializing CNN-LSTM Regressor with config: {'cnn_filters': [64, 128, 256, 256], 'cnn_kernel_sizes': [64, 5, 3, 3], 'pool_size': 4, 'lstm_hidden_size': 256, 'lstm_num_layers': 3, 'dropout_rate': 0.4, 'learning_rate': 0.01, 'weight_decay': 1e-05, 'batch_size': 64, 'epochs': 200, 'balance_weights': False, 'validation_split': 0.15, 'early_stopping_patience': 200, 'random_state': 245}
[CNNLSTMRegressor] Using device: cuda
[CNNLSTMRegressor] Augmentation: 12660 → 25429 segments (+12769 synthetic)
Computing permutation importance for fold...
--- Fold 3/8 (Left out Participants: P06, P11) ---
Initializing CNN-LSTM Regressor with config: {'cnn_filters': [64, 128, 256, 256], 'cnn_kernel_sizes': [64, 5, 3, 3], 'pool_size': 4, 'lstm_hidden_size': 256, 'lstm_num_layers': 3, 'dropout_rate': 0.4, 'learning_rate': 0.01, 'weight_decay': 1e-05, 'batch_size': 64, 'epochs': 200, 'balance_weights': False, 'validation_split': 0.15, 'early_stopping_patience': 200, 'random_state': 245}
[CNNLSTMRegressor] Using device: cuda
[CNNLSTMRegressor] Augmentation: 12605 → 25217 segments (+12612 synthetic)
Computing permutation importance for fold...
--- Fold 4/8 (Left out Participants: P09, P14) ---
Initializing CNN-LSTM Regressor with config: {'cnn_filters': [64, 128, 256, 256], 'cnn_kernel_sizes': [64, 5, 3, 3], 'pool_size': 4, 'lstm_hidden_size': 256, 'lstm_num_layers': 3, 'dropout_rate': 0.4, 'learning_rate': 0.01, 'weight_decay': 1e-05, 'batch_size': 64, 'epochs': 200, 'balance_weights': False, 'validation_split': 0.15, 'early_stopping_patience': 200, 'random_state': 245}
[CNNLSTMRegressor] Using device: cuda
[CNNLSTMRegressor] Augmentation: 13024 → 25967 segments (+12943 synthetic)
Computing permutation importance for fold...
--- Fold 5/8 (Left out Participants: P03, P05) ---
Initializing CNN-LSTM Regressor with config: {'cnn_filters': [64, 128, 256, 256], 'cnn_kernel_sizes': [64, 5, 3, 3], 'pool_size': 4, 'lstm_hidden_size': 256, 'lstm_num_layers': 3, 'dropout_rate': 0.4, 'learning_rate': 0.01, 'weight_decay': 1e-05, 'batch_size': 64, 'epochs': 200, 'balance_weights': False, 'validation_split': 0.15, 'early_stopping_patience': 200, 'random_state': 245}
[CNNLSTMRegressor] Using device: cuda
[CNNLSTMRegressor] Augmentation: 13024 → 26132 segments (+13108 synthetic)
Computing permutation importance for fold...
--- Fold 6/8 (Left out Participants: P04, P13, P16) ---
Initializing CNN-LSTM Regressor with config: {'cnn_filters': [64, 128, 256, 256], 'cnn_kernel_sizes': [64, 5, 3, 3], 'pool_size': 4, 'lstm_hidden_size': 256, 'lstm_num_layers': 3, 'dropout_rate': 0.4, 'learning_rate': 0.01, 'weight_decay': 1e-05, 'batch_size': 64, 'epochs': 200, 'balance_weights': False, 'validation_split': 0.15, 'early_stopping_patience': 200, 'random_state': 245}
[CNNLSTMRegressor] Using device: cuda
[CNNLSTMRegressor] Augmentation: 12603 → 25254 segments (+12651 synthetic)
Computing permutation importance for fold...
--- Fold 7/8 (Left out Participants: P12, P15) ---
Initializing CNN-LSTM Regressor with config: {'cnn_filters': [64, 128, 256, 256], 'cnn_kernel_sizes': [64, 5, 3, 3], 'pool_size': 4, 'lstm_hidden_size': 256, 'lstm_num_layers': 3, 'dropout_rate': 0.4, 'learning_rate': 0.01, 'weight_decay': 1e-05, 'batch_size': 64, 'epochs': 200, 'balance_weights': False, 'validation_split': 0.15, 'early_stopping_patience': 200, 'random_state': 245}
[CNNLSTMRegressor] Using device: cuda
[CNNLSTMRegressor] Augmentation: 13025 → 26094 segments (+13069 synthetic)
Computing permutation importance for fold...
--- Fold 8/8 (Left out Participants: P07, P08) ---
Initializing CNN-LSTM Regressor with config: {'cnn_filters': [64, 128, 256, 256], 'cnn_kernel_sizes': [64, 5, 3, 3], 'pool_size': 4, 'lstm_hidden_size': 256, 'lstm_num_layers': 3, 'dropout_rate': 0.4, 'learning_rate': 0.01, 'weight_decay': 1e-05, 'batch_size': 64, 'epochs': 200, 'balance_weights': False, 'validation_split': 0.15, 'early_stopping_patience': 200, 'random_state': 245}
[CNNLSTMRegressor] Using device: cuda
[CNNLSTMRegressor] Augmentation: 12602 → 25169 segments (+12567 synthetic)
Computing permutation importance for fold...

Training final model on full dataset for saving...
Initializing CNN-LSTM Regressor with config: {'cnn_filters': [64, 128, 256, 256], 'cnn_kernel_sizes': [64, 5, 3, 3], 'pool_size': 4, 'lstm_hidden_size': 256, 'lstm_num_layers': 3, 'dropout_rate': 0.4, 'learning_rate': 0.01, 'weight_decay': 1e-05, 'batch_size': 64, 'epochs': 200, 'balance_weights': False, 'validation_split': 0.15, 'early_stopping_patience': 200, 'random_state': 245}
[CNNLSTMRegressor] Using device: cuda
[CNNLSTMRegressor] Augmentation: 14297 → 28423 segments (+14126 synthetic)
Regression plot saved to /home/bwingen/thesis/Thesis/model/model_results/run_20260416_123123/regression_plot.png
Loss plot saved to /home/bwingen/thesis/Thesis/model/model_results/run_20260416_123123/loss_plot.png

Generating t-SNE plot of CNN feature space...
[t-SNE] Fitting on 16820 samples (perplexity=30)…
[t-SNE] Computing 91 nearest neighbors...
[t-SNE] Indexed 16820 samples in 0.002s...
[t-SNE] Computed neighbors for 16820 samples in 1.946s...
[t-SNE] Computed conditional probabilities for sample 1000 / 16820
[t-SNE] Computed conditional probabilities for sample 2000 / 16820
[t-SNE] Computed conditional probabilities for sample 3000 / 16820
[t-SNE] Computed conditional probabilities for sample 4000 / 16820
[t-SNE] Computed conditional probabilities for sample 5000 / 16820
[t-SNE] Computed conditional probabilities for sample 6000 / 16820
[t-SNE] Computed conditional probabilities for sample 7000 / 16820
[t-SNE] Computed conditional probabilities for sample 8000 / 16820
[t-SNE] Computed conditional probabilities for sample 9000 / 16820
[t-SNE] Computed conditional probabilities for sample 10000 / 16820
[t-SNE] Computed conditional probabilities for sample 11000 / 16820
[t-SNE] Computed conditional probabilities for sample 12000 / 16820
[t-SNE] Computed conditional probabilities for sample 13000 / 16820
[t-SNE] Computed conditional probabilities for sample 14000 / 16820
[t-SNE] Computed conditional probabilities for sample 15000 / 16820
[t-SNE] Computed conditional probabilities for sample 16000 / 16820
[t-SNE] Computed conditional probabilities for sample 16820 / 16820
[t-SNE] Mean sigma: 0.799879
[t-SNE] KL divergence after 250 iterations with early exaggeration: 89.457649
[t-SNE] KL divergence after 1000 iterations: 2.419852
t-SNE feature plot saved to /home/bwingen/thesis/Thesis/model/model_results/run_20260416_123123/tsne_cnn_features.png
Participant performance plot saved to /home/bwingen/thesis/Thesis/model/model_results/run_20260416_123123/participant_performance.png
Sequence-length performance plot saved to /home/bwingen/thesis/Thesis/model/model_results/run_20260416_123123/seqlen_performance_plot.png
Permutation importance plot saved to /home/bwingen/thesis/Thesis/model/model_results/run_20260416_123123/permutation_importance.png

Performance report saved to /home/bwingen/thesis/Thesis/model/model_results/run_20260416_123123/performance_report.txt
